[0.135s] DEBUG:colcon:Command line arguments: ['/usr/bin/colcon', 'build', '--base-paths', 'ros_interfaces']
[0.135s] DEBUG:colcon:Parsed command line arguments: Namespace(log_base=None, log_level=None, verb_name='build', build_base='build', install_base='install', merge_install=False, symlink_install=False, test_result_base=None, continue_on_error=False, executor='parallel', parallel_workers=12, event_handlers=None, ignore_user_meta=False, metas=['./colcon.meta'], base_paths=['ros_interfaces'], packages_ignore=None, packages_ignore_regex=None, paths=None, packages_up_to=None, packages_up_to_regex=None, packages_above=None, packages_above_and_dependencies=None, packages_above_depth=None, packages_select_by_dep=None, packages_skip_by_dep=None, packages_skip_up_to=None, packages_select_build_failed=False, packages_skip_build_finished=False, packages_select_test_failures=False, packages_skip_test_passed=False, packages_select=None, packages_skip=None, packages_select_regex=None, packages_skip_regex=None, packages_start=None, packages_end=None, allow_overriding=[], cmake_args=None, cmake_target=None, cmake_target_skip_unavailable=False, cmake_clean_cache=False, cmake_clean_first=False, cmake_force_configure=False, ament_cmake_args=None, catkin_cmake_args=None, catkin_skip_building_tests=False, verb_parser=<colcon_defaults.argument_parser.defaults.DefaultArgumentsDecorator object at 0x7fafba1d6050>, verb_extension=<colcon_core.verb.build.BuildVerb object at 0x7fafba314a90>, main=<bound method BuildVerb.main of <colcon_core.verb.build.BuildVerb object at 0x7fafba314a90>>)
[0.450s] Level 1:colcon.colcon_core.package_discovery:discover_packages(colcon_meta) check parameters
[0.450s] Level 1:colcon.colcon_core.package_discovery:discover_packages(recursive) check parameters
[0.450s] Level 1:colcon.colcon_core.package_discovery:discover_packages(ignore) check parameters
[0.450s] Level 1:colcon.colcon_core.package_discovery:discover_packages(path) check parameters
[0.450s] Level 1:colcon.colcon_core.package_discovery:discover_packages(recursive) discover
[0.450s] INFO:colcon.colcon_core.package_discovery:Crawling recursively for packages in '/home/ste/ws/hsp-iit/data-model/examples/UC3-museum-guide/high-level-models/ros_interfaces'
[0.450s] Level 1:colcon.colcon_core.package_identification:_identify(ros_interfaces) by extensions ['ignore', 'ignore_ament_install']
[0.450s] Level 1:colcon.colcon_core.package_identification:_identify(ros_interfaces) by extension 'ignore'
[0.450s] Level 1:colcon.colcon_core.package_identification:_identify(ros_interfaces) by extension 'ignore_ament_install'
[0.450s] Level 1:colcon.colcon_core.package_identification:_identify(ros_interfaces) by extensions ['colcon_pkg']
[0.451s] Level 1:colcon.colcon_core.package_identification:_identify(ros_interfaces) by extension 'colcon_pkg'
[0.451s] Level 1:colcon.colcon_core.package_identification:_identify(ros_interfaces) by extensions ['colcon_meta']
[0.451s] Level 1:colcon.colcon_core.package_identification:_identify(ros_interfaces) by extension 'colcon_meta'
[0.451s] Level 1:colcon.colcon_core.package_identification:_identify(ros_interfaces) by extensions ['ros']
[0.451s] Level 1:colcon.colcon_core.package_identification:_identify(ros_interfaces) by extension 'ros'
[0.479s] Level 1:colcon.colcon_core.package_identification:_identify(ros_interfaces) by extensions ['cmake', 'python']
[0.479s] Level 1:colcon.colcon_core.package_identification:_identify(ros_interfaces) by extension 'cmake'
[0.479s] Level 1:colcon.colcon_core.package_identification:_identify(ros_interfaces) by extension 'python'
[0.480s] Level 1:colcon.colcon_core.package_identification:_identify(ros_interfaces) by extensions ['python_setup_py']
[0.480s] Level 1:colcon.colcon_core.package_identification:_identify(ros_interfaces) by extension 'python_setup_py'
[0.480s] Level 1:colcon.colcon_core.package_identification:_identify(ros_interfaces/blackboard_interfaces_dummy) by extensions ['ignore', 'ignore_ament_install']
[0.480s] Level 1:colcon.colcon_core.package_identification:_identify(ros_interfaces/blackboard_interfaces_dummy) by extension 'ignore'
[0.480s] Level 1:colcon.colcon_core.package_identification:_identify(ros_interfaces/blackboard_interfaces_dummy) by extension 'ignore_ament_install'
[0.480s] Level 1:colcon.colcon_core.package_identification:_identify(ros_interfaces/blackboard_interfaces_dummy) by extensions ['colcon_pkg']
[0.480s] Level 1:colcon.colcon_core.package_identification:_identify(ros_interfaces/blackboard_interfaces_dummy) by extension 'colcon_pkg'
[0.480s] Level 1:colcon.colcon_core.package_identification:_identify(ros_interfaces/blackboard_interfaces_dummy) by extensions ['colcon_meta']
[0.480s] Level 1:colcon.colcon_core.package_identification:_identify(ros_interfaces/blackboard_interfaces_dummy) by extension 'colcon_meta'
[0.480s] Level 1:colcon.colcon_core.package_identification:_identify(ros_interfaces/blackboard_interfaces_dummy) by extensions ['ros']
[0.480s] Level 1:colcon.colcon_core.package_identification:_identify(ros_interfaces/blackboard_interfaces_dummy) by extension 'ros'
[0.483s] DEBUG:colcon.colcon_core.package_identification:Package 'ros_interfaces/blackboard_interfaces_dummy' with type 'ros.ament_cmake' and name 'blackboard_interfaces_dummy'
[0.483s] Level 1:colcon.colcon_core.package_identification:_identify(ros_interfaces/bt_interfaces_dummy) by extensions ['ignore', 'ignore_ament_install']
[0.483s] Level 1:colcon.colcon_core.package_identification:_identify(ros_interfaces/bt_interfaces_dummy) by extension 'ignore'
[0.483s] Level 1:colcon.colcon_core.package_identification:_identify(ros_interfaces/bt_interfaces_dummy) by extension 'ignore_ament_install'
[0.483s] Level 1:colcon.colcon_core.package_identification:_identify(ros_interfaces/bt_interfaces_dummy) by extensions ['colcon_pkg']
[0.484s] Level 1:colcon.colcon_core.package_identification:_identify(ros_interfaces/bt_interfaces_dummy) by extension 'colcon_pkg'
[0.484s] Level 1:colcon.colcon_core.package_identification:_identify(ros_interfaces/bt_interfaces_dummy) by extensions ['colcon_meta']
[0.484s] Level 1:colcon.colcon_core.package_identification:_identify(ros_interfaces/bt_interfaces_dummy) by extension 'colcon_meta'
[0.484s] Level 1:colcon.colcon_core.package_identification:_identify(ros_interfaces/bt_interfaces_dummy) by extensions ['ros']
[0.484s] Level 1:colcon.colcon_core.package_identification:_identify(ros_interfaces/bt_interfaces_dummy) by extension 'ros'
[0.484s] DEBUG:colcon.colcon_core.package_identification:Package 'ros_interfaces/bt_interfaces_dummy' with type 'ros.ament_cmake' and name 'bt_interfaces_dummy'
[0.484s] Level 1:colcon.colcon_core.package_identification:_identify(ros_interfaces/navigation_interfaces_dummy) by extensions ['ignore', 'ignore_ament_install']
[0.485s] Level 1:colcon.colcon_core.package_identification:_identify(ros_interfaces/navigation_interfaces_dummy) by extension 'ignore'
[0.485s] Level 1:colcon.colcon_core.package_identification:_identify(ros_interfaces/navigation_interfaces_dummy) by extension 'ignore_ament_install'
[0.485s] Level 1:colcon.colcon_core.package_identification:_identify(ros_interfaces/navigation_interfaces_dummy) by extensions ['colcon_pkg']
[0.485s] Level 1:colcon.colcon_core.package_identification:_identify(ros_interfaces/navigation_interfaces_dummy) by extension 'colcon_pkg'
[0.485s] Level 1:colcon.colcon_core.package_identification:_identify(ros_interfaces/navigation_interfaces_dummy) by extensions ['colcon_meta']
[0.485s] Level 1:colcon.colcon_core.package_identification:_identify(ros_interfaces/navigation_interfaces_dummy) by extension 'colcon_meta'
[0.485s] Level 1:colcon.colcon_core.package_identification:_identify(ros_interfaces/navigation_interfaces_dummy) by extensions ['ros']
[0.485s] Level 1:colcon.colcon_core.package_identification:_identify(ros_interfaces/navigation_interfaces_dummy) by extension 'ros'
[0.486s] DEBUG:colcon.colcon_core.package_identification:Package 'ros_interfaces/navigation_interfaces_dummy' with type 'ros.ament_cmake' and name 'navigation_interfaces_dummy'
[0.486s] Level 1:colcon.colcon_core.package_identification:_identify(ros_interfaces/notify_user_interfaces_dummy) by extensions ['ignore', 'ignore_ament_install']
[0.486s] Level 1:colcon.colcon_core.package_identification:_identify(ros_interfaces/notify_user_interfaces_dummy) by extension 'ignore'
[0.486s] Level 1:colcon.colcon_core.package_identification:_identify(ros_interfaces/notify_user_interfaces_dummy) by extension 'ignore_ament_install'
[0.486s] Level 1:colcon.colcon_core.package_identification:_identify(ros_interfaces/notify_user_interfaces_dummy) by extensions ['colcon_pkg']
[0.486s] Level 1:colcon.colcon_core.package_identification:_identify(ros_interfaces/notify_user_interfaces_dummy) by extension 'colcon_pkg'
[0.486s] Level 1:colcon.colcon_core.package_identification:_identify(ros_interfaces/notify_user_interfaces_dummy) by extensions ['colcon_meta']
[0.486s] Level 1:colcon.colcon_core.package_identification:_identify(ros_interfaces/notify_user_interfaces_dummy) by extension 'colcon_meta'
[0.486s] Level 1:colcon.colcon_core.package_identification:_identify(ros_interfaces/notify_user_interfaces_dummy) by extensions ['ros']
[0.486s] Level 1:colcon.colcon_core.package_identification:_identify(ros_interfaces/notify_user_interfaces_dummy) by extension 'ros'
[0.487s] DEBUG:colcon.colcon_core.package_identification:Package 'ros_interfaces/notify_user_interfaces_dummy' with type 'ros.ament_cmake' and name 'notify_user_interfaces_dummy'
[0.487s] Level 1:colcon.colcon_core.package_identification:_identify(ros_interfaces/people_detector_filter_interfaces) by extensions ['ignore', 'ignore_ament_install']
[0.487s] Level 1:colcon.colcon_core.package_identification:_identify(ros_interfaces/people_detector_filter_interfaces) by extension 'ignore'
[0.487s] Level 1:colcon.colcon_core.package_identification:_identify(ros_interfaces/people_detector_filter_interfaces) by extension 'ignore_ament_install'
[0.487s] Level 1:colcon.colcon_core.package_identification:_identify(ros_interfaces/people_detector_filter_interfaces) by extensions ['colcon_pkg']
[0.487s] Level 1:colcon.colcon_core.package_identification:_identify(ros_interfaces/people_detector_filter_interfaces) by extension 'colcon_pkg'
[0.487s] Level 1:colcon.colcon_core.package_identification:_identify(ros_interfaces/people_detector_filter_interfaces) by extensions ['colcon_meta']
[0.487s] Level 1:colcon.colcon_core.package_identification:_identify(ros_interfaces/people_detector_filter_interfaces) by extension 'colcon_meta'
[0.487s] Level 1:colcon.colcon_core.package_identification:_identify(ros_interfaces/people_detector_filter_interfaces) by extensions ['ros']
[0.488s] Level 1:colcon.colcon_core.package_identification:_identify(ros_interfaces/people_detector_filter_interfaces) by extension 'ros'
[0.488s] DEBUG:colcon.colcon_core.package_identification:Package 'ros_interfaces/people_detector_filter_interfaces' with type 'ros.ament_cmake' and name 'people_detector_filter_interfaces_dummy'
[0.489s] Level 1:colcon.colcon_core.package_identification:_identify(ros_interfaces/scheduler_interfaces_dummy) by extensions ['ignore', 'ignore_ament_install']
[0.489s] Level 1:colcon.colcon_core.package_identification:_identify(ros_interfaces/scheduler_interfaces_dummy) by extension 'ignore'
[0.489s] Level 1:colcon.colcon_core.package_identification:_identify(ros_interfaces/scheduler_interfaces_dummy) by extension 'ignore_ament_install'
[0.489s] Level 1:colcon.colcon_core.package_identification:_identify(ros_interfaces/scheduler_interfaces_dummy) by extensions ['colcon_pkg']
[0.489s] Level 1:colcon.colcon_core.package_identification:_identify(ros_interfaces/scheduler_interfaces_dummy) by extension 'colcon_pkg'
[0.489s] Level 1:colcon.colcon_core.package_identification:_identify(ros_interfaces/scheduler_interfaces_dummy) by extensions ['colcon_meta']
[0.489s] Level 1:colcon.colcon_core.package_identification:_identify(ros_interfaces/scheduler_interfaces_dummy) by extension 'colcon_meta'
[0.489s] Level 1:colcon.colcon_core.package_identification:_identify(ros_interfaces/scheduler_interfaces_dummy) by extensions ['ros']
[0.489s] Level 1:colcon.colcon_core.package_identification:_identify(ros_interfaces/scheduler_interfaces_dummy) by extension 'ros'
[0.490s] DEBUG:colcon.colcon_core.package_identification:Package 'ros_interfaces/scheduler_interfaces_dummy' with type 'ros.ament_cmake' and name 'scheduler_interfaces_dummy'
[0.490s] Level 1:colcon.colcon_core.package_identification:_identify(ros_interfaces/timer_interfaces_dummy) by extensions ['ignore', 'ignore_ament_install']
[0.490s] Level 1:colcon.colcon_core.package_identification:_identify(ros_interfaces/timer_interfaces_dummy) by extension 'ignore'
[0.490s] Level 1:colcon.colcon_core.package_identification:_identify(ros_interfaces/timer_interfaces_dummy) by extension 'ignore_ament_install'
[0.490s] Level 1:colcon.colcon_core.package_identification:_identify(ros_interfaces/timer_interfaces_dummy) by extensions ['colcon_pkg']
[0.490s] Level 1:colcon.colcon_core.package_identification:_identify(ros_interfaces/timer_interfaces_dummy) by extension 'colcon_pkg'
[0.491s] Level 1:colcon.colcon_core.package_identification:_identify(ros_interfaces/timer_interfaces_dummy) by extensions ['colcon_meta']
[0.491s] Level 1:colcon.colcon_core.package_identification:_identify(ros_interfaces/timer_interfaces_dummy) by extension 'colcon_meta'
[0.491s] Level 1:colcon.colcon_core.package_identification:_identify(ros_interfaces/timer_interfaces_dummy) by extensions ['ros']
[0.491s] Level 1:colcon.colcon_core.package_identification:_identify(ros_interfaces/timer_interfaces_dummy) by extension 'ros'
[0.492s] DEBUG:colcon.colcon_core.package_identification:Package 'ros_interfaces/timer_interfaces_dummy' with type 'ros.ament_cmake' and name 'timer_interfaces_dummy'
[0.492s] Level 1:colcon.colcon_core.package_discovery:discover_packages(recursive) using defaults
[0.514s] Level 1:colcon.colcon_core.package_discovery:discover_packages(prefix_path) check parameters
[0.514s] Level 1:colcon.colcon_core.package_discovery:discover_packages(prefix_path) discover
[0.517s] DEBUG:colcon.colcon_installed_package_information.package_discovery:Found 7 installed packages in /home/ste/ws/hsp-iit/data-model/examples/UC3-museum-guide/high-level-models/install
[0.517s] DEBUG:colcon.colcon_installed_package_information.package_discovery:Found 1 installed packages in /home/ste/ws/hsp-iit/occupancy_static_devices/install
[0.518s] DEBUG:colcon.colcon_installed_package_information.package_discovery:Found 324 installed packages in /opt/ros/iron
[0.520s] Level 1:colcon.colcon_core.package_discovery:discover_packages(prefix_path) using defaults
[0.569s] Level 5:colcon.colcon_core.verb:set package 'blackboard_interfaces_dummy' build argument 'cmake_args' from command line to 'None'
[0.569s] Level 5:colcon.colcon_core.verb:set package 'blackboard_interfaces_dummy' build argument 'cmake_target' from command line to 'None'
[0.569s] Level 5:colcon.colcon_core.verb:set package 'blackboard_interfaces_dummy' build argument 'cmake_target_skip_unavailable' from command line to 'False'
[0.569s] Level 5:colcon.colcon_core.verb:set package 'blackboard_interfaces_dummy' build argument 'cmake_clean_cache' from command line to 'False'
[0.569s] Level 5:colcon.colcon_core.verb:set package 'blackboard_interfaces_dummy' build argument 'cmake_clean_first' from command line to 'False'
[0.569s] Level 5:colcon.colcon_core.verb:set package 'blackboard_interfaces_dummy' build argument 'cmake_force_configure' from command line to 'False'
[0.569s] Level 5:colcon.colcon_core.verb:set package 'blackboard_interfaces_dummy' build argument 'ament_cmake_args' from command line to 'None'
[0.569s] Level 5:colcon.colcon_core.verb:set package 'blackboard_interfaces_dummy' build argument 'catkin_cmake_args' from command line to 'None'
[0.569s] Level 5:colcon.colcon_core.verb:set package 'blackboard_interfaces_dummy' build argument 'catkin_skip_building_tests' from command line to 'False'
[0.570s] DEBUG:colcon.colcon_core.verb:Building package 'blackboard_interfaces_dummy' with the following arguments: {'ament_cmake_args': None, 'build_base': '/home/ste/ws/hsp-iit/data-model/examples/UC3-museum-guide/high-level-models/build/blackboard_interfaces_dummy', 'catkin_cmake_args': None, 'catkin_skip_building_tests': False, 'cmake_args': None, 'cmake_clean_cache': False, 'cmake_clean_first': False, 'cmake_force_configure': False, 'cmake_target': None, 'cmake_target_skip_unavailable': False, 'install_base': '/home/ste/ws/hsp-iit/data-model/examples/UC3-museum-guide/high-level-models/install/blackboard_interfaces_dummy', 'merge_install': False, 'path': '/home/ste/ws/hsp-iit/data-model/examples/UC3-museum-guide/high-level-models/ros_interfaces/blackboard_interfaces_dummy', 'symlink_install': False, 'test_result_base': None}
[0.570s] Level 5:colcon.colcon_core.verb:set package 'bt_interfaces_dummy' build argument 'cmake_args' from command line to 'None'
[0.570s] Level 5:colcon.colcon_core.verb:set package 'bt_interfaces_dummy' build argument 'cmake_target' from command line to 'None'
[0.570s] Level 5:colcon.colcon_core.verb:set package 'bt_interfaces_dummy' build argument 'cmake_target_skip_unavailable' from command line to 'False'
[0.570s] Level 5:colcon.colcon_core.verb:set package 'bt_interfaces_dummy' build argument 'cmake_clean_cache' from command line to 'False'
[0.570s] Level 5:colcon.colcon_core.verb:set package 'bt_interfaces_dummy' build argument 'cmake_clean_first' from command line to 'False'
[0.570s] Level 5:colcon.colcon_core.verb:set package 'bt_interfaces_dummy' build argument 'cmake_force_configure' from command line to 'False'
[0.570s] Level 5:colcon.colcon_core.verb:set package 'bt_interfaces_dummy' build argument 'ament_cmake_args' from command line to 'None'
[0.570s] Level 5:colcon.colcon_core.verb:set package 'bt_interfaces_dummy' build argument 'catkin_cmake_args' from command line to 'None'
[0.570s] Level 5:colcon.colcon_core.verb:set package 'bt_interfaces_dummy' build argument 'catkin_skip_building_tests' from command line to 'False'
[0.570s] DEBUG:colcon.colcon_core.verb:Building package 'bt_interfaces_dummy' with the following arguments: {'ament_cmake_args': None, 'build_base': '/home/ste/ws/hsp-iit/data-model/examples/UC3-museum-guide/high-level-models/build/bt_interfaces_dummy', 'catkin_cmake_args': None, 'catkin_skip_building_tests': False, 'cmake_args': None, 'cmake_clean_cache': False, 'cmake_clean_first': False, 'cmake_force_configure': False, 'cmake_target': None, 'cmake_target_skip_unavailable': False, 'install_base': '/home/ste/ws/hsp-iit/data-model/examples/UC3-museum-guide/high-level-models/install/bt_interfaces_dummy', 'merge_install': False, 'path': '/home/ste/ws/hsp-iit/data-model/examples/UC3-museum-guide/high-level-models/ros_interfaces/bt_interfaces_dummy', 'symlink_install': False, 'test_result_base': None}
[0.571s] Level 5:colcon.colcon_core.verb:set package 'navigation_interfaces_dummy' build argument 'cmake_args' from command line to 'None'
[0.571s] Level 5:colcon.colcon_core.verb:set package 'navigation_interfaces_dummy' build argument 'cmake_target' from command line to 'None'
[0.571s] Level 5:colcon.colcon_core.verb:set package 'navigation_interfaces_dummy' build argument 'cmake_target_skip_unavailable' from command line to 'False'
[0.571s] Level 5:colcon.colcon_core.verb:set package 'navigation_interfaces_dummy' build argument 'cmake_clean_cache' from command line to 'False'
[0.571s] Level 5:colcon.colcon_core.verb:set package 'navigation_interfaces_dummy' build argument 'cmake_clean_first' from command line to 'False'
[0.571s] Level 5:colcon.colcon_core.verb:set package 'navigation_interfaces_dummy' build argument 'cmake_force_configure' from command line to 'False'
[0.571s] Level 5:colcon.colcon_core.verb:set package 'navigation_interfaces_dummy' build argument 'ament_cmake_args' from command line to 'None'
[0.571s] Level 5:colcon.colcon_core.verb:set package 'navigation_interfaces_dummy' build argument 'catkin_cmake_args' from command line to 'None'
[0.571s] Level 5:colcon.colcon_core.verb:set package 'navigation_interfaces_dummy' build argument 'catkin_skip_building_tests' from command line to 'False'
[0.571s] DEBUG:colcon.colcon_core.verb:Building package 'navigation_interfaces_dummy' with the following arguments: {'ament_cmake_args': None, 'build_base': '/home/ste/ws/hsp-iit/data-model/examples/UC3-museum-guide/high-level-models/build/navigation_interfaces_dummy', 'catkin_cmake_args': None, 'catkin_skip_building_tests': False, 'cmake_args': None, 'cmake_clean_cache': False, 'cmake_clean_first': False, 'cmake_force_configure': False, 'cmake_target': None, 'cmake_target_skip_unavailable': False, 'install_base': '/home/ste/ws/hsp-iit/data-model/examples/UC3-museum-guide/high-level-models/install/navigation_interfaces_dummy', 'merge_install': False, 'path': '/home/ste/ws/hsp-iit/data-model/examples/UC3-museum-guide/high-level-models/ros_interfaces/navigation_interfaces_dummy', 'symlink_install': False, 'test_result_base': None}
[0.572s] Level 5:colcon.colcon_core.verb:set package 'notify_user_interfaces_dummy' build argument 'cmake_args' from command line to 'None'
[0.572s] Level 5:colcon.colcon_core.verb:set package 'notify_user_interfaces_dummy' build argument 'cmake_target' from command line to 'None'
[0.572s] Level 5:colcon.colcon_core.verb:set package 'notify_user_interfaces_dummy' build argument 'cmake_target_skip_unavailable' from command line to 'False'
[0.572s] Level 5:colcon.colcon_core.verb:set package 'notify_user_interfaces_dummy' build argument 'cmake_clean_cache' from command line to 'False'
[0.572s] Level 5:colcon.colcon_core.verb:set package 'notify_user_interfaces_dummy' build argument 'cmake_clean_first' from command line to 'False'
[0.572s] Level 5:colcon.colcon_core.verb:set package 'notify_user_interfaces_dummy' build argument 'cmake_force_configure' from command line to 'False'
[0.572s] Level 5:colcon.colcon_core.verb:set package 'notify_user_interfaces_dummy' build argument 'ament_cmake_args' from command line to 'None'
[0.572s] Level 5:colcon.colcon_core.verb:set package 'notify_user_interfaces_dummy' build argument 'catkin_cmake_args' from command line to 'None'
[0.572s] Level 5:colcon.colcon_core.verb:set package 'notify_user_interfaces_dummy' build argument 'catkin_skip_building_tests' from command line to 'False'
[0.572s] DEBUG:colcon.colcon_core.verb:Building package 'notify_user_interfaces_dummy' with the following arguments: {'ament_cmake_args': None, 'build_base': '/home/ste/ws/hsp-iit/data-model/examples/UC3-museum-guide/high-level-models/build/notify_user_interfaces_dummy', 'catkin_cmake_args': None, 'catkin_skip_building_tests': False, 'cmake_args': None, 'cmake_clean_cache': False, 'cmake_clean_first': False, 'cmake_force_configure': False, 'cmake_target': None, 'cmake_target_skip_unavailable': False, 'install_base': '/home/ste/ws/hsp-iit/data-model/examples/UC3-museum-guide/high-level-models/install/notify_user_interfaces_dummy', 'merge_install': False, 'path': '/home/ste/ws/hsp-iit/data-model/examples/UC3-museum-guide/high-level-models/ros_interfaces/notify_user_interfaces_dummy', 'symlink_install': False, 'test_result_base': None}
[0.573s] Level 5:colcon.colcon_core.verb:set package 'people_detector_filter_interfaces_dummy' build argument 'cmake_args' from command line to 'None'
[0.573s] Level 5:colcon.colcon_core.verb:set package 'people_detector_filter_interfaces_dummy' build argument 'cmake_target' from command line to 'None'
[0.573s] Level 5:colcon.colcon_core.verb:set package 'people_detector_filter_interfaces_dummy' build argument 'cmake_target_skip_unavailable' from command line to 'False'
[0.573s] Level 5:colcon.colcon_core.verb:set package 'people_detector_filter_interfaces_dummy' build argument 'cmake_clean_cache' from command line to 'False'
[0.573s] Level 5:colcon.colcon_core.verb:set package 'people_detector_filter_interfaces_dummy' build argument 'cmake_clean_first' from command line to 'False'
[0.573s] Level 5:colcon.colcon_core.verb:set package 'people_detector_filter_interfaces_dummy' build argument 'cmake_force_configure' from command line to 'False'
[0.573s] Level 5:colcon.colcon_core.verb:set package 'people_detector_filter_interfaces_dummy' build argument 'ament_cmake_args' from command line to 'None'
[0.573s] Level 5:colcon.colcon_core.verb:set package 'people_detector_filter_interfaces_dummy' build argument 'catkin_cmake_args' from command line to 'None'
[0.573s] Level 5:colcon.colcon_core.verb:set package 'people_detector_filter_interfaces_dummy' build argument 'catkin_skip_building_tests' from command line to 'False'
[0.573s] DEBUG:colcon.colcon_core.verb:Building package 'people_detector_filter_interfaces_dummy' with the following arguments: {'ament_cmake_args': None, 'build_base': '/home/ste/ws/hsp-iit/data-model/examples/UC3-museum-guide/high-level-models/build/people_detector_filter_interfaces_dummy', 'catkin_cmake_args': None, 'catkin_skip_building_tests': False, 'cmake_args': None, 'cmake_clean_cache': False, 'cmake_clean_first': False, 'cmake_force_configure': False, 'cmake_target': None, 'cmake_target_skip_unavailable': False, 'install_base': '/home/ste/ws/hsp-iit/data-model/examples/UC3-museum-guide/high-level-models/install/people_detector_filter_interfaces_dummy', 'merge_install': False, 'path': '/home/ste/ws/hsp-iit/data-model/examples/UC3-museum-guide/high-level-models/ros_interfaces/people_detector_filter_interfaces', 'symlink_install': False, 'test_result_base': None}
[0.574s] Level 5:colcon.colcon_core.verb:set package 'scheduler_interfaces_dummy' build argument 'cmake_args' from command line to 'None'
[0.574s] Level 5:colcon.colcon_core.verb:set package 'scheduler_interfaces_dummy' build argument 'cmake_target' from command line to 'None'
[0.574s] Level 5:colcon.colcon_core.verb:set package 'scheduler_interfaces_dummy' build argument 'cmake_target_skip_unavailable' from command line to 'False'
[0.574s] Level 5:colcon.colcon_core.verb:set package 'scheduler_interfaces_dummy' build argument 'cmake_clean_cache' from command line to 'False'
[0.574s] Level 5:colcon.colcon_core.verb:set package 'scheduler_interfaces_dummy' build argument 'cmake_clean_first' from command line to 'False'
[0.574s] Level 5:colcon.colcon_core.verb:set package 'scheduler_interfaces_dummy' build argument 'cmake_force_configure' from command line to 'False'
[0.574s] Level 5:colcon.colcon_core.verb:set package 'scheduler_interfaces_dummy' build argument 'ament_cmake_args' from command line to 'None'
[0.574s] Level 5:colcon.colcon_core.verb:set package 'scheduler_interfaces_dummy' build argument 'catkin_cmake_args' from command line to 'None'
[0.574s] Level 5:colcon.colcon_core.verb:set package 'scheduler_interfaces_dummy' build argument 'catkin_skip_building_tests' from command line to 'False'
[0.574s] DEBUG:colcon.colcon_core.verb:Building package 'scheduler_interfaces_dummy' with the following arguments: {'ament_cmake_args': None, 'build_base': '/home/ste/ws/hsp-iit/data-model/examples/UC3-museum-guide/high-level-models/build/scheduler_interfaces_dummy', 'catkin_cmake_args': None, 'catkin_skip_building_tests': False, 'cmake_args': None, 'cmake_clean_cache': False, 'cmake_clean_first': False, 'cmake_force_configure': False, 'cmake_target': None, 'cmake_target_skip_unavailable': False, 'install_base': '/home/ste/ws/hsp-iit/data-model/examples/UC3-museum-guide/high-level-models/install/scheduler_interfaces_dummy', 'merge_install': False, 'path': '/home/ste/ws/hsp-iit/data-model/examples/UC3-museum-guide/high-level-models/ros_interfaces/scheduler_interfaces_dummy', 'symlink_install': False, 'test_result_base': None}
[0.575s] Level 5:colcon.colcon_core.verb:set package 'timer_interfaces_dummy' build argument 'cmake_args' from command line to 'None'
[0.575s] Level 5:colcon.colcon_core.verb:set package 'timer_interfaces_dummy' build argument 'cmake_target' from command line to 'None'
[0.575s] Level 5:colcon.colcon_core.verb:set package 'timer_interfaces_dummy' build argument 'cmake_target_skip_unavailable' from command line to 'False'
[0.575s] Level 5:colcon.colcon_core.verb:set package 'timer_interfaces_dummy' build argument 'cmake_clean_cache' from command line to 'False'
[0.575s] Level 5:colcon.colcon_core.verb:set package 'timer_interfaces_dummy' build argument 'cmake_clean_first' from command line to 'False'
[0.575s] Level 5:colcon.colcon_core.verb:set package 'timer_interfaces_dummy' build argument 'cmake_force_configure' from command line to 'False'
[0.575s] Level 5:colcon.colcon_core.verb:set package 'timer_interfaces_dummy' build argument 'ament_cmake_args' from command line to 'None'
[0.575s] Level 5:colcon.colcon_core.verb:set package 'timer_interfaces_dummy' build argument 'catkin_cmake_args' from command line to 'None'
[0.575s] Level 5:colcon.colcon_core.verb:set package 'timer_interfaces_dummy' build argument 'catkin_skip_building_tests' from command line to 'False'
[0.575s] DEBUG:colcon.colcon_core.verb:Building package 'timer_interfaces_dummy' with the following arguments: {'ament_cmake_args': None, 'build_base': '/home/ste/ws/hsp-iit/data-model/examples/UC3-museum-guide/high-level-models/build/timer_interfaces_dummy', 'catkin_cmake_args': None, 'catkin_skip_building_tests': False, 'cmake_args': None, 'cmake_clean_cache': False, 'cmake_clean_first': False, 'cmake_force_configure': False, 'cmake_target': None, 'cmake_target_skip_unavailable': False, 'install_base': '/home/ste/ws/hsp-iit/data-model/examples/UC3-museum-guide/high-level-models/install/timer_interfaces_dummy', 'merge_install': False, 'path': '/home/ste/ws/hsp-iit/data-model/examples/UC3-museum-guide/high-level-models/ros_interfaces/timer_interfaces_dummy', 'symlink_install': False, 'test_result_base': None}
[0.575s] INFO:colcon.colcon_core.executor:Executing jobs using 'parallel' executor
[0.576s] DEBUG:colcon.colcon_parallel_executor.executor.parallel:run_until_complete
[0.577s] INFO:colcon.colcon_ros.task.ament_cmake.build:Building ROS package in '/home/ste/ws/hsp-iit/data-model/examples/UC3-museum-guide/high-level-models/ros_interfaces/blackboard_interfaces_dummy' with build type 'ament_cmake'
[0.578s] INFO:colcon.colcon_cmake.task.cmake.build:Building CMake package in '/home/ste/ws/hsp-iit/data-model/examples/UC3-museum-guide/high-level-models/ros_interfaces/blackboard_interfaces_dummy'
[0.580s] INFO:colcon.colcon_core.plugin_system:Skipping extension 'colcon_core.shell.bat': Not used on non-Windows systems
[0.581s] INFO:colcon.colcon_core.shell:Skip shell extension 'powershell' for command environment: Not usable outside of PowerShell
[0.581s] DEBUG:colcon.colcon_core.shell:Skip shell extension 'dsv' for command environment
[0.586s] INFO:colcon.colcon_ros.task.ament_cmake.build:Building ROS package in '/home/ste/ws/hsp-iit/data-model/examples/UC3-museum-guide/high-level-models/ros_interfaces/bt_interfaces_dummy' with build type 'ament_cmake'
[0.586s] INFO:colcon.colcon_cmake.task.cmake.build:Building CMake package in '/home/ste/ws/hsp-iit/data-model/examples/UC3-museum-guide/high-level-models/ros_interfaces/bt_interfaces_dummy'
[0.587s] INFO:colcon.colcon_core.shell:Skip shell extension 'powershell' for command environment: Not usable outside of PowerShell
[0.587s] DEBUG:colcon.colcon_core.shell:Skip shell extension 'dsv' for command environment
[0.593s] INFO:colcon.colcon_ros.task.ament_cmake.build:Building ROS package in '/home/ste/ws/hsp-iit/data-model/examples/UC3-museum-guide/high-level-models/ros_interfaces/navigation_interfaces_dummy' with build type 'ament_cmake'
[0.593s] INFO:colcon.colcon_cmake.task.cmake.build:Building CMake package in '/home/ste/ws/hsp-iit/data-model/examples/UC3-museum-guide/high-level-models/ros_interfaces/navigation_interfaces_dummy'
[0.594s] INFO:colcon.colcon_core.shell:Skip shell extension 'powershell' for command environment: Not usable outside of PowerShell
[0.594s] DEBUG:colcon.colcon_core.shell:Skip shell extension 'dsv' for command environment
[0.599s] INFO:colcon.colcon_ros.task.ament_cmake.build:Building ROS package in '/home/ste/ws/hsp-iit/data-model/examples/UC3-museum-guide/high-level-models/ros_interfaces/notify_user_interfaces_dummy' with build type 'ament_cmake'
[0.599s] INFO:colcon.colcon_cmake.task.cmake.build:Building CMake package in '/home/ste/ws/hsp-iit/data-model/examples/UC3-museum-guide/high-level-models/ros_interfaces/notify_user_interfaces_dummy'
[0.599s] INFO:colcon.colcon_core.shell:Skip shell extension 'powershell' for command environment: Not usable outside of PowerShell
[0.599s] DEBUG:colcon.colcon_core.shell:Skip shell extension 'dsv' for command environment
[0.604s] INFO:colcon.colcon_ros.task.ament_cmake.build:Building ROS package in '/home/ste/ws/hsp-iit/data-model/examples/UC3-museum-guide/high-level-models/ros_interfaces/people_detector_filter_interfaces' with build type 'ament_cmake'
[0.604s] INFO:colcon.colcon_cmake.task.cmake.build:Building CMake package in '/home/ste/ws/hsp-iit/data-model/examples/UC3-museum-guide/high-level-models/ros_interfaces/people_detector_filter_interfaces'
[0.604s] INFO:colcon.colcon_core.shell:Skip shell extension 'powershell' for command environment: Not usable outside of PowerShell
[0.605s] DEBUG:colcon.colcon_core.shell:Skip shell extension 'dsv' for command environment
[0.611s] INFO:colcon.colcon_ros.task.ament_cmake.build:Building ROS package in '/home/ste/ws/hsp-iit/data-model/examples/UC3-museum-guide/high-level-models/ros_interfaces/scheduler_interfaces_dummy' with build type 'ament_cmake'
[0.612s] INFO:colcon.colcon_cmake.task.cmake.build:Building CMake package in '/home/ste/ws/hsp-iit/data-model/examples/UC3-museum-guide/high-level-models/ros_interfaces/scheduler_interfaces_dummy'
[0.613s] INFO:colcon.colcon_core.shell:Skip shell extension 'powershell' for command environment: Not usable outside of PowerShell
[0.613s] DEBUG:colcon.colcon_core.shell:Skip shell extension 'dsv' for command environment
[0.619s] INFO:colcon.colcon_ros.task.ament_cmake.build:Building ROS package in '/home/ste/ws/hsp-iit/data-model/examples/UC3-museum-guide/high-level-models/ros_interfaces/timer_interfaces_dummy' with build type 'ament_cmake'
[0.619s] INFO:colcon.colcon_cmake.task.cmake.build:Building CMake package in '/home/ste/ws/hsp-iit/data-model/examples/UC3-museum-guide/high-level-models/ros_interfaces/timer_interfaces_dummy'
[0.619s] INFO:colcon.colcon_core.shell:Skip shell extension 'powershell' for command environment: Not usable outside of PowerShell
[0.619s] DEBUG:colcon.colcon_core.shell:Skip shell extension 'dsv' for command environment
[0.633s] DEBUG:colcon.colcon_core.event_handler.log_command:Invoking command in '/home/ste/ws/hsp-iit/data-model/examples/UC3-museum-guide/high-level-models/build/blackboard_interfaces_dummy': CMAKE_PREFIX_PATH=${CMAKE_PREFIX_PATH}:/opt/ros/iron PS1=\[\033[01;32m\]\u\[\033[00m\]:\[\033[01;34m\]\w\[\033[00m\]\[\e[91m\]$(parse_git_branch)\[\e[00m\]$ /usr/bin/cmake --build /home/ste/ws/hsp-iit/data-model/examples/UC3-museum-guide/high-level-models/build/blackboard_interfaces_dummy -- -j12 -l12
[0.638s] DEBUG:colcon.colcon_core.event_handler.log_command:Invoking command in '/home/ste/ws/hsp-iit/data-model/examples/UC3-museum-guide/high-level-models/build/bt_interfaces_dummy': CMAKE_PREFIX_PATH=${CMAKE_PREFIX_PATH}:/opt/ros/iron PS1=\[\033[01;32m\]\u\[\033[00m\]:\[\033[01;34m\]\w\[\033[00m\]\[\e[91m\]$(parse_git_branch)\[\e[00m\]$ /usr/bin/cmake --build /home/ste/ws/hsp-iit/data-model/examples/UC3-museum-guide/high-level-models/build/bt_interfaces_dummy -- -j12 -l12
[0.642s] DEBUG:colcon.colcon_core.event_handler.log_command:Invoking command in '/home/ste/ws/hsp-iit/data-model/examples/UC3-museum-guide/high-level-models/build/navigation_interfaces_dummy': CMAKE_PREFIX_PATH=${CMAKE_PREFIX_PATH}:/opt/ros/iron PS1=\[\033[01;32m\]\u\[\033[00m\]:\[\033[01;34m\]\w\[\033[00m\]\[\e[91m\]$(parse_git_branch)\[\e[00m\]$ /usr/bin/cmake --build /home/ste/ws/hsp-iit/data-model/examples/UC3-museum-guide/high-level-models/build/navigation_interfaces_dummy -- -j12 -l12
[0.646s] DEBUG:colcon.colcon_core.event_handler.log_command:Invoking command in '/home/ste/ws/hsp-iit/data-model/examples/UC3-museum-guide/high-level-models/build/notify_user_interfaces_dummy': CMAKE_PREFIX_PATH=${CMAKE_PREFIX_PATH}:/opt/ros/iron PS1=\[\033[01;32m\]\u\[\033[00m\]:\[\033[01;34m\]\w\[\033[00m\]\[\e[91m\]$(parse_git_branch)\[\e[00m\]$ /usr/bin/cmake --build /home/ste/ws/hsp-iit/data-model/examples/UC3-museum-guide/high-level-models/build/notify_user_interfaces_dummy -- -j12 -l12
[0.651s] DEBUG:colcon.colcon_core.event_handler.log_command:Invoking command in '/home/ste/ws/hsp-iit/data-model/examples/UC3-museum-guide/high-level-models/build/people_detector_filter_interfaces_dummy': CMAKE_PREFIX_PATH=${CMAKE_PREFIX_PATH}:/opt/ros/iron PS1=\[\033[01;32m\]\u\[\033[00m\]:\[\033[01;34m\]\w\[\033[00m\]\[\e[91m\]$(parse_git_branch)\[\e[00m\]$ /usr/bin/cmake --build /home/ste/ws/hsp-iit/data-model/examples/UC3-museum-guide/high-level-models/build/people_detector_filter_interfaces_dummy -- -j12 -l12
[0.658s] DEBUG:colcon.colcon_core.event_handler.log_command:Invoking command in '/home/ste/ws/hsp-iit/data-model/examples/UC3-museum-guide/high-level-models/build/scheduler_interfaces_dummy': CMAKE_PREFIX_PATH=${CMAKE_PREFIX_PATH}:/opt/ros/iron PS1=\[\033[01;32m\]\u\[\033[00m\]:\[\033[01;34m\]\w\[\033[00m\]\[\e[91m\]$(parse_git_branch)\[\e[00m\]$ /usr/bin/cmake --build /home/ste/ws/hsp-iit/data-model/examples/UC3-museum-guide/high-level-models/build/scheduler_interfaces_dummy -- -j12 -l12
[0.667s] DEBUG:colcon.colcon_core.event_handler.log_command:Invoking command in '/home/ste/ws/hsp-iit/data-model/examples/UC3-museum-guide/high-level-models/build/timer_interfaces_dummy': CMAKE_PREFIX_PATH=${CMAKE_PREFIX_PATH}:/opt/ros/iron PS1=\[\033[01;32m\]\u\[\033[00m\]:\[\033[01;34m\]\w\[\033[00m\]\[\e[91m\]$(parse_git_branch)\[\e[00m\]$ /usr/bin/cmake --build /home/ste/ws/hsp-iit/data-model/examples/UC3-museum-guide/high-level-models/build/timer_interfaces_dummy -- -j12 -l12
[0.967s] DEBUG:colcon.colcon_parallel_executor.executor.parallel:run_until_complete was interrupted
[0.968s] DEBUG:colcon.colcon_parallel_executor.executor.parallel:run_until_complete again
[0.978s] Level 1:colcon.colcon_core.environment:create_environment_scripts_only(scheduler_interfaces_dummy)
[0.990s] Level 1:colcon.colcon_core.environment:checking '/home/ste/ws/hsp-iit/data-model/examples/UC3-museum-guide/high-level-models/install/scheduler_interfaces_dummy' for CMake module files
[0.995s] Level 1:colcon.colcon_core.environment:checking '/home/ste/ws/hsp-iit/data-model/examples/UC3-museum-guide/high-level-models/install/scheduler_interfaces_dummy' for CMake config files
[1.004s] DEBUG:colcon.colcon_core.event_handler.log_command:Invoked command in '/home/ste/ws/hsp-iit/data-model/examples/UC3-museum-guide/high-level-models/build/scheduler_interfaces_dummy' returned '-2': CMAKE_PREFIX_PATH=${CMAKE_PREFIX_PATH}:/opt/ros/iron PS1=\[\033[01;32m\]\u\[\033[00m\]:\[\033[01;34m\]\w\[\033[00m\]\[\e[91m\]$(parse_git_branch)\[\e[00m\]$ /usr/bin/cmake --build /home/ste/ws/hsp-iit/data-model/examples/UC3-museum-guide/high-level-models/build/scheduler_interfaces_dummy -- -j12 -l12
[1.008s] Level 1:colcon.colcon_core.shell:create_environment_hook('scheduler_interfaces_dummy', 'cmake_prefix_path')
[1.009s] INFO:colcon.colcon_core.shell:Creating environment hook '/home/ste/ws/hsp-iit/data-model/examples/UC3-museum-guide/high-level-models/install/scheduler_interfaces_dummy/share/scheduler_interfaces_dummy/hook/cmake_prefix_path.ps1'
[1.011s] INFO:colcon.colcon_core.shell:Creating environment descriptor '/home/ste/ws/hsp-iit/data-model/examples/UC3-museum-guide/high-level-models/install/scheduler_interfaces_dummy/share/scheduler_interfaces_dummy/hook/cmake_prefix_path.dsv'
[1.012s] INFO:colcon.colcon_core.shell:Creating environment hook '/home/ste/ws/hsp-iit/data-model/examples/UC3-museum-guide/high-level-models/install/scheduler_interfaces_dummy/share/scheduler_interfaces_dummy/hook/cmake_prefix_path.sh'
[1.014s] Level 1:colcon.colcon_core.environment:checking '/home/ste/ws/hsp-iit/data-model/examples/UC3-museum-guide/high-level-models/install/scheduler_interfaces_dummy/lib'
[1.014s] Level 1:colcon.colcon_core.shell:create_environment_hook('scheduler_interfaces_dummy', 'ld_library_path_lib')
[1.015s] INFO:colcon.colcon_core.shell:Creating environment hook '/home/ste/ws/hsp-iit/data-model/examples/UC3-museum-guide/high-level-models/install/scheduler_interfaces_dummy/share/scheduler_interfaces_dummy/hook/ld_library_path_lib.ps1'
[1.015s] INFO:colcon.colcon_core.shell:Creating environment descriptor '/home/ste/ws/hsp-iit/data-model/examples/UC3-museum-guide/high-level-models/install/scheduler_interfaces_dummy/share/scheduler_interfaces_dummy/hook/ld_library_path_lib.dsv'
[1.016s] INFO:colcon.colcon_core.shell:Creating environment hook '/home/ste/ws/hsp-iit/data-model/examples/UC3-museum-guide/high-level-models/install/scheduler_interfaces_dummy/share/scheduler_interfaces_dummy/hook/ld_library_path_lib.sh'
[1.017s] Level 1:colcon.colcon_core.environment:checking '/home/ste/ws/hsp-iit/data-model/examples/UC3-museum-guide/high-level-models/install/scheduler_interfaces_dummy/bin'
[1.017s] Level 1:colcon.colcon_core.environment:checking '/home/ste/ws/hsp-iit/data-model/examples/UC3-museum-guide/high-level-models/install/scheduler_interfaces_dummy/lib/pkgconfig/scheduler_interfaces_dummy.pc'
[1.018s] Level 1:colcon.colcon_core.environment:checking '/home/ste/ws/hsp-iit/data-model/examples/UC3-museum-guide/high-level-models/install/scheduler_interfaces_dummy/lib/python3.10/site-packages'
[1.018s] Level 1:colcon.colcon_core.shell:create_environment_hook('scheduler_interfaces_dummy', 'pythonpath')
[1.018s] INFO:colcon.colcon_core.shell:Creating environment hook '/home/ste/ws/hsp-iit/data-model/examples/UC3-museum-guide/high-level-models/install/scheduler_interfaces_dummy/share/scheduler_interfaces_dummy/hook/pythonpath.ps1'
[1.019s] INFO:colcon.colcon_core.shell:Creating environment descriptor '/home/ste/ws/hsp-iit/data-model/examples/UC3-museum-guide/high-level-models/install/scheduler_interfaces_dummy/share/scheduler_interfaces_dummy/hook/pythonpath.dsv'
[1.020s] INFO:colcon.colcon_core.shell:Creating environment hook '/home/ste/ws/hsp-iit/data-model/examples/UC3-museum-guide/high-level-models/install/scheduler_interfaces_dummy/share/scheduler_interfaces_dummy/hook/pythonpath.sh'
[1.021s] Level 1:colcon.colcon_core.environment:checking '/home/ste/ws/hsp-iit/data-model/examples/UC3-museum-guide/high-level-models/install/scheduler_interfaces_dummy/bin'
[1.022s] INFO:colcon.colcon_core.shell:Creating package script '/home/ste/ws/hsp-iit/data-model/examples/UC3-museum-guide/high-level-models/install/scheduler_interfaces_dummy/share/scheduler_interfaces_dummy/package.ps1'
[1.024s] INFO:colcon.colcon_core.shell:Creating package descriptor '/home/ste/ws/hsp-iit/data-model/examples/UC3-museum-guide/high-level-models/install/scheduler_interfaces_dummy/share/scheduler_interfaces_dummy/package.dsv'
[1.026s] INFO:colcon.colcon_core.shell:Creating package script '/home/ste/ws/hsp-iit/data-model/examples/UC3-museum-guide/high-level-models/install/scheduler_interfaces_dummy/share/scheduler_interfaces_dummy/package.sh'
[1.027s] INFO:colcon.colcon_core.shell:Creating package script '/home/ste/ws/hsp-iit/data-model/examples/UC3-museum-guide/high-level-models/install/scheduler_interfaces_dummy/share/scheduler_interfaces_dummy/package.bash'
[1.029s] INFO:colcon.colcon_core.shell:Creating package script '/home/ste/ws/hsp-iit/data-model/examples/UC3-museum-guide/high-level-models/install/scheduler_interfaces_dummy/share/scheduler_interfaces_dummy/package.zsh'
[1.031s] Level 1:colcon.colcon_core.environment:create_file_with_runtime_dependencies(/home/ste/ws/hsp-iit/data-model/examples/UC3-museum-guide/high-level-models/install/scheduler_interfaces_dummy/share/colcon-core/packages/scheduler_interfaces_dummy)
[3.048s] DEBUG:colcon.colcon_parallel_executor.executor.parallel:run_until_complete finished
[3.048s] DEBUG:colcon.colcon_parallel_executor.executor.parallel:closing loop
[3.049s] DEBUG:colcon.colcon_parallel_executor.executor.parallel:loop closed
[3.049s] DEBUG:colcon.colcon_core.event_reactor:joining thread
[3.058s] INFO:colcon.colcon_core.plugin_system:Skipping extension 'colcon_notification.desktop_notification.terminal_notifier': Not used on non-Darwin systems
[3.058s] INFO:colcon.colcon_core.plugin_system:Skipping extension 'colcon_notification.desktop_notification.win32': Not used on non-Windows systems
[3.058s] INFO:colcon.colcon_notification.desktop_notification:Sending desktop notification using 'notify2'
[3.073s] DEBUG:colcon.colcon_core.event_reactor:joined thread
[3.074s] INFO:colcon.colcon_core.shell:Creating prefix script '/home/ste/ws/hsp-iit/data-model/examples/UC3-museum-guide/high-level-models/install/local_setup.ps1'
[3.076s] INFO:colcon.colcon_core.shell:Creating prefix util module '/home/ste/ws/hsp-iit/data-model/examples/UC3-museum-guide/high-level-models/install/_local_setup_util_ps1.py'
[3.078s] INFO:colcon.colcon_core.shell:Creating prefix chain script '/home/ste/ws/hsp-iit/data-model/examples/UC3-museum-guide/high-level-models/install/setup.ps1'
[3.080s] INFO:colcon.colcon_core.shell:Creating prefix script '/home/ste/ws/hsp-iit/data-model/examples/UC3-museum-guide/high-level-models/install/local_setup.sh'
[3.081s] INFO:colcon.colcon_core.shell:Creating prefix util module '/home/ste/ws/hsp-iit/data-model/examples/UC3-museum-guide/high-level-models/install/_local_setup_util_sh.py'
[3.082s] INFO:colcon.colcon_core.shell:Creating prefix chain script '/home/ste/ws/hsp-iit/data-model/examples/UC3-museum-guide/high-level-models/install/setup.sh'
[3.084s] INFO:colcon.colcon_core.shell:Creating prefix script '/home/ste/ws/hsp-iit/data-model/examples/UC3-museum-guide/high-level-models/install/local_setup.bash'
[3.085s] INFO:colcon.colcon_core.shell:Creating prefix chain script '/home/ste/ws/hsp-iit/data-model/examples/UC3-museum-guide/high-level-models/install/setup.bash'
[3.086s] INFO:colcon.colcon_core.shell:Creating prefix script '/home/ste/ws/hsp-iit/data-model/examples/UC3-museum-guide/high-level-models/install/local_setup.zsh'
[3.087s] INFO:colcon.colcon_core.shell:Creating prefix chain script '/home/ste/ws/hsp-iit/data-model/examples/UC3-museum-guide/high-level-models/install/setup.zsh'
