[0.013s] Invoking command in '/convince_ws/build/bt_executor': AMENT_PREFIX_PATH=/convince_ws/install/bt_nodes:/convince_ws/install/behaviortree_ros2:/convince_ws/install/pyrobosim_msgs:/convince_ws/install/overarching_msgs:/convince_ws/install/btcpp_ros2_interfaces:/convince_ws/install/bt_interfaces_dummy:${AMENT_PREFIX_PATH} CMAKE_PREFIX_PATH=/convince_ws/install/bt_nodes:/convince_ws/install/behaviortree_ros2:/convince_ws/install/pyrobosim_msgs:/convince_ws/install/overarching_msgs:/convince_ws/install/btcpp_ros2_interfaces:/convince_ws/install/bt_interfaces_dummy:/opt/ros/jazzy LD_LIBRARY_PATH=/convince_ws/install/bt_nodes/lib:/convince_ws/install/behaviortree_ros2/lib:/convince_ws/install/pyrobosim_msgs/lib:/convince_ws/install/overarching_msgs/lib:/convince_ws/install/btcpp_ros2_interfaces/lib:/convince_ws/install/bt_interfaces_dummy/lib:${LD_LIBRARY_PATH} PYTHONPATH=/convince_ws/install/pyrobosim_msgs/lib/python3.12/site-packages:/convince_ws/install/overarching_msgs/lib/python3.12/site-packages:/convince_ws/install/btcpp_ros2_interfaces/lib/python3.12/site-packages:/convince_ws/install/bt_interfaces_dummy/lib/python3.12/site-packages:${PYTHONPATH} /usr/bin/cmake --build /convince_ws/build/bt_executor -- -j20 -l20
[0.058s] [ 50%] [32mBuilding CXX object CMakeFiles/btcpp_executor.dir/src/btcpp_executor.cpp.o[0m
[6.521s] [100%] [32m[1mLinking CXX executable btcpp_executor[0m
[6.791s] [100%] Built target btcpp_executor
[6.801s] Invoked command in '/convince_ws/build/bt_executor' returned '0': AMENT_PREFIX_PATH=/convince_ws/install/bt_nodes:/convince_ws/install/behaviortree_ros2:/convince_ws/install/pyrobosim_msgs:/convince_ws/install/overarching_msgs:/convince_ws/install/btcpp_ros2_interfaces:/convince_ws/install/bt_interfaces_dummy:${AMENT_PREFIX_PATH} CMAKE_PREFIX_PATH=/convince_ws/install/bt_nodes:/convince_ws/install/behaviortree_ros2:/convince_ws/install/pyrobosim_msgs:/convince_ws/install/overarching_msgs:/convince_ws/install/btcpp_ros2_interfaces:/convince_ws/install/bt_interfaces_dummy:/opt/ros/jazzy LD_LIBRARY_PATH=/convince_ws/install/bt_nodes/lib:/convince_ws/install/behaviortree_ros2/lib:/convince_ws/install/pyrobosim_msgs/lib:/convince_ws/install/overarching_msgs/lib:/convince_ws/install/btcpp_ros2_interfaces/lib:/convince_ws/install/bt_interfaces_dummy/lib:${LD_LIBRARY_PATH} PYTHONPATH=/convince_ws/install/pyrobosim_msgs/lib/python3.12/site-packages:/convince_ws/install/overarching_msgs/lib/python3.12/site-packages:/convince_ws/install/btcpp_ros2_interfaces/lib/python3.12/site-packages:/convince_ws/install/bt_interfaces_dummy/lib/python3.12/site-packages:${PYTHONPATH} /usr/bin/cmake --build /convince_ws/build/bt_executor -- -j20 -l20
[6.802s] Invoking command in '/convince_ws/build/bt_executor': AMENT_PREFIX_PATH=/convince_ws/install/bt_nodes:/convince_ws/install/behaviortree_ros2:/convince_ws/install/pyrobosim_msgs:/convince_ws/install/overarching_msgs:/convince_ws/install/btcpp_ros2_interfaces:/convince_ws/install/bt_interfaces_dummy:${AMENT_PREFIX_PATH} CMAKE_PREFIX_PATH=/convince_ws/install/bt_nodes:/convince_ws/install/behaviortree_ros2:/convince_ws/install/pyrobosim_msgs:/convince_ws/install/overarching_msgs:/convince_ws/install/btcpp_ros2_interfaces:/convince_ws/install/bt_interfaces_dummy:/opt/ros/jazzy LD_LIBRARY_PATH=/convince_ws/install/bt_nodes/lib:/convince_ws/install/behaviortree_ros2/lib:/convince_ws/install/pyrobosim_msgs/lib:/convince_ws/install/overarching_msgs/lib:/convince_ws/install/btcpp_ros2_interfaces/lib:/convince_ws/install/bt_interfaces_dummy/lib:${LD_LIBRARY_PATH} PYTHONPATH=/convince_ws/install/pyrobosim_msgs/lib/python3.12/site-packages:/convince_ws/install/overarching_msgs/lib/python3.12/site-packages:/convince_ws/install/btcpp_ros2_interfaces/lib/python3.12/site-packages:/convince_ws/install/bt_interfaces_dummy/lib/python3.12/site-packages:${PYTHONPATH} /usr/bin/cmake --install /convince_ws/build/bt_executor
[6.807s] -- Install configuration: ""
[6.807s] -- Execute custom install script
[6.807s] -- Up-to-date symlink: /convince_ws/install/bt_executor/share/bt_executor/trees/navigation_demo.xml
[6.807s] -- Up-to-date symlink: /convince_ws/install/bt_executor/share/bt_executor/trees/pyrobosim_btcpp_model.xml
[6.807s] -- Up-to-date symlink: /convince_ws/install/bt_executor/share/bt_executor/trees/roscon2024.btproj
[6.807s] -- Up-to-date symlink: /convince_ws/install/bt_executor/share/bt_executor/trees/solution/problem1.xml
[6.808s] -- Up-to-date symlink: /convince_ws/install/bt_executor/share/bt_executor/trees/solution/problem2.xml
[6.808s] -- Up-to-date symlink: /convince_ws/install/bt_executor/share/bt_executor/trees/solution/problem3.xml
[6.808s] -- Up-to-date symlink: /convince_ws/install/bt_executor/share/bt_executor/trees/solution/problem4.xml
[6.808s] -- Up-to-date symlink: /convince_ws/install/bt_executor/lib/bt_executor/btcpp_executor
[6.808s] -- Up-to-date symlink: /convince_ws/install/bt_executor/include//pyrobosim_btcpp/nodes/battery_nodes.hpp
[6.808s] -- Up-to-date symlink: /convince_ws/install/bt_executor/include//pyrobosim_btcpp/nodes/close_node.hpp
[6.808s] -- Up-to-date symlink: /convince_ws/install/bt_executor/include//pyrobosim_btcpp/nodes/detect_object_node.hpp
[6.808s] -- Up-to-date symlink: /convince_ws/install/bt_executor/include//pyrobosim_btcpp/nodes/execute_task_node.hpp
[6.808s] -- Up-to-date symlink: /convince_ws/install/bt_executor/include//pyrobosim_btcpp/nodes/get_current_location_node.hpp
[6.808s] -- Up-to-date symlink: /convince_ws/install/bt_executor/include//pyrobosim_btcpp/nodes/get_next_location_node.hpp
[6.808s] -- Up-to-date symlink: /convince_ws/install/bt_executor/include//pyrobosim_btcpp/nodes/navigate_node.hpp
[6.808s] -- Up-to-date symlink: /convince_ws/install/bt_executor/include//pyrobosim_btcpp/nodes/open_node.hpp
[6.808s] -- Up-to-date symlink: /convince_ws/install/bt_executor/include//pyrobosim_btcpp/nodes/pick_object_node.hpp
[6.809s] -- Up-to-date symlink: /convince_ws/install/bt_executor/include//pyrobosim_btcpp/nodes/place_object_node.hpp
[6.809s] -- Up-to-date symlink: /convince_ws/install/bt_executor/share/ament_index/resource_index/package_run_dependencies/bt_executor
[6.809s] -- Up-to-date symlink: /convince_ws/install/bt_executor/share/ament_index/resource_index/parent_prefix_path/bt_executor
[6.809s] -- Up-to-date symlink: /convince_ws/install/bt_executor/share/bt_executor/environment/ament_prefix_path.sh
[6.809s] -- Up-to-date symlink: /convince_ws/install/bt_executor/share/bt_executor/environment/ament_prefix_path.dsv
[6.809s] -- Up-to-date symlink: /convince_ws/install/bt_executor/share/bt_executor/environment/path.sh
[6.809s] -- Up-to-date symlink: /convince_ws/install/bt_executor/share/bt_executor/environment/path.dsv
[6.809s] -- Up-to-date symlink: /convince_ws/install/bt_executor/share/bt_executor/local_setup.bash
[6.809s] -- Up-to-date symlink: /convince_ws/install/bt_executor/share/bt_executor/local_setup.sh
[6.809s] -- Up-to-date symlink: /convince_ws/install/bt_executor/share/bt_executor/local_setup.zsh
[6.809s] -- Up-to-date symlink: /convince_ws/install/bt_executor/share/bt_executor/local_setup.dsv
[6.809s] -- Symlinking: /convince_ws/install/bt_executor/share/bt_executor/package.dsv
[6.815s] -- Up-to-date symlink: /convince_ws/install/bt_executor/share/ament_index/resource_index/packages/bt_executor
[6.815s] -- Up-to-date symlink: /convince_ws/install/bt_executor/share/bt_executor/cmake/ament_cmake_export_dependencies-extras.cmake
[6.815s] -- Up-to-date symlink: /convince_ws/install/bt_executor/share/bt_executor/cmake/ament_cmake_export_include_directories-extras.cmake
[6.815s] -- Up-to-date symlink: /convince_ws/install/bt_executor/share/bt_executor/cmake/bt_executorConfig.cmake
[6.815s] -- Up-to-date symlink: /convince_ws/install/bt_executor/share/bt_executor/cmake/bt_executorConfig-version.cmake
[6.815s] -- Up-to-date symlink: /convince_ws/install/bt_executor/share/bt_executor/package.xml
[6.816s] Invoked command in '/convince_ws/build/bt_executor' returned '0': AMENT_PREFIX_PATH=/convince_ws/install/bt_nodes:/convince_ws/install/behaviortree_ros2:/convince_ws/install/pyrobosim_msgs:/convince_ws/install/overarching_msgs:/convince_ws/install/btcpp_ros2_interfaces:/convince_ws/install/bt_interfaces_dummy:${AMENT_PREFIX_PATH} CMAKE_PREFIX_PATH=/convince_ws/install/bt_nodes:/convince_ws/install/behaviortree_ros2:/convince_ws/install/pyrobosim_msgs:/convince_ws/install/overarching_msgs:/convince_ws/install/btcpp_ros2_interfaces:/convince_ws/install/bt_interfaces_dummy:/opt/ros/jazzy LD_LIBRARY_PATH=/convince_ws/install/bt_nodes/lib:/convince_ws/install/behaviortree_ros2/lib:/convince_ws/install/pyrobosim_msgs/lib:/convince_ws/install/overarching_msgs/lib:/convince_ws/install/btcpp_ros2_interfaces/lib:/convince_ws/install/bt_interfaces_dummy/lib:${LD_LIBRARY_PATH} PYTHONPATH=/convince_ws/install/pyrobosim_msgs/lib/python3.12/site-packages:/convince_ws/install/overarching_msgs/lib/python3.12/site-packages:/convince_ws/install/btcpp_ros2_interfaces/lib/python3.12/site-packages:/convince_ws/install/bt_interfaces_dummy/lib/python3.12/site-packages:${PYTHONPATH} /usr/bin/cmake --install /convince_ws/build/bt_executor
