-- The C compiler identification is GNU 11.4.0
-- The CXX compiler identification is GNU 11.4.0
-- Detecting C compiler ABI info
-- Detecting C compiler ABI info - done
-- Check for working C compiler: /usr/bin/cc - skipped
-- Detecting C compile features
-- Detecting C compile features - done
-- Detecting CXX compiler ABI info
-- Detecting CXX compiler ABI info - done
-- Check for working CXX compiler: /usr/bin/c++ - skipped
-- Detecting CXX compile features
-- Detecting CXX compile features - done
-- Found ament_cmake: 2.0.7 (/opt/ros/iron/share/ament_cmake/cmake)
-- Found Python3: /usr/bin/python3.10 (found version "3.10.12") found components: Interpreter 
-- Found rosidl_default_generators: 1.5.0 (/opt/ros/iron/share/rosidl_default_generators/cmake)
-- Using all available rosidl_typesupport_c: rosidl_typesupport_fastrtps_c;rosidl_typesupport_introspection_c
-- Using all available rosidl_typesupport_cpp: rosidl_typesupport_fastrtps_cpp;rosidl_typesupport_introspection_cpp
-- Found rosidl_adapter: 4.0.1 (/opt/ros/iron/share/rosidl_adapter/cmake)
-- Found ament_cmake_ros: 0.11.2 (/opt/ros/iron/share/ament_cmake_ros/cmake)
-- Using all available rosidl_typesupport_c: rosidl_typesupport_fastrtps_c;rosidl_typesupport_introspection_c
-- Using all available rosidl_typesupport_cpp: rosidl_typesupport_fastrtps_cpp;rosidl_typesupport_introspection_cpp
-- Found PythonInterp: /usr/bin/python3 (found suitable version "3.10.12", minimum required is "3.6") 
-- Found python_cmake_module: 0.10.2 (/opt/ros/iron/share/python_cmake_module/cmake)
-- Found PythonLibs: /usr/lib/x86_64-linux-gnu/libpython3.10.so (found suitable version "3.10.12", minimum required is "3.5") 
-- Using PYTHON_EXECUTABLE: /usr/bin/python3
-- Using PYTHON_INCLUDE_DIRS: /usr/include/python3.10
-- Using PYTHON_LIBRARIES: /usr/lib/x86_64-linux-gnu/libpython3.10.so
-- Found PythonExtra: .so  
-- Found ament_lint_auto: 0.14.4 (/opt/ros/iron/share/ament_lint_auto/cmake)
-- Added test 'lint_cmake' to check CMake code style
-- Added test 'xmllint' to check XML markup files
-- Configuring done
-- Generating done
-- Build files have been written to: /home/ste/ws/hsp-iit/data-model/examples/UC3-museum-guide/high-level-models/build/timer_interfaces_dummy
[  2%] [34m[1mGenerating type hashes for ROS interfaces[0m
[  2%] Built target ament_cmake_python_copy_timer_interfaces_dummy
[  2%] Built target timer_interfaces__rosidl_generator_type_description
[  4%] [34m[1mGenerating C code for ROS interfaces[0m
[  6%] [34m[1mGenerating C++ code for ROS interfaces[0m
running egg_info
creating timer_interfaces_dummy.egg-info
[  6%] Built target timer_interfaces__cpp
writing timer_interfaces_dummy.egg-info/PKG-INFO
writing dependency_links to timer_interfaces_dummy.egg-info/dependency_links.txt
[  9%] [32mBuilding C object CMakeFiles/timer_interfaces__rosidl_generator_c.dir/rosidl_generator_c/timer_interfaces_dummy/srv/detail/start_timer__description.c.o[0m
[ 11%] [32mBuilding C object CMakeFiles/timer_interfaces__rosidl_generator_c.dir/rosidl_generator_c/timer_interfaces_dummy/srv/detail/start_timer__type_support.c.o[0m
[ 13%] [32mBuilding C object CMakeFiles/timer_interfaces__rosidl_generator_c.dir/rosidl_generator_c/timer_interfaces_dummy/srv/detail/start_timer__functions.c.o[0m
[ 15%] [32mBuilding C object CMakeFiles/timer_interfaces__rosidl_generator_c.dir/rosidl_generator_c/timer_interfaces_dummy/srv/detail/is_timer_active__functions.c.o[0m
[ 20%] [32mBuilding C object CMakeFiles/timer_interfaces__rosidl_generator_c.dir/rosidl_generator_c/timer_interfaces_dummy/srv/detail/is_timer_active__description.c.o[0m
[ 20%] [32mBuilding C object CMakeFiles/timer_interfaces__rosidl_generator_c.dir/rosidl_generator_c/timer_interfaces_dummy/srv/detail/is_timer_active__type_support.c.o[0m
[ 22%] [32m[1mLinking C shared library libtimer_interfaces__rosidl_generator_c.so[0m
[ 22%] Built target timer_interfaces__rosidl_generator_c
[ 25%] [34m[1mGenerating C++ type support dispatch for ROS interfaces[0m
[ 27%] [34m[1mGenerating C type support for eProsima Fast-RTPS[0m
[ 29%] [34m[1mGenerating C type support dispatch for ROS interfaces[0m
[ 34%] [34m[1mGenerating C introspection for ROS interfaces[0m
[ 36%] [34m[1mGenerating C++ introspection for ROS interfaces[0m
[ 36%] [34m[1mGenerating C++ type support for eProsima Fast-RTPS[0m
writing top-level names to timer_interfaces_dummy.egg-info/top_level.txt
writing manifest file 'timer_interfaces_dummy.egg-info/SOURCES.txt'
[ 38%] [32mBuilding CXX object CMakeFiles/timer_interfaces__rosidl_typesupport_fastrtps_c.dir/rosidl_typesupport_fastrtps_c/timer_interfaces_dummy/srv/detail/start_timer__type_support_c.cpp.o[0m
[ 40%] [32mBuilding CXX object CMakeFiles/timer_interfaces__rosidl_typesupport_fastrtps_c.dir/rosidl_typesupport_fastrtps_c/timer_interfaces_dummy/srv/detail/is_timer_active__type_support_c.cpp.o[0m
reading manifest file 'timer_interfaces_dummy.egg-info/SOURCES.txt'
writing manifest file 'timer_interfaces_dummy.egg-info/SOURCES.txt'
[ 40%] Built target ament_cmake_python_build_timer_interfaces_dummy_egg
[ 43%] [32mBuilding CXX object CMakeFiles/timer_interfaces__rosidl_typesupport_c.dir/rosidl_typesupport_c/timer_interfaces_dummy/srv/start_timer__type_support.cpp.o[0m
[ 50%] [32mBuilding CXX object CMakeFiles/timer_interfaces__rosidl_typesupport_c.dir/rosidl_typesupport_c/timer_interfaces_dummy/srv/is_timer_active__type_support.cpp.o[0m
[ 50%] [32mBuilding CXX object CMakeFiles/timer_interfaces__rosidl_typesupport_cpp.dir/rosidl_typesupport_cpp/timer_interfaces_dummy/srv/start_timer__type_support.cpp.o[0m
[ 50%] [32mBuilding CXX object CMakeFiles/timer_interfaces__rosidl_typesupport_cpp.dir/rosidl_typesupport_cpp/timer_interfaces_dummy/srv/is_timer_active__type_support.cpp.o[0m
[ 52%] [32m[1mLinking CXX shared library libtimer_interfaces__rosidl_typesupport_c.so[0m
[ 54%] [32mBuilding C object CMakeFiles/timer_interfaces__rosidl_typesupport_introspection_c.dir/rosidl_typesupport_introspection_c/timer_interfaces_dummy/srv/detail/start_timer__type_support.c.o[0m
[ 56%] [32mBuilding C object CMakeFiles/timer_interfaces__rosidl_typesupport_introspection_c.dir/rosidl_typesupport_introspection_c/timer_interfaces_dummy/srv/detail/is_timer_active__type_support.c.o[0m
[ 61%] [32mBuilding CXX object CMakeFiles/timer_interfaces__rosidl_typesupport_introspection_cpp.dir/rosidl_typesupport_introspection_cpp/timer_interfaces_dummy/srv/detail/is_timer_active__type_support.cpp.o[0m
[ 61%] [32mBuilding CXX object CMakeFiles/timer_interfaces__rosidl_typesupport_introspection_cpp.dir/rosidl_typesupport_introspection_cpp/timer_interfaces_dummy/srv/detail/start_timer__type_support.cpp.o[0m
[ 61%] Built target timer_interfaces__rosidl_typesupport_c
[ 63%] [32m[1mLinking C shared library libtimer_interfaces__rosidl_typesupport_introspection_c.so[0m
[ 65%] [32mBuilding CXX object CMakeFiles/timer_interfaces__rosidl_typesupport_fastrtps_cpp.dir/rosidl_typesupport_fastrtps_cpp/timer_interfaces_dummy/srv/detail/dds_fastrtps/is_timer_active__type_support.cpp.o[0m
[ 68%] [32mBuilding CXX object CMakeFiles/timer_interfaces__rosidl_typesupport_fastrtps_cpp.dir/rosidl_typesupport_fastrtps_cpp/timer_interfaces_dummy/srv/detail/dds_fastrtps/start_timer__type_support.cpp.o[0m
[ 68%] Built target timer_interfaces__rosidl_typesupport_introspection_c
[ 70%] [32m[1mLinking CXX shared library libtimer_interfaces__rosidl_typesupport_fastrtps_c.so[0m
[ 70%] Built target timer_interfaces__rosidl_typesupport_fastrtps_c
[ 72%] [32m[1mLinking CXX shared library libtimer_interfaces__rosidl_typesupport_cpp.so[0m
[ 72%] Built target timer_interfaces__rosidl_typesupport_cpp
[ 75%] [32m[1mLinking CXX shared library libtimer_interfaces__rosidl_typesupport_introspection_cpp.so[0m
[ 75%] Built target timer_interfaces__rosidl_typesupport_introspection_cpp
[ 77%] [32m[1mLinking CXX shared library libtimer_interfaces__rosidl_typesupport_fastrtps_cpp.so[0m
[ 77%] Built target timer_interfaces__rosidl_typesupport_fastrtps_cpp
[ 77%] Built target timer_interfaces
[ 79%] [34m[1mGenerating Python code for ROS interfaces[0m
[ 79%] Built target timer_interfaces__py
[ 81%] [32mBuilding C object CMakeFiles/timer_interfaces__rosidl_generator_py.dir/rosidl_generator_py/timer_interfaces_dummy/srv/_is_timer_active_s.c.o[0m
[ 84%] [32mBuilding C object CMakeFiles/timer_interfaces__rosidl_generator_py.dir/rosidl_generator_py/timer_interfaces_dummy/srv/_start_timer_s.c.o[0m
[ 86%] [32m[1mLinking C shared library rosidl_generator_py/timer_interfaces_dummy/libtimer_interfaces__rosidl_generator_py.so[0m
[ 86%] Built target timer_interfaces__rosidl_generator_py
[ 88%] [32mBuilding C object CMakeFiles/timer_interfaces_dummy__rosidl_typesupport_fastrtps_c__pyext.dir/rosidl_generator_py/timer_interfaces_dummy/_timer_interfaces_dummy_s.ep.rosidl_typesupport_fastrtps_c.c.o[0m
[ 90%] [32mBuilding C object CMakeFiles/timer_interfaces_dummy__rosidl_typesupport_introspection_c__pyext.dir/rosidl_generator_py/timer_interfaces_dummy/_timer_interfaces_dummy_s.ep.rosidl_typesupport_introspection_c.c.o[0m
[ 93%] [32m[1mLinking C shared library rosidl_generator_py/timer_interfaces_dummy/timer_interfaces_dummy_s__rosidl_typesupport_fastrtps_c.cpython-310-x86_64-linux-gnu.so[0m
[ 95%] [32m[1mLinking C shared library rosidl_generator_py/timer_interfaces_dummy/timer_interfaces_dummy_s__rosidl_typesupport_introspection_c.cpython-310-x86_64-linux-gnu.so[0m
[ 95%] Built target timer_interfaces_dummy__rosidl_typesupport_fastrtps_c__pyext
[ 97%] [32mBuilding C object CMakeFiles/timer_interfaces_dummy__rosidl_typesupport_c__pyext.dir/rosidl_generator_py/timer_interfaces_dummy/_timer_interfaces_dummy_s.ep.rosidl_typesupport_c.c.o[0m
[ 97%] Built target timer_interfaces_dummy__rosidl_typesupport_introspection_c__pyext
[100%] [32m[1mLinking C shared library rosidl_generator_py/timer_interfaces_dummy/timer_interfaces_dummy_s__rosidl_typesupport_c.cpython-310-x86_64-linux-gnu.so[0m
[100%] Built target timer_interfaces_dummy__rosidl_typesupport_c__pyext
-- Install configuration: ""
-- Installing: /home/ste/ws/hsp-iit/data-model/examples/UC3-museum-guide/high-level-models/install/timer_interfaces_dummy/share/ament_index/resource_index/rosidl_interfaces/timer_interfaces_dummy
-- Installing: /home/ste/ws/hsp-iit/data-model/examples/UC3-museum-guide/high-level-models/install/timer_interfaces_dummy/share/timer_interfaces_dummy/srv/StartTimer.json
-- Installing: /home/ste/ws/hsp-iit/data-model/examples/UC3-museum-guide/high-level-models/install/timer_interfaces_dummy/share/timer_interfaces_dummy/srv/IsTimerActive.json
-- Installing: /home/ste/ws/hsp-iit/data-model/examples/UC3-museum-guide/high-level-models/install/timer_interfaces_dummy/include/timer_interfaces_dummy/timer_interfaces_dummy
-- Installing: /home/ste/ws/hsp-iit/data-model/examples/UC3-museum-guide/high-level-models/install/timer_interfaces_dummy/include/timer_interfaces_dummy/timer_interfaces_dummy/srv
-- Installing: /home/ste/ws/hsp-iit/data-model/examples/UC3-museum-guide/high-level-models/install/timer_interfaces_dummy/include/timer_interfaces_dummy/timer_interfaces_dummy/srv/detail
-- Installing: /home/ste/ws/hsp-iit/data-model/examples/UC3-museum-guide/high-level-models/install/timer_interfaces_dummy/include/timer_interfaces_dummy/timer_interfaces_dummy/srv/detail/start_timer__type_support.c
-- Installing: /home/ste/ws/hsp-iit/data-model/examples/UC3-museum-guide/high-level-models/install/timer_interfaces_dummy/include/timer_interfaces_dummy/timer_interfaces_dummy/srv/detail/is_timer_active__type_support.h
-- Installing: /home/ste/ws/hsp-iit/data-model/examples/UC3-museum-guide/high-level-models/install/timer_interfaces_dummy/include/timer_interfaces_dummy/timer_interfaces_dummy/srv/detail/is_timer_active__functions.c
-- Installing: /home/ste/ws/hsp-iit/data-model/examples/UC3-museum-guide/high-level-models/install/timer_interfaces_dummy/include/timer_interfaces_dummy/timer_interfaces_dummy/srv/detail/is_timer_active__functions.h
-- Installing: /home/ste/ws/hsp-iit/data-model/examples/UC3-museum-guide/high-level-models/install/timer_interfaces_dummy/include/timer_interfaces_dummy/timer_interfaces_dummy/srv/detail/is_timer_active__type_support.c
-- Installing: /home/ste/ws/hsp-iit/data-model/examples/UC3-museum-guide/high-level-models/install/timer_interfaces_dummy/include/timer_interfaces_dummy/timer_interfaces_dummy/srv/detail/is_timer_active__description.c
-- Installing: /home/ste/ws/hsp-iit/data-model/examples/UC3-museum-guide/high-level-models/install/timer_interfaces_dummy/include/timer_interfaces_dummy/timer_interfaces_dummy/srv/detail/start_timer__struct.h
-- Installing: /home/ste/ws/hsp-iit/data-model/examples/UC3-museum-guide/high-level-models/install/timer_interfaces_dummy/include/timer_interfaces_dummy/timer_interfaces_dummy/srv/detail/start_timer__functions.c
-- Installing: /home/ste/ws/hsp-iit/data-model/examples/UC3-museum-guide/high-level-models/install/timer_interfaces_dummy/include/timer_interfaces_dummy/timer_interfaces_dummy/srv/detail/start_timer__functions.h
-- Installing: /home/ste/ws/hsp-iit/data-model/examples/UC3-museum-guide/high-level-models/install/timer_interfaces_dummy/include/timer_interfaces_dummy/timer_interfaces_dummy/srv/detail/start_timer__description.c
-- Installing: /home/ste/ws/hsp-iit/data-model/examples/UC3-museum-guide/high-level-models/install/timer_interfaces_dummy/include/timer_interfaces_dummy/timer_interfaces_dummy/srv/detail/start_timer__type_support.h
-- Installing: /home/ste/ws/hsp-iit/data-model/examples/UC3-museum-guide/high-level-models/install/timer_interfaces_dummy/include/timer_interfaces_dummy/timer_interfaces_dummy/srv/detail/is_timer_active__struct.h
-- Installing: /home/ste/ws/hsp-iit/data-model/examples/UC3-museum-guide/high-level-models/install/timer_interfaces_dummy/include/timer_interfaces_dummy/timer_interfaces_dummy/srv/start_timer.h
-- Installing: /home/ste/ws/hsp-iit/data-model/examples/UC3-museum-guide/high-level-models/install/timer_interfaces_dummy/include/timer_interfaces_dummy/timer_interfaces_dummy/srv/is_timer_active.h
-- Installing: /home/ste/ws/hsp-iit/data-model/examples/UC3-museum-guide/high-level-models/install/timer_interfaces_dummy/include/timer_interfaces_dummy/timer_interfaces_dummy/msg
-- Installing: /home/ste/ws/hsp-iit/data-model/examples/UC3-museum-guide/high-level-models/install/timer_interfaces_dummy/include/timer_interfaces_dummy/timer_interfaces_dummy/msg/rosidl_generator_c__visibility_control.h
-- Installing: /home/ste/ws/hsp-iit/data-model/examples/UC3-museum-guide/high-level-models/install/timer_interfaces_dummy/share/timer_interfaces_dummy/environment/library_path.sh
-- Installing: /home/ste/ws/hsp-iit/data-model/examples/UC3-museum-guide/high-level-models/install/timer_interfaces_dummy/share/timer_interfaces_dummy/environment/library_path.dsv
-- Installing: /home/ste/ws/hsp-iit/data-model/examples/UC3-museum-guide/high-level-models/install/timer_interfaces_dummy/lib/libtimer_interfaces__rosidl_generator_c.so
-- Set runtime path of "/home/ste/ws/hsp-iit/data-model/examples/UC3-museum-guide/high-level-models/install/timer_interfaces_dummy/lib/libtimer_interfaces__rosidl_generator_c.so" to ""
-- Up-to-date: /home/ste/ws/hsp-iit/data-model/examples/UC3-museum-guide/high-level-models/install/timer_interfaces_dummy/include/timer_interfaces_dummy/timer_interfaces_dummy
-- Up-to-date: /home/ste/ws/hsp-iit/data-model/examples/UC3-museum-guide/high-level-models/install/timer_interfaces_dummy/include/timer_interfaces_dummy/timer_interfaces_dummy/srv
-- Up-to-date: /home/ste/ws/hsp-iit/data-model/examples/UC3-museum-guide/high-level-models/install/timer_interfaces_dummy/include/timer_interfaces_dummy/timer_interfaces_dummy/srv/detail
-- Installing: /home/ste/ws/hsp-iit/data-model/examples/UC3-museum-guide/high-level-models/install/timer_interfaces_dummy/include/timer_interfaces_dummy/timer_interfaces_dummy/srv/detail/is_timer_active__rosidl_typesupport_fastrtps_c.h
-- Installing: /home/ste/ws/hsp-iit/data-model/examples/UC3-museum-guide/high-level-models/install/timer_interfaces_dummy/include/timer_interfaces_dummy/timer_interfaces_dummy/srv/detail/start_timer__rosidl_typesupport_fastrtps_c.h
-- Up-to-date: /home/ste/ws/hsp-iit/data-model/examples/UC3-museum-guide/high-level-models/install/timer_interfaces_dummy/include/timer_interfaces_dummy/timer_interfaces_dummy/msg
-- Installing: /home/ste/ws/hsp-iit/data-model/examples/UC3-museum-guide/high-level-models/install/timer_interfaces_dummy/include/timer_interfaces_dummy/timer_interfaces_dummy/msg/rosidl_typesupport_fastrtps_c__visibility_control.h
-- Installing: /home/ste/ws/hsp-iit/data-model/examples/UC3-museum-guide/high-level-models/install/timer_interfaces_dummy/lib/libtimer_interfaces__rosidl_typesupport_fastrtps_c.so
-- Set runtime path of "/home/ste/ws/hsp-iit/data-model/examples/UC3-museum-guide/high-level-models/install/timer_interfaces_dummy/lib/libtimer_interfaces__rosidl_typesupport_fastrtps_c.so" to ""
-- Up-to-date: /home/ste/ws/hsp-iit/data-model/examples/UC3-museum-guide/high-level-models/install/timer_interfaces_dummy/include/timer_interfaces_dummy/timer_interfaces_dummy
-- Up-to-date: /home/ste/ws/hsp-iit/data-model/examples/UC3-museum-guide/high-level-models/install/timer_interfaces_dummy/include/timer_interfaces_dummy/timer_interfaces_dummy/srv
-- Up-to-date: /home/ste/ws/hsp-iit/data-model/examples/UC3-museum-guide/high-level-models/install/timer_interfaces_dummy/include/timer_interfaces_dummy/timer_interfaces_dummy/srv/detail
-- Installing: /home/ste/ws/hsp-iit/data-model/examples/UC3-museum-guide/high-level-models/install/timer_interfaces_dummy/include/timer_interfaces_dummy/timer_interfaces_dummy/srv/detail/start_timer__type_support.c
-- Installing: /home/ste/ws/hsp-iit/data-model/examples/UC3-museum-guide/high-level-models/install/timer_interfaces_dummy/include/timer_interfaces_dummy/timer_interfaces_dummy/srv/detail/start_timer__rosidl_typesupport_introspection_c.h
-- Installing: /home/ste/ws/hsp-iit/data-model/examples/UC3-museum-guide/high-level-models/install/timer_interfaces_dummy/include/timer_interfaces_dummy/timer_interfaces_dummy/srv/detail/is_timer_active__rosidl_typesupport_introspection_c.h
-- Installing: /home/ste/ws/hsp-iit/data-model/examples/UC3-museum-guide/high-level-models/install/timer_interfaces_dummy/include/timer_interfaces_dummy/timer_interfaces_dummy/srv/detail/is_timer_active__type_support.c
-- Up-to-date: /home/ste/ws/hsp-iit/data-model/examples/UC3-museum-guide/high-level-models/install/timer_interfaces_dummy/include/timer_interfaces_dummy/timer_interfaces_dummy/msg
-- Installing: /home/ste/ws/hsp-iit/data-model/examples/UC3-museum-guide/high-level-models/install/timer_interfaces_dummy/include/timer_interfaces_dummy/timer_interfaces_dummy/msg/rosidl_typesupport_introspection_c__visibility_control.h
-- Installing: /home/ste/ws/hsp-iit/data-model/examples/UC3-museum-guide/high-level-models/install/timer_interfaces_dummy/lib/libtimer_interfaces__rosidl_typesupport_introspection_c.so
-- Set runtime path of "/home/ste/ws/hsp-iit/data-model/examples/UC3-museum-guide/high-level-models/install/timer_interfaces_dummy/lib/libtimer_interfaces__rosidl_typesupport_introspection_c.so" to ""
-- Installing: /home/ste/ws/hsp-iit/data-model/examples/UC3-museum-guide/high-level-models/install/timer_interfaces_dummy/lib/libtimer_interfaces__rosidl_typesupport_c.so
-- Set runtime path of "/home/ste/ws/hsp-iit/data-model/examples/UC3-museum-guide/high-level-models/install/timer_interfaces_dummy/lib/libtimer_interfaces__rosidl_typesupport_c.so" to ""
-- Up-to-date: /home/ste/ws/hsp-iit/data-model/examples/UC3-museum-guide/high-level-models/install/timer_interfaces_dummy/include/timer_interfaces_dummy/timer_interfaces_dummy
-- Up-to-date: /home/ste/ws/hsp-iit/data-model/examples/UC3-museum-guide/high-level-models/install/timer_interfaces_dummy/include/timer_interfaces_dummy/timer_interfaces_dummy/srv
-- Up-to-date: /home/ste/ws/hsp-iit/data-model/examples/UC3-museum-guide/high-level-models/install/timer_interfaces_dummy/include/timer_interfaces_dummy/timer_interfaces_dummy/srv/detail
-- Installing: /home/ste/ws/hsp-iit/data-model/examples/UC3-museum-guide/high-level-models/install/timer_interfaces_dummy/include/timer_interfaces_dummy/timer_interfaces_dummy/srv/detail/start_timer__traits.hpp
-- Installing: /home/ste/ws/hsp-iit/data-model/examples/UC3-museum-guide/high-level-models/install/timer_interfaces_dummy/include/timer_interfaces_dummy/timer_interfaces_dummy/srv/detail/start_timer__struct.hpp
-- Installing: /home/ste/ws/hsp-iit/data-model/examples/UC3-museum-guide/high-level-models/install/timer_interfaces_dummy/include/timer_interfaces_dummy/timer_interfaces_dummy/srv/detail/is_timer_active__builder.hpp
-- Installing: /home/ste/ws/hsp-iit/data-model/examples/UC3-museum-guide/high-level-models/install/timer_interfaces_dummy/include/timer_interfaces_dummy/timer_interfaces_dummy/srv/detail/is_timer_active__struct.hpp
-- Installing: /home/ste/ws/hsp-iit/data-model/examples/UC3-museum-guide/high-level-models/install/timer_interfaces_dummy/include/timer_interfaces_dummy/timer_interfaces_dummy/srv/detail/is_timer_active__traits.hpp
-- Installing: /home/ste/ws/hsp-iit/data-model/examples/UC3-museum-guide/high-level-models/install/timer_interfaces_dummy/include/timer_interfaces_dummy/timer_interfaces_dummy/srv/detail/start_timer__builder.hpp
-- Installing: /home/ste/ws/hsp-iit/data-model/examples/UC3-museum-guide/high-level-models/install/timer_interfaces_dummy/include/timer_interfaces_dummy/timer_interfaces_dummy/srv/start_timer.hpp
-- Installing: /home/ste/ws/hsp-iit/data-model/examples/UC3-museum-guide/high-level-models/install/timer_interfaces_dummy/include/timer_interfaces_dummy/timer_interfaces_dummy/srv/is_timer_active.hpp
-- Up-to-date: /home/ste/ws/hsp-iit/data-model/examples/UC3-museum-guide/high-level-models/install/timer_interfaces_dummy/include/timer_interfaces_dummy/timer_interfaces_dummy
-- Up-to-date: /home/ste/ws/hsp-iit/data-model/examples/UC3-museum-guide/high-level-models/install/timer_interfaces_dummy/include/timer_interfaces_dummy/timer_interfaces_dummy/srv
-- Up-to-date: /home/ste/ws/hsp-iit/data-model/examples/UC3-museum-guide/high-level-models/install/timer_interfaces_dummy/include/timer_interfaces_dummy/timer_interfaces_dummy/srv/detail
-- Installing: /home/ste/ws/hsp-iit/data-model/examples/UC3-museum-guide/high-level-models/install/timer_interfaces_dummy/include/timer_interfaces_dummy/timer_interfaces_dummy/srv/detail/dds_fastrtps
-- Installing: /home/ste/ws/hsp-iit/data-model/examples/UC3-museum-guide/high-level-models/install/timer_interfaces_dummy/include/timer_interfaces_dummy/timer_interfaces_dummy/srv/detail/start_timer__rosidl_typesupport_fastrtps_cpp.hpp
-- Installing: /home/ste/ws/hsp-iit/data-model/examples/UC3-museum-guide/high-level-models/install/timer_interfaces_dummy/include/timer_interfaces_dummy/timer_interfaces_dummy/srv/detail/is_timer_active__rosidl_typesupport_fastrtps_cpp.hpp
-- Up-to-date: /home/ste/ws/hsp-iit/data-model/examples/UC3-museum-guide/high-level-models/install/timer_interfaces_dummy/include/timer_interfaces_dummy/timer_interfaces_dummy/msg
-- Installing: /home/ste/ws/hsp-iit/data-model/examples/UC3-museum-guide/high-level-models/install/timer_interfaces_dummy/include/timer_interfaces_dummy/timer_interfaces_dummy/msg/rosidl_typesupport_fastrtps_cpp__visibility_control.h
-- Installing: /home/ste/ws/hsp-iit/data-model/examples/UC3-museum-guide/high-level-models/install/timer_interfaces_dummy/lib/libtimer_interfaces__rosidl_typesupport_fastrtps_cpp.so
-- Set runtime path of "/home/ste/ws/hsp-iit/data-model/examples/UC3-museum-guide/high-level-models/install/timer_interfaces_dummy/lib/libtimer_interfaces__rosidl_typesupport_fastrtps_cpp.so" to ""
-- Up-to-date: /home/ste/ws/hsp-iit/data-model/examples/UC3-museum-guide/high-level-models/install/timer_interfaces_dummy/include/timer_interfaces_dummy/timer_interfaces_dummy
-- Up-to-date: /home/ste/ws/hsp-iit/data-model/examples/UC3-museum-guide/high-level-models/install/timer_interfaces_dummy/include/timer_interfaces_dummy/timer_interfaces_dummy/srv
-- Up-to-date: /home/ste/ws/hsp-iit/data-model/examples/UC3-museum-guide/high-level-models/install/timer_interfaces_dummy/include/timer_interfaces_dummy/timer_interfaces_dummy/srv/detail
-- Installing: /home/ste/ws/hsp-iit/data-model/examples/UC3-museum-guide/high-level-models/install/timer_interfaces_dummy/include/timer_interfaces_dummy/timer_interfaces_dummy/srv/detail/start_timer__type_support.cpp
-- Installing: /home/ste/ws/hsp-iit/data-model/examples/UC3-museum-guide/high-level-models/install/timer_interfaces_dummy/include/timer_interfaces_dummy/timer_interfaces_dummy/srv/detail/is_timer_active__rosidl_typesupport_introspection_cpp.hpp
-- Installing: /home/ste/ws/hsp-iit/data-model/examples/UC3-museum-guide/high-level-models/install/timer_interfaces_dummy/include/timer_interfaces_dummy/timer_interfaces_dummy/srv/detail/start_timer__rosidl_typesupport_introspection_cpp.hpp
-- Installing: /home/ste/ws/hsp-iit/data-model/examples/UC3-museum-guide/high-level-models/install/timer_interfaces_dummy/include/timer_interfaces_dummy/timer_interfaces_dummy/srv/detail/is_timer_active__type_support.cpp
-- Installing: /home/ste/ws/hsp-iit/data-model/examples/UC3-museum-guide/high-level-models/install/timer_interfaces_dummy/lib/libtimer_interfaces__rosidl_typesupport_introspection_cpp.so
-- Set runtime path of "/home/ste/ws/hsp-iit/data-model/examples/UC3-museum-guide/high-level-models/install/timer_interfaces_dummy/lib/libtimer_interfaces__rosidl_typesupport_introspection_cpp.so" to ""
-- Installing: /home/ste/ws/hsp-iit/data-model/examples/UC3-museum-guide/high-level-models/install/timer_interfaces_dummy/lib/libtimer_interfaces__rosidl_typesupport_cpp.so
-- Set runtime path of "/home/ste/ws/hsp-iit/data-model/examples/UC3-museum-guide/high-level-models/install/timer_interfaces_dummy/lib/libtimer_interfaces__rosidl_typesupport_cpp.so" to ""
-- Installing: /home/ste/ws/hsp-iit/data-model/examples/UC3-museum-guide/high-level-models/install/timer_interfaces_dummy/share/timer_interfaces_dummy/environment/pythonpath.sh
-- Installing: /home/ste/ws/hsp-iit/data-model/examples/UC3-museum-guide/high-level-models/install/timer_interfaces_dummy/share/timer_interfaces_dummy/environment/pythonpath.dsv
-- Installing: /home/ste/ws/hsp-iit/data-model/examples/UC3-museum-guide/high-level-models/install/timer_interfaces_dummy/lib/python3.10/site-packages/timer_interfaces_dummy-0.0.0-py3.10.egg-info
-- Installing: /home/ste/ws/hsp-iit/data-model/examples/UC3-museum-guide/high-level-models/install/timer_interfaces_dummy/lib/python3.10/site-packages/timer_interfaces_dummy-0.0.0-py3.10.egg-info/PKG-INFO
-- Installing: /home/ste/ws/hsp-iit/data-model/examples/UC3-museum-guide/high-level-models/install/timer_interfaces_dummy/lib/python3.10/site-packages/timer_interfaces_dummy-0.0.0-py3.10.egg-info/dependency_links.txt
-- Installing: /home/ste/ws/hsp-iit/data-model/examples/UC3-museum-guide/high-level-models/install/timer_interfaces_dummy/lib/python3.10/site-packages/timer_interfaces_dummy-0.0.0-py3.10.egg-info/top_level.txt
-- Installing: /home/ste/ws/hsp-iit/data-model/examples/UC3-museum-guide/high-level-models/install/timer_interfaces_dummy/lib/python3.10/site-packages/timer_interfaces_dummy-0.0.0-py3.10.egg-info/SOURCES.txt
-- Installing: /home/ste/ws/hsp-iit/data-model/examples/UC3-museum-guide/high-level-models/install/timer_interfaces_dummy/lib/python3.10/site-packages/timer_interfaces_dummy
-- Installing: /home/ste/ws/hsp-iit/data-model/examples/UC3-museum-guide/high-level-models/install/timer_interfaces_dummy/lib/python3.10/site-packages/timer_interfaces_dummy/_timer_interfaces_dummy_s.ep.rosidl_typesupport_fastrtps_c.c
-- Installing: /home/ste/ws/hsp-iit/data-model/examples/UC3-museum-guide/high-level-models/install/timer_interfaces_dummy/lib/python3.10/site-packages/timer_interfaces_dummy/timer_interfaces_dummy_s__rosidl_typesupport_c.cpython-310-x86_64-linux-gnu.so
-- Installing: /home/ste/ws/hsp-iit/data-model/examples/UC3-museum-guide/high-level-models/install/timer_interfaces_dummy/lib/python3.10/site-packages/timer_interfaces_dummy/__init__.py
-- Installing: /home/ste/ws/hsp-iit/data-model/examples/UC3-museum-guide/high-level-models/install/timer_interfaces_dummy/lib/python3.10/site-packages/timer_interfaces_dummy/_timer_interfaces_dummy_s.ep.rosidl_typesupport_introspection_c.c
-- Installing: /home/ste/ws/hsp-iit/data-model/examples/UC3-museum-guide/high-level-models/install/timer_interfaces_dummy/lib/python3.10/site-packages/timer_interfaces_dummy/srv
-- Installing: /home/ste/ws/hsp-iit/data-model/examples/UC3-museum-guide/high-level-models/install/timer_interfaces_dummy/lib/python3.10/site-packages/timer_interfaces_dummy/srv/_start_timer.py
-- Installing: /home/ste/ws/hsp-iit/data-model/examples/UC3-museum-guide/high-level-models/install/timer_interfaces_dummy/lib/python3.10/site-packages/timer_interfaces_dummy/srv/_is_timer_active.py
-- Installing: /home/ste/ws/hsp-iit/data-model/examples/UC3-museum-guide/high-level-models/install/timer_interfaces_dummy/lib/python3.10/site-packages/timer_interfaces_dummy/srv/_is_timer_active_s.c
-- Installing: /home/ste/ws/hsp-iit/data-model/examples/UC3-museum-guide/high-level-models/install/timer_interfaces_dummy/lib/python3.10/site-packages/timer_interfaces_dummy/srv/__init__.py
-- Installing: /home/ste/ws/hsp-iit/data-model/examples/UC3-museum-guide/high-level-models/install/timer_interfaces_dummy/lib/python3.10/site-packages/timer_interfaces_dummy/srv/_start_timer_s.c
-- Installing: /home/ste/ws/hsp-iit/data-model/examples/UC3-museum-guide/high-level-models/install/timer_interfaces_dummy/lib/python3.10/site-packages/timer_interfaces_dummy/timer_interfaces_dummy_s__rosidl_typesupport_fastrtps_c.cpython-310-x86_64-linux-gnu.so
-- Installing: /home/ste/ws/hsp-iit/data-model/examples/UC3-museum-guide/high-level-models/install/timer_interfaces_dummy/lib/python3.10/site-packages/timer_interfaces_dummy/timer_interfaces_dummy_s__rosidl_typesupport_introspection_c.cpython-310-x86_64-linux-gnu.so
-- Installing: /home/ste/ws/hsp-iit/data-model/examples/UC3-museum-guide/high-level-models/install/timer_interfaces_dummy/lib/python3.10/site-packages/timer_interfaces_dummy/_timer_interfaces_dummy_s.ep.rosidl_typesupport_c.c
-- Installing: /home/ste/ws/hsp-iit/data-model/examples/UC3-museum-guide/high-level-models/install/timer_interfaces_dummy/lib/python3.10/site-packages/timer_interfaces_dummy/libtimer_interfaces__rosidl_generator_py.so
Listing '/home/ste/ws/hsp-iit/data-model/examples/UC3-museum-guide/high-level-models/install/timer_interfaces_dummy/lib/python3.10/site-packages/timer_interfaces_dummy'...
Compiling '/home/ste/ws/hsp-iit/data-model/examples/UC3-museum-guide/high-level-models/install/timer_interfaces_dummy/lib/python3.10/site-packages/timer_interfaces_dummy/__init__.py'...
Listing '/home/ste/ws/hsp-iit/data-model/examples/UC3-museum-guide/high-level-models/install/timer_interfaces_dummy/lib/python3.10/site-packages/timer_interfaces_dummy/srv'...
Compiling '/home/ste/ws/hsp-iit/data-model/examples/UC3-museum-guide/high-level-models/install/timer_interfaces_dummy/lib/python3.10/site-packages/timer_interfaces_dummy/srv/__init__.py'...
Compiling '/home/ste/ws/hsp-iit/data-model/examples/UC3-museum-guide/high-level-models/install/timer_interfaces_dummy/lib/python3.10/site-packages/timer_interfaces_dummy/srv/_is_timer_active.py'...
Compiling '/home/ste/ws/hsp-iit/data-model/examples/UC3-museum-guide/high-level-models/install/timer_interfaces_dummy/lib/python3.10/site-packages/timer_interfaces_dummy/srv/_start_timer.py'...
-- Installing: /home/ste/ws/hsp-iit/data-model/examples/UC3-museum-guide/high-level-models/install/timer_interfaces_dummy/lib/python3.10/site-packages/timer_interfaces_dummy/timer_interfaces_dummy_s__rosidl_typesupport_fastrtps_c.cpython-310-x86_64-linux-gnu.so
-- Set runtime path of "/home/ste/ws/hsp-iit/data-model/examples/UC3-museum-guide/high-level-models/install/timer_interfaces_dummy/lib/python3.10/site-packages/timer_interfaces_dummy/timer_interfaces_dummy_s__rosidl_typesupport_fastrtps_c.cpython-310-x86_64-linux-gnu.so" to ""
-- Installing: /home/ste/ws/hsp-iit/data-model/examples/UC3-museum-guide/high-level-models/install/timer_interfaces_dummy/lib/python3.10/site-packages/timer_interfaces_dummy/timer_interfaces_dummy_s__rosidl_typesupport_introspection_c.cpython-310-x86_64-linux-gnu.so
-- Set runtime path of "/home/ste/ws/hsp-iit/data-model/examples/UC3-museum-guide/high-level-models/install/timer_interfaces_dummy/lib/python3.10/site-packages/timer_interfaces_dummy/timer_interfaces_dummy_s__rosidl_typesupport_introspection_c.cpython-310-x86_64-linux-gnu.so" to ""
-- Installing: /home/ste/ws/hsp-iit/data-model/examples/UC3-museum-guide/high-level-models/install/timer_interfaces_dummy/lib/python3.10/site-packages/timer_interfaces_dummy/timer_interfaces_dummy_s__rosidl_typesupport_c.cpython-310-x86_64-linux-gnu.so
-- Set runtime path of "/home/ste/ws/hsp-iit/data-model/examples/UC3-museum-guide/high-level-models/install/timer_interfaces_dummy/lib/python3.10/site-packages/timer_interfaces_dummy/timer_interfaces_dummy_s__rosidl_typesupport_c.cpython-310-x86_64-linux-gnu.so" to ""
-- Installing: /home/ste/ws/hsp-iit/data-model/examples/UC3-museum-guide/high-level-models/install/timer_interfaces_dummy/lib/libtimer_interfaces__rosidl_generator_py.so
-- Set runtime path of "/home/ste/ws/hsp-iit/data-model/examples/UC3-museum-guide/high-level-models/install/timer_interfaces_dummy/lib/libtimer_interfaces__rosidl_generator_py.so" to ""
-- Installing: /home/ste/ws/hsp-iit/data-model/examples/UC3-museum-guide/high-level-models/install/timer_interfaces_dummy/share/timer_interfaces_dummy/srv/StartTimer.idl
-- Installing: /home/ste/ws/hsp-iit/data-model/examples/UC3-museum-guide/high-level-models/install/timer_interfaces_dummy/share/timer_interfaces_dummy/srv/IsTimerActive.idl
-- Installing: /home/ste/ws/hsp-iit/data-model/examples/UC3-museum-guide/high-level-models/install/timer_interfaces_dummy/share/timer_interfaces_dummy/srv/StartTimer.srv
-- Installing: /home/ste/ws/hsp-iit/data-model/examples/UC3-museum-guide/high-level-models/install/timer_interfaces_dummy/share/timer_interfaces_dummy/srv/StartTimer_Request.msg
-- Installing: /home/ste/ws/hsp-iit/data-model/examples/UC3-museum-guide/high-level-models/install/timer_interfaces_dummy/share/timer_interfaces_dummy/srv/StartTimer_Response.msg
-- Installing: /home/ste/ws/hsp-iit/data-model/examples/UC3-museum-guide/high-level-models/install/timer_interfaces_dummy/share/timer_interfaces_dummy/srv/IsTimerActive.srv
-- Installing: /home/ste/ws/hsp-iit/data-model/examples/UC3-museum-guide/high-level-models/install/timer_interfaces_dummy/share/timer_interfaces_dummy/srv/IsTimerActive_Request.msg
-- Installing: /home/ste/ws/hsp-iit/data-model/examples/UC3-museum-guide/high-level-models/install/timer_interfaces_dummy/share/timer_interfaces_dummy/srv/IsTimerActive_Response.msg
-- Installing: /home/ste/ws/hsp-iit/data-model/examples/UC3-museum-guide/high-level-models/install/timer_interfaces_dummy/share/ament_index/resource_index/package_run_dependencies/timer_interfaces_dummy
-- Installing: /home/ste/ws/hsp-iit/data-model/examples/UC3-museum-guide/high-level-models/install/timer_interfaces_dummy/share/ament_index/resource_index/parent_prefix_path/timer_interfaces_dummy
-- Installing: /home/ste/ws/hsp-iit/data-model/examples/UC3-museum-guide/high-level-models/install/timer_interfaces_dummy/share/timer_interfaces_dummy/environment/ament_prefix_path.sh
-- Installing: /home/ste/ws/hsp-iit/data-model/examples/UC3-museum-guide/high-level-models/install/timer_interfaces_dummy/share/timer_interfaces_dummy/environment/ament_prefix_path.dsv
-- Installing: /home/ste/ws/hsp-iit/data-model/examples/UC3-museum-guide/high-level-models/install/timer_interfaces_dummy/share/timer_interfaces_dummy/environment/path.sh
-- Installing: /home/ste/ws/hsp-iit/data-model/examples/UC3-museum-guide/high-level-models/install/timer_interfaces_dummy/share/timer_interfaces_dummy/environment/path.dsv
-- Installing: /home/ste/ws/hsp-iit/data-model/examples/UC3-museum-guide/high-level-models/install/timer_interfaces_dummy/share/timer_interfaces_dummy/local_setup.bash
-- Installing: /home/ste/ws/hsp-iit/data-model/examples/UC3-museum-guide/high-level-models/install/timer_interfaces_dummy/share/timer_interfaces_dummy/local_setup.sh
-- Installing: /home/ste/ws/hsp-iit/data-model/examples/UC3-museum-guide/high-level-models/install/timer_interfaces_dummy/share/timer_interfaces_dummy/local_setup.zsh
-- Installing: /home/ste/ws/hsp-iit/data-model/examples/UC3-museum-guide/high-level-models/install/timer_interfaces_dummy/share/timer_interfaces_dummy/local_setup.dsv
-- Installing: /home/ste/ws/hsp-iit/data-model/examples/UC3-museum-guide/high-level-models/install/timer_interfaces_dummy/share/timer_interfaces_dummy/package.dsv
-- Installing: /home/ste/ws/hsp-iit/data-model/examples/UC3-museum-guide/high-level-models/install/timer_interfaces_dummy/share/ament_index/resource_index/packages/timer_interfaces_dummy
-- Installing: /home/ste/ws/hsp-iit/data-model/examples/UC3-museum-guide/high-level-models/install/timer_interfaces_dummy/share/timer_interfaces_dummy/cmake/export_timer_interfaces__rosidl_generator_cExport.cmake
-- Installing: /home/ste/ws/hsp-iit/data-model/examples/UC3-museum-guide/high-level-models/install/timer_interfaces_dummy/share/timer_interfaces_dummy/cmake/export_timer_interfaces__rosidl_generator_cExport-noconfig.cmake
-- Installing: /home/ste/ws/hsp-iit/data-model/examples/UC3-museum-guide/high-level-models/install/timer_interfaces_dummy/share/timer_interfaces_dummy/cmake/export_timer_interfaces__rosidl_typesupport_fastrtps_cExport.cmake
-- Installing: /home/ste/ws/hsp-iit/data-model/examples/UC3-museum-guide/high-level-models/install/timer_interfaces_dummy/share/timer_interfaces_dummy/cmake/export_timer_interfaces__rosidl_typesupport_fastrtps_cExport-noconfig.cmake
-- Installing: /home/ste/ws/hsp-iit/data-model/examples/UC3-museum-guide/high-level-models/install/timer_interfaces_dummy/share/timer_interfaces_dummy/cmake/timer_interfaces__rosidl_typesupport_introspection_cExport.cmake
-- Installing: /home/ste/ws/hsp-iit/data-model/examples/UC3-museum-guide/high-level-models/install/timer_interfaces_dummy/share/timer_interfaces_dummy/cmake/timer_interfaces__rosidl_typesupport_introspection_cExport-noconfig.cmake
-- Installing: /home/ste/ws/hsp-iit/data-model/examples/UC3-museum-guide/high-level-models/install/timer_interfaces_dummy/share/timer_interfaces_dummy/cmake/timer_interfaces__rosidl_typesupport_cExport.cmake
-- Installing: /home/ste/ws/hsp-iit/data-model/examples/UC3-museum-guide/high-level-models/install/timer_interfaces_dummy/share/timer_interfaces_dummy/cmake/timer_interfaces__rosidl_typesupport_cExport-noconfig.cmake
-- Installing: /home/ste/ws/hsp-iit/data-model/examples/UC3-museum-guide/high-level-models/install/timer_interfaces_dummy/share/timer_interfaces_dummy/cmake/export_timer_interfaces__rosidl_generator_cppExport.cmake
-- Installing: /home/ste/ws/hsp-iit/data-model/examples/UC3-museum-guide/high-level-models/install/timer_interfaces_dummy/share/timer_interfaces_dummy/cmake/export_timer_interfaces__rosidl_typesupport_fastrtps_cppExport.cmake
-- Installing: /home/ste/ws/hsp-iit/data-model/examples/UC3-museum-guide/high-level-models/install/timer_interfaces_dummy/share/timer_interfaces_dummy/cmake/export_timer_interfaces__rosidl_typesupport_fastrtps_cppExport-noconfig.cmake
-- Installing: /home/ste/ws/hsp-iit/data-model/examples/UC3-museum-guide/high-level-models/install/timer_interfaces_dummy/share/timer_interfaces_dummy/cmake/timer_interfaces__rosidl_typesupport_introspection_cppExport.cmake
-- Installing: /home/ste/ws/hsp-iit/data-model/examples/UC3-museum-guide/high-level-models/install/timer_interfaces_dummy/share/timer_interfaces_dummy/cmake/timer_interfaces__rosidl_typesupport_introspection_cppExport-noconfig.cmake
-- Installing: /home/ste/ws/hsp-iit/data-model/examples/UC3-museum-guide/high-level-models/install/timer_interfaces_dummy/share/timer_interfaces_dummy/cmake/timer_interfaces__rosidl_typesupport_cppExport.cmake
-- Installing: /home/ste/ws/hsp-iit/data-model/examples/UC3-museum-guide/high-level-models/install/timer_interfaces_dummy/share/timer_interfaces_dummy/cmake/timer_interfaces__rosidl_typesupport_cppExport-noconfig.cmake
-- Installing: /home/ste/ws/hsp-iit/data-model/examples/UC3-museum-guide/high-level-models/install/timer_interfaces_dummy/share/timer_interfaces_dummy/cmake/export_timer_interfaces__rosidl_generator_pyExport.cmake
-- Installing: /home/ste/ws/hsp-iit/data-model/examples/UC3-museum-guide/high-level-models/install/timer_interfaces_dummy/share/timer_interfaces_dummy/cmake/export_timer_interfaces__rosidl_generator_pyExport-noconfig.cmake
-- Installing: /home/ste/ws/hsp-iit/data-model/examples/UC3-museum-guide/high-level-models/install/timer_interfaces_dummy/share/timer_interfaces_dummy/cmake/rosidl_cmake-extras.cmake
-- Installing: /home/ste/ws/hsp-iit/data-model/examples/UC3-museum-guide/high-level-models/install/timer_interfaces_dummy/share/timer_interfaces_dummy/cmake/ament_cmake_export_dependencies-extras.cmake
-- Installing: /home/ste/ws/hsp-iit/data-model/examples/UC3-museum-guide/high-level-models/install/timer_interfaces_dummy/share/timer_interfaces_dummy/cmake/ament_cmake_export_include_directories-extras.cmake
-- Installing: /home/ste/ws/hsp-iit/data-model/examples/UC3-museum-guide/high-level-models/install/timer_interfaces_dummy/share/timer_interfaces_dummy/cmake/ament_cmake_export_libraries-extras.cmake
-- Installing: /home/ste/ws/hsp-iit/data-model/examples/UC3-museum-guide/high-level-models/install/timer_interfaces_dummy/share/timer_interfaces_dummy/cmake/ament_cmake_export_targets-extras.cmake
-- Installing: /home/ste/ws/hsp-iit/data-model/examples/UC3-museum-guide/high-level-models/install/timer_interfaces_dummy/share/timer_interfaces_dummy/cmake/rosidl_cmake_export_typesupport_targets-extras.cmake
-- Installing: /home/ste/ws/hsp-iit/data-model/examples/UC3-museum-guide/high-level-models/install/timer_interfaces_dummy/share/timer_interfaces_dummy/cmake/rosidl_cmake_export_typesupport_libraries-extras.cmake
-- Installing: /home/ste/ws/hsp-iit/data-model/examples/UC3-museum-guide/high-level-models/install/timer_interfaces_dummy/share/timer_interfaces_dummy/cmake/timer_interfaces_dummyConfig.cmake
-- Installing: /home/ste/ws/hsp-iit/data-model/examples/UC3-museum-guide/high-level-models/install/timer_interfaces_dummy/share/timer_interfaces_dummy/cmake/timer_interfaces_dummyConfig-version.cmake
-- Installing: /home/ste/ws/hsp-iit/data-model/examples/UC3-museum-guide/high-level-models/install/timer_interfaces_dummy/share/timer_interfaces_dummy/package.xml
