[0.038s] Invoking command in '/home/ste/ws/hsp-iit/data-model/examples/UC3-museum-guide/high-level-models/build/notify_user_interfaces_dummy': CMAKE_PREFIX_PATH=${CMAKE_PREFIX_PATH}:/opt/ros/iron PS1=\[\033[01;32m\]\u\[\033[00m\]:\[\033[01;34m\]\w\[\033[00m\]\[\e[91m\]$(parse_git_branch)\[\e[00m\]$ /usr/bin/cmake /home/ste/ws/hsp-iit/data-model/examples/UC3-museum-guide/high-level-models/ros_interfaces/notify_user_interfaces_dummy -DCMAKE_INSTALL_PREFIX=/home/ste/ws/hsp-iit/data-model/examples/UC3-museum-guide/high-level-models/install/notify_user_interfaces_dummy
[0.183s] -- The C compiler identification is GNU 11.4.0
[0.296s] -- The CXX compiler identification is GNU 11.4.0
[0.314s] -- Detecting C compiler ABI info
[0.432s] -- Detecting C compiler ABI info - done
[0.444s] -- Check for working C compiler: /usr/bin/cc - skipped
[0.445s] -- Detecting C compile features
[0.446s] -- Detecting C compile features - done
[0.452s] -- Detecting CXX compiler ABI info
[0.601s] -- Detecting CXX compiler ABI info - done
[0.621s] -- Check for working CXX compiler: /usr/bin/c++ - skipped
[0.621s] -- Detecting CXX compile features
[0.623s] -- Detecting CXX compile features - done
[0.633s] -- Found ament_cmake: 2.0.7 (/opt/ros/iron/share/ament_cmake/cmake)
[2.282s] -- Found Python3: /usr/bin/python3.10 (found version "3.10.12") found components: Interpreter 
[2.517s] -- Found rosidl_default_generators: 1.5.0 (/opt/ros/iron/share/rosidl_default_generators/cmake)
[2.527s] -- Using all available rosidl_typesupport_c: rosidl_typesupport_fastrtps_c;rosidl_typesupport_introspection_c
[2.647s] -- Using all available rosidl_typesupport_cpp: rosidl_typesupport_fastrtps_cpp;rosidl_typesupport_introspection_cpp
[2.737s] -- Found rosidl_adapter: 4.0.1 (/opt/ros/iron/share/rosidl_adapter/cmake)
[3.502s] -- Found ament_cmake_ros: 0.11.2 (/opt/ros/iron/share/ament_cmake_ros/cmake)
[3.931s] -- Using all available rosidl_typesupport_c: rosidl_typesupport_fastrtps_c;rosidl_typesupport_introspection_c
[4.419s] -- Using all available rosidl_typesupport_cpp: rosidl_typesupport_fastrtps_cpp;rosidl_typesupport_introspection_cpp
[4.477s] -- Found PythonInterp: /usr/bin/python3 (found suitable version "3.10.12", minimum required is "3.6") 
[4.481s] -- Found python_cmake_module: 0.10.2 (/opt/ros/iron/share/python_cmake_module/cmake)
[4.552s] -- Found PythonLibs: /usr/lib/x86_64-linux-gnu/libpython3.10.so (found suitable version "3.10.12", minimum required is "3.5") 
[4.553s] -- Using PYTHON_EXECUTABLE: /usr/bin/python3
[4.553s] -- Using PYTHON_INCLUDE_DIRS: /usr/include/python3.10
[4.553s] -- Using PYTHON_LIBRARIES: /usr/lib/x86_64-linux-gnu/libpython3.10.so
[4.611s] -- Found PythonExtra: .so  
[4.710s] -- Found ament_lint_auto: 0.14.4 (/opt/ros/iron/share/ament_lint_auto/cmake)
[4.764s] -- Added test 'lint_cmake' to check CMake code style
[4.771s] -- Added test 'xmllint' to check XML markup files
[4.776s] -- Configuring done
[4.863s] -- Generating done
[4.909s] -- Build files have been written to: /home/ste/ws/hsp-iit/data-model/examples/UC3-museum-guide/high-level-models/build/notify_user_interfaces_dummy
[4.925s] Invoked command in '/home/ste/ws/hsp-iit/data-model/examples/UC3-museum-guide/high-level-models/build/notify_user_interfaces_dummy' returned '0': CMAKE_PREFIX_PATH=${CMAKE_PREFIX_PATH}:/opt/ros/iron PS1=\[\033[01;32m\]\u\[\033[00m\]:\[\033[01;34m\]\w\[\033[00m\]\[\e[91m\]$(parse_git_branch)\[\e[00m\]$ /usr/bin/cmake /home/ste/ws/hsp-iit/data-model/examples/UC3-museum-guide/high-level-models/ros_interfaces/notify_user_interfaces_dummy -DCMAKE_INSTALL_PREFIX=/home/ste/ws/hsp-iit/data-model/examples/UC3-museum-guide/high-level-models/install/notify_user_interfaces_dummy
[4.931s] Invoking command in '/home/ste/ws/hsp-iit/data-model/examples/UC3-museum-guide/high-level-models/build/notify_user_interfaces_dummy': CMAKE_PREFIX_PATH=${CMAKE_PREFIX_PATH}:/opt/ros/iron PS1=\[\033[01;32m\]\u\[\033[00m\]:\[\033[01;34m\]\w\[\033[00m\]\[\e[91m\]$(parse_git_branch)\[\e[00m\]$ /usr/bin/cmake --build /home/ste/ws/hsp-iit/data-model/examples/UC3-museum-guide/high-level-models/build/notify_user_interfaces_dummy -- -j12 -l12
[5.070s] [  2%] [34m[1mGenerating type hashes for ROS interfaces[0m
[5.078s] [  2%] Built target ament_cmake_python_copy_notify_user_interfaces_dummy
[5.703s] [  2%] Built target notify_user_interfaces__rosidl_generator_type_description
[5.756s] [  4%] [34m[1mGenerating C code for ROS interfaces[0m
[5.823s] [  6%] [34m[1mGenerating C++ code for ROS interfaces[0m
[7.066s] running egg_info
[7.068s] creating notify_user_interfaces_dummy.egg-info
[7.464s] [  6%] Built target notify_user_interfaces__cpp
[7.485s] writing notify_user_interfaces_dummy.egg-info/PKG-INFO
[7.866s] writing dependency_links to notify_user_interfaces_dummy.egg-info/dependency_links.txt
[7.941s] [  9%] [32mBuilding C object CMakeFiles/notify_user_interfaces__rosidl_generator_c.dir/rosidl_generator_c/notify_user_interfaces_dummy/srv/detail/start_alarm__description.c.o[0m
[7.995s] [ 11%] [32mBuilding C object CMakeFiles/notify_user_interfaces__rosidl_generator_c.dir/rosidl_generator_c/notify_user_interfaces_dummy/srv/detail/start_alarm__functions.c.o[0m
[8.014s] [ 13%] [32mBuilding C object CMakeFiles/notify_user_interfaces__rosidl_generator_c.dir/rosidl_generator_c/notify_user_interfaces_dummy/srv/detail/stop_alarm__description.c.o[0m
[8.015s] [ 15%] [32mBuilding C object CMakeFiles/notify_user_interfaces__rosidl_generator_c.dir/rosidl_generator_c/notify_user_interfaces_dummy/srv/detail/start_alarm__type_support.c.o[0m
[8.074s] [ 18%] [32mBuilding C object CMakeFiles/notify_user_interfaces__rosidl_generator_c.dir/rosidl_generator_c/notify_user_interfaces_dummy/srv/detail/stop_alarm__functions.c.o[0m
[8.135s] [ 20%] [32mBuilding C object CMakeFiles/notify_user_interfaces__rosidl_generator_c.dir/rosidl_generator_c/notify_user_interfaces_dummy/srv/detail/stop_alarm__type_support.c.o[0m
[8.471s] [ 22%] [32m[1mLinking C shared library libnotify_user_interfaces__rosidl_generator_c.so[0m
[8.657s] [ 22%] Built target notify_user_interfaces__rosidl_generator_c
[8.712s] [ 25%] [34m[1mGenerating C type support for eProsima Fast-RTPS[0m
[8.725s] [ 27%] [34m[1mGenerating C++ type support dispatch for ROS interfaces[0m
[8.765s] [ 29%] [34m[1mGenerating C introspection for ROS interfaces[0m
[8.783s] [ 31%] [34m[1mGenerating C type support dispatch for ROS interfaces[0m
[8.797s] [ 34%] [34m[1mGenerating C++ introspection for ROS interfaces[0m
[8.829s] [ 36%] [34m[1mGenerating C++ type support for eProsima Fast-RTPS[0m
[10.816s] writing top-level names to notify_user_interfaces_dummy.egg-info/top_level.txt
[10.837s] writing manifest file 'notify_user_interfaces_dummy.egg-info/SOURCES.txt'
[11.512s] [ 38%] [32mBuilding CXX object CMakeFiles/notify_user_interfaces__rosidl_typesupport_fastrtps_c.dir/rosidl_typesupport_fastrtps_c/notify_user_interfaces_dummy/srv/detail/start_alarm__type_support_c.cpp.o[0m
[11.524s] [ 40%] [32mBuilding CXX object CMakeFiles/notify_user_interfaces__rosidl_typesupport_fastrtps_c.dir/rosidl_typesupport_fastrtps_c/notify_user_interfaces_dummy/srv/detail/stop_alarm__type_support_c.cpp.o[0m
[11.574s] [ 43%] [32mBuilding CXX object CMakeFiles/notify_user_interfaces__rosidl_typesupport_c.dir/rosidl_typesupport_c/notify_user_interfaces_dummy/srv/stop_alarm__type_support.cpp.o[0m
[11.581s] [ 45%] [32mBuilding CXX object CMakeFiles/notify_user_interfaces__rosidl_typesupport_c.dir/rosidl_typesupport_c/notify_user_interfaces_dummy/srv/start_alarm__type_support.cpp.o[0m
[11.701s] [ 47%] [32mBuilding CXX object CMakeFiles/notify_user_interfaces__rosidl_typesupport_cpp.dir/rosidl_typesupport_cpp/notify_user_interfaces_dummy/srv/start_alarm__type_support.cpp.o[0m
[11.742s] [ 50%] [32mBuilding CXX object CMakeFiles/notify_user_interfaces__rosidl_typesupport_cpp.dir/rosidl_typesupport_cpp/notify_user_interfaces_dummy/srv/stop_alarm__type_support.cpp.o[0m
[11.863s] [ 52%] [32mBuilding CXX object CMakeFiles/notify_user_interfaces__rosidl_typesupport_introspection_cpp.dir/rosidl_typesupport_introspection_cpp/notify_user_interfaces_dummy/srv/detail/start_alarm__type_support.cpp.o[0m
[11.905s] [ 54%] [32mBuilding CXX object CMakeFiles/notify_user_interfaces__rosidl_typesupport_introspection_cpp.dir/rosidl_typesupport_introspection_cpp/notify_user_interfaces_dummy/srv/detail/stop_alarm__type_support.cpp.o[0m
[12.139s] [ 56%] [32m[1mLinking CXX shared library libnotify_user_interfaces__rosidl_typesupport_c.so[0m
[12.325s] [ 59%] [32mBuilding C object CMakeFiles/notify_user_interfaces__rosidl_typesupport_introspection_c.dir/rosidl_typesupport_introspection_c/notify_user_interfaces_dummy/srv/detail/start_alarm__type_support.c.o[0m
[12.395s] [ 61%] [32mBuilding C object CMakeFiles/notify_user_interfaces__rosidl_typesupport_introspection_c.dir/rosidl_typesupport_introspection_c/notify_user_interfaces_dummy/srv/detail/stop_alarm__type_support.c.o[0m
[12.617s] [ 61%] Built target notify_user_interfaces__rosidl_typesupport_c
[12.702s] [ 63%] [32mBuilding CXX object CMakeFiles/notify_user_interfaces__rosidl_typesupport_fastrtps_cpp.dir/rosidl_typesupport_fastrtps_cpp/notify_user_interfaces_dummy/srv/detail/dds_fastrtps/start_alarm__type_support.cpp.o[0m
[12.735s] [ 65%] [32mBuilding CXX object CMakeFiles/notify_user_interfaces__rosidl_typesupport_fastrtps_cpp.dir/rosidl_typesupport_fastrtps_cpp/notify_user_interfaces_dummy/srv/detail/dds_fastrtps/stop_alarm__type_support.cpp.o[0m
[12.872s] [ 68%] [32m[1mLinking C shared library libnotify_user_interfaces__rosidl_typesupport_introspection_c.so[0m
[13.214s] [ 68%] Built target notify_user_interfaces__rosidl_typesupport_introspection_c
[13.455s] reading manifest file 'notify_user_interfaces_dummy.egg-info/SOURCES.txt'
[13.456s] writing manifest file 'notify_user_interfaces_dummy.egg-info/SOURCES.txt'
[13.860s] [ 68%] Built target ament_cmake_python_build_notify_user_interfaces_dummy_egg
[14.663s] [ 70%] [32m[1mLinking CXX shared library libnotify_user_interfaces__rosidl_typesupport_fastrtps_c.so[0m
[15.522s] [ 70%] Built target notify_user_interfaces__rosidl_typesupport_fastrtps_c
[16.292s] [ 72%] [32m[1mLinking CXX shared library libnotify_user_interfaces__rosidl_typesupport_cpp.so[0m
[17.219s] [ 72%] Built target notify_user_interfaces__rosidl_typesupport_cpp
[17.542s] [ 75%] [32m[1mLinking CXX shared library libnotify_user_interfaces__rosidl_typesupport_introspection_cpp.so[0m
[18.300s] [ 75%] Built target notify_user_interfaces__rosidl_typesupport_introspection_cpp
[18.884s] [ 77%] [32m[1mLinking CXX shared library libnotify_user_interfaces__rosidl_typesupport_fastrtps_cpp.so[0m
[19.605s] [ 77%] Built target notify_user_interfaces__rosidl_typesupport_fastrtps_cpp
[19.818s] [ 77%] Built target notify_user_interfaces
[19.870s] [ 79%] [34m[1mGenerating Python code for ROS interfaces[0m
[22.479s] [ 79%] Built target notify_user_interfaces__py
[22.608s] [ 81%] [32mBuilding C object CMakeFiles/notify_user_interfaces__rosidl_generator_py.dir/rosidl_generator_py/notify_user_interfaces_dummy/srv/_stop_alarm_s.c.o[0m
[22.608s] [ 84%] [32mBuilding C object CMakeFiles/notify_user_interfaces__rosidl_generator_py.dir/rosidl_generator_py/notify_user_interfaces_dummy/srv/_start_alarm_s.c.o[0m
[23.053s] [ 86%] [32m[1mLinking C shared library rosidl_generator_py/notify_user_interfaces_dummy/libnotify_user_interfaces__rosidl_generator_py.so[0m
[23.190s] [ 86%] Built target notify_user_interfaces__rosidl_generator_py
[23.347s] [ 88%] [32mBuilding C object CMakeFiles/notify_user_interfaces_dummy__rosidl_typesupport_fastrtps_c__pyext.dir/rosidl_generator_py/notify_user_interfaces_dummy/_notify_user_interfaces_dummy_s.ep.rosidl_typesupport_fastrtps_c.c.o[0m
[23.363s] [ 90%] [32mBuilding C object CMakeFiles/notify_user_interfaces_dummy__rosidl_typesupport_introspection_c__pyext.dir/rosidl_generator_py/notify_user_interfaces_dummy/_notify_user_interfaces_dummy_s.ep.rosidl_typesupport_introspection_c.c.o[0m
[23.723s] [ 93%] [32m[1mLinking C shared library rosidl_generator_py/notify_user_interfaces_dummy/notify_user_interfaces_dummy_s__rosidl_typesupport_introspection_c.cpython-310-x86_64-linux-gnu.so[0m
[23.827s] [ 93%] Built target notify_user_interfaces_dummy__rosidl_typesupport_introspection_c__pyext
[23.842s] [ 95%] [32m[1mLinking C shared library rosidl_generator_py/notify_user_interfaces_dummy/notify_user_interfaces_dummy_s__rosidl_typesupport_fastrtps_c.cpython-310-x86_64-linux-gnu.so[0m
[23.901s] [ 97%] [32mBuilding C object CMakeFiles/notify_user_interfaces_dummy__rosidl_typesupport_c__pyext.dir/rosidl_generator_py/notify_user_interfaces_dummy/_notify_user_interfaces_dummy_s.ep.rosidl_typesupport_c.c.o[0m
[24.012s] [ 97%] Built target notify_user_interfaces_dummy__rosidl_typesupport_fastrtps_c__pyext
[24.234s] [100%] [32m[1mLinking C shared library rosidl_generator_py/notify_user_interfaces_dummy/notify_user_interfaces_dummy_s__rosidl_typesupport_c.cpython-310-x86_64-linux-gnu.so[0m
[24.335s] [100%] Built target notify_user_interfaces_dummy__rosidl_typesupport_c__pyext
[24.369s] Invoked command in '/home/ste/ws/hsp-iit/data-model/examples/UC3-museum-guide/high-level-models/build/notify_user_interfaces_dummy' returned '0': CMAKE_PREFIX_PATH=${CMAKE_PREFIX_PATH}:/opt/ros/iron PS1=\[\033[01;32m\]\u\[\033[00m\]:\[\033[01;34m\]\w\[\033[00m\]\[\e[91m\]$(parse_git_branch)\[\e[00m\]$ /usr/bin/cmake --build /home/ste/ws/hsp-iit/data-model/examples/UC3-museum-guide/high-level-models/build/notify_user_interfaces_dummy -- -j12 -l12
[24.372s] Invoking command in '/home/ste/ws/hsp-iit/data-model/examples/UC3-museum-guide/high-level-models/build/notify_user_interfaces_dummy': CMAKE_PREFIX_PATH=${CMAKE_PREFIX_PATH}:/opt/ros/iron PS1=\[\033[01;32m\]\u\[\033[00m\]:\[\033[01;34m\]\w\[\033[00m\]\[\e[91m\]$(parse_git_branch)\[\e[00m\]$ /usr/bin/cmake --install /home/ste/ws/hsp-iit/data-model/examples/UC3-museum-guide/high-level-models/build/notify_user_interfaces_dummy
[24.391s] -- Install configuration: ""
[24.392s] -- Installing: /home/ste/ws/hsp-iit/data-model/examples/UC3-museum-guide/high-level-models/install/notify_user_interfaces_dummy/share/ament_index/resource_index/rosidl_interfaces/notify_user_interfaces_dummy
[24.392s] -- Installing: /home/ste/ws/hsp-iit/data-model/examples/UC3-museum-guide/high-level-models/install/notify_user_interfaces_dummy/share/notify_user_interfaces_dummy/srv/StartAlarm.json
[24.392s] -- Installing: /home/ste/ws/hsp-iit/data-model/examples/UC3-museum-guide/high-level-models/install/notify_user_interfaces_dummy/share/notify_user_interfaces_dummy/srv/StopAlarm.json
[24.393s] -- Installing: /home/ste/ws/hsp-iit/data-model/examples/UC3-museum-guide/high-level-models/install/notify_user_interfaces_dummy/include/notify_user_interfaces_dummy/notify_user_interfaces_dummy
[24.393s] -- Installing: /home/ste/ws/hsp-iit/data-model/examples/UC3-museum-guide/high-level-models/install/notify_user_interfaces_dummy/include/notify_user_interfaces_dummy/notify_user_interfaces_dummy/srv
[24.394s] -- Installing: /home/ste/ws/hsp-iit/data-model/examples/UC3-museum-guide/high-level-models/install/notify_user_interfaces_dummy/include/notify_user_interfaces_dummy/notify_user_interfaces_dummy/srv/stop_alarm.h
[24.394s] -- Installing: /home/ste/ws/hsp-iit/data-model/examples/UC3-museum-guide/high-level-models/install/notify_user_interfaces_dummy/include/notify_user_interfaces_dummy/notify_user_interfaces_dummy/srv/detail
[24.394s] -- Installing: /home/ste/ws/hsp-iit/data-model/examples/UC3-museum-guide/high-level-models/install/notify_user_interfaces_dummy/include/notify_user_interfaces_dummy/notify_user_interfaces_dummy/srv/detail/start_alarm__type_support.c
[24.394s] -- Installing: /home/ste/ws/hsp-iit/data-model/examples/UC3-museum-guide/high-level-models/install/notify_user_interfaces_dummy/include/notify_user_interfaces_dummy/notify_user_interfaces_dummy/srv/detail/start_alarm__type_support.h
[24.394s] -- Installing: /home/ste/ws/hsp-iit/data-model/examples/UC3-museum-guide/high-level-models/install/notify_user_interfaces_dummy/include/notify_user_interfaces_dummy/notify_user_interfaces_dummy/srv/detail/start_alarm__description.c
[24.395s] -- Installing: /home/ste/ws/hsp-iit/data-model/examples/UC3-museum-guide/high-level-models/install/notify_user_interfaces_dummy/include/notify_user_interfaces_dummy/notify_user_interfaces_dummy/srv/detail/stop_alarm__type_support.c
[24.395s] -- Installing: /home/ste/ws/hsp-iit/data-model/examples/UC3-museum-guide/high-level-models/install/notify_user_interfaces_dummy/include/notify_user_interfaces_dummy/notify_user_interfaces_dummy/srv/detail/start_alarm__functions.c
[24.395s] -- Installing: /home/ste/ws/hsp-iit/data-model/examples/UC3-museum-guide/high-level-models/install/notify_user_interfaces_dummy/include/notify_user_interfaces_dummy/notify_user_interfaces_dummy/srv/detail/stop_alarm__functions.h
[24.395s] -- Installing: /home/ste/ws/hsp-iit/data-model/examples/UC3-museum-guide/high-level-models/install/notify_user_interfaces_dummy/include/notify_user_interfaces_dummy/notify_user_interfaces_dummy/srv/detail/stop_alarm__struct.h
[24.396s] -- Installing: /home/ste/ws/hsp-iit/data-model/examples/UC3-museum-guide/high-level-models/install/notify_user_interfaces_dummy/include/notify_user_interfaces_dummy/notify_user_interfaces_dummy/srv/detail/stop_alarm__functions.c
[24.396s] -- Installing: /home/ste/ws/hsp-iit/data-model/examples/UC3-museum-guide/high-level-models/install/notify_user_interfaces_dummy/include/notify_user_interfaces_dummy/notify_user_interfaces_dummy/srv/detail/start_alarm__functions.h
[24.396s] -- Installing: /home/ste/ws/hsp-iit/data-model/examples/UC3-museum-guide/high-level-models/install/notify_user_interfaces_dummy/include/notify_user_interfaces_dummy/notify_user_interfaces_dummy/srv/detail/start_alarm__struct.h
[24.396s] -- Installing: /home/ste/ws/hsp-iit/data-model/examples/UC3-museum-guide/high-level-models/install/notify_user_interfaces_dummy/include/notify_user_interfaces_dummy/notify_user_interfaces_dummy/srv/detail/stop_alarm__type_support.h
[24.396s] -- Installing: /home/ste/ws/hsp-iit/data-model/examples/UC3-museum-guide/high-level-models/install/notify_user_interfaces_dummy/include/notify_user_interfaces_dummy/notify_user_interfaces_dummy/srv/detail/stop_alarm__description.c
[24.397s] -- Installing: /home/ste/ws/hsp-iit/data-model/examples/UC3-museum-guide/high-level-models/install/notify_user_interfaces_dummy/include/notify_user_interfaces_dummy/notify_user_interfaces_dummy/srv/start_alarm.h
[24.397s] -- Installing: /home/ste/ws/hsp-iit/data-model/examples/UC3-museum-guide/high-level-models/install/notify_user_interfaces_dummy/include/notify_user_interfaces_dummy/notify_user_interfaces_dummy/msg
[24.397s] -- Installing: /home/ste/ws/hsp-iit/data-model/examples/UC3-museum-guide/high-level-models/install/notify_user_interfaces_dummy/include/notify_user_interfaces_dummy/notify_user_interfaces_dummy/msg/rosidl_generator_c__visibility_control.h
[24.398s] -- Installing: /home/ste/ws/hsp-iit/data-model/examples/UC3-museum-guide/high-level-models/install/notify_user_interfaces_dummy/share/notify_user_interfaces_dummy/environment/library_path.sh
[24.398s] -- Installing: /home/ste/ws/hsp-iit/data-model/examples/UC3-museum-guide/high-level-models/install/notify_user_interfaces_dummy/share/notify_user_interfaces_dummy/environment/library_path.dsv
[24.398s] -- Installing: /home/ste/ws/hsp-iit/data-model/examples/UC3-museum-guide/high-level-models/install/notify_user_interfaces_dummy/lib/libnotify_user_interfaces__rosidl_generator_c.so
[24.399s] -- Set runtime path of "/home/ste/ws/hsp-iit/data-model/examples/UC3-museum-guide/high-level-models/install/notify_user_interfaces_dummy/lib/libnotify_user_interfaces__rosidl_generator_c.so" to ""
[24.399s] -- Up-to-date: /home/ste/ws/hsp-iit/data-model/examples/UC3-museum-guide/high-level-models/install/notify_user_interfaces_dummy/include/notify_user_interfaces_dummy/notify_user_interfaces_dummy
[24.400s] -- Up-to-date: /home/ste/ws/hsp-iit/data-model/examples/UC3-museum-guide/high-level-models/install/notify_user_interfaces_dummy/include/notify_user_interfaces_dummy/notify_user_interfaces_dummy/srv
[24.400s] -- Up-to-date: /home/ste/ws/hsp-iit/data-model/examples/UC3-museum-guide/high-level-models/install/notify_user_interfaces_dummy/include/notify_user_interfaces_dummy/notify_user_interfaces_dummy/srv/detail
[24.400s] -- Installing: /home/ste/ws/hsp-iit/data-model/examples/UC3-museum-guide/high-level-models/install/notify_user_interfaces_dummy/include/notify_user_interfaces_dummy/notify_user_interfaces_dummy/srv/detail/start_alarm__rosidl_typesupport_fastrtps_c.h
[24.400s] -- Installing: /home/ste/ws/hsp-iit/data-model/examples/UC3-museum-guide/high-level-models/install/notify_user_interfaces_dummy/include/notify_user_interfaces_dummy/notify_user_interfaces_dummy/srv/detail/stop_alarm__rosidl_typesupport_fastrtps_c.h
[24.400s] -- Up-to-date: /home/ste/ws/hsp-iit/data-model/examples/UC3-museum-guide/high-level-models/install/notify_user_interfaces_dummy/include/notify_user_interfaces_dummy/notify_user_interfaces_dummy/msg
[24.400s] -- Installing: /home/ste/ws/hsp-iit/data-model/examples/UC3-museum-guide/high-level-models/install/notify_user_interfaces_dummy/include/notify_user_interfaces_dummy/notify_user_interfaces_dummy/msg/rosidl_typesupport_fastrtps_c__visibility_control.h
[24.400s] -- Installing: /home/ste/ws/hsp-iit/data-model/examples/UC3-museum-guide/high-level-models/install/notify_user_interfaces_dummy/lib/libnotify_user_interfaces__rosidl_typesupport_fastrtps_c.so
[24.409s] -- Set runtime path of "/home/ste/ws/hsp-iit/data-model/examples/UC3-museum-guide/high-level-models/install/notify_user_interfaces_dummy/lib/libnotify_user_interfaces__rosidl_typesupport_fastrtps_c.so" to ""
[24.409s] -- Up-to-date: /home/ste/ws/hsp-iit/data-model/examples/UC3-museum-guide/high-level-models/install/notify_user_interfaces_dummy/include/notify_user_interfaces_dummy/notify_user_interfaces_dummy
[24.409s] -- Up-to-date: /home/ste/ws/hsp-iit/data-model/examples/UC3-museum-guide/high-level-models/install/notify_user_interfaces_dummy/include/notify_user_interfaces_dummy/notify_user_interfaces_dummy/srv
[24.409s] -- Up-to-date: /home/ste/ws/hsp-iit/data-model/examples/UC3-museum-guide/high-level-models/install/notify_user_interfaces_dummy/include/notify_user_interfaces_dummy/notify_user_interfaces_dummy/srv/detail
[24.410s] -- Installing: /home/ste/ws/hsp-iit/data-model/examples/UC3-museum-guide/high-level-models/install/notify_user_interfaces_dummy/include/notify_user_interfaces_dummy/notify_user_interfaces_dummy/srv/detail/start_alarm__type_support.c
[24.410s] -- Installing: /home/ste/ws/hsp-iit/data-model/examples/UC3-museum-guide/high-level-models/install/notify_user_interfaces_dummy/include/notify_user_interfaces_dummy/notify_user_interfaces_dummy/srv/detail/stop_alarm__type_support.c
[24.410s] -- Installing: /home/ste/ws/hsp-iit/data-model/examples/UC3-museum-guide/high-level-models/install/notify_user_interfaces_dummy/include/notify_user_interfaces_dummy/notify_user_interfaces_dummy/srv/detail/start_alarm__rosidl_typesupport_introspection_c.h
[24.410s] -- Installing: /home/ste/ws/hsp-iit/data-model/examples/UC3-museum-guide/high-level-models/install/notify_user_interfaces_dummy/include/notify_user_interfaces_dummy/notify_user_interfaces_dummy/srv/detail/stop_alarm__rosidl_typesupport_introspection_c.h
[24.410s] -- Up-to-date: /home/ste/ws/hsp-iit/data-model/examples/UC3-museum-guide/high-level-models/install/notify_user_interfaces_dummy/include/notify_user_interfaces_dummy/notify_user_interfaces_dummy/msg
[24.410s] -- Installing: /home/ste/ws/hsp-iit/data-model/examples/UC3-museum-guide/high-level-models/install/notify_user_interfaces_dummy/include/notify_user_interfaces_dummy/notify_user_interfaces_dummy/msg/rosidl_typesupport_introspection_c__visibility_control.h
[24.411s] -- Installing: /home/ste/ws/hsp-iit/data-model/examples/UC3-museum-guide/high-level-models/install/notify_user_interfaces_dummy/lib/libnotify_user_interfaces__rosidl_typesupport_introspection_c.so
[24.411s] -- Set runtime path of "/home/ste/ws/hsp-iit/data-model/examples/UC3-museum-guide/high-level-models/install/notify_user_interfaces_dummy/lib/libnotify_user_interfaces__rosidl_typesupport_introspection_c.so" to ""
[24.411s] -- Installing: /home/ste/ws/hsp-iit/data-model/examples/UC3-museum-guide/high-level-models/install/notify_user_interfaces_dummy/lib/libnotify_user_interfaces__rosidl_typesupport_c.so
[24.411s] -- Set runtime path of "/home/ste/ws/hsp-iit/data-model/examples/UC3-museum-guide/high-level-models/install/notify_user_interfaces_dummy/lib/libnotify_user_interfaces__rosidl_typesupport_c.so" to ""
[24.411s] -- Up-to-date: /home/ste/ws/hsp-iit/data-model/examples/UC3-museum-guide/high-level-models/install/notify_user_interfaces_dummy/include/notify_user_interfaces_dummy/notify_user_interfaces_dummy
[24.411s] -- Up-to-date: /home/ste/ws/hsp-iit/data-model/examples/UC3-museum-guide/high-level-models/install/notify_user_interfaces_dummy/include/notify_user_interfaces_dummy/notify_user_interfaces_dummy/srv
[24.411s] -- Installing: /home/ste/ws/hsp-iit/data-model/examples/UC3-museum-guide/high-level-models/install/notify_user_interfaces_dummy/include/notify_user_interfaces_dummy/notify_user_interfaces_dummy/srv/stop_alarm.hpp
[24.412s] -- Installing: /home/ste/ws/hsp-iit/data-model/examples/UC3-museum-guide/high-level-models/install/notify_user_interfaces_dummy/include/notify_user_interfaces_dummy/notify_user_interfaces_dummy/srv/start_alarm.hpp
[24.412s] -- Up-to-date: /home/ste/ws/hsp-iit/data-model/examples/UC3-museum-guide/high-level-models/install/notify_user_interfaces_dummy/include/notify_user_interfaces_dummy/notify_user_interfaces_dummy/srv/detail
[24.412s] -- Installing: /home/ste/ws/hsp-iit/data-model/examples/UC3-museum-guide/high-level-models/install/notify_user_interfaces_dummy/include/notify_user_interfaces_dummy/notify_user_interfaces_dummy/srv/detail/stop_alarm__traits.hpp
[24.412s] -- Installing: /home/ste/ws/hsp-iit/data-model/examples/UC3-museum-guide/high-level-models/install/notify_user_interfaces_dummy/include/notify_user_interfaces_dummy/notify_user_interfaces_dummy/srv/detail/stop_alarm__builder.hpp
[24.415s] -- Installing: /home/ste/ws/hsp-iit/data-model/examples/UC3-museum-guide/high-level-models/install/notify_user_interfaces_dummy/include/notify_user_interfaces_dummy/notify_user_interfaces_dummy/srv/detail/start_alarm__struct.hpp
[24.416s] -- Installing: /home/ste/ws/hsp-iit/data-model/examples/UC3-museum-guide/high-level-models/install/notify_user_interfaces_dummy/include/notify_user_interfaces_dummy/notify_user_interfaces_dummy/srv/detail/start_alarm__builder.hpp
[24.416s] -- Installing: /home/ste/ws/hsp-iit/data-model/examples/UC3-museum-guide/high-level-models/install/notify_user_interfaces_dummy/include/notify_user_interfaces_dummy/notify_user_interfaces_dummy/srv/detail/stop_alarm__struct.hpp
[24.416s] -- Installing: /home/ste/ws/hsp-iit/data-model/examples/UC3-museum-guide/high-level-models/install/notify_user_interfaces_dummy/include/notify_user_interfaces_dummy/notify_user_interfaces_dummy/srv/detail/start_alarm__traits.hpp
[24.416s] -- Up-to-date: /home/ste/ws/hsp-iit/data-model/examples/UC3-museum-guide/high-level-models/install/notify_user_interfaces_dummy/include/notify_user_interfaces_dummy/notify_user_interfaces_dummy
[24.416s] -- Up-to-date: /home/ste/ws/hsp-iit/data-model/examples/UC3-museum-guide/high-level-models/install/notify_user_interfaces_dummy/include/notify_user_interfaces_dummy/notify_user_interfaces_dummy/srv
[24.417s] -- Up-to-date: /home/ste/ws/hsp-iit/data-model/examples/UC3-museum-guide/high-level-models/install/notify_user_interfaces_dummy/include/notify_user_interfaces_dummy/notify_user_interfaces_dummy/srv/detail
[24.417s] -- Installing: /home/ste/ws/hsp-iit/data-model/examples/UC3-museum-guide/high-level-models/install/notify_user_interfaces_dummy/include/notify_user_interfaces_dummy/notify_user_interfaces_dummy/srv/detail/dds_fastrtps
[24.417s] -- Installing: /home/ste/ws/hsp-iit/data-model/examples/UC3-museum-guide/high-level-models/install/notify_user_interfaces_dummy/include/notify_user_interfaces_dummy/notify_user_interfaces_dummy/srv/detail/stop_alarm__rosidl_typesupport_fastrtps_cpp.hpp
[24.417s] -- Installing: /home/ste/ws/hsp-iit/data-model/examples/UC3-museum-guide/high-level-models/install/notify_user_interfaces_dummy/include/notify_user_interfaces_dummy/notify_user_interfaces_dummy/srv/detail/start_alarm__rosidl_typesupport_fastrtps_cpp.hpp
[24.417s] -- Up-to-date: /home/ste/ws/hsp-iit/data-model/examples/UC3-museum-guide/high-level-models/install/notify_user_interfaces_dummy/include/notify_user_interfaces_dummy/notify_user_interfaces_dummy/msg
[24.417s] -- Installing: /home/ste/ws/hsp-iit/data-model/examples/UC3-museum-guide/high-level-models/install/notify_user_interfaces_dummy/include/notify_user_interfaces_dummy/notify_user_interfaces_dummy/msg/rosidl_typesupport_fastrtps_cpp__visibility_control.h
[24.418s] -- Installing: /home/ste/ws/hsp-iit/data-model/examples/UC3-museum-guide/high-level-models/install/notify_user_interfaces_dummy/lib/libnotify_user_interfaces__rosidl_typesupport_fastrtps_cpp.so
[24.418s] -- Set runtime path of "/home/ste/ws/hsp-iit/data-model/examples/UC3-museum-guide/high-level-models/install/notify_user_interfaces_dummy/lib/libnotify_user_interfaces__rosidl_typesupport_fastrtps_cpp.so" to ""
[24.418s] -- Up-to-date: /home/ste/ws/hsp-iit/data-model/examples/UC3-museum-guide/high-level-models/install/notify_user_interfaces_dummy/include/notify_user_interfaces_dummy/notify_user_interfaces_dummy
[24.418s] -- Up-to-date: /home/ste/ws/hsp-iit/data-model/examples/UC3-museum-guide/high-level-models/install/notify_user_interfaces_dummy/include/notify_user_interfaces_dummy/notify_user_interfaces_dummy/srv
[24.418s] -- Up-to-date: /home/ste/ws/hsp-iit/data-model/examples/UC3-museum-guide/high-level-models/install/notify_user_interfaces_dummy/include/notify_user_interfaces_dummy/notify_user_interfaces_dummy/srv/detail
[24.418s] -- Installing: /home/ste/ws/hsp-iit/data-model/examples/UC3-museum-guide/high-level-models/install/notify_user_interfaces_dummy/include/notify_user_interfaces_dummy/notify_user_interfaces_dummy/srv/detail/stop_alarm__type_support.cpp
[24.418s] -- Installing: /home/ste/ws/hsp-iit/data-model/examples/UC3-museum-guide/high-level-models/install/notify_user_interfaces_dummy/include/notify_user_interfaces_dummy/notify_user_interfaces_dummy/srv/detail/start_alarm__type_support.cpp
[24.419s] -- Installing: /home/ste/ws/hsp-iit/data-model/examples/UC3-museum-guide/high-level-models/install/notify_user_interfaces_dummy/include/notify_user_interfaces_dummy/notify_user_interfaces_dummy/srv/detail/start_alarm__rosidl_typesupport_introspection_cpp.hpp
[24.419s] -- Installing: /home/ste/ws/hsp-iit/data-model/examples/UC3-museum-guide/high-level-models/install/notify_user_interfaces_dummy/include/notify_user_interfaces_dummy/notify_user_interfaces_dummy/srv/detail/stop_alarm__rosidl_typesupport_introspection_cpp.hpp
[24.419s] -- Installing: /home/ste/ws/hsp-iit/data-model/examples/UC3-museum-guide/high-level-models/install/notify_user_interfaces_dummy/lib/libnotify_user_interfaces__rosidl_typesupport_introspection_cpp.so
[24.419s] -- Set runtime path of "/home/ste/ws/hsp-iit/data-model/examples/UC3-museum-guide/high-level-models/install/notify_user_interfaces_dummy/lib/libnotify_user_interfaces__rosidl_typesupport_introspection_cpp.so" to ""
[24.419s] -- Installing: /home/ste/ws/hsp-iit/data-model/examples/UC3-museum-guide/high-level-models/install/notify_user_interfaces_dummy/lib/libnotify_user_interfaces__rosidl_typesupport_cpp.so
[24.419s] -- Set runtime path of "/home/ste/ws/hsp-iit/data-model/examples/UC3-museum-guide/high-level-models/install/notify_user_interfaces_dummy/lib/libnotify_user_interfaces__rosidl_typesupport_cpp.so" to ""
[24.419s] -- Installing: /home/ste/ws/hsp-iit/data-model/examples/UC3-museum-guide/high-level-models/install/notify_user_interfaces_dummy/share/notify_user_interfaces_dummy/environment/pythonpath.sh
[24.420s] -- Installing: /home/ste/ws/hsp-iit/data-model/examples/UC3-museum-guide/high-level-models/install/notify_user_interfaces_dummy/share/notify_user_interfaces_dummy/environment/pythonpath.dsv
[24.420s] -- Installing: /home/ste/ws/hsp-iit/data-model/examples/UC3-museum-guide/high-level-models/install/notify_user_interfaces_dummy/lib/python3.10/site-packages/notify_user_interfaces_dummy-0.0.0-py3.10.egg-info
[24.420s] -- Installing: /home/ste/ws/hsp-iit/data-model/examples/UC3-museum-guide/high-level-models/install/notify_user_interfaces_dummy/lib/python3.10/site-packages/notify_user_interfaces_dummy-0.0.0-py3.10.egg-info/PKG-INFO
[24.420s] -- Installing: /home/ste/ws/hsp-iit/data-model/examples/UC3-museum-guide/high-level-models/install/notify_user_interfaces_dummy/lib/python3.10/site-packages/notify_user_interfaces_dummy-0.0.0-py3.10.egg-info/dependency_links.txt
[24.420s] -- Installing: /home/ste/ws/hsp-iit/data-model/examples/UC3-museum-guide/high-level-models/install/notify_user_interfaces_dummy/lib/python3.10/site-packages/notify_user_interfaces_dummy-0.0.0-py3.10.egg-info/top_level.txt
[24.420s] -- Installing: /home/ste/ws/hsp-iit/data-model/examples/UC3-museum-guide/high-level-models/install/notify_user_interfaces_dummy/lib/python3.10/site-packages/notify_user_interfaces_dummy-0.0.0-py3.10.egg-info/SOURCES.txt
[24.421s] -- Installing: /home/ste/ws/hsp-iit/data-model/examples/UC3-museum-guide/high-level-models/install/notify_user_interfaces_dummy/lib/python3.10/site-packages/notify_user_interfaces_dummy
[24.421s] -- Installing: /home/ste/ws/hsp-iit/data-model/examples/UC3-museum-guide/high-level-models/install/notify_user_interfaces_dummy/lib/python3.10/site-packages/notify_user_interfaces_dummy/libnotify_user_interfaces__rosidl_generator_py.so
[24.421s] -- Installing: /home/ste/ws/hsp-iit/data-model/examples/UC3-museum-guide/high-level-models/install/notify_user_interfaces_dummy/lib/python3.10/site-packages/notify_user_interfaces_dummy/_notify_user_interfaces_dummy_s.ep.rosidl_typesupport_introspection_c.c
[24.421s] -- Installing: /home/ste/ws/hsp-iit/data-model/examples/UC3-museum-guide/high-level-models/install/notify_user_interfaces_dummy/lib/python3.10/site-packages/notify_user_interfaces_dummy/_notify_user_interfaces_dummy_s.ep.rosidl_typesupport_c.c
[24.421s] -- Installing: /home/ste/ws/hsp-iit/data-model/examples/UC3-museum-guide/high-level-models/install/notify_user_interfaces_dummy/lib/python3.10/site-packages/notify_user_interfaces_dummy/__init__.py
[24.421s] -- Installing: /home/ste/ws/hsp-iit/data-model/examples/UC3-museum-guide/high-level-models/install/notify_user_interfaces_dummy/lib/python3.10/site-packages/notify_user_interfaces_dummy/_notify_user_interfaces_dummy_s.ep.rosidl_typesupport_fastrtps_c.c
[24.421s] -- Installing: /home/ste/ws/hsp-iit/data-model/examples/UC3-museum-guide/high-level-models/install/notify_user_interfaces_dummy/lib/python3.10/site-packages/notify_user_interfaces_dummy/srv
[24.422s] -- Installing: /home/ste/ws/hsp-iit/data-model/examples/UC3-museum-guide/high-level-models/install/notify_user_interfaces_dummy/lib/python3.10/site-packages/notify_user_interfaces_dummy/srv/_start_alarm_s.c
[24.422s] -- Installing: /home/ste/ws/hsp-iit/data-model/examples/UC3-museum-guide/high-level-models/install/notify_user_interfaces_dummy/lib/python3.10/site-packages/notify_user_interfaces_dummy/srv/_stop_alarm_s.c
[24.422s] -- Installing: /home/ste/ws/hsp-iit/data-model/examples/UC3-museum-guide/high-level-models/install/notify_user_interfaces_dummy/lib/python3.10/site-packages/notify_user_interfaces_dummy/srv/__init__.py
[24.422s] -- Installing: /home/ste/ws/hsp-iit/data-model/examples/UC3-museum-guide/high-level-models/install/notify_user_interfaces_dummy/lib/python3.10/site-packages/notify_user_interfaces_dummy/srv/_start_alarm.py
[24.422s] -- Installing: /home/ste/ws/hsp-iit/data-model/examples/UC3-museum-guide/high-level-models/install/notify_user_interfaces_dummy/lib/python3.10/site-packages/notify_user_interfaces_dummy/srv/_stop_alarm.py
[24.422s] -- Installing: /home/ste/ws/hsp-iit/data-model/examples/UC3-museum-guide/high-level-models/install/notify_user_interfaces_dummy/lib/python3.10/site-packages/notify_user_interfaces_dummy/notify_user_interfaces_dummy_s__rosidl_typesupport_introspection_c.cpython-310-x86_64-linux-gnu.so
[24.423s] -- Installing: /home/ste/ws/hsp-iit/data-model/examples/UC3-museum-guide/high-level-models/install/notify_user_interfaces_dummy/lib/python3.10/site-packages/notify_user_interfaces_dummy/notify_user_interfaces_dummy_s__rosidl_typesupport_c.cpython-310-x86_64-linux-gnu.so
[24.423s] -- Installing: /home/ste/ws/hsp-iit/data-model/examples/UC3-museum-guide/high-level-models/install/notify_user_interfaces_dummy/lib/python3.10/site-packages/notify_user_interfaces_dummy/notify_user_interfaces_dummy_s__rosidl_typesupport_fastrtps_c.cpython-310-x86_64-linux-gnu.so
[24.517s] Listing '/home/ste/ws/hsp-iit/data-model/examples/UC3-museum-guide/high-level-models/install/notify_user_interfaces_dummy/lib/python3.10/site-packages/notify_user_interfaces_dummy'...
[24.518s] Compiling '/home/ste/ws/hsp-iit/data-model/examples/UC3-museum-guide/high-level-models/install/notify_user_interfaces_dummy/lib/python3.10/site-packages/notify_user_interfaces_dummy/__init__.py'...
[24.518s] Listing '/home/ste/ws/hsp-iit/data-model/examples/UC3-museum-guide/high-level-models/install/notify_user_interfaces_dummy/lib/python3.10/site-packages/notify_user_interfaces_dummy/srv'...
[24.518s] Compiling '/home/ste/ws/hsp-iit/data-model/examples/UC3-museum-guide/high-level-models/install/notify_user_interfaces_dummy/lib/python3.10/site-packages/notify_user_interfaces_dummy/srv/__init__.py'...
[24.518s] Compiling '/home/ste/ws/hsp-iit/data-model/examples/UC3-museum-guide/high-level-models/install/notify_user_interfaces_dummy/lib/python3.10/site-packages/notify_user_interfaces_dummy/srv/_start_alarm.py'...
[24.518s] Compiling '/home/ste/ws/hsp-iit/data-model/examples/UC3-museum-guide/high-level-models/install/notify_user_interfaces_dummy/lib/python3.10/site-packages/notify_user_interfaces_dummy/srv/_stop_alarm.py'...
[24.529s] -- Installing: /home/ste/ws/hsp-iit/data-model/examples/UC3-museum-guide/high-level-models/install/notify_user_interfaces_dummy/lib/python3.10/site-packages/notify_user_interfaces_dummy/notify_user_interfaces_dummy_s__rosidl_typesupport_fastrtps_c.cpython-310-x86_64-linux-gnu.so
[24.532s] -- Set runtime path of "/home/ste/ws/hsp-iit/data-model/examples/UC3-museum-guide/high-level-models/install/notify_user_interfaces_dummy/lib/python3.10/site-packages/notify_user_interfaces_dummy/notify_user_interfaces_dummy_s__rosidl_typesupport_fastrtps_c.cpython-310-x86_64-linux-gnu.so" to ""
[24.532s] -- Installing: /home/ste/ws/hsp-iit/data-model/examples/UC3-museum-guide/high-level-models/install/notify_user_interfaces_dummy/lib/python3.10/site-packages/notify_user_interfaces_dummy/notify_user_interfaces_dummy_s__rosidl_typesupport_introspection_c.cpython-310-x86_64-linux-gnu.so
[24.532s] -- Set runtime path of "/home/ste/ws/hsp-iit/data-model/examples/UC3-museum-guide/high-level-models/install/notify_user_interfaces_dummy/lib/python3.10/site-packages/notify_user_interfaces_dummy/notify_user_interfaces_dummy_s__rosidl_typesupport_introspection_c.cpython-310-x86_64-linux-gnu.so" to ""
[24.532s] -- Installing: /home/ste/ws/hsp-iit/data-model/examples/UC3-museum-guide/high-level-models/install/notify_user_interfaces_dummy/lib/python3.10/site-packages/notify_user_interfaces_dummy/notify_user_interfaces_dummy_s__rosidl_typesupport_c.cpython-310-x86_64-linux-gnu.so
[24.533s] -- Set runtime path of "/home/ste/ws/hsp-iit/data-model/examples/UC3-museum-guide/high-level-models/install/notify_user_interfaces_dummy/lib/python3.10/site-packages/notify_user_interfaces_dummy/notify_user_interfaces_dummy_s__rosidl_typesupport_c.cpython-310-x86_64-linux-gnu.so" to ""
[24.533s] -- Installing: /home/ste/ws/hsp-iit/data-model/examples/UC3-museum-guide/high-level-models/install/notify_user_interfaces_dummy/lib/libnotify_user_interfaces__rosidl_generator_py.so
[24.536s] -- Set runtime path of "/home/ste/ws/hsp-iit/data-model/examples/UC3-museum-guide/high-level-models/install/notify_user_interfaces_dummy/lib/libnotify_user_interfaces__rosidl_generator_py.so" to ""
[24.538s] -- Installing: /home/ste/ws/hsp-iit/data-model/examples/UC3-museum-guide/high-level-models/install/notify_user_interfaces_dummy/share/notify_user_interfaces_dummy/srv/StartAlarm.idl
[24.538s] -- Installing: /home/ste/ws/hsp-iit/data-model/examples/UC3-museum-guide/high-level-models/install/notify_user_interfaces_dummy/share/notify_user_interfaces_dummy/srv/StopAlarm.idl
[24.539s] -- Installing: /home/ste/ws/hsp-iit/data-model/examples/UC3-museum-guide/high-level-models/install/notify_user_interfaces_dummy/share/notify_user_interfaces_dummy/srv/StartAlarm.srv
[24.540s] -- Installing: /home/ste/ws/hsp-iit/data-model/examples/UC3-museum-guide/high-level-models/install/notify_user_interfaces_dummy/share/notify_user_interfaces_dummy/srv/StartAlarm_Request.msg
[24.540s] -- Installing: /home/ste/ws/hsp-iit/data-model/examples/UC3-museum-guide/high-level-models/install/notify_user_interfaces_dummy/share/notify_user_interfaces_dummy/srv/StartAlarm_Response.msg
[24.541s] -- Installing: /home/ste/ws/hsp-iit/data-model/examples/UC3-museum-guide/high-level-models/install/notify_user_interfaces_dummy/share/notify_user_interfaces_dummy/srv/StopAlarm.srv
[24.542s] -- Installing: /home/ste/ws/hsp-iit/data-model/examples/UC3-museum-guide/high-level-models/install/notify_user_interfaces_dummy/share/notify_user_interfaces_dummy/srv/StopAlarm_Request.msg
[24.545s] -- Installing: /home/ste/ws/hsp-iit/data-model/examples/UC3-museum-guide/high-level-models/install/notify_user_interfaces_dummy/share/notify_user_interfaces_dummy/srv/StopAlarm_Response.msg
[24.548s] -- Installing: /home/ste/ws/hsp-iit/data-model/examples/UC3-museum-guide/high-level-models/install/notify_user_interfaces_dummy/share/ament_index/resource_index/package_run_dependencies/notify_user_interfaces_dummy
[24.550s] -- Installing: /home/ste/ws/hsp-iit/data-model/examples/UC3-museum-guide/high-level-models/install/notify_user_interfaces_dummy/share/ament_index/resource_index/parent_prefix_path/notify_user_interfaces_dummy
[24.551s] -- Installing: /home/ste/ws/hsp-iit/data-model/examples/UC3-museum-guide/high-level-models/install/notify_user_interfaces_dummy/share/notify_user_interfaces_dummy/environment/ament_prefix_path.sh
[24.551s] -- Installing: /home/ste/ws/hsp-iit/data-model/examples/UC3-museum-guide/high-level-models/install/notify_user_interfaces_dummy/share/notify_user_interfaces_dummy/environment/ament_prefix_path.dsv
[24.552s] -- Installing: /home/ste/ws/hsp-iit/data-model/examples/UC3-museum-guide/high-level-models/install/notify_user_interfaces_dummy/share/notify_user_interfaces_dummy/environment/path.sh
[24.553s] -- Installing: /home/ste/ws/hsp-iit/data-model/examples/UC3-museum-guide/high-level-models/install/notify_user_interfaces_dummy/share/notify_user_interfaces_dummy/environment/path.dsv
[24.553s] -- Installing: /home/ste/ws/hsp-iit/data-model/examples/UC3-museum-guide/high-level-models/install/notify_user_interfaces_dummy/share/notify_user_interfaces_dummy/local_setup.bash
[24.554s] -- Installing: /home/ste/ws/hsp-iit/data-model/examples/UC3-museum-guide/high-level-models/install/notify_user_interfaces_dummy/share/notify_user_interfaces_dummy/local_setup.sh
[24.556s] -- Installing: /home/ste/ws/hsp-iit/data-model/examples/UC3-museum-guide/high-level-models/install/notify_user_interfaces_dummy/share/notify_user_interfaces_dummy/local_setup.zsh
[24.557s] -- Installing: /home/ste/ws/hsp-iit/data-model/examples/UC3-museum-guide/high-level-models/install/notify_user_interfaces_dummy/share/notify_user_interfaces_dummy/local_setup.dsv
[24.558s] -- Installing: /home/ste/ws/hsp-iit/data-model/examples/UC3-museum-guide/high-level-models/install/notify_user_interfaces_dummy/share/notify_user_interfaces_dummy/package.dsv
[24.558s] -- Installing: /home/ste/ws/hsp-iit/data-model/examples/UC3-museum-guide/high-level-models/install/notify_user_interfaces_dummy/share/ament_index/resource_index/packages/notify_user_interfaces_dummy
[24.559s] -- Installing: /home/ste/ws/hsp-iit/data-model/examples/UC3-museum-guide/high-level-models/install/notify_user_interfaces_dummy/share/notify_user_interfaces_dummy/cmake/export_notify_user_interfaces__rosidl_generator_cExport.cmake
[24.559s] -- Installing: /home/ste/ws/hsp-iit/data-model/examples/UC3-museum-guide/high-level-models/install/notify_user_interfaces_dummy/share/notify_user_interfaces_dummy/cmake/export_notify_user_interfaces__rosidl_generator_cExport-noconfig.cmake
[24.559s] -- Installing: /home/ste/ws/hsp-iit/data-model/examples/UC3-museum-guide/high-level-models/install/notify_user_interfaces_dummy/share/notify_user_interfaces_dummy/cmake/export_notify_user_interfaces__rosidl_typesupport_fastrtps_cExport.cmake
[24.559s] -- Installing: /home/ste/ws/hsp-iit/data-model/examples/UC3-museum-guide/high-level-models/install/notify_user_interfaces_dummy/share/notify_user_interfaces_dummy/cmake/export_notify_user_interfaces__rosidl_typesupport_fastrtps_cExport-noconfig.cmake
[24.560s] -- Installing: /home/ste/ws/hsp-iit/data-model/examples/UC3-museum-guide/high-level-models/install/notify_user_interfaces_dummy/share/notify_user_interfaces_dummy/cmake/notify_user_interfaces__rosidl_typesupport_introspection_cExport.cmake
[24.560s] -- Installing: /home/ste/ws/hsp-iit/data-model/examples/UC3-museum-guide/high-level-models/install/notify_user_interfaces_dummy/share/notify_user_interfaces_dummy/cmake/notify_user_interfaces__rosidl_typesupport_introspection_cExport-noconfig.cmake
[24.560s] -- Installing: /home/ste/ws/hsp-iit/data-model/examples/UC3-museum-guide/high-level-models/install/notify_user_interfaces_dummy/share/notify_user_interfaces_dummy/cmake/notify_user_interfaces__rosidl_typesupport_cExport.cmake
[24.561s] -- Installing: /home/ste/ws/hsp-iit/data-model/examples/UC3-museum-guide/high-level-models/install/notify_user_interfaces_dummy/share/notify_user_interfaces_dummy/cmake/notify_user_interfaces__rosidl_typesupport_cExport-noconfig.cmake
[24.561s] -- Installing: /home/ste/ws/hsp-iit/data-model/examples/UC3-museum-guide/high-level-models/install/notify_user_interfaces_dummy/share/notify_user_interfaces_dummy/cmake/export_notify_user_interfaces__rosidl_generator_cppExport.cmake
[24.562s] -- Installing: /home/ste/ws/hsp-iit/data-model/examples/UC3-museum-guide/high-level-models/install/notify_user_interfaces_dummy/share/notify_user_interfaces_dummy/cmake/export_notify_user_interfaces__rosidl_typesupport_fastrtps_cppExport.cmake
[24.563s] -- Installing: /home/ste/ws/hsp-iit/data-model/examples/UC3-museum-guide/high-level-models/install/notify_user_interfaces_dummy/share/notify_user_interfaces_dummy/cmake/export_notify_user_interfaces__rosidl_typesupport_fastrtps_cppExport-noconfig.cmake
[24.563s] -- Installing: /home/ste/ws/hsp-iit/data-model/examples/UC3-museum-guide/high-level-models/install/notify_user_interfaces_dummy/share/notify_user_interfaces_dummy/cmake/notify_user_interfaces__rosidl_typesupport_introspection_cppExport.cmake
[24.563s] -- Installing: /home/ste/ws/hsp-iit/data-model/examples/UC3-museum-guide/high-level-models/install/notify_user_interfaces_dummy/share/notify_user_interfaces_dummy/cmake/notify_user_interfaces__rosidl_typesupport_introspection_cppExport-noconfig.cmake
[24.564s] -- Installing: /home/ste/ws/hsp-iit/data-model/examples/UC3-museum-guide/high-level-models/install/notify_user_interfaces_dummy/share/notify_user_interfaces_dummy/cmake/notify_user_interfaces__rosidl_typesupport_cppExport.cmake
[24.565s] -- Installing: /home/ste/ws/hsp-iit/data-model/examples/UC3-museum-guide/high-level-models/install/notify_user_interfaces_dummy/share/notify_user_interfaces_dummy/cmake/notify_user_interfaces__rosidl_typesupport_cppExport-noconfig.cmake
[24.565s] -- Installing: /home/ste/ws/hsp-iit/data-model/examples/UC3-museum-guide/high-level-models/install/notify_user_interfaces_dummy/share/notify_user_interfaces_dummy/cmake/export_notify_user_interfaces__rosidl_generator_pyExport.cmake
[24.566s] -- Installing: /home/ste/ws/hsp-iit/data-model/examples/UC3-museum-guide/high-level-models/install/notify_user_interfaces_dummy/share/notify_user_interfaces_dummy/cmake/export_notify_user_interfaces__rosidl_generator_pyExport-noconfig.cmake
[24.566s] -- Installing: /home/ste/ws/hsp-iit/data-model/examples/UC3-museum-guide/high-level-models/install/notify_user_interfaces_dummy/share/notify_user_interfaces_dummy/cmake/rosidl_cmake-extras.cmake
[24.566s] -- Installing: /home/ste/ws/hsp-iit/data-model/examples/UC3-museum-guide/high-level-models/install/notify_user_interfaces_dummy/share/notify_user_interfaces_dummy/cmake/ament_cmake_export_dependencies-extras.cmake
[24.568s] -- Installing: /home/ste/ws/hsp-iit/data-model/examples/UC3-museum-guide/high-level-models/install/notify_user_interfaces_dummy/share/notify_user_interfaces_dummy/cmake/ament_cmake_export_include_directories-extras.cmake
[24.569s] -- Installing: /home/ste/ws/hsp-iit/data-model/examples/UC3-museum-guide/high-level-models/install/notify_user_interfaces_dummy/share/notify_user_interfaces_dummy/cmake/ament_cmake_export_libraries-extras.cmake
[24.569s] -- Installing: /home/ste/ws/hsp-iit/data-model/examples/UC3-museum-guide/high-level-models/install/notify_user_interfaces_dummy/share/notify_user_interfaces_dummy/cmake/ament_cmake_export_targets-extras.cmake
[24.569s] -- Installing: /home/ste/ws/hsp-iit/data-model/examples/UC3-museum-guide/high-level-models/install/notify_user_interfaces_dummy/share/notify_user_interfaces_dummy/cmake/rosidl_cmake_export_typesupport_targets-extras.cmake
[24.569s] -- Installing: /home/ste/ws/hsp-iit/data-model/examples/UC3-museum-guide/high-level-models/install/notify_user_interfaces_dummy/share/notify_user_interfaces_dummy/cmake/rosidl_cmake_export_typesupport_libraries-extras.cmake
[24.569s] -- Installing: /home/ste/ws/hsp-iit/data-model/examples/UC3-museum-guide/high-level-models/install/notify_user_interfaces_dummy/share/notify_user_interfaces_dummy/cmake/notify_user_interfaces_dummyConfig.cmake
[24.569s] -- Installing: /home/ste/ws/hsp-iit/data-model/examples/UC3-museum-guide/high-level-models/install/notify_user_interfaces_dummy/share/notify_user_interfaces_dummy/cmake/notify_user_interfaces_dummyConfig-version.cmake
[24.581s] -- Installing: /home/ste/ws/hsp-iit/data-model/examples/UC3-museum-guide/high-level-models/install/notify_user_interfaces_dummy/share/notify_user_interfaces_dummy/package.xml
[24.583s] Invoked command in '/home/ste/ws/hsp-iit/data-model/examples/UC3-museum-guide/high-level-models/build/notify_user_interfaces_dummy' returned '0': CMAKE_PREFIX_PATH=${CMAKE_PREFIX_PATH}:/opt/ros/iron PS1=\[\033[01;32m\]\u\[\033[00m\]:\[\033[01;34m\]\w\[\033[00m\]\[\e[91m\]$(parse_git_branch)\[\e[00m\]$ /usr/bin/cmake --install /home/ste/ws/hsp-iit/data-model/examples/UC3-museum-guide/high-level-models/build/notify_user_interfaces_dummy
