running develop
Removing /convince_ws/install/tutorial_sim/lib/python3.12/site-packages/tutorial-sim.egg-link (link to .)
running egg_info
writing ../../build/tutorial_sim/tutorial_sim.egg-info/PKG-INFO
writing dependency_links to ../../build/tutorial_sim/tutorial_sim.egg-info/dependency_links.txt
writing entry points to ../../build/tutorial_sim/tutorial_sim.egg-info/entry_points.txt
writing requirements to ../../build/tutorial_sim/tutorial_sim.egg-info/requires.txt
writing top-level names to ../../build/tutorial_sim/tutorial_sim.egg-info/top_level.txt
reading manifest file '../../build/tutorial_sim/tutorial_sim.egg-info/SOURCES.txt'
writing manifest file '../../build/tutorial_sim/tutorial_sim.egg-info/SOURCES.txt'
running build
running build_py
creating /convince_ws/build/tutorial_sim/build
creating /convince_ws/build/tutorial_sim/build/lib
creating /convince_ws/build/tutorial_sim/build/lib/tutorial_sim
copying tutorial_sim/run.py -> /convince_ws/build/tutorial_sim/build/lib/tutorial_sim
copying tutorial_sim/__init__.py -> /convince_ws/build/tutorial_sim/build/lib/tutorial_sim
copying tutorial_sim/translate_component.py -> /convince_ws/build/tutorial_sim/build/lib/tutorial_sim
running install
running install_lib
creating /convince_ws/install/tutorial_sim/lib/python3.12/site-packages/tutorial_sim
copying /convince_ws/build/tutorial_sim/build/lib/tutorial_sim/run.py -> /convince_ws/install/tutorial_sim/lib/python3.12/site-packages/tutorial_sim
copying /convince_ws/build/tutorial_sim/build/lib/tutorial_sim/__init__.py -> /convince_ws/install/tutorial_sim/lib/python3.12/site-packages/tutorial_sim
copying /convince_ws/build/tutorial_sim/build/lib/tutorial_sim/translate_component.py -> /convince_ws/install/tutorial_sim/lib/python3.12/site-packages/tutorial_sim
byte-compiling /convince_ws/install/tutorial_sim/lib/python3.12/site-packages/tutorial_sim/run.py to run.cpython-312.pyc
byte-compiling /convince_ws/install/tutorial_sim/lib/python3.12/site-packages/tutorial_sim/__init__.py to __init__.cpython-312.pyc
byte-compiling /convince_ws/install/tutorial_sim/lib/python3.12/site-packages/tutorial_sim/translate_component.py to translate_component.cpython-312.pyc
running install_data
copying resource/tutorial_sim -> /convince_ws/install/tutorial_sim/share/ament_index/resource_index/packages
copying package.xml -> /convince_ws/install/tutorial_sim/share/tutorial_sim
copying worlds/object_data.yaml -> /convince_ws/install/tutorial_sim/share/tutorial_sim/worlds
copying worlds/world.yaml -> /convince_ws/install/tutorial_sim/share/tutorial_sim/worlds
copying worlds/location_data.yaml -> /convince_ws/install/tutorial_sim/share/tutorial_sim/worlds
running install_egg_info
Copying ../../build/tutorial_sim/tutorial_sim.egg-info to /convince_ws/install/tutorial_sim/lib/python3.12/site-packages/tutorial_sim-1.0.0-py3.12.egg-info
running install_scripts
Installing run script to /convince_ws/install/tutorial_sim/lib/tutorial_sim
Installing translate_component script to /convince_ws/install/tutorial_sim/lib/tutorial_sim
writing list of installed files to '/convince_ws/build/tutorial_sim/install.log'
