[0.361s] Invoking command in '/convince_ws/build/tutorial_sim': PYTHONPATH=/convince_ws/build/tutorial_sim/prefix_override:/usr/lib/python3/dist-packages/colcon_core/task/python/colcon_distutils_commands:/convince_ws/install/tutorial_sim/lib/python3.12/site-packages:/convince_ws/install/pyrobosim_ros/lib/python3.12/site-packages:/convince_ws/install/pyrobosim_msgs/lib/python3.12/site-packages:/convince_ws/build/tutorial_sim:/convince_ws/install/tutorial_sim/lib/python3.12/site-packages:/convince_ws/build/pyrobosim:/convince_ws/install/pyrobosim/lib/python3.12/site-packages:/convince_ws/install/btcpp_ros2_interfaces/lib/python3.12/site-packages:/opt/ros/jazzy/lib/python3.12/site-packages /usr/bin/python3 -W ignore:setup.py install is deprecated -W ignore:easy_install command is deprecated setup.py develop --uninstall --editable --build-directory /convince_ws/build/tutorial_sim/build
[0.490s] running develop
[0.550s] Removing /convince_ws/install/tutorial_sim/lib/python3.12/site-packages/tutorial-sim.egg-link (link to .)
[0.566s] Invoked command in '/convince_ws/build/tutorial_sim' returned '0': PYTHONPATH=/convince_ws/build/tutorial_sim/prefix_override:/usr/lib/python3/dist-packages/colcon_core/task/python/colcon_distutils_commands:/convince_ws/install/tutorial_sim/lib/python3.12/site-packages:/convince_ws/install/pyrobosim_ros/lib/python3.12/site-packages:/convince_ws/install/pyrobosim_msgs/lib/python3.12/site-packages:/convince_ws/build/tutorial_sim:/convince_ws/install/tutorial_sim/lib/python3.12/site-packages:/convince_ws/build/pyrobosim:/convince_ws/install/pyrobosim/lib/python3.12/site-packages:/convince_ws/install/btcpp_ros2_interfaces/lib/python3.12/site-packages:/opt/ros/jazzy/lib/python3.12/site-packages /usr/bin/python3 -W ignore:setup.py install is deprecated -W ignore:easy_install command is deprecated setup.py develop --uninstall --editable --build-directory /convince_ws/build/tutorial_sim/build
[0.566s] Invoking command in '/convince_ws/src/tutorial_sim': PYTHONPATH=/convince_ws/build/tutorial_sim/prefix_override:/usr/lib/python3/dist-packages/colcon_core/task/python/colcon_distutils_commands:/convince_ws/install/tutorial_sim/lib/python3.12/site-packages:/convince_ws/install/pyrobosim_ros/lib/python3.12/site-packages:/convince_ws/install/pyrobosim_msgs/lib/python3.12/site-packages:/convince_ws/build/tutorial_sim:/convince_ws/install/tutorial_sim/lib/python3.12/site-packages:/convince_ws/build/pyrobosim:/convince_ws/install/pyrobosim/lib/python3.12/site-packages:/convince_ws/install/btcpp_ros2_interfaces/lib/python3.12/site-packages:/opt/ros/jazzy/lib/python3.12/site-packages /usr/bin/python3 -W ignore:setup.py install is deprecated -W ignore:easy_install command is deprecated setup.py egg_info --egg-base ../../build/tutorial_sim build --build-base /convince_ws/build/tutorial_sim/build install --record /convince_ws/build/tutorial_sim/install.log --single-version-externally-managed install_data --force
[0.674s] running egg_info
[0.680s] writing ../../build/tutorial_sim/tutorial_sim.egg-info/PKG-INFO
[0.680s] writing dependency_links to ../../build/tutorial_sim/tutorial_sim.egg-info/dependency_links.txt
[0.680s] writing entry points to ../../build/tutorial_sim/tutorial_sim.egg-info/entry_points.txt
[0.680s] writing requirements to ../../build/tutorial_sim/tutorial_sim.egg-info/requires.txt
[0.680s] writing top-level names to ../../build/tutorial_sim/tutorial_sim.egg-info/top_level.txt
[0.693s] reading manifest file '../../build/tutorial_sim/tutorial_sim.egg-info/SOURCES.txt'
[0.693s] writing manifest file '../../build/tutorial_sim/tutorial_sim.egg-info/SOURCES.txt'
[0.693s] running build
[0.693s] running build_py
[0.693s] creating /convince_ws/build/tutorial_sim/build
[0.693s] creating /convince_ws/build/tutorial_sim/build/lib
[0.693s] creating /convince_ws/build/tutorial_sim/build/lib/tutorial_sim
[0.693s] copying tutorial_sim/run.py -> /convince_ws/build/tutorial_sim/build/lib/tutorial_sim
[0.693s] copying tutorial_sim/__init__.py -> /convince_ws/build/tutorial_sim/build/lib/tutorial_sim
[0.694s] copying tutorial_sim/translate_component.py -> /convince_ws/build/tutorial_sim/build/lib/tutorial_sim
[0.694s] running install
[0.697s] running install_lib
[0.703s] creating /convince_ws/install/tutorial_sim/lib/python3.12/site-packages/tutorial_sim
[0.703s] copying /convince_ws/build/tutorial_sim/build/lib/tutorial_sim/run.py -> /convince_ws/install/tutorial_sim/lib/python3.12/site-packages/tutorial_sim
[0.703s] copying /convince_ws/build/tutorial_sim/build/lib/tutorial_sim/__init__.py -> /convince_ws/install/tutorial_sim/lib/python3.12/site-packages/tutorial_sim
[0.703s] copying /convince_ws/build/tutorial_sim/build/lib/tutorial_sim/translate_component.py -> /convince_ws/install/tutorial_sim/lib/python3.12/site-packages/tutorial_sim
[0.703s] byte-compiling /convince_ws/install/tutorial_sim/lib/python3.12/site-packages/tutorial_sim/run.py to run.cpython-312.pyc
[0.703s] byte-compiling /convince_ws/install/tutorial_sim/lib/python3.12/site-packages/tutorial_sim/__init__.py to __init__.cpython-312.pyc
[0.703s] byte-compiling /convince_ws/install/tutorial_sim/lib/python3.12/site-packages/tutorial_sim/translate_component.py to translate_component.cpython-312.pyc
[0.704s] running install_data
[0.705s] copying resource/tutorial_sim -> /convince_ws/install/tutorial_sim/share/ament_index/resource_index/packages
[0.705s] copying package.xml -> /convince_ws/install/tutorial_sim/share/tutorial_sim
[0.705s] copying worlds/object_data.yaml -> /convince_ws/install/tutorial_sim/share/tutorial_sim/worlds
[0.705s] copying worlds/world.yaml -> /convince_ws/install/tutorial_sim/share/tutorial_sim/worlds
[0.705s] copying worlds/location_data.yaml -> /convince_ws/install/tutorial_sim/share/tutorial_sim/worlds
[0.705s] running install_egg_info
[0.711s] Copying ../../build/tutorial_sim/tutorial_sim.egg-info to /convince_ws/install/tutorial_sim/lib/python3.12/site-packages/tutorial_sim-1.0.0-py3.12.egg-info
[0.711s] running install_scripts
[0.757s] Installing run script to /convince_ws/install/tutorial_sim/lib/tutorial_sim
[0.757s] Installing translate_component script to /convince_ws/install/tutorial_sim/lib/tutorial_sim
[0.757s] writing list of installed files to '/convince_ws/build/tutorial_sim/install.log'
[0.775s] Invoked command in '/convince_ws/src/tutorial_sim' returned '0': PYTHONPATH=/convince_ws/build/tutorial_sim/prefix_override:/usr/lib/python3/dist-packages/colcon_core/task/python/colcon_distutils_commands:/convince_ws/install/tutorial_sim/lib/python3.12/site-packages:/convince_ws/install/pyrobosim_ros/lib/python3.12/site-packages:/convince_ws/install/pyrobosim_msgs/lib/python3.12/site-packages:/convince_ws/build/tutorial_sim:/convince_ws/install/tutorial_sim/lib/python3.12/site-packages:/convince_ws/build/pyrobosim:/convince_ws/install/pyrobosim/lib/python3.12/site-packages:/convince_ws/install/btcpp_ros2_interfaces/lib/python3.12/site-packages:/opt/ros/jazzy/lib/python3.12/site-packages /usr/bin/python3 -W ignore:setup.py install is deprecated -W ignore:easy_install command is deprecated setup.py egg_info --egg-base ../../build/tutorial_sim build --build-base /convince_ws/build/tutorial_sim/build install --record /convince_ws/build/tutorial_sim/install.log --single-version-externally-managed install_data --force
