[0.008s] Invoking command in '/convince_ws/build/behaviortree_ros2': CMAKE_PREFIX_PATH=/convince_ws/install/btcpp_ros2_interfaces:/convince_ws/install/pyrobosim_ros:/convince_ws/install/pyrobosim_msgs:/convince_ws/install/btcpp_ros2_samples:/convince_ws/install/behaviortree_ros2:/convince_ws/install/behaviortree_cpp_v3:/convince_ws/install/tutorial_sim:/opt/ros/jazzy LD_LIBRARY_PATH=/convince_ws/install/btcpp_ros2_interfaces/lib:/convince_ws/install/pyrobosim_msgs/lib:/convince_ws/install/behaviortree_ros2/lib:/convince_ws/install/behaviortree_cpp_v3/lib:/opt/ros/jazzy/opt/zmqpp_vendor/lib:/opt/ros/jazzy/lib/x86_64-linux-gnu:/opt/ros/jazzy/lib PYTHONPATH=/convince_ws/install/btcpp_ros2_interfaces/lib/python3.12/site-packages:/convince_ws/build/tutorial_sim:/convince_ws/install/tutorial_sim/lib/python3.12/site-packages:/convince_ws/install/pyrobosim_ros/lib/python3.12/site-packages:/convince_ws/install/pyrobosim_msgs/lib/python3.12/site-packages:/convince_ws/build/pyrobosim:/convince_ws/install/pyrobosim/lib/python3.12/site-packages:/opt/ros/jazzy/lib/python3.12/site-packages /usr/bin/cmake /convince_ws/src/behaviortree_ros2/behaviortree_ros2 -DCMAKE_INSTALL_PREFIX=/convince_ws/install/behaviortree_ros2
[0.016s] -- Found ament_cmake: 2.5.5 (/opt/ros/jazzy/share/ament_cmake/cmake)
[0.163s] -- Override CMake install command with custom implementation using symlinks instead of copying resources
[0.170s] -- Found rclcpp: 28.1.16 (/opt/ros/jazzy/share/rclcpp/cmake)
[0.192s] -- Found rosidl_generator_c: 4.6.7 (/opt/ros/jazzy/share/rosidl_generator_c/cmake)
[0.197s] -- Found rosidl_generator_cpp: 4.6.7 (/opt/ros/jazzy/share/rosidl_generator_cpp/cmake)
[0.203s] -- Using all available rosidl_typesupport_c: rosidl_typesupport_fastrtps_c;rosidl_typesupport_introspection_c
[0.211s] -- Using all available rosidl_typesupport_cpp: rosidl_typesupport_fastrtps_cpp;rosidl_typesupport_introspection_cpp
[0.249s] -- Found rmw_implementation_cmake: 7.3.3 (/opt/ros/jazzy/share/rmw_implementation_cmake/cmake)
[0.250s] -- Found rmw_fastrtps_cpp: 8.4.3 (/opt/ros/jazzy/share/rmw_fastrtps_cpp/cmake)
[0.294s] -- Using RMW implementation 'rmw_fastrtps_cpp' as default
[0.333s] -- Found rclcpp_action: 28.1.16 (/opt/ros/jazzy/share/rclcpp_action/cmake)
[0.356s] -- Found behaviortree_cpp: 4.8.3 (/opt/ros/jazzy/share/behaviortree_cpp/cmake)
[0.357s] -- Found btcpp_ros2_interfaces: 0.3.0 (/convince_ws/install/btcpp_ros2_interfaces/share/btcpp_ros2_interfaces/cmake)
[0.369s] -- Found generate_parameter_library: 0.6.0 (/opt/ros/jazzy/share/generate_parameter_library/cmake)
[0.370s] -- Found parameter_traits: 0.6.0 (/opt/ros/jazzy/share/parameter_traits/cmake)
[0.374s] -- Found rclcpp_lifecycle: 28.1.16 (/opt/ros/jazzy/share/rclcpp_lifecycle/cmake)
[0.450s] -- Configuring done (0.4s)
[0.457s] -- Generating done (0.0s)
[0.459s] -- Build files have been written to: /convince_ws/build/behaviortree_ros2
[0.462s] Invoked command in '/convince_ws/build/behaviortree_ros2' returned '0': CMAKE_PREFIX_PATH=/convince_ws/install/btcpp_ros2_interfaces:/convince_ws/install/pyrobosim_ros:/convince_ws/install/pyrobosim_msgs:/convince_ws/install/btcpp_ros2_samples:/convince_ws/install/behaviortree_ros2:/convince_ws/install/behaviortree_cpp_v3:/convince_ws/install/tutorial_sim:/opt/ros/jazzy LD_LIBRARY_PATH=/convince_ws/install/btcpp_ros2_interfaces/lib:/convince_ws/install/pyrobosim_msgs/lib:/convince_ws/install/behaviortree_ros2/lib:/convince_ws/install/behaviortree_cpp_v3/lib:/opt/ros/jazzy/opt/zmqpp_vendor/lib:/opt/ros/jazzy/lib/x86_64-linux-gnu:/opt/ros/jazzy/lib PYTHONPATH=/convince_ws/install/btcpp_ros2_interfaces/lib/python3.12/site-packages:/convince_ws/build/tutorial_sim:/convince_ws/install/tutorial_sim/lib/python3.12/site-packages:/convince_ws/install/pyrobosim_ros/lib/python3.12/site-packages:/convince_ws/install/pyrobosim_msgs/lib/python3.12/site-packages:/convince_ws/build/pyrobosim:/convince_ws/install/pyrobosim/lib/python3.12/site-packages:/opt/ros/jazzy/lib/python3.12/site-packages /usr/bin/cmake /convince_ws/src/behaviortree_ros2/behaviortree_ros2 -DCMAKE_INSTALL_PREFIX=/convince_ws/install/behaviortree_ros2
[0.463s] Invoking command in '/convince_ws/build/behaviortree_ros2': CMAKE_PREFIX_PATH=/convince_ws/install/btcpp_ros2_interfaces:/convince_ws/install/pyrobosim_ros:/convince_ws/install/pyrobosim_msgs:/convince_ws/install/btcpp_ros2_samples:/convince_ws/install/behaviortree_ros2:/convince_ws/install/behaviortree_cpp_v3:/convince_ws/install/tutorial_sim:/opt/ros/jazzy LD_LIBRARY_PATH=/convince_ws/install/btcpp_ros2_interfaces/lib:/convince_ws/install/pyrobosim_msgs/lib:/convince_ws/install/behaviortree_ros2/lib:/convince_ws/install/behaviortree_cpp_v3/lib:/opt/ros/jazzy/opt/zmqpp_vendor/lib:/opt/ros/jazzy/lib/x86_64-linux-gnu:/opt/ros/jazzy/lib PYTHONPATH=/convince_ws/install/btcpp_ros2_interfaces/lib/python3.12/site-packages:/convince_ws/build/tutorial_sim:/convince_ws/install/tutorial_sim/lib/python3.12/site-packages:/convince_ws/install/pyrobosim_ros/lib/python3.12/site-packages:/convince_ws/install/pyrobosim_msgs/lib/python3.12/site-packages:/convince_ws/build/pyrobosim:/convince_ws/install/pyrobosim/lib/python3.12/site-packages:/opt/ros/jazzy/lib/python3.12/site-packages /usr/bin/cmake --build /convince_ws/build/behaviortree_ros2 -- -j20 -l20
[0.501s] [ 28%] Built target bt_executor_parameters
[0.539s] [100%] Built target behaviortree_ros2
[0.546s] Invoked command in '/convince_ws/build/behaviortree_ros2' returned '0': CMAKE_PREFIX_PATH=/convince_ws/install/btcpp_ros2_interfaces:/convince_ws/install/pyrobosim_ros:/convince_ws/install/pyrobosim_msgs:/convince_ws/install/btcpp_ros2_samples:/convince_ws/install/behaviortree_ros2:/convince_ws/install/behaviortree_cpp_v3:/convince_ws/install/tutorial_sim:/opt/ros/jazzy LD_LIBRARY_PATH=/convince_ws/install/btcpp_ros2_interfaces/lib:/convince_ws/install/pyrobosim_msgs/lib:/convince_ws/install/behaviortree_ros2/lib:/convince_ws/install/behaviortree_cpp_v3/lib:/opt/ros/jazzy/opt/zmqpp_vendor/lib:/opt/ros/jazzy/lib/x86_64-linux-gnu:/opt/ros/jazzy/lib PYTHONPATH=/convince_ws/install/btcpp_ros2_interfaces/lib/python3.12/site-packages:/convince_ws/build/tutorial_sim:/convince_ws/install/tutorial_sim/lib/python3.12/site-packages:/convince_ws/install/pyrobosim_ros/lib/python3.12/site-packages:/convince_ws/install/pyrobosim_msgs/lib/python3.12/site-packages:/convince_ws/build/pyrobosim:/convince_ws/install/pyrobosim/lib/python3.12/site-packages:/opt/ros/jazzy/lib/python3.12/site-packages /usr/bin/cmake --build /convince_ws/build/behaviortree_ros2 -- -j20 -l20
[0.547s] Invoking command in '/convince_ws/build/behaviortree_ros2': CMAKE_PREFIX_PATH=/convince_ws/install/btcpp_ros2_interfaces:/convince_ws/install/pyrobosim_ros:/convince_ws/install/pyrobosim_msgs:/convince_ws/install/btcpp_ros2_samples:/convince_ws/install/behaviortree_ros2:/convince_ws/install/behaviortree_cpp_v3:/convince_ws/install/tutorial_sim:/opt/ros/jazzy LD_LIBRARY_PATH=/convince_ws/install/btcpp_ros2_interfaces/lib:/convince_ws/install/pyrobosim_msgs/lib:/convince_ws/install/behaviortree_ros2/lib:/convince_ws/install/behaviortree_cpp_v3/lib:/opt/ros/jazzy/opt/zmqpp_vendor/lib:/opt/ros/jazzy/lib/x86_64-linux-gnu:/opt/ros/jazzy/lib PYTHONPATH=/convince_ws/install/btcpp_ros2_interfaces/lib/python3.12/site-packages:/convince_ws/build/tutorial_sim:/convince_ws/install/tutorial_sim/lib/python3.12/site-packages:/convince_ws/install/pyrobosim_ros/lib/python3.12/site-packages:/convince_ws/install/pyrobosim_msgs/lib/python3.12/site-packages:/convince_ws/build/pyrobosim:/convince_ws/install/pyrobosim/lib/python3.12/site-packages:/opt/ros/jazzy/lib/python3.12/site-packages /usr/bin/cmake --install /convince_ws/build/behaviortree_ros2
[0.552s] -- Install configuration: ""
[0.553s] -- Execute custom install script
[0.553s] -- Up-to-date symlink: /convince_ws/install/behaviortree_ros2/include/behaviortree_ros2/bt_executor_parameters.hpp
[0.553s] -- Up-to-date symlink: /convince_ws/install/behaviortree_ros2/include//behaviortree_ros2/bt_action_node.hpp
[0.554s] -- Up-to-date symlink: /convince_ws/install/behaviortree_ros2/include//behaviortree_ros2/bt_ros_logger.hpp
[0.554s] -- Up-to-date symlink: /convince_ws/install/behaviortree_ros2/include//behaviortree_ros2/bt_service_node.hpp
[0.554s] -- Up-to-date symlink: /convince_ws/install/behaviortree_ros2/include//behaviortree_ros2/bt_topic_pub_node.hpp
[0.554s] -- Up-to-date symlink: /convince_ws/install/behaviortree_ros2/include//behaviortree_ros2/bt_topic_sub_node.hpp
[0.554s] -- Up-to-date symlink: /convince_ws/install/behaviortree_ros2/include//behaviortree_ros2/bt_utils.hpp
[0.554s] -- Up-to-date symlink: /convince_ws/install/behaviortree_ros2/include//behaviortree_ros2/plugins.hpp
[0.554s] -- Up-to-date symlink: /convince_ws/install/behaviortree_ros2/include//behaviortree_ros2/ros_node_params.hpp
[0.554s] -- Up-to-date symlink: /convince_ws/install/behaviortree_ros2/include//behaviortree_ros2/tree_execution_server.hpp
[0.554s] -- Up-to-date symlink: /convince_ws/install/behaviortree_ros2/share/behaviortree_ros2/environment/library_path.sh
[0.554s] -- Up-to-date symlink: /convince_ws/install/behaviortree_ros2/share/behaviortree_ros2/environment/library_path.dsv
[0.555s] -- Up-to-date symlink: /convince_ws/install/behaviortree_ros2/share/ament_index/resource_index/package_run_dependencies/behaviortree_ros2
[0.555s] -- Up-to-date symlink: /convince_ws/install/behaviortree_ros2/share/ament_index/resource_index/parent_prefix_path/behaviortree_ros2
[0.555s] -- Up-to-date symlink: /convince_ws/install/behaviortree_ros2/share/behaviortree_ros2/environment/ament_prefix_path.sh
[0.555s] -- Up-to-date symlink: /convince_ws/install/behaviortree_ros2/share/behaviortree_ros2/environment/ament_prefix_path.dsv
[0.555s] -- Up-to-date symlink: /convince_ws/install/behaviortree_ros2/share/behaviortree_ros2/environment/path.sh
[0.555s] -- Up-to-date symlink: /convince_ws/install/behaviortree_ros2/share/behaviortree_ros2/environment/path.dsv
[0.555s] -- Up-to-date symlink: /convince_ws/install/behaviortree_ros2/share/behaviortree_ros2/local_setup.bash
[0.555s] -- Up-to-date symlink: /convince_ws/install/behaviortree_ros2/share/behaviortree_ros2/local_setup.sh
[0.555s] -- Up-to-date symlink: /convince_ws/install/behaviortree_ros2/share/behaviortree_ros2/local_setup.zsh
[0.555s] -- Up-to-date symlink: /convince_ws/install/behaviortree_ros2/share/behaviortree_ros2/local_setup.dsv
[0.555s] -- Symlinking: /convince_ws/install/behaviortree_ros2/share/behaviortree_ros2/package.dsv
[0.561s] -- Up-to-date symlink: /convince_ws/install/behaviortree_ros2/share/ament_index/resource_index/packages/behaviortree_ros2
[0.561s] -- Up-to-date symlink: /convince_ws/install/behaviortree_ros2/share/behaviortree_ros2/cmake/ament_cmake_export_dependencies-extras.cmake
[0.561s] -- Up-to-date symlink: /convince_ws/install/behaviortree_ros2/share/behaviortree_ros2/cmake/ament_cmake_export_targets-extras.cmake
[0.561s] -- Up-to-date symlink: /convince_ws/install/behaviortree_ros2/share/behaviortree_ros2/cmake/ament_cmake_export_include_directories-extras.cmake
[0.561s] -- Up-to-date symlink: /convince_ws/install/behaviortree_ros2/share/behaviortree_ros2/cmake/ament_cmake_export_libraries-extras.cmake
[0.561s] -- Up-to-date symlink: /convince_ws/install/behaviortree_ros2/share/behaviortree_ros2/cmake/behaviortree_ros2Config.cmake
[0.561s] -- Up-to-date symlink: /convince_ws/install/behaviortree_ros2/share/behaviortree_ros2/cmake/behaviortree_ros2Config-version.cmake
[0.561s] -- Up-to-date symlink: /convince_ws/install/behaviortree_ros2/share/behaviortree_ros2/package.xml
[0.561s] -- Up-to-date: /convince_ws/install/behaviortree_ros2/lib/libbehaviortree_ros2.a
[0.561s] -- Up-to-date: /convince_ws/install/behaviortree_ros2/share/behaviortree_ros2/cmake/behaviortree_ros2TargetsExport.cmake
[0.561s] -- Up-to-date: /convince_ws/install/behaviortree_ros2/share/behaviortree_ros2/cmake/behaviortree_ros2TargetsExport-noconfig.cmake
[0.562s] Invoked command in '/convince_ws/build/behaviortree_ros2' returned '0': CMAKE_PREFIX_PATH=/convince_ws/install/btcpp_ros2_interfaces:/convince_ws/install/pyrobosim_ros:/convince_ws/install/pyrobosim_msgs:/convince_ws/install/btcpp_ros2_samples:/convince_ws/install/behaviortree_ros2:/convince_ws/install/behaviortree_cpp_v3:/convince_ws/install/tutorial_sim:/opt/ros/jazzy LD_LIBRARY_PATH=/convince_ws/install/btcpp_ros2_interfaces/lib:/convince_ws/install/pyrobosim_msgs/lib:/convince_ws/install/behaviortree_ros2/lib:/convince_ws/install/behaviortree_cpp_v3/lib:/opt/ros/jazzy/opt/zmqpp_vendor/lib:/opt/ros/jazzy/lib/x86_64-linux-gnu:/opt/ros/jazzy/lib PYTHONPATH=/convince_ws/install/btcpp_ros2_interfaces/lib/python3.12/site-packages:/convince_ws/build/tutorial_sim:/convince_ws/install/tutorial_sim/lib/python3.12/site-packages:/convince_ws/install/pyrobosim_ros/lib/python3.12/site-packages:/convince_ws/install/pyrobosim_msgs/lib/python3.12/site-packages:/convince_ws/build/pyrobosim:/convince_ws/install/pyrobosim/lib/python3.12/site-packages:/opt/ros/jazzy/lib/python3.12/site-packages /usr/bin/cmake --install /convince_ws/build/behaviortree_ros2
