Not searching for unused variables given on the command line.
-- The C compiler identification is GNU 13.3.0
-- The CXX compiler identification is GNU 13.3.0
-- Detecting C compiler ABI info
-- Detecting C compiler ABI info - done
-- Check for working C compiler: /usr/bin/cc - skipped
-- Detecting C compile features
-- Detecting C compile features - done
-- Detecting CXX compiler ABI info
-- Detecting CXX compiler ABI info - done
-- Check for working CXX compiler: /usr/bin/c++ - skipped
-- Detecting CXX compile features
-- Detecting CXX compile features - done
-- Found ament_cmake: 2.5.5 (/opt/ros/jazzy/share/ament_cmake/cmake)
-- Found Python3: /usr/bin/python3 (found version "3.12.3") found components: Interpreter 
-- Override CMake install command with custom implementation using symlinks instead of copying resources
-- Found rclcpp: 28.1.16 (/opt/ros/jazzy/share/rclcpp/cmake)
-- Found rosidl_generator_c: 4.6.7 (/opt/ros/jazzy/share/rosidl_generator_c/cmake)
-- Found rosidl_generator_cpp: 4.6.7 (/opt/ros/jazzy/share/rosidl_generator_cpp/cmake)
-- Using all available rosidl_typesupport_c: rosidl_typesupport_fastrtps_c;rosidl_typesupport_introspection_c
-- Using all available rosidl_typesupport_cpp: rosidl_typesupport_fastrtps_cpp;rosidl_typesupport_introspection_cpp
-- Found rmw_implementation_cmake: 7.3.3 (/opt/ros/jazzy/share/rmw_implementation_cmake/cmake)
-- Found rmw_fastrtps_cpp: 8.4.3 (/opt/ros/jazzy/share/rmw_fastrtps_cpp/cmake)
-- Found OpenSSL: /usr/lib/x86_64-linux-gnu/libcrypto.so (found version "3.0.13")  
-- Found FastRTPS: /opt/ros/jazzy/include (Required is at least version "2.13") 
-- Using RMW implementation 'rmw_fastrtps_cpp' as default
-- Found rclpy: 7.1.9 (/opt/ros/jazzy/share/rclpy/cmake)
-- Found geometry_msgs: 5.3.6 (/opt/ros/jazzy/share/geometry_msgs/cmake)
-- Found pyrobosim_msgs: 4.3.3 (/convince_ws/install/pyrobosim_msgs/share/pyrobosim_msgs/cmake)
-- Found std_srvs: 5.3.6 (/opt/ros/jazzy/share/std_srvs/cmake)
-- Found ament_cmake_pytest: 2.5.5 (/opt/ros/jazzy/share/ament_cmake_pytest/cmake)
-- Configuring done (2.4s)
-- Generating done (0.0s)
-- Build files have been written to: /convince_ws/build/pyrobosim_ros
Built target ament_cmake_python_symlink_pyrobosim_ros
running egg_info
creating pyrobosim_ros.egg-info
writing pyrobosim_ros.egg-info/PKG-INFO
writing dependency_links to pyrobosim_ros.egg-info/dependency_links.txt
writing top-level names to pyrobosim_ros.egg-info/top_level.txt
writing manifest file 'pyrobosim_ros.egg-info/SOURCES.txt'
reading manifest file 'pyrobosim_ros.egg-info/SOURCES.txt'
writing manifest file 'pyrobosim_ros.egg-info/SOURCES.txt'
Built target ament_cmake_python_build_pyrobosim_ros_egg
-- Install configuration: ""
-- Execute custom install script
-- Symlinking: /convince_ws/install/pyrobosim_ros/lib/pyrobosim_ros/demo.py
-- Symlinking: /convince_ws/install/pyrobosim_ros/lib/pyrobosim_ros/demo_commands.py
-- Symlinking: /convince_ws/install/pyrobosim_ros/lib/pyrobosim_ros/demo_pddl_world.py
-- Symlinking: /convince_ws/install/pyrobosim_ros/lib/pyrobosim_ros/demo_pddl_planner.py
-- Symlinking: /convince_ws/install/pyrobosim_ros/lib/pyrobosim_ros/demo_pddl_goal_publisher.py
-- Symlinking: /convince_ws/install/pyrobosim_ros/lib/pyrobosim_ros/demo_velocity_publisher.py
-- Symlinking: /convince_ws/install/pyrobosim_ros/share/pyrobosim_ros/environment/pythonpath.sh
-- Symlinking: /convince_ws/install/pyrobosim_ros/share/pyrobosim_ros/environment/pythonpath.dsv
-- Symlinking: /convince_ws/install/pyrobosim_ros/lib/python3.12/site-packages/pyrobosim_ros-4.3.3-py3.12.egg-info/PKG-INFO
-- Symlinking: /convince_ws/install/pyrobosim_ros/lib/python3.12/site-packages/pyrobosim_ros-4.3.3-py3.12.egg-info/SOURCES.txt
-- Symlinking: /convince_ws/install/pyrobosim_ros/lib/python3.12/site-packages/pyrobosim_ros-4.3.3-py3.12.egg-info/dependency_links.txt
-- Symlinking: /convince_ws/install/pyrobosim_ros/lib/python3.12/site-packages/pyrobosim_ros-4.3.3-py3.12.egg-info/top_level.txt
-- Symlinking: /convince_ws/install/pyrobosim_ros/lib/python3.12/site-packages/pyrobosim_ros/__init__.py
-- Symlinking: /convince_ws/install/pyrobosim_ros/lib/python3.12/site-packages/pyrobosim_ros/ros_conversions.py
-- Symlinking: /convince_ws/install/pyrobosim_ros/lib/python3.12/site-packages/pyrobosim_ros/ros_interface.py
-- Symlinking: /convince_ws/install/pyrobosim_ros/share/pyrobosim_ros/launch/demo.launch.py
-- Symlinking: /convince_ws/install/pyrobosim_ros/share/pyrobosim_ros/launch/demo_commands.launch.py
-- Symlinking: /convince_ws/install/pyrobosim_ros/share/pyrobosim_ros/launch/demo_commands_multirobot.launch.py
-- Symlinking: /convince_ws/install/pyrobosim_ros/share/pyrobosim_ros/launch/demo_pddl.launch.py
-- Symlinking: /convince_ws/install/pyrobosim_ros/share/ament_index/resource_index/package_run_dependencies/pyrobosim_ros
-- Symlinking: /convince_ws/install/pyrobosim_ros/share/ament_index/resource_index/parent_prefix_path/pyrobosim_ros
-- Symlinking: /convince_ws/install/pyrobosim_ros/share/pyrobosim_ros/environment/ament_prefix_path.sh
-- Symlinking: /convince_ws/install/pyrobosim_ros/share/pyrobosim_ros/environment/ament_prefix_path.dsv
-- Symlinking: /convince_ws/install/pyrobosim_ros/share/pyrobosim_ros/environment/path.sh
-- Symlinking: /convince_ws/install/pyrobosim_ros/share/pyrobosim_ros/environment/path.dsv
-- Symlinking: /convince_ws/install/pyrobosim_ros/share/pyrobosim_ros/local_setup.bash
-- Symlinking: /convince_ws/install/pyrobosim_ros/share/pyrobosim_ros/local_setup.sh
-- Symlinking: /convince_ws/install/pyrobosim_ros/share/pyrobosim_ros/local_setup.zsh
-- Symlinking: /convince_ws/install/pyrobosim_ros/share/pyrobosim_ros/local_setup.dsv
-- Symlinking: /convince_ws/install/pyrobosim_ros/share/pyrobosim_ros/package.dsv
-- Symlinking: /convince_ws/install/pyrobosim_ros/share/ament_index/resource_index/packages/pyrobosim_ros
-- Symlinking: /convince_ws/install/pyrobosim_ros/share/pyrobosim_ros/cmake/pyrobosim_rosConfig.cmake
-- Symlinking: /convince_ws/install/pyrobosim_ros/share/pyrobosim_ros/cmake/pyrobosim_rosConfig-version.cmake
-- Symlinking: /convince_ws/install/pyrobosim_ros/share/pyrobosim_ros/package.xml
Listing '/convince_ws/install/pyrobosim_ros/lib/python3.12/site-packages/pyrobosim_ros'...
Compiling '/convince_ws/install/pyrobosim_ros/lib/python3.12/site-packages/pyrobosim_ros/__init__.py'...
Compiling '/convince_ws/install/pyrobosim_ros/lib/python3.12/site-packages/pyrobosim_ros/ros_conversions.py'...
Compiling '/convince_ws/install/pyrobosim_ros/lib/python3.12/site-packages/pyrobosim_ros/ros_interface.py'...
