[0.005s] Invoking command in '/convince_ws/build/pyrobosim_ros': AMENT_PREFIX_PATH=/convince_ws/install/pyrobosim_msgs:${AMENT_PREFIX_PATH} CMAKE_PREFIX_PATH=/convince_ws/install/pyrobosim_msgs:/opt/ros/jazzy LD_LIBRARY_PATH=/convince_ws/install/pyrobosim_msgs/lib:${LD_LIBRARY_PATH} PYTHONPATH=/convince_ws/install/pyrobosim_msgs/lib/python3.12/site-packages:${PYTHONPATH} /usr/bin/cmake /convince_ws/src/pyrobosim/pyrobosim_ros -DCMAKE_EXPORT_COMPILE_COMMANDS=ON --no-warn-unused-cli -DAMENT_CMAKE_SYMLINK_INSTALL=1 -DCMAKE_INSTALL_PREFIX=/convince_ws/install/pyrobosim_ros
[0.012s] Not searching for unused variables given on the command line.
[0.048s] -- The C compiler identification is GNU 13.3.0
[0.083s] -- The CXX compiler identification is GNU 13.3.0
[0.096s] -- Detecting C compiler ABI info
[0.165s] -- Detecting C compiler ABI info - done
[0.173s] -- Check for working C compiler: /usr/bin/cc - skipped
[0.174s] -- Detecting C compile features
[0.174s] -- Detecting C compile features - done
[0.181s] -- Detecting CXX compiler ABI info
[0.261s] -- Detecting CXX compiler ABI info - done
[0.270s] -- Check for working CXX compiler: /usr/bin/c++ - skipped
[0.270s] -- Detecting CXX compile features
[0.271s] -- Detecting CXX compile features - done
[0.274s] -- Found ament_cmake: 2.5.5 (/opt/ros/jazzy/share/ament_cmake/cmake)
[0.408s] -- Found Python3: /usr/bin/python3 (found version "3.12.3") found components: Interpreter 
[0.466s] -- Override CMake install command with custom implementation using symlinks instead of copying resources
[0.495s] -- Found rclcpp: 28.1.16 (/opt/ros/jazzy/share/rclcpp/cmake)
[0.529s] -- Found rosidl_generator_c: 4.6.7 (/opt/ros/jazzy/share/rosidl_generator_c/cmake)
[0.543s] -- Found rosidl_generator_cpp: 4.6.7 (/opt/ros/jazzy/share/rosidl_generator_cpp/cmake)
[0.558s] -- Using all available rosidl_typesupport_c: rosidl_typesupport_fastrtps_c;rosidl_typesupport_introspection_c
[0.575s] -- Using all available rosidl_typesupport_cpp: rosidl_typesupport_fastrtps_cpp;rosidl_typesupport_introspection_cpp
[0.656s] -- Found rmw_implementation_cmake: 7.3.3 (/opt/ros/jazzy/share/rmw_implementation_cmake/cmake)
[0.658s] -- Found rmw_fastrtps_cpp: 8.4.3 (/opt/ros/jazzy/share/rmw_fastrtps_cpp/cmake)
[0.720s] -- Found OpenSSL: /usr/lib/x86_64-linux-gnu/libcrypto.so (found version "3.0.13")  
[0.734s] -- Found FastRTPS: /opt/ros/jazzy/include (Required is at least version "2.13") 
[0.754s] -- Using RMW implementation 'rmw_fastrtps_cpp' as default
[0.837s] -- Found rclpy: 7.1.9 (/opt/ros/jazzy/share/rclpy/cmake)
[0.839s] -- Found geometry_msgs: 5.3.6 (/opt/ros/jazzy/share/geometry_msgs/cmake)
[0.875s] -- Found pyrobosim_msgs: 4.3.3 (/convince_ws/install/pyrobosim_msgs/share/pyrobosim_msgs/cmake)
[0.930s] -- Found std_srvs: 5.3.6 (/opt/ros/jazzy/share/std_srvs/cmake)
[1.016s] -- Found ament_cmake_pytest: 2.5.5 (/opt/ros/jazzy/share/ament_cmake_pytest/cmake)
[2.437s] -- Configuring done (2.4s)
[2.443s] -- Generating done (0.0s)
[2.446s] -- Build files have been written to: /convince_ws/build/pyrobosim_ros
[2.454s] Invoked command in '/convince_ws/build/pyrobosim_ros' returned '0': AMENT_PREFIX_PATH=/convince_ws/install/pyrobosim_msgs:${AMENT_PREFIX_PATH} CMAKE_PREFIX_PATH=/convince_ws/install/pyrobosim_msgs:/opt/ros/jazzy LD_LIBRARY_PATH=/convince_ws/install/pyrobosim_msgs/lib:${LD_LIBRARY_PATH} PYTHONPATH=/convince_ws/install/pyrobosim_msgs/lib/python3.12/site-packages:${PYTHONPATH} /usr/bin/cmake /convince_ws/src/pyrobosim/pyrobosim_ros -DCMAKE_EXPORT_COMPILE_COMMANDS=ON --no-warn-unused-cli -DAMENT_CMAKE_SYMLINK_INSTALL=1 -DCMAKE_INSTALL_PREFIX=/convince_ws/install/pyrobosim_ros
[2.455s] Invoking command in '/convince_ws/build/pyrobosim_ros': AMENT_PREFIX_PATH=/convince_ws/install/pyrobosim_msgs:${AMENT_PREFIX_PATH} CMAKE_PREFIX_PATH=/convince_ws/install/pyrobosim_msgs:/opt/ros/jazzy LD_LIBRARY_PATH=/convince_ws/install/pyrobosim_msgs/lib:${LD_LIBRARY_PATH} PYTHONPATH=/convince_ws/install/pyrobosim_msgs/lib/python3.12/site-packages:${PYTHONPATH} /usr/bin/cmake --build /convince_ws/build/pyrobosim_ros -- -j20 -l20
[2.508s] Built target ament_cmake_python_symlink_pyrobosim_ros
[2.686s] running egg_info
[2.687s] creating pyrobosim_ros.egg-info
[2.701s] writing pyrobosim_ros.egg-info/PKG-INFO
[2.701s] writing dependency_links to pyrobosim_ros.egg-info/dependency_links.txt
[2.702s] writing top-level names to pyrobosim_ros.egg-info/top_level.txt
[2.702s] writing manifest file 'pyrobosim_ros.egg-info/SOURCES.txt'
[2.742s] reading manifest file 'pyrobosim_ros.egg-info/SOURCES.txt'
[2.743s] writing manifest file 'pyrobosim_ros.egg-info/SOURCES.txt'
[2.769s] Built target ament_cmake_python_build_pyrobosim_ros_egg
[2.776s] Invoked command in '/convince_ws/build/pyrobosim_ros' returned '0': AMENT_PREFIX_PATH=/convince_ws/install/pyrobosim_msgs:${AMENT_PREFIX_PATH} CMAKE_PREFIX_PATH=/convince_ws/install/pyrobosim_msgs:/opt/ros/jazzy LD_LIBRARY_PATH=/convince_ws/install/pyrobosim_msgs/lib:${LD_LIBRARY_PATH} PYTHONPATH=/convince_ws/install/pyrobosim_msgs/lib/python3.12/site-packages:${PYTHONPATH} /usr/bin/cmake --build /convince_ws/build/pyrobosim_ros -- -j20 -l20
[2.776s] Invoking command in '/convince_ws/build/pyrobosim_ros': AMENT_PREFIX_PATH=/convince_ws/install/pyrobosim_msgs:${AMENT_PREFIX_PATH} CMAKE_PREFIX_PATH=/convince_ws/install/pyrobosim_msgs:/opt/ros/jazzy LD_LIBRARY_PATH=/convince_ws/install/pyrobosim_msgs/lib:${LD_LIBRARY_PATH} PYTHONPATH=/convince_ws/install/pyrobosim_msgs/lib/python3.12/site-packages:${PYTHONPATH} /usr/bin/cmake --install /convince_ws/build/pyrobosim_ros
[2.781s] -- Install configuration: ""
[2.781s] -- Execute custom install script
[2.781s] -- Symlinking: /convince_ws/install/pyrobosim_ros/lib/pyrobosim_ros/demo.py
[2.786s] -- Symlinking: /convince_ws/install/pyrobosim_ros/lib/pyrobosim_ros/demo_commands.py
[2.791s] -- Symlinking: /convince_ws/install/pyrobosim_ros/lib/pyrobosim_ros/demo_pddl_world.py
[2.796s] -- Symlinking: /convince_ws/install/pyrobosim_ros/lib/pyrobosim_ros/demo_pddl_planner.py
[2.801s] -- Symlinking: /convince_ws/install/pyrobosim_ros/lib/pyrobosim_ros/demo_pddl_goal_publisher.py
[2.809s] -- Symlinking: /convince_ws/install/pyrobosim_ros/lib/pyrobosim_ros/demo_velocity_publisher.py
[2.816s] -- Symlinking: /convince_ws/install/pyrobosim_ros/share/pyrobosim_ros/environment/pythonpath.sh
[2.824s] -- Symlinking: /convince_ws/install/pyrobosim_ros/share/pyrobosim_ros/environment/pythonpath.dsv
[2.829s] -- Symlinking: /convince_ws/install/pyrobosim_ros/lib/python3.12/site-packages/pyrobosim_ros-4.3.3-py3.12.egg-info/PKG-INFO
[2.836s] -- Symlinking: /convince_ws/install/pyrobosim_ros/lib/python3.12/site-packages/pyrobosim_ros-4.3.3-py3.12.egg-info/SOURCES.txt
[2.840s] -- Symlinking: /convince_ws/install/pyrobosim_ros/lib/python3.12/site-packages/pyrobosim_ros-4.3.3-py3.12.egg-info/dependency_links.txt
[2.845s] -- Symlinking: /convince_ws/install/pyrobosim_ros/lib/python3.12/site-packages/pyrobosim_ros-4.3.3-py3.12.egg-info/top_level.txt
[2.851s] -- Symlinking: /convince_ws/install/pyrobosim_ros/lib/python3.12/site-packages/pyrobosim_ros/__init__.py
[2.859s] -- Symlinking: /convince_ws/install/pyrobosim_ros/lib/python3.12/site-packages/pyrobosim_ros/ros_conversions.py
[2.866s] -- Symlinking: /convince_ws/install/pyrobosim_ros/lib/python3.12/site-packages/pyrobosim_ros/ros_interface.py
[2.875s] -- Symlinking: /convince_ws/install/pyrobosim_ros/share/pyrobosim_ros/launch/demo.launch.py
[2.882s] -- Symlinking: /convince_ws/install/pyrobosim_ros/share/pyrobosim_ros/launch/demo_commands.launch.py
[2.887s] -- Symlinking: /convince_ws/install/pyrobosim_ros/share/pyrobosim_ros/launch/demo_commands_multirobot.launch.py
[2.895s] -- Symlinking: /convince_ws/install/pyrobosim_ros/share/pyrobosim_ros/launch/demo_pddl.launch.py
[2.903s] -- Symlinking: /convince_ws/install/pyrobosim_ros/share/ament_index/resource_index/package_run_dependencies/pyrobosim_ros
[2.911s] -- Symlinking: /convince_ws/install/pyrobosim_ros/share/ament_index/resource_index/parent_prefix_path/pyrobosim_ros
[2.919s] -- Symlinking: /convince_ws/install/pyrobosim_ros/share/pyrobosim_ros/environment/ament_prefix_path.sh
[2.928s] -- Symlinking: /convince_ws/install/pyrobosim_ros/share/pyrobosim_ros/environment/ament_prefix_path.dsv
[2.936s] -- Symlinking: /convince_ws/install/pyrobosim_ros/share/pyrobosim_ros/environment/path.sh
[2.945s] -- Symlinking: /convince_ws/install/pyrobosim_ros/share/pyrobosim_ros/environment/path.dsv
[2.952s] -- Symlinking: /convince_ws/install/pyrobosim_ros/share/pyrobosim_ros/local_setup.bash
[2.957s] -- Symlinking: /convince_ws/install/pyrobosim_ros/share/pyrobosim_ros/local_setup.sh
[2.965s] -- Symlinking: /convince_ws/install/pyrobosim_ros/share/pyrobosim_ros/local_setup.zsh
[2.973s] -- Symlinking: /convince_ws/install/pyrobosim_ros/share/pyrobosim_ros/local_setup.dsv
[2.981s] -- Symlinking: /convince_ws/install/pyrobosim_ros/share/pyrobosim_ros/package.dsv
[2.988s] -- Symlinking: /convince_ws/install/pyrobosim_ros/share/ament_index/resource_index/packages/pyrobosim_ros
[2.995s] -- Symlinking: /convince_ws/install/pyrobosim_ros/share/pyrobosim_ros/cmake/pyrobosim_rosConfig.cmake
[3.000s] -- Symlinking: /convince_ws/install/pyrobosim_ros/share/pyrobosim_ros/cmake/pyrobosim_rosConfig-version.cmake
[3.005s] -- Symlinking: /convince_ws/install/pyrobosim_ros/share/pyrobosim_ros/package.xml
[3.051s] Listing '/convince_ws/install/pyrobosim_ros/lib/python3.12/site-packages/pyrobosim_ros'...
[3.051s] Compiling '/convince_ws/install/pyrobosim_ros/lib/python3.12/site-packages/pyrobosim_ros/__init__.py'...
[3.051s] Compiling '/convince_ws/install/pyrobosim_ros/lib/python3.12/site-packages/pyrobosim_ros/ros_conversions.py'...
[3.051s] Compiling '/convince_ws/install/pyrobosim_ros/lib/python3.12/site-packages/pyrobosim_ros/ros_interface.py'...
[3.058s] Invoked command in '/convince_ws/build/pyrobosim_ros' returned '0': AMENT_PREFIX_PATH=/convince_ws/install/pyrobosim_msgs:${AMENT_PREFIX_PATH} CMAKE_PREFIX_PATH=/convince_ws/install/pyrobosim_msgs:/opt/ros/jazzy LD_LIBRARY_PATH=/convince_ws/install/pyrobosim_msgs/lib:${LD_LIBRARY_PATH} PYTHONPATH=/convince_ws/install/pyrobosim_msgs/lib/python3.12/site-packages:${PYTHONPATH} /usr/bin/cmake --install /convince_ws/build/pyrobosim_ros
