running develop
running egg_info
creating tutorial_run.egg-info
writing tutorial_run.egg-info/PKG-INFO
writing dependency_links to tutorial_run.egg-info/dependency_links.txt
writing requirements to tutorial_run.egg-info/requires.txt
writing top-level names to tutorial_run.egg-info/top_level.txt
writing manifest file 'tutorial_run.egg-info/SOURCES.txt'
reading manifest file 'tutorial_run.egg-info/SOURCES.txt'
writing manifest file 'tutorial_run.egg-info/SOURCES.txt'
running build_ext
Creating /convince_ws/install/tutorial_run/lib/python3.12/site-packages/tutorial-run.egg-link (link to .)

Installed /convince_ws/build/tutorial_run
running symlink_data
creating /convince_ws/install/tutorial_run/share/ament_index
creating /convince_ws/install/tutorial_run/share/ament_index/resource_index
creating /convince_ws/install/tutorial_run/share/ament_index/resource_index/packages
symbolically linking /convince_ws/build/tutorial_run/resource/tutorial_run -> /convince_ws/install/tutorial_run/share/ament_index/resource_index/packages
symbolically linking /convince_ws/build/tutorial_run/package.xml -> /convince_ws/install/tutorial_run/share/tutorial_run
creating /convince_ws/install/tutorial_run/share/tutorial_run/launch
symbolically linking /convince_ws/build/tutorial_run/launch/full_simulation.launch.py -> /convince_ws/install/tutorial_run/share/tutorial_run/launch
