[0.373s] Invoking command in '/convince_ws/build/tutorial_run': CMAKE_PREFIX_PATH=/convince_ws/install/bt_executor:/convince_ws/install/pyrobosim_ros:/convince_ws/install/place_object_skill:/convince_ws/install/bt_nodes:/convince_ws/install/behaviortree_ros2:/convince_ws/install/pyrobosim_msgs:/convince_ws/install/overarching_msgs:/convince_ws/install/btcpp_ros2_interfaces:/convince_ws/install/bt_interfaces_dummy:/convince_ws/install/btcpp_ros2_samples:/convince_ws/install/behaviortree_cpp_v3 LD_LIBRARY_PATH=/convince_ws/install/pyrobosim_msgs/lib:/convince_ws/install/overarching_msgs/lib:/convince_ws/install/btcpp_ros2_interfaces/lib:/convince_ws/install/bt_interfaces_dummy/lib:/convince_ws/install/behaviortree_ros2/lib:/convince_ws/install/bt_nodes/lib:/convince_ws/install/behaviortree_cpp_v3/lib:/opt/ros/jazzy/opt/zmqpp_vendor/lib:/opt/ros/jazzy/lib/x86_64-linux-gnu:/opt/ros/jazzy/lib PYTHONPATH=/convince_ws/build/tutorial_run/prefix_override:/usr/lib/python3/dist-packages/colcon_core/task/python/colcon_distutils_commands:/convince_ws/install/tutorial_run/lib/python3.12/site-packages:/convince_ws/build/tutorial_sim:/convince_ws/install/tutorial_sim/lib/python3.12/site-packages:/convince_ws/install/pyrobosim_ros/lib/python3.12/site-packages:/convince_ws/install/pyrobosim_msgs/lib/python3.12/site-packages:/convince_ws/install/overarching_msgs/lib/python3.12/site-packages:/convince_ws/install/btcpp_ros2_interfaces/lib/python3.12/site-packages:/convince_ws/install/bt_interfaces_dummy/lib/python3.12/site-packages:/convince_ws/build/pyrobosim:/convince_ws/install/pyrobosim/lib/python3.12/site-packages:/opt/ros/jazzy/lib/python3.12/site-packages /usr/bin/python3 -W ignore:setup.py install is deprecated -W ignore:easy_install command is deprecated setup.py develop --editable --build-directory /convince_ws/build/tutorial_run/build --no-deps symlink_data
[0.509s] running develop
[0.573s] running egg_info
[0.573s] creating tutorial_run.egg-info
[0.579s] writing tutorial_run.egg-info/PKG-INFO
[0.579s] writing dependency_links to tutorial_run.egg-info/dependency_links.txt
[0.579s] writing requirements to tutorial_run.egg-info/requires.txt
[0.579s] writing top-level names to tutorial_run.egg-info/top_level.txt
[0.579s] writing manifest file 'tutorial_run.egg-info/SOURCES.txt'
[0.591s] reading manifest file 'tutorial_run.egg-info/SOURCES.txt'
[0.591s] writing manifest file 'tutorial_run.egg-info/SOURCES.txt'
[0.598s] running build_ext
[0.598s] Creating /convince_ws/install/tutorial_run/lib/python3.12/site-packages/tutorial-run.egg-link (link to .)
[0.598s] 
[0.598s] Installed /convince_ws/build/tutorial_run
[0.598s] running symlink_data
[0.599s] creating /convince_ws/install/tutorial_run/share/ament_index
[0.599s] creating /convince_ws/install/tutorial_run/share/ament_index/resource_index
[0.599s] creating /convince_ws/install/tutorial_run/share/ament_index/resource_index/packages
[0.599s] symbolically linking /convince_ws/build/tutorial_run/resource/tutorial_run -> /convince_ws/install/tutorial_run/share/ament_index/resource_index/packages
[0.599s] symbolically linking /convince_ws/build/tutorial_run/package.xml -> /convince_ws/install/tutorial_run/share/tutorial_run
[0.599s] creating /convince_ws/install/tutorial_run/share/tutorial_run/launch
[0.599s] symbolically linking /convince_ws/build/tutorial_run/launch/full_simulation.launch.py -> /convince_ws/install/tutorial_run/share/tutorial_run/launch
[0.613s] Invoked command in '/convince_ws/build/tutorial_run' returned '0': CMAKE_PREFIX_PATH=/convince_ws/install/bt_executor:/convince_ws/install/pyrobosim_ros:/convince_ws/install/place_object_skill:/convince_ws/install/bt_nodes:/convince_ws/install/behaviortree_ros2:/convince_ws/install/pyrobosim_msgs:/convince_ws/install/overarching_msgs:/convince_ws/install/btcpp_ros2_interfaces:/convince_ws/install/bt_interfaces_dummy:/convince_ws/install/btcpp_ros2_samples:/convince_ws/install/behaviortree_cpp_v3 LD_LIBRARY_PATH=/convince_ws/install/pyrobosim_msgs/lib:/convince_ws/install/overarching_msgs/lib:/convince_ws/install/btcpp_ros2_interfaces/lib:/convince_ws/install/bt_interfaces_dummy/lib:/convince_ws/install/behaviortree_ros2/lib:/convince_ws/install/bt_nodes/lib:/convince_ws/install/behaviortree_cpp_v3/lib:/opt/ros/jazzy/opt/zmqpp_vendor/lib:/opt/ros/jazzy/lib/x86_64-linux-gnu:/opt/ros/jazzy/lib PYTHONPATH=/convince_ws/build/tutorial_run/prefix_override:/usr/lib/python3/dist-packages/colcon_core/task/python/colcon_distutils_commands:/convince_ws/install/tutorial_run/lib/python3.12/site-packages:/convince_ws/build/tutorial_sim:/convince_ws/install/tutorial_sim/lib/python3.12/site-packages:/convince_ws/install/pyrobosim_ros/lib/python3.12/site-packages:/convince_ws/install/pyrobosim_msgs/lib/python3.12/site-packages:/convince_ws/install/overarching_msgs/lib/python3.12/site-packages:/convince_ws/install/btcpp_ros2_interfaces/lib/python3.12/site-packages:/convince_ws/install/bt_interfaces_dummy/lib/python3.12/site-packages:/convince_ws/build/pyrobosim:/convince_ws/install/pyrobosim/lib/python3.12/site-packages:/opt/ros/jazzy/lib/python3.12/site-packages /usr/bin/python3 -W ignore:setup.py install is deprecated -W ignore:easy_install command is deprecated setup.py develop --editable --build-directory /convince_ws/build/tutorial_run/build --no-deps symlink_data
