[0.013s] Invoking command in '/convince_ws/build/bt_executor': AMENT_PREFIX_PATH=/convince_ws/install/bt_nodes:/convince_ws/install/behaviortree_ros2:/convince_ws/install/pyrobosim_msgs:/convince_ws/install/overarching_msgs:/convince_ws/install/btcpp_ros2_interfaces:/convince_ws/install/bt_interfaces_dummy:${AMENT_PREFIX_PATH} CMAKE_PREFIX_PATH=/convince_ws/install/bt_nodes:/convince_ws/install/behaviortree_ros2:/convince_ws/install/pyrobosim_msgs:/convince_ws/install/overarching_msgs:/convince_ws/install/btcpp_ros2_interfaces:/convince_ws/install/bt_interfaces_dummy:/opt/ros/jazzy LD_LIBRARY_PATH=/convince_ws/install/bt_nodes/lib:/convince_ws/install/behaviortree_ros2/lib:/convince_ws/install/pyrobosim_msgs/lib:/convince_ws/install/overarching_msgs/lib:/convince_ws/install/btcpp_ros2_interfaces/lib:/convince_ws/install/bt_interfaces_dummy/lib:${LD_LIBRARY_PATH} PYTHONPATH=/convince_ws/install/pyrobosim_msgs/lib/python3.12/site-packages:/convince_ws/install/overarching_msgs/lib/python3.12/site-packages:/convince_ws/install/btcpp_ros2_interfaces/lib/python3.12/site-packages:/convince_ws/install/bt_interfaces_dummy/lib/python3.12/site-packages:${PYTHONPATH} /usr/bin/cmake --build /convince_ws/build/bt_executor -- -j20 -l20
[0.060s] [ 50%] [32mBuilding CXX object CMakeFiles/btcpp_executor.dir/src/btcpp_executor.cpp.o[0m
[1.576s] In file included from [01m[K/convince_ws/src/behavior_tree/bt_executor/src/btcpp_executor.cpp:23[m[K:
[1.576s] [01m[K/convince_ws/src/behavior_tree/bt_executor/include/pyrobosim_btcpp/nodes/get_next_location_node.hpp:[m[K In member function ‘[01m[Kvirtual BT::NodeStatus BT::DecoratorGetNextLocation::[01;32m[Ktick[m[K()[m[K’:
[1.576s] [01m[K/convince_ws/src/behavior_tree/bt_executor/include/pyrobosim_btcpp/nodes/get_next_location_node.hpp:28:29:[m[K [01;35m[Kwarning: [m[Kignoring return value of ‘[01m[Kbool BT::Blackboard::[01;32m[Kget[m[K(const std::string&, T&) const [35m[K[with T = int; std::string = std::__cxx11::basic_string<char>][m[K[m[K’, declared with attribute ‘[01m[Knodiscard[m[K’ [[01;35m[K-Wunused-result[m[K]
[1.576s]    28 |     [01;35m[Kconfig().blackboard->get("@next_location_idx", search_index)[m[K;
[1.576s]       |     [01;35m[K~~~~~~~~~~~~~~~~~~~~~~~~^~~~~~~~~~~~~~~~~~~~~~~~~~~~~~~~~~~~[m[K
[1.576s] In file included from [01m[K/opt/ros/jazzy/include/behaviortree_cpp/tree_node.h:22[m[K,
[1.576s]                  from [01m[K/opt/ros/jazzy/include/behaviortree_cpp/control_node.h:17[m[K,
[1.576s]                  from [01m[K/opt/ros/jazzy/include/behaviortree_cpp/controls/parallel_node.h:17[m[K,
[1.576s]                  from [01m[K/opt/ros/jazzy/include/behaviortree_cpp/behavior_tree.h:16[m[K,
[1.576s]                  from [01m[K/opt/ros/jazzy/include/behaviortree_cpp/bt_factory.h:26[m[K,
[1.576s]                  from [01m[K/convince_ws/src/behavior_tree/bt_executor/src/btcpp_executor.cpp:12[m[K:
[1.576s] [01m[K/opt/ros/jazzy/include/behaviortree_cpp/blackboard.h:324:13:[m[K [01;36m[Knote: [m[Kdeclared here
[1.577s]   324 | inline bool [01;36m[KBlackboard[m[K::get(const std::string& key, T& value) const
[1.577s]       |             [01;36m[K^~~~~~~~~~[m[K
[6.417s] [100%] [32m[1mLinking CXX executable btcpp_executor[0m
[6.684s] [100%] Built target btcpp_executor
[6.695s] Invoked command in '/convince_ws/build/bt_executor' returned '0': AMENT_PREFIX_PATH=/convince_ws/install/bt_nodes:/convince_ws/install/behaviortree_ros2:/convince_ws/install/pyrobosim_msgs:/convince_ws/install/overarching_msgs:/convince_ws/install/btcpp_ros2_interfaces:/convince_ws/install/bt_interfaces_dummy:${AMENT_PREFIX_PATH} CMAKE_PREFIX_PATH=/convince_ws/install/bt_nodes:/convince_ws/install/behaviortree_ros2:/convince_ws/install/pyrobosim_msgs:/convince_ws/install/overarching_msgs:/convince_ws/install/btcpp_ros2_interfaces:/convince_ws/install/bt_interfaces_dummy:/opt/ros/jazzy LD_LIBRARY_PATH=/convince_ws/install/bt_nodes/lib:/convince_ws/install/behaviortree_ros2/lib:/convince_ws/install/pyrobosim_msgs/lib:/convince_ws/install/overarching_msgs/lib:/convince_ws/install/btcpp_ros2_interfaces/lib:/convince_ws/install/bt_interfaces_dummy/lib:${LD_LIBRARY_PATH} PYTHONPATH=/convince_ws/install/pyrobosim_msgs/lib/python3.12/site-packages:/convince_ws/install/overarching_msgs/lib/python3.12/site-packages:/convince_ws/install/btcpp_ros2_interfaces/lib/python3.12/site-packages:/convince_ws/install/bt_interfaces_dummy/lib/python3.12/site-packages:${PYTHONPATH} /usr/bin/cmake --build /convince_ws/build/bt_executor -- -j20 -l20
[6.696s] Invoking command in '/convince_ws/build/bt_executor': AMENT_PREFIX_PATH=/convince_ws/install/bt_nodes:/convince_ws/install/behaviortree_ros2:/convince_ws/install/pyrobosim_msgs:/convince_ws/install/overarching_msgs:/convince_ws/install/btcpp_ros2_interfaces:/convince_ws/install/bt_interfaces_dummy:${AMENT_PREFIX_PATH} CMAKE_PREFIX_PATH=/convince_ws/install/bt_nodes:/convince_ws/install/behaviortree_ros2:/convince_ws/install/pyrobosim_msgs:/convince_ws/install/overarching_msgs:/convince_ws/install/btcpp_ros2_interfaces:/convince_ws/install/bt_interfaces_dummy:/opt/ros/jazzy LD_LIBRARY_PATH=/convince_ws/install/bt_nodes/lib:/convince_ws/install/behaviortree_ros2/lib:/convince_ws/install/pyrobosim_msgs/lib:/convince_ws/install/overarching_msgs/lib:/convince_ws/install/btcpp_ros2_interfaces/lib:/convince_ws/install/bt_interfaces_dummy/lib:${LD_LIBRARY_PATH} PYTHONPATH=/convince_ws/install/pyrobosim_msgs/lib/python3.12/site-packages:/convince_ws/install/overarching_msgs/lib/python3.12/site-packages:/convince_ws/install/btcpp_ros2_interfaces/lib/python3.12/site-packages:/convince_ws/install/bt_interfaces_dummy/lib/python3.12/site-packages:${PYTHONPATH} /usr/bin/cmake --install /convince_ws/build/bt_executor
[6.701s] -- Install configuration: ""
[6.702s] -- Execute custom install script
[6.702s] -- Up-to-date symlink: /convince_ws/install/bt_executor/share/bt_executor/trees/navigation_demo.xml
[6.702s] -- Up-to-date symlink: /convince_ws/install/bt_executor/share/bt_executor/trees/pyrobosim_btcpp_model.xml
[6.702s] -- Up-to-date symlink: /convince_ws/install/bt_executor/share/bt_executor/trees/roscon2024.btproj
[6.702s] -- Up-to-date symlink: /convince_ws/install/bt_executor/share/bt_executor/trees/solution/problem1.xml
[6.702s] -- Up-to-date symlink: /convince_ws/install/bt_executor/share/bt_executor/trees/solution/problem2.xml
[6.702s] -- Up-to-date symlink: /convince_ws/install/bt_executor/share/bt_executor/trees/solution/problem3.xml
[6.702s] -- Up-to-date symlink: /convince_ws/install/bt_executor/share/bt_executor/trees/solution/problem4.xml
[6.703s] -- Up-to-date symlink: /convince_ws/install/bt_executor/lib/bt_executor/btcpp_executor
[6.703s] -- Up-to-date symlink: /convince_ws/install/bt_executor/include//pyrobosim_btcpp/nodes/battery_nodes.hpp
[6.703s] -- Up-to-date symlink: /convince_ws/install/bt_executor/include//pyrobosim_btcpp/nodes/close_node.hpp
[6.703s] -- Up-to-date symlink: /convince_ws/install/bt_executor/include//pyrobosim_btcpp/nodes/detect_object_node.hpp
[6.703s] -- Up-to-date symlink: /convince_ws/install/bt_executor/include//pyrobosim_btcpp/nodes/execute_task_node.hpp
[6.703s] -- Up-to-date symlink: /convince_ws/install/bt_executor/include//pyrobosim_btcpp/nodes/get_current_location_node.hpp
[6.703s] -- Up-to-date symlink: /convince_ws/install/bt_executor/include//pyrobosim_btcpp/nodes/get_next_location_node.hpp
[6.703s] -- Up-to-date symlink: /convince_ws/install/bt_executor/include//pyrobosim_btcpp/nodes/navigate_node.hpp
[6.703s] -- Up-to-date symlink: /convince_ws/install/bt_executor/include//pyrobosim_btcpp/nodes/open_node.hpp
[6.703s] -- Up-to-date symlink: /convince_ws/install/bt_executor/include//pyrobosim_btcpp/nodes/pick_object_node.hpp
[6.703s] -- Up-to-date symlink: /convince_ws/install/bt_executor/include//pyrobosim_btcpp/nodes/place_object_node.hpp
[6.703s] -- Up-to-date symlink: /convince_ws/install/bt_executor/share/ament_index/resource_index/package_run_dependencies/bt_executor
[6.703s] -- Up-to-date symlink: /convince_ws/install/bt_executor/share/ament_index/resource_index/parent_prefix_path/bt_executor
[6.703s] -- Up-to-date symlink: /convince_ws/install/bt_executor/share/bt_executor/environment/ament_prefix_path.sh
[6.703s] -- Up-to-date symlink: /convince_ws/install/bt_executor/share/bt_executor/environment/ament_prefix_path.dsv
[6.703s] -- Up-to-date symlink: /convince_ws/install/bt_executor/share/bt_executor/environment/path.sh
[6.703s] -- Up-to-date symlink: /convince_ws/install/bt_executor/share/bt_executor/environment/path.dsv
[6.703s] -- Up-to-date symlink: /convince_ws/install/bt_executor/share/bt_executor/local_setup.bash
[6.703s] -- Up-to-date symlink: /convince_ws/install/bt_executor/share/bt_executor/local_setup.sh
[6.704s] -- Up-to-date symlink: /convince_ws/install/bt_executor/share/bt_executor/local_setup.zsh
[6.704s] -- Up-to-date symlink: /convince_ws/install/bt_executor/share/bt_executor/local_setup.dsv
[6.704s] -- Symlinking: /convince_ws/install/bt_executor/share/bt_executor/package.dsv
[6.708s] -- Up-to-date symlink: /convince_ws/install/bt_executor/share/ament_index/resource_index/packages/bt_executor
[6.708s] -- Up-to-date symlink: /convince_ws/install/bt_executor/share/bt_executor/cmake/ament_cmake_export_dependencies-extras.cmake
[6.708s] -- Up-to-date symlink: /convince_ws/install/bt_executor/share/bt_executor/cmake/ament_cmake_export_include_directories-extras.cmake
[6.708s] -- Up-to-date symlink: /convince_ws/install/bt_executor/share/bt_executor/cmake/bt_executorConfig.cmake
[6.708s] -- Up-to-date symlink: /convince_ws/install/bt_executor/share/bt_executor/cmake/bt_executorConfig-version.cmake
[6.709s] -- Up-to-date symlink: /convince_ws/install/bt_executor/share/bt_executor/package.xml
[6.710s] Invoked command in '/convince_ws/build/bt_executor' returned '0': AMENT_PREFIX_PATH=/convince_ws/install/bt_nodes:/convince_ws/install/behaviortree_ros2:/convince_ws/install/pyrobosim_msgs:/convince_ws/install/overarching_msgs:/convince_ws/install/btcpp_ros2_interfaces:/convince_ws/install/bt_interfaces_dummy:${AMENT_PREFIX_PATH} CMAKE_PREFIX_PATH=/convince_ws/install/bt_nodes:/convince_ws/install/behaviortree_ros2:/convince_ws/install/pyrobosim_msgs:/convince_ws/install/overarching_msgs:/convince_ws/install/btcpp_ros2_interfaces:/convince_ws/install/bt_interfaces_dummy:/opt/ros/jazzy LD_LIBRARY_PATH=/convince_ws/install/bt_nodes/lib:/convince_ws/install/behaviortree_ros2/lib:/convince_ws/install/pyrobosim_msgs/lib:/convince_ws/install/overarching_msgs/lib:/convince_ws/install/btcpp_ros2_interfaces/lib:/convince_ws/install/bt_interfaces_dummy/lib:${LD_LIBRARY_PATH} PYTHONPATH=/convince_ws/install/pyrobosim_msgs/lib/python3.12/site-packages:/convince_ws/install/overarching_msgs/lib/python3.12/site-packages:/convince_ws/install/btcpp_ros2_interfaces/lib/python3.12/site-packages:/convince_ws/install/bt_interfaces_dummy/lib/python3.12/site-packages:${PYTHONPATH} /usr/bin/cmake --install /convince_ws/build/bt_executor
