-- The C compiler identification is GNU 11.4.0
-- The CXX compiler identification is GNU 11.4.0
-- Detecting C compiler ABI info
-- Detecting C compiler ABI info - done
-- Check for working C compiler: /usr/bin/cc - skipped
-- Detecting C compile features
-- Detecting C compile features - done
-- Detecting CXX compiler ABI info
-- Detecting CXX compiler ABI info - done
-- Check for working CXX compiler: /usr/bin/c++ - skipped
-- Detecting CXX compile features
-- Detecting CXX compile features - done
-- Found ament_cmake: 2.0.7 (/opt/ros/iron/share/ament_cmake/cmake)
-- Found Python3: /usr/bin/python3.10 (found version "3.10.12") found components: Interpreter 
-- Found rosidl_default_generators: 1.5.0 (/opt/ros/iron/share/rosidl_default_generators/cmake)
-- Using all available rosidl_typesupport_c: rosidl_typesupport_fastrtps_c;rosidl_typesupport_introspection_c
-- Using all available rosidl_typesupport_cpp: rosidl_typesupport_fastrtps_cpp;rosidl_typesupport_introspection_cpp
-- Found rosidl_adapter: 4.0.1 (/opt/ros/iron/share/rosidl_adapter/cmake)
-- Found ament_cmake_ros: 0.11.2 (/opt/ros/iron/share/ament_cmake_ros/cmake)
-- Using all available rosidl_typesupport_c: rosidl_typesupport_fastrtps_c;rosidl_typesupport_introspection_c
-- Using all available rosidl_typesupport_cpp: rosidl_typesupport_fastrtps_cpp;rosidl_typesupport_introspection_cpp
-- Found PythonInterp: /usr/bin/python3 (found suitable version "3.10.12", minimum required is "3.6") 
-- Found python_cmake_module: 0.10.2 (/opt/ros/iron/share/python_cmake_module/cmake)
-- Found PythonLibs: /usr/lib/x86_64-linux-gnu/libpython3.10.so (found suitable version "3.10.12", minimum required is "3.5") 
-- Using PYTHON_EXECUTABLE: /usr/bin/python3
-- Using PYTHON_INCLUDE_DIRS: /usr/include/python3.10
-- Using PYTHON_LIBRARIES: /usr/lib/x86_64-linux-gnu/libpython3.10.so
-- Found PythonExtra: .so  
-- Found ament_lint_auto: 0.14.4 (/opt/ros/iron/share/ament_lint_auto/cmake)
-- Added test 'lint_cmake' to check CMake code style
-- Added test 'xmllint' to check XML markup files
-- Configuring done
-- Generating done
-- Build files have been written to: /home/ste/ws/hsp-iit/data-model/examples/UC3-museum-guide/high-level-models/build/bt_interfaces_dummy
[  1%] [34m[1mGenerating type hashes for ROS interfaces[0m
[  1%] Built target ament_cmake_python_copy_bt_interfaces_dummy
[  1%] Built target bt_interfaces_dummy__rosidl_generator_type_description
[  2%] [34m[1mGenerating C code for ROS interfaces[0m
[  4%] [34m[1mGenerating C++ code for ROS interfaces[0m
running egg_info
creating bt_interfaces_dummy.egg-info
writing bt_interfaces_dummy.egg-info/PKG-INFO
writing dependency_links to bt_interfaces_dummy.egg-info/dependency_links.txt
[  4%] Built target bt_interfaces_dummy__cpp
writing top-level names to bt_interfaces_dummy.egg-info/top_level.txt
writing manifest file 'bt_interfaces_dummy.egg-info/SOURCES.txt'
[  5%] [32mBuilding C object CMakeFiles/bt_interfaces_dummy__rosidl_generator_c.dir/rosidl_generator_c/bt_interfaces_dummy/srv/detail/tick_action__functions.c.o[0m
[  6%] [32mBuilding C object CMakeFiles/bt_interfaces_dummy__rosidl_generator_c.dir/rosidl_generator_c/bt_interfaces_dummy/srv/detail/tick_action__description.c.o[0m
[  9%] [32mBuilding C object CMakeFiles/bt_interfaces_dummy__rosidl_generator_c.dir/rosidl_generator_c/bt_interfaces_dummy/msg/detail/action_response__description.c.o[0m
[ 10%] [32mBuilding C object CMakeFiles/bt_interfaces_dummy__rosidl_generator_c.dir/rosidl_generator_c/bt_interfaces_dummy/srv/detail/tick_action__type_support.c.o[0m
[ 10%] [32mBuilding C object CMakeFiles/bt_interfaces_dummy__rosidl_generator_c.dir/rosidl_generator_c/bt_interfaces_dummy/msg/detail/action_response__type_support.c.o[0m
[ 12%] [32mBuilding C object CMakeFiles/bt_interfaces_dummy__rosidl_generator_c.dir/rosidl_generator_c/bt_interfaces_dummy/msg/detail/condition_response__description.c.o[0m
[ 13%] [32mBuilding C object CMakeFiles/bt_interfaces_dummy__rosidl_generator_c.dir/rosidl_generator_c/bt_interfaces_dummy/msg/detail/action_response__functions.c.o[0m
[ 14%] [32mBuilding C object CMakeFiles/bt_interfaces_dummy__rosidl_generator_c.dir/rosidl_generator_c/bt_interfaces_dummy/msg/detail/condition_response__type_support.c.o[0m
[ 16%] [32mBuilding C object CMakeFiles/bt_interfaces_dummy__rosidl_generator_c.dir/rosidl_generator_c/bt_interfaces_dummy/msg/detail/condition_response__functions.c.o[0m
[ 17%] [32mBuilding C object CMakeFiles/bt_interfaces_dummy__rosidl_generator_c.dir/rosidl_generator_c/bt_interfaces_dummy/srv/detail/halt_action__functions.c.o[0m
[ 18%] [32mBuilding C object CMakeFiles/bt_interfaces_dummy__rosidl_generator_c.dir/rosidl_generator_c/bt_interfaces_dummy/srv/detail/halt_action__description.c.o[0m
[ 20%] [32mBuilding C object CMakeFiles/bt_interfaces_dummy__rosidl_generator_c.dir/rosidl_generator_c/bt_interfaces_dummy/srv/detail/halt_action__type_support.c.o[0m
[ 21%] [32mBuilding C object CMakeFiles/bt_interfaces_dummy__rosidl_generator_c.dir/rosidl_generator_c/bt_interfaces_dummy/srv/detail/tick_condition__description.c.o[0m
[ 22%] [32mBuilding C object CMakeFiles/bt_interfaces_dummy__rosidl_generator_c.dir/rosidl_generator_c/bt_interfaces_dummy/srv/detail/tick_condition__functions.c.o[0m
[ 24%] [32mBuilding C object CMakeFiles/bt_interfaces_dummy__rosidl_generator_c.dir/rosidl_generator_c/bt_interfaces_dummy/srv/detail/tick_condition__type_support.c.o[0m
[ 25%] [32m[1mLinking C shared library libbt_interfaces_dummy__rosidl_generator_c.so[0m
reading manifest file 'bt_interfaces_dummy.egg-info/SOURCES.txt'
writing manifest file 'bt_interfaces_dummy.egg-info/SOURCES.txt'
[ 25%] Built target bt_interfaces_dummy__rosidl_generator_c
[ 27%] [34m[1mGenerating C++ type support dispatch for ROS interfaces[0m
[ 28%] [34m[1mGenerating C introspection for ROS interfaces[0m
[ 29%] [34m[1mGenerating C++ type support for eProsima Fast-RTPS[0m
[ 31%] [34m[1mGenerating C type support dispatch for ROS interfaces[0m
[ 32%] [34m[1mGenerating C type support for eProsima Fast-RTPS[0m
[ 33%] [34m[1mGenerating C++ introspection for ROS interfaces[0m
[ 33%] Built target ament_cmake_python_build_bt_interfaces_dummy_egg
[ 35%] [32mBuilding C object CMakeFiles/bt_interfaces_dummy__rosidl_typesupport_introspection_c.dir/rosidl_typesupport_introspection_c/bt_interfaces_dummy/srv/detail/tick_action__type_support.c.o[0m
[ 36%] [32mBuilding C object CMakeFiles/bt_interfaces_dummy__rosidl_typesupport_introspection_c.dir/rosidl_typesupport_introspection_c/bt_interfaces_dummy/msg/detail/condition_response__type_support.c.o[0m
[ 37%] [32mBuilding C object CMakeFiles/bt_interfaces_dummy__rosidl_typesupport_introspection_c.dir/rosidl_typesupport_introspection_c/bt_interfaces_dummy/srv/detail/halt_action__type_support.c.o[0m
[ 39%] [32mBuilding C object CMakeFiles/bt_interfaces_dummy__rosidl_typesupport_introspection_c.dir/rosidl_typesupport_introspection_c/bt_interfaces_dummy/msg/detail/action_response__type_support.c.o[0m
[ 40%] [32mBuilding C object CMakeFiles/bt_interfaces_dummy__rosidl_typesupport_introspection_c.dir/rosidl_typesupport_introspection_c/bt_interfaces_dummy/srv/detail/tick_condition__type_support.c.o[0m
[ 41%] [32m[1mLinking C shared library libbt_interfaces_dummy__rosidl_typesupport_introspection_c.so[0m
[ 41%] Built target bt_interfaces_dummy__rosidl_typesupport_introspection_c
[ 44%] [32mBuilding CXX object CMakeFiles/bt_interfaces_dummy__rosidl_typesupport_cpp.dir/rosidl_typesupport_cpp/bt_interfaces_dummy/msg/action_response__type_support.cpp.o[0m
[ 44%] [32mBuilding CXX object CMakeFiles/bt_interfaces_dummy__rosidl_typesupport_cpp.dir/rosidl_typesupport_cpp/bt_interfaces_dummy/srv/halt_action__type_support.cpp.o[0m
[ 45%] [32mBuilding CXX object CMakeFiles/bt_interfaces_dummy__rosidl_typesupport_cpp.dir/rosidl_typesupport_cpp/bt_interfaces_dummy/msg/condition_response__type_support.cpp.o[0m
[ 47%] [32mBuilding CXX object CMakeFiles/bt_interfaces_dummy__rosidl_typesupport_cpp.dir/rosidl_typesupport_cpp/bt_interfaces_dummy/srv/tick_action__type_support.cpp.o[0m
[ 48%] [32mBuilding CXX object CMakeFiles/bt_interfaces_dummy__rosidl_typesupport_cpp.dir/rosidl_typesupport_cpp/bt_interfaces_dummy/srv/tick_condition__type_support.cpp.o[0m
[ 50%] [32mBuilding CXX object CMakeFiles/bt_interfaces_dummy__rosidl_typesupport_c.dir/rosidl_typesupport_c/bt_interfaces_dummy/srv/tick_action__type_support.cpp.o[0m
[ 51%] [32mBuilding CXX object CMakeFiles/bt_interfaces_dummy__rosidl_typesupport_c.dir/rosidl_typesupport_c/bt_interfaces_dummy/msg/action_response__type_support.cpp.o[0m
[ 52%] [32mBuilding CXX object CMakeFiles/bt_interfaces_dummy__rosidl_typesupport_c.dir/rosidl_typesupport_c/bt_interfaces_dummy/msg/condition_response__type_support.cpp.o[0m
[ 54%] [32mBuilding CXX object CMakeFiles/bt_interfaces_dummy__rosidl_typesupport_c.dir/rosidl_typesupport_c/bt_interfaces_dummy/srv/halt_action__type_support.cpp.o[0m
[ 55%] [32mBuilding CXX object CMakeFiles/bt_interfaces_dummy__rosidl_typesupport_c.dir/rosidl_typesupport_c/bt_interfaces_dummy/srv/tick_condition__type_support.cpp.o[0m
[ 56%] [32m[1mLinking CXX shared library libbt_interfaces_dummy__rosidl_typesupport_c.so[0m
[ 58%] [32mBuilding CXX object CMakeFiles/bt_interfaces_dummy__rosidl_typesupport_introspection_cpp.dir/rosidl_typesupport_introspection_cpp/bt_interfaces_dummy/srv/detail/tick_action__type_support.cpp.o[0m
[ 59%] [32mBuilding CXX object CMakeFiles/bt_interfaces_dummy__rosidl_typesupport_introspection_cpp.dir/rosidl_typesupport_introspection_cpp/bt_interfaces_dummy/msg/detail/action_response__type_support.cpp.o[0m
[ 60%] [32mBuilding CXX object CMakeFiles/bt_interfaces_dummy__rosidl_typesupport_introspection_cpp.dir/rosidl_typesupport_introspection_cpp/bt_interfaces_dummy/srv/detail/halt_action__type_support.cpp.o[0m
[ 62%] [32mBuilding CXX object CMakeFiles/bt_interfaces_dummy__rosidl_typesupport_introspection_cpp.dir/rosidl_typesupport_introspection_cpp/bt_interfaces_dummy/msg/detail/condition_response__type_support.cpp.o[0m
[ 62%] Built target bt_interfaces_dummy__rosidl_typesupport_c
[ 63%] [32mBuilding CXX object CMakeFiles/bt_interfaces_dummy__rosidl_typesupport_introspection_cpp.dir/rosidl_typesupport_introspection_cpp/bt_interfaces_dummy/srv/detail/tick_condition__type_support.cpp.o[0m
[ 64%] [32mBuilding CXX object CMakeFiles/bt_interfaces_dummy__rosidl_typesupport_fastrtps_c.dir/rosidl_typesupport_fastrtps_c/bt_interfaces_dummy/srv/detail/tick_action__type_support_c.cpp.o[0m
[ 66%] [32mBuilding CXX object CMakeFiles/bt_interfaces_dummy__rosidl_typesupport_fastrtps_c.dir/rosidl_typesupport_fastrtps_c/bt_interfaces_dummy/msg/detail/action_response__type_support_c.cpp.o[0m
[ 67%] [32mBuilding CXX object CMakeFiles/bt_interfaces_dummy__rosidl_typesupport_fastrtps_cpp.dir/rosidl_typesupport_fastrtps_cpp/bt_interfaces_dummy/srv/detail/dds_fastrtps/tick_action__type_support.cpp.o[0m
[ 68%] [32mBuilding CXX object CMakeFiles/bt_interfaces_dummy__rosidl_typesupport_fastrtps_cpp.dir/rosidl_typesupport_fastrtps_cpp/bt_interfaces_dummy/msg/detail/dds_fastrtps/action_response__type_support.cpp.o[0m
[ 70%] [32mBuilding CXX object CMakeFiles/bt_interfaces_dummy__rosidl_typesupport_fastrtps_cpp.dir/rosidl_typesupport_fastrtps_cpp/bt_interfaces_dummy/msg/detail/dds_fastrtps/condition_response__type_support.cpp.o[0m
[ 71%] [32mBuilding CXX object CMakeFiles/bt_interfaces_dummy__rosidl_typesupport_fastrtps_cpp.dir/rosidl_typesupport_fastrtps_cpp/bt_interfaces_dummy/srv/detail/dds_fastrtps/halt_action__type_support.cpp.o[0m
[ 72%] [32mBuilding CXX object CMakeFiles/bt_interfaces_dummy__rosidl_typesupport_fastrtps_c.dir/rosidl_typesupport_fastrtps_c/bt_interfaces_dummy/msg/detail/condition_response__type_support_c.cpp.o[0m
[ 74%] [32mBuilding CXX object CMakeFiles/bt_interfaces_dummy__rosidl_typesupport_fastrtps_cpp.dir/rosidl_typesupport_fastrtps_cpp/bt_interfaces_dummy/srv/detail/dds_fastrtps/tick_condition__type_support.cpp.o[0m
[ 75%] [32m[1mLinking CXX shared library libbt_interfaces_dummy__rosidl_typesupport_cpp.so[0m
[ 77%] [32mBuilding CXX object CMakeFiles/bt_interfaces_dummy__rosidl_typesupport_fastrtps_c.dir/rosidl_typesupport_fastrtps_c/bt_interfaces_dummy/srv/detail/halt_action__type_support_c.cpp.o[0m
[ 78%] [32mBuilding CXX object CMakeFiles/bt_interfaces_dummy__rosidl_typesupport_fastrtps_c.dir/rosidl_typesupport_fastrtps_c/bt_interfaces_dummy/srv/detail/tick_condition__type_support_c.cpp.o[0m
[ 79%] [32m[1mLinking CXX shared library libbt_interfaces_dummy__rosidl_typesupport_introspection_cpp.so[0m
[ 79%] Built target bt_interfaces_dummy__rosidl_typesupport_cpp
[ 79%] Built target bt_interfaces_dummy__rosidl_typesupport_introspection_cpp
[ 81%] [32m[1mLinking CXX shared library libbt_interfaces_dummy__rosidl_typesupport_fastrtps_c.so[0m
[ 81%] Built target bt_interfaces_dummy__rosidl_typesupport_fastrtps_c
[ 82%] [32m[1mLinking CXX shared library libbt_interfaces_dummy__rosidl_typesupport_fastrtps_cpp.so[0m
[ 82%] Built target bt_interfaces_dummy__rosidl_typesupport_fastrtps_cpp
[ 82%] Built target bt_interfaces_dummy
[ 83%] [34m[1mGenerating Python code for ROS interfaces[0m
[ 83%] Built target bt_interfaces_dummy__py
[ 85%] [32mBuilding C object CMakeFiles/bt_interfaces_dummy__rosidl_generator_py.dir/rosidl_generator_py/bt_interfaces_dummy/srv/_tick_action_s.c.o[0m
[ 86%] [32mBuilding C object CMakeFiles/bt_interfaces_dummy__rosidl_generator_py.dir/rosidl_generator_py/bt_interfaces_dummy/msg/_action_response_s.c.o[0m
[ 87%] [32mBuilding C object CMakeFiles/bt_interfaces_dummy__rosidl_generator_py.dir/rosidl_generator_py/bt_interfaces_dummy/srv/_tick_condition_s.c.o[0m
[ 89%] [32mBuilding C object CMakeFiles/bt_interfaces_dummy__rosidl_generator_py.dir/rosidl_generator_py/bt_interfaces_dummy/srv/_halt_action_s.c.o[0m
[ 90%] [32mBuilding C object CMakeFiles/bt_interfaces_dummy__rosidl_generator_py.dir/rosidl_generator_py/bt_interfaces_dummy/msg/_condition_response_s.c.o[0m
[ 91%] [32m[1mLinking C shared library rosidl_generator_py/bt_interfaces_dummy/libbt_interfaces_dummy__rosidl_generator_py.so[0m
[ 91%] Built target bt_interfaces_dummy__rosidl_generator_py
[ 94%] [32mBuilding C object CMakeFiles/bt_interfaces_dummy__rosidl_typesupport_introspection_c__pyext.dir/rosidl_generator_py/bt_interfaces_dummy/_bt_interfaces_dummy_s.ep.rosidl_typesupport_introspection_c.c.o[0m
[ 94%] [32mBuilding C object CMakeFiles/bt_interfaces_dummy__rosidl_typesupport_fastrtps_c__pyext.dir/rosidl_generator_py/bt_interfaces_dummy/_bt_interfaces_dummy_s.ep.rosidl_typesupport_fastrtps_c.c.o[0m
[ 95%] [32m[1mLinking C shared library rosidl_generator_py/bt_interfaces_dummy/bt_interfaces_dummy_s__rosidl_typesupport_fastrtps_c.cpython-310-x86_64-linux-gnu.so[0m
[ 97%] [32m[1mLinking C shared library rosidl_generator_py/bt_interfaces_dummy/bt_interfaces_dummy_s__rosidl_typesupport_introspection_c.cpython-310-x86_64-linux-gnu.so[0m
[ 97%] Built target bt_interfaces_dummy__rosidl_typesupport_fastrtps_c__pyext
[ 97%] Built target bt_interfaces_dummy__rosidl_typesupport_introspection_c__pyext
[ 98%] [32mBuilding C object CMakeFiles/bt_interfaces_dummy__rosidl_typesupport_c__pyext.dir/rosidl_generator_py/bt_interfaces_dummy/_bt_interfaces_dummy_s.ep.rosidl_typesupport_c.c.o[0m
[100%] [32m[1mLinking C shared library rosidl_generator_py/bt_interfaces_dummy/bt_interfaces_dummy_s__rosidl_typesupport_c.cpython-310-x86_64-linux-gnu.so[0m
[100%] Built target bt_interfaces_dummy__rosidl_typesupport_c__pyext
-- Install configuration: ""
-- Installing: /home/ste/ws/hsp-iit/data-model/examples/UC3-museum-guide/high-level-models/install/bt_interfaces_dummy/share/ament_index/resource_index/rosidl_interfaces/bt_interfaces_dummy
-- Installing: /home/ste/ws/hsp-iit/data-model/examples/UC3-museum-guide/high-level-models/install/bt_interfaces_dummy/share/bt_interfaces_dummy/srv/TickAction.json
-- Installing: /home/ste/ws/hsp-iit/data-model/examples/UC3-museum-guide/high-level-models/install/bt_interfaces_dummy/share/bt_interfaces_dummy/msg/ActionResponse.json
-- Installing: /home/ste/ws/hsp-iit/data-model/examples/UC3-museum-guide/high-level-models/install/bt_interfaces_dummy/share/bt_interfaces_dummy/msg/ConditionResponse.json
-- Installing: /home/ste/ws/hsp-iit/data-model/examples/UC3-museum-guide/high-level-models/install/bt_interfaces_dummy/share/bt_interfaces_dummy/srv/HaltAction.json
-- Installing: /home/ste/ws/hsp-iit/data-model/examples/UC3-museum-guide/high-level-models/install/bt_interfaces_dummy/share/bt_interfaces_dummy/srv/TickCondition.json
-- Installing: /home/ste/ws/hsp-iit/data-model/examples/UC3-museum-guide/high-level-models/install/bt_interfaces_dummy/include/bt_interfaces_dummy/bt_interfaces_dummy
-- Installing: /home/ste/ws/hsp-iit/data-model/examples/UC3-museum-guide/high-level-models/install/bt_interfaces_dummy/include/bt_interfaces_dummy/bt_interfaces_dummy/srv
-- Installing: /home/ste/ws/hsp-iit/data-model/examples/UC3-museum-guide/high-level-models/install/bt_interfaces_dummy/include/bt_interfaces_dummy/bt_interfaces_dummy/srv/tick_condition.h
-- Installing: /home/ste/ws/hsp-iit/data-model/examples/UC3-museum-guide/high-level-models/install/bt_interfaces_dummy/include/bt_interfaces_dummy/bt_interfaces_dummy/srv/detail
-- Installing: /home/ste/ws/hsp-iit/data-model/examples/UC3-museum-guide/high-level-models/install/bt_interfaces_dummy/include/bt_interfaces_dummy/bt_interfaces_dummy/srv/detail/tick_action__type_support.h
-- Installing: /home/ste/ws/hsp-iit/data-model/examples/UC3-museum-guide/high-level-models/install/bt_interfaces_dummy/include/bt_interfaces_dummy/bt_interfaces_dummy/srv/detail/halt_action__type_support.c
-- Installing: /home/ste/ws/hsp-iit/data-model/examples/UC3-museum-guide/high-level-models/install/bt_interfaces_dummy/include/bt_interfaces_dummy/bt_interfaces_dummy/srv/detail/halt_action__functions.h
-- Installing: /home/ste/ws/hsp-iit/data-model/examples/UC3-museum-guide/high-level-models/install/bt_interfaces_dummy/include/bt_interfaces_dummy/bt_interfaces_dummy/srv/detail/tick_condition__functions.h
-- Installing: /home/ste/ws/hsp-iit/data-model/examples/UC3-museum-guide/high-level-models/install/bt_interfaces_dummy/include/bt_interfaces_dummy/bt_interfaces_dummy/srv/detail/tick_action__functions.h
-- Installing: /home/ste/ws/hsp-iit/data-model/examples/UC3-museum-guide/high-level-models/install/bt_interfaces_dummy/include/bt_interfaces_dummy/bt_interfaces_dummy/srv/detail/halt_action__type_support.h
-- Installing: /home/ste/ws/hsp-iit/data-model/examples/UC3-museum-guide/high-level-models/install/bt_interfaces_dummy/include/bt_interfaces_dummy/bt_interfaces_dummy/srv/detail/halt_action__functions.c
-- Installing: /home/ste/ws/hsp-iit/data-model/examples/UC3-museum-guide/high-level-models/install/bt_interfaces_dummy/include/bt_interfaces_dummy/bt_interfaces_dummy/srv/detail/halt_action__description.c
-- Installing: /home/ste/ws/hsp-iit/data-model/examples/UC3-museum-guide/high-level-models/install/bt_interfaces_dummy/include/bt_interfaces_dummy/bt_interfaces_dummy/srv/detail/tick_action__struct.h
-- Installing: /home/ste/ws/hsp-iit/data-model/examples/UC3-museum-guide/high-level-models/install/bt_interfaces_dummy/include/bt_interfaces_dummy/bt_interfaces_dummy/srv/detail/halt_action__struct.h
-- Installing: /home/ste/ws/hsp-iit/data-model/examples/UC3-museum-guide/high-level-models/install/bt_interfaces_dummy/include/bt_interfaces_dummy/bt_interfaces_dummy/srv/detail/tick_condition__description.c
-- Installing: /home/ste/ws/hsp-iit/data-model/examples/UC3-museum-guide/high-level-models/install/bt_interfaces_dummy/include/bt_interfaces_dummy/bt_interfaces_dummy/srv/detail/tick_condition__type_support.h
-- Installing: /home/ste/ws/hsp-iit/data-model/examples/UC3-museum-guide/high-level-models/install/bt_interfaces_dummy/include/bt_interfaces_dummy/bt_interfaces_dummy/srv/detail/tick_condition__functions.c
-- Installing: /home/ste/ws/hsp-iit/data-model/examples/UC3-museum-guide/high-level-models/install/bt_interfaces_dummy/include/bt_interfaces_dummy/bt_interfaces_dummy/srv/detail/tick_action__description.c
-- Installing: /home/ste/ws/hsp-iit/data-model/examples/UC3-museum-guide/high-level-models/install/bt_interfaces_dummy/include/bt_interfaces_dummy/bt_interfaces_dummy/srv/detail/tick_action__type_support.c
-- Installing: /home/ste/ws/hsp-iit/data-model/examples/UC3-museum-guide/high-level-models/install/bt_interfaces_dummy/include/bt_interfaces_dummy/bt_interfaces_dummy/srv/detail/tick_condition__type_support.c
-- Installing: /home/ste/ws/hsp-iit/data-model/examples/UC3-museum-guide/high-level-models/install/bt_interfaces_dummy/include/bt_interfaces_dummy/bt_interfaces_dummy/srv/detail/tick_condition__struct.h
-- Installing: /home/ste/ws/hsp-iit/data-model/examples/UC3-museum-guide/high-level-models/install/bt_interfaces_dummy/include/bt_interfaces_dummy/bt_interfaces_dummy/srv/detail/tick_action__functions.c
-- Installing: /home/ste/ws/hsp-iit/data-model/examples/UC3-museum-guide/high-level-models/install/bt_interfaces_dummy/include/bt_interfaces_dummy/bt_interfaces_dummy/srv/tick_action.h
-- Installing: /home/ste/ws/hsp-iit/data-model/examples/UC3-museum-guide/high-level-models/install/bt_interfaces_dummy/include/bt_interfaces_dummy/bt_interfaces_dummy/srv/halt_action.h
-- Installing: /home/ste/ws/hsp-iit/data-model/examples/UC3-museum-guide/high-level-models/install/bt_interfaces_dummy/include/bt_interfaces_dummy/bt_interfaces_dummy/msg
-- Installing: /home/ste/ws/hsp-iit/data-model/examples/UC3-museum-guide/high-level-models/install/bt_interfaces_dummy/include/bt_interfaces_dummy/bt_interfaces_dummy/msg/detail
-- Installing: /home/ste/ws/hsp-iit/data-model/examples/UC3-museum-guide/high-level-models/install/bt_interfaces_dummy/include/bt_interfaces_dummy/bt_interfaces_dummy/msg/detail/condition_response__struct.h
-- Installing: /home/ste/ws/hsp-iit/data-model/examples/UC3-museum-guide/high-level-models/install/bt_interfaces_dummy/include/bt_interfaces_dummy/bt_interfaces_dummy/msg/detail/action_response__type_support.h
-- Installing: /home/ste/ws/hsp-iit/data-model/examples/UC3-museum-guide/high-level-models/install/bt_interfaces_dummy/include/bt_interfaces_dummy/bt_interfaces_dummy/msg/detail/condition_response__description.c
-- Installing: /home/ste/ws/hsp-iit/data-model/examples/UC3-museum-guide/high-level-models/install/bt_interfaces_dummy/include/bt_interfaces_dummy/bt_interfaces_dummy/msg/detail/action_response__struct.h
-- Installing: /home/ste/ws/hsp-iit/data-model/examples/UC3-museum-guide/high-level-models/install/bt_interfaces_dummy/include/bt_interfaces_dummy/bt_interfaces_dummy/msg/detail/condition_response__functions.c
-- Installing: /home/ste/ws/hsp-iit/data-model/examples/UC3-museum-guide/high-level-models/install/bt_interfaces_dummy/include/bt_interfaces_dummy/bt_interfaces_dummy/msg/detail/condition_response__type_support.h
-- Installing: /home/ste/ws/hsp-iit/data-model/examples/UC3-museum-guide/high-level-models/install/bt_interfaces_dummy/include/bt_interfaces_dummy/bt_interfaces_dummy/msg/detail/condition_response__functions.h
-- Installing: /home/ste/ws/hsp-iit/data-model/examples/UC3-museum-guide/high-level-models/install/bt_interfaces_dummy/include/bt_interfaces_dummy/bt_interfaces_dummy/msg/detail/action_response__functions.h
-- Installing: /home/ste/ws/hsp-iit/data-model/examples/UC3-museum-guide/high-level-models/install/bt_interfaces_dummy/include/bt_interfaces_dummy/bt_interfaces_dummy/msg/detail/action_response__functions.c
-- Installing: /home/ste/ws/hsp-iit/data-model/examples/UC3-museum-guide/high-level-models/install/bt_interfaces_dummy/include/bt_interfaces_dummy/bt_interfaces_dummy/msg/detail/action_response__type_support.c
-- Installing: /home/ste/ws/hsp-iit/data-model/examples/UC3-museum-guide/high-level-models/install/bt_interfaces_dummy/include/bt_interfaces_dummy/bt_interfaces_dummy/msg/detail/action_response__description.c
-- Installing: /home/ste/ws/hsp-iit/data-model/examples/UC3-museum-guide/high-level-models/install/bt_interfaces_dummy/include/bt_interfaces_dummy/bt_interfaces_dummy/msg/detail/condition_response__type_support.c
-- Installing: /home/ste/ws/hsp-iit/data-model/examples/UC3-museum-guide/high-level-models/install/bt_interfaces_dummy/include/bt_interfaces_dummy/bt_interfaces_dummy/msg/rosidl_generator_c__visibility_control.h
-- Installing: /home/ste/ws/hsp-iit/data-model/examples/UC3-museum-guide/high-level-models/install/bt_interfaces_dummy/include/bt_interfaces_dummy/bt_interfaces_dummy/msg/action_response.h
-- Installing: /home/ste/ws/hsp-iit/data-model/examples/UC3-museum-guide/high-level-models/install/bt_interfaces_dummy/include/bt_interfaces_dummy/bt_interfaces_dummy/msg/condition_response.h
-- Installing: /home/ste/ws/hsp-iit/data-model/examples/UC3-museum-guide/high-level-models/install/bt_interfaces_dummy/share/bt_interfaces_dummy/environment/library_path.sh
-- Installing: /home/ste/ws/hsp-iit/data-model/examples/UC3-museum-guide/high-level-models/install/bt_interfaces_dummy/share/bt_interfaces_dummy/environment/library_path.dsv
-- Installing: /home/ste/ws/hsp-iit/data-model/examples/UC3-museum-guide/high-level-models/install/bt_interfaces_dummy/lib/libbt_interfaces_dummy__rosidl_generator_c.so
-- Set runtime path of "/home/ste/ws/hsp-iit/data-model/examples/UC3-museum-guide/high-level-models/install/bt_interfaces_dummy/lib/libbt_interfaces_dummy__rosidl_generator_c.so" to ""
-- Up-to-date: /home/ste/ws/hsp-iit/data-model/examples/UC3-museum-guide/high-level-models/install/bt_interfaces_dummy/include/bt_interfaces_dummy/bt_interfaces_dummy
-- Up-to-date: /home/ste/ws/hsp-iit/data-model/examples/UC3-museum-guide/high-level-models/install/bt_interfaces_dummy/include/bt_interfaces_dummy/bt_interfaces_dummy/srv
-- Up-to-date: /home/ste/ws/hsp-iit/data-model/examples/UC3-museum-guide/high-level-models/install/bt_interfaces_dummy/include/bt_interfaces_dummy/bt_interfaces_dummy/srv/detail
-- Installing: /home/ste/ws/hsp-iit/data-model/examples/UC3-museum-guide/high-level-models/install/bt_interfaces_dummy/include/bt_interfaces_dummy/bt_interfaces_dummy/srv/detail/halt_action__rosidl_typesupport_fastrtps_c.h
-- Installing: /home/ste/ws/hsp-iit/data-model/examples/UC3-museum-guide/high-level-models/install/bt_interfaces_dummy/include/bt_interfaces_dummy/bt_interfaces_dummy/srv/detail/tick_action__rosidl_typesupport_fastrtps_c.h
-- Installing: /home/ste/ws/hsp-iit/data-model/examples/UC3-museum-guide/high-level-models/install/bt_interfaces_dummy/include/bt_interfaces_dummy/bt_interfaces_dummy/srv/detail/tick_condition__rosidl_typesupport_fastrtps_c.h
-- Up-to-date: /home/ste/ws/hsp-iit/data-model/examples/UC3-museum-guide/high-level-models/install/bt_interfaces_dummy/include/bt_interfaces_dummy/bt_interfaces_dummy/msg
-- Up-to-date: /home/ste/ws/hsp-iit/data-model/examples/UC3-museum-guide/high-level-models/install/bt_interfaces_dummy/include/bt_interfaces_dummy/bt_interfaces_dummy/msg/detail
-- Installing: /home/ste/ws/hsp-iit/data-model/examples/UC3-museum-guide/high-level-models/install/bt_interfaces_dummy/include/bt_interfaces_dummy/bt_interfaces_dummy/msg/detail/action_response__rosidl_typesupport_fastrtps_c.h
-- Installing: /home/ste/ws/hsp-iit/data-model/examples/UC3-museum-guide/high-level-models/install/bt_interfaces_dummy/include/bt_interfaces_dummy/bt_interfaces_dummy/msg/detail/condition_response__rosidl_typesupport_fastrtps_c.h
-- Installing: /home/ste/ws/hsp-iit/data-model/examples/UC3-museum-guide/high-level-models/install/bt_interfaces_dummy/include/bt_interfaces_dummy/bt_interfaces_dummy/msg/rosidl_typesupport_fastrtps_c__visibility_control.h
-- Installing: /home/ste/ws/hsp-iit/data-model/examples/UC3-museum-guide/high-level-models/install/bt_interfaces_dummy/lib/libbt_interfaces_dummy__rosidl_typesupport_fastrtps_c.so
-- Set runtime path of "/home/ste/ws/hsp-iit/data-model/examples/UC3-museum-guide/high-level-models/install/bt_interfaces_dummy/lib/libbt_interfaces_dummy__rosidl_typesupport_fastrtps_c.so" to ""
-- Up-to-date: /home/ste/ws/hsp-iit/data-model/examples/UC3-museum-guide/high-level-models/install/bt_interfaces_dummy/include/bt_interfaces_dummy/bt_interfaces_dummy
-- Up-to-date: /home/ste/ws/hsp-iit/data-model/examples/UC3-museum-guide/high-level-models/install/bt_interfaces_dummy/include/bt_interfaces_dummy/bt_interfaces_dummy/srv
-- Up-to-date: /home/ste/ws/hsp-iit/data-model/examples/UC3-museum-guide/high-level-models/install/bt_interfaces_dummy/include/bt_interfaces_dummy/bt_interfaces_dummy/srv/detail
-- Installing: /home/ste/ws/hsp-iit/data-model/examples/UC3-museum-guide/high-level-models/install/bt_interfaces_dummy/include/bt_interfaces_dummy/bt_interfaces_dummy/srv/detail/halt_action__type_support.c
-- Installing: /home/ste/ws/hsp-iit/data-model/examples/UC3-museum-guide/high-level-models/install/bt_interfaces_dummy/include/bt_interfaces_dummy/bt_interfaces_dummy/srv/detail/halt_action__rosidl_typesupport_introspection_c.h
-- Installing: /home/ste/ws/hsp-iit/data-model/examples/UC3-museum-guide/high-level-models/install/bt_interfaces_dummy/include/bt_interfaces_dummy/bt_interfaces_dummy/srv/detail/tick_action__type_support.c
-- Installing: /home/ste/ws/hsp-iit/data-model/examples/UC3-museum-guide/high-level-models/install/bt_interfaces_dummy/include/bt_interfaces_dummy/bt_interfaces_dummy/srv/detail/tick_condition__type_support.c
-- Installing: /home/ste/ws/hsp-iit/data-model/examples/UC3-museum-guide/high-level-models/install/bt_interfaces_dummy/include/bt_interfaces_dummy/bt_interfaces_dummy/srv/detail/tick_condition__rosidl_typesupport_introspection_c.h
-- Installing: /home/ste/ws/hsp-iit/data-model/examples/UC3-museum-guide/high-level-models/install/bt_interfaces_dummy/include/bt_interfaces_dummy/bt_interfaces_dummy/srv/detail/tick_action__rosidl_typesupport_introspection_c.h
-- Up-to-date: /home/ste/ws/hsp-iit/data-model/examples/UC3-museum-guide/high-level-models/install/bt_interfaces_dummy/include/bt_interfaces_dummy/bt_interfaces_dummy/msg
-- Up-to-date: /home/ste/ws/hsp-iit/data-model/examples/UC3-museum-guide/high-level-models/install/bt_interfaces_dummy/include/bt_interfaces_dummy/bt_interfaces_dummy/msg/detail
-- Installing: /home/ste/ws/hsp-iit/data-model/examples/UC3-museum-guide/high-level-models/install/bt_interfaces_dummy/include/bt_interfaces_dummy/bt_interfaces_dummy/msg/detail/condition_response__rosidl_typesupport_introspection_c.h
-- Installing: /home/ste/ws/hsp-iit/data-model/examples/UC3-museum-guide/high-level-models/install/bt_interfaces_dummy/include/bt_interfaces_dummy/bt_interfaces_dummy/msg/detail/action_response__type_support.c
-- Installing: /home/ste/ws/hsp-iit/data-model/examples/UC3-museum-guide/high-level-models/install/bt_interfaces_dummy/include/bt_interfaces_dummy/bt_interfaces_dummy/msg/detail/condition_response__type_support.c
-- Installing: /home/ste/ws/hsp-iit/data-model/examples/UC3-museum-guide/high-level-models/install/bt_interfaces_dummy/include/bt_interfaces_dummy/bt_interfaces_dummy/msg/detail/action_response__rosidl_typesupport_introspection_c.h
-- Installing: /home/ste/ws/hsp-iit/data-model/examples/UC3-museum-guide/high-level-models/install/bt_interfaces_dummy/include/bt_interfaces_dummy/bt_interfaces_dummy/msg/rosidl_typesupport_introspection_c__visibility_control.h
-- Installing: /home/ste/ws/hsp-iit/data-model/examples/UC3-museum-guide/high-level-models/install/bt_interfaces_dummy/lib/libbt_interfaces_dummy__rosidl_typesupport_introspection_c.so
-- Set runtime path of "/home/ste/ws/hsp-iit/data-model/examples/UC3-museum-guide/high-level-models/install/bt_interfaces_dummy/lib/libbt_interfaces_dummy__rosidl_typesupport_introspection_c.so" to ""
-- Installing: /home/ste/ws/hsp-iit/data-model/examples/UC3-museum-guide/high-level-models/install/bt_interfaces_dummy/lib/libbt_interfaces_dummy__rosidl_typesupport_c.so
-- Set runtime path of "/home/ste/ws/hsp-iit/data-model/examples/UC3-museum-guide/high-level-models/install/bt_interfaces_dummy/lib/libbt_interfaces_dummy__rosidl_typesupport_c.so" to ""
-- Up-to-date: /home/ste/ws/hsp-iit/data-model/examples/UC3-museum-guide/high-level-models/install/bt_interfaces_dummy/include/bt_interfaces_dummy/bt_interfaces_dummy
-- Up-to-date: /home/ste/ws/hsp-iit/data-model/examples/UC3-museum-guide/high-level-models/install/bt_interfaces_dummy/include/bt_interfaces_dummy/bt_interfaces_dummy/srv
-- Installing: /home/ste/ws/hsp-iit/data-model/examples/UC3-museum-guide/high-level-models/install/bt_interfaces_dummy/include/bt_interfaces_dummy/bt_interfaces_dummy/srv/tick_condition.hpp
-- Installing: /home/ste/ws/hsp-iit/data-model/examples/UC3-museum-guide/high-level-models/install/bt_interfaces_dummy/include/bt_interfaces_dummy/bt_interfaces_dummy/srv/tick_action.hpp
-- Up-to-date: /home/ste/ws/hsp-iit/data-model/examples/UC3-museum-guide/high-level-models/install/bt_interfaces_dummy/include/bt_interfaces_dummy/bt_interfaces_dummy/srv/detail
-- Installing: /home/ste/ws/hsp-iit/data-model/examples/UC3-museum-guide/high-level-models/install/bt_interfaces_dummy/include/bt_interfaces_dummy/bt_interfaces_dummy/srv/detail/tick_condition__builder.hpp
-- Installing: /home/ste/ws/hsp-iit/data-model/examples/UC3-museum-guide/high-level-models/install/bt_interfaces_dummy/include/bt_interfaces_dummy/bt_interfaces_dummy/srv/detail/halt_action__struct.hpp
-- Installing: /home/ste/ws/hsp-iit/data-model/examples/UC3-museum-guide/high-level-models/install/bt_interfaces_dummy/include/bt_interfaces_dummy/bt_interfaces_dummy/srv/detail/tick_condition__struct.hpp
-- Installing: /home/ste/ws/hsp-iit/data-model/examples/UC3-museum-guide/high-level-models/install/bt_interfaces_dummy/include/bt_interfaces_dummy/bt_interfaces_dummy/srv/detail/halt_action__builder.hpp
-- Installing: /home/ste/ws/hsp-iit/data-model/examples/UC3-museum-guide/high-level-models/install/bt_interfaces_dummy/include/bt_interfaces_dummy/bt_interfaces_dummy/srv/detail/tick_action__struct.hpp
-- Installing: /home/ste/ws/hsp-iit/data-model/examples/UC3-museum-guide/high-level-models/install/bt_interfaces_dummy/include/bt_interfaces_dummy/bt_interfaces_dummy/srv/detail/tick_action__builder.hpp
-- Installing: /home/ste/ws/hsp-iit/data-model/examples/UC3-museum-guide/high-level-models/install/bt_interfaces_dummy/include/bt_interfaces_dummy/bt_interfaces_dummy/srv/detail/tick_action__traits.hpp
-- Installing: /home/ste/ws/hsp-iit/data-model/examples/UC3-museum-guide/high-level-models/install/bt_interfaces_dummy/include/bt_interfaces_dummy/bt_interfaces_dummy/srv/detail/halt_action__traits.hpp
-- Installing: /home/ste/ws/hsp-iit/data-model/examples/UC3-museum-guide/high-level-models/install/bt_interfaces_dummy/include/bt_interfaces_dummy/bt_interfaces_dummy/srv/detail/tick_condition__traits.hpp
-- Installing: /home/ste/ws/hsp-iit/data-model/examples/UC3-museum-guide/high-level-models/install/bt_interfaces_dummy/include/bt_interfaces_dummy/bt_interfaces_dummy/srv/halt_action.hpp
-- Up-to-date: /home/ste/ws/hsp-iit/data-model/examples/UC3-museum-guide/high-level-models/install/bt_interfaces_dummy/include/bt_interfaces_dummy/bt_interfaces_dummy/msg
-- Installing: /home/ste/ws/hsp-iit/data-model/examples/UC3-museum-guide/high-level-models/install/bt_interfaces_dummy/include/bt_interfaces_dummy/bt_interfaces_dummy/msg/action_response.hpp
-- Up-to-date: /home/ste/ws/hsp-iit/data-model/examples/UC3-museum-guide/high-level-models/install/bt_interfaces_dummy/include/bt_interfaces_dummy/bt_interfaces_dummy/msg/detail
-- Installing: /home/ste/ws/hsp-iit/data-model/examples/UC3-museum-guide/high-level-models/install/bt_interfaces_dummy/include/bt_interfaces_dummy/bt_interfaces_dummy/msg/detail/action_response__builder.hpp
-- Installing: /home/ste/ws/hsp-iit/data-model/examples/UC3-museum-guide/high-level-models/install/bt_interfaces_dummy/include/bt_interfaces_dummy/bt_interfaces_dummy/msg/detail/condition_response__builder.hpp
-- Installing: /home/ste/ws/hsp-iit/data-model/examples/UC3-museum-guide/high-level-models/install/bt_interfaces_dummy/include/bt_interfaces_dummy/bt_interfaces_dummy/msg/detail/condition_response__struct.hpp
-- Installing: /home/ste/ws/hsp-iit/data-model/examples/UC3-museum-guide/high-level-models/install/bt_interfaces_dummy/include/bt_interfaces_dummy/bt_interfaces_dummy/msg/detail/condition_response__traits.hpp
-- Installing: /home/ste/ws/hsp-iit/data-model/examples/UC3-museum-guide/high-level-models/install/bt_interfaces_dummy/include/bt_interfaces_dummy/bt_interfaces_dummy/msg/detail/action_response__traits.hpp
-- Installing: /home/ste/ws/hsp-iit/data-model/examples/UC3-museum-guide/high-level-models/install/bt_interfaces_dummy/include/bt_interfaces_dummy/bt_interfaces_dummy/msg/detail/action_response__struct.hpp
-- Installing: /home/ste/ws/hsp-iit/data-model/examples/UC3-museum-guide/high-level-models/install/bt_interfaces_dummy/include/bt_interfaces_dummy/bt_interfaces_dummy/msg/condition_response.hpp
-- Up-to-date: /home/ste/ws/hsp-iit/data-model/examples/UC3-museum-guide/high-level-models/install/bt_interfaces_dummy/include/bt_interfaces_dummy/bt_interfaces_dummy
-- Up-to-date: /home/ste/ws/hsp-iit/data-model/examples/UC3-museum-guide/high-level-models/install/bt_interfaces_dummy/include/bt_interfaces_dummy/bt_interfaces_dummy/srv
-- Up-to-date: /home/ste/ws/hsp-iit/data-model/examples/UC3-museum-guide/high-level-models/install/bt_interfaces_dummy/include/bt_interfaces_dummy/bt_interfaces_dummy/srv/detail
-- Installing: /home/ste/ws/hsp-iit/data-model/examples/UC3-museum-guide/high-level-models/install/bt_interfaces_dummy/include/bt_interfaces_dummy/bt_interfaces_dummy/srv/detail/tick_action__rosidl_typesupport_fastrtps_cpp.hpp
-- Installing: /home/ste/ws/hsp-iit/data-model/examples/UC3-museum-guide/high-level-models/install/bt_interfaces_dummy/include/bt_interfaces_dummy/bt_interfaces_dummy/srv/detail/dds_fastrtps
-- Installing: /home/ste/ws/hsp-iit/data-model/examples/UC3-museum-guide/high-level-models/install/bt_interfaces_dummy/include/bt_interfaces_dummy/bt_interfaces_dummy/srv/detail/halt_action__rosidl_typesupport_fastrtps_cpp.hpp
-- Installing: /home/ste/ws/hsp-iit/data-model/examples/UC3-museum-guide/high-level-models/install/bt_interfaces_dummy/include/bt_interfaces_dummy/bt_interfaces_dummy/srv/detail/tick_condition__rosidl_typesupport_fastrtps_cpp.hpp
-- Up-to-date: /home/ste/ws/hsp-iit/data-model/examples/UC3-museum-guide/high-level-models/install/bt_interfaces_dummy/include/bt_interfaces_dummy/bt_interfaces_dummy/msg
-- Up-to-date: /home/ste/ws/hsp-iit/data-model/examples/UC3-museum-guide/high-level-models/install/bt_interfaces_dummy/include/bt_interfaces_dummy/bt_interfaces_dummy/msg/detail
-- Installing: /home/ste/ws/hsp-iit/data-model/examples/UC3-museum-guide/high-level-models/install/bt_interfaces_dummy/include/bt_interfaces_dummy/bt_interfaces_dummy/msg/detail/action_response__rosidl_typesupport_fastrtps_cpp.hpp
-- Installing: /home/ste/ws/hsp-iit/data-model/examples/UC3-museum-guide/high-level-models/install/bt_interfaces_dummy/include/bt_interfaces_dummy/bt_interfaces_dummy/msg/detail/dds_fastrtps
-- Installing: /home/ste/ws/hsp-iit/data-model/examples/UC3-museum-guide/high-level-models/install/bt_interfaces_dummy/include/bt_interfaces_dummy/bt_interfaces_dummy/msg/detail/condition_response__rosidl_typesupport_fastrtps_cpp.hpp
-- Installing: /home/ste/ws/hsp-iit/data-model/examples/UC3-museum-guide/high-level-models/install/bt_interfaces_dummy/include/bt_interfaces_dummy/bt_interfaces_dummy/msg/rosidl_typesupport_fastrtps_cpp__visibility_control.h
-- Installing: /home/ste/ws/hsp-iit/data-model/examples/UC3-museum-guide/high-level-models/install/bt_interfaces_dummy/lib/libbt_interfaces_dummy__rosidl_typesupport_fastrtps_cpp.so
-- Set runtime path of "/home/ste/ws/hsp-iit/data-model/examples/UC3-museum-guide/high-level-models/install/bt_interfaces_dummy/lib/libbt_interfaces_dummy__rosidl_typesupport_fastrtps_cpp.so" to ""
-- Up-to-date: /home/ste/ws/hsp-iit/data-model/examples/UC3-museum-guide/high-level-models/install/bt_interfaces_dummy/include/bt_interfaces_dummy/bt_interfaces_dummy
-- Up-to-date: /home/ste/ws/hsp-iit/data-model/examples/UC3-museum-guide/high-level-models/install/bt_interfaces_dummy/include/bt_interfaces_dummy/bt_interfaces_dummy/srv
-- Up-to-date: /home/ste/ws/hsp-iit/data-model/examples/UC3-museum-guide/high-level-models/install/bt_interfaces_dummy/include/bt_interfaces_dummy/bt_interfaces_dummy/srv/detail
-- Installing: /home/ste/ws/hsp-iit/data-model/examples/UC3-museum-guide/high-level-models/install/bt_interfaces_dummy/include/bt_interfaces_dummy/bt_interfaces_dummy/srv/detail/tick_action__rosidl_typesupport_introspection_cpp.hpp
-- Installing: /home/ste/ws/hsp-iit/data-model/examples/UC3-museum-guide/high-level-models/install/bt_interfaces_dummy/include/bt_interfaces_dummy/bt_interfaces_dummy/srv/detail/halt_action__type_support.cpp
-- Installing: /home/ste/ws/hsp-iit/data-model/examples/UC3-museum-guide/high-level-models/install/bt_interfaces_dummy/include/bt_interfaces_dummy/bt_interfaces_dummy/srv/detail/tick_condition__rosidl_typesupport_introspection_cpp.hpp
-- Installing: /home/ste/ws/hsp-iit/data-model/examples/UC3-museum-guide/high-level-models/install/bt_interfaces_dummy/include/bt_interfaces_dummy/bt_interfaces_dummy/srv/detail/halt_action__rosidl_typesupport_introspection_cpp.hpp
-- Installing: /home/ste/ws/hsp-iit/data-model/examples/UC3-museum-guide/high-level-models/install/bt_interfaces_dummy/include/bt_interfaces_dummy/bt_interfaces_dummy/srv/detail/tick_condition__type_support.cpp
-- Installing: /home/ste/ws/hsp-iit/data-model/examples/UC3-museum-guide/high-level-models/install/bt_interfaces_dummy/include/bt_interfaces_dummy/bt_interfaces_dummy/srv/detail/tick_action__type_support.cpp
-- Up-to-date: /home/ste/ws/hsp-iit/data-model/examples/UC3-museum-guide/high-level-models/install/bt_interfaces_dummy/include/bt_interfaces_dummy/bt_interfaces_dummy/msg
-- Up-to-date: /home/ste/ws/hsp-iit/data-model/examples/UC3-museum-guide/high-level-models/install/bt_interfaces_dummy/include/bt_interfaces_dummy/bt_interfaces_dummy/msg/detail
-- Installing: /home/ste/ws/hsp-iit/data-model/examples/UC3-museum-guide/high-level-models/install/bt_interfaces_dummy/include/bt_interfaces_dummy/bt_interfaces_dummy/msg/detail/condition_response__rosidl_typesupport_introspection_cpp.hpp
-- Installing: /home/ste/ws/hsp-iit/data-model/examples/UC3-museum-guide/high-level-models/install/bt_interfaces_dummy/include/bt_interfaces_dummy/bt_interfaces_dummy/msg/detail/action_response__type_support.cpp
-- Installing: /home/ste/ws/hsp-iit/data-model/examples/UC3-museum-guide/high-level-models/install/bt_interfaces_dummy/include/bt_interfaces_dummy/bt_interfaces_dummy/msg/detail/action_response__rosidl_typesupport_introspection_cpp.hpp
-- Installing: /home/ste/ws/hsp-iit/data-model/examples/UC3-museum-guide/high-level-models/install/bt_interfaces_dummy/include/bt_interfaces_dummy/bt_interfaces_dummy/msg/detail/condition_response__type_support.cpp
-- Installing: /home/ste/ws/hsp-iit/data-model/examples/UC3-museum-guide/high-level-models/install/bt_interfaces_dummy/lib/libbt_interfaces_dummy__rosidl_typesupport_introspection_cpp.so
-- Set runtime path of "/home/ste/ws/hsp-iit/data-model/examples/UC3-museum-guide/high-level-models/install/bt_interfaces_dummy/lib/libbt_interfaces_dummy__rosidl_typesupport_introspection_cpp.so" to ""
-- Installing: /home/ste/ws/hsp-iit/data-model/examples/UC3-museum-guide/high-level-models/install/bt_interfaces_dummy/lib/libbt_interfaces_dummy__rosidl_typesupport_cpp.so
-- Set runtime path of "/home/ste/ws/hsp-iit/data-model/examples/UC3-museum-guide/high-level-models/install/bt_interfaces_dummy/lib/libbt_interfaces_dummy__rosidl_typesupport_cpp.so" to ""
-- Installing: /home/ste/ws/hsp-iit/data-model/examples/UC3-museum-guide/high-level-models/install/bt_interfaces_dummy/share/bt_interfaces_dummy/environment/pythonpath.sh
-- Installing: /home/ste/ws/hsp-iit/data-model/examples/UC3-museum-guide/high-level-models/install/bt_interfaces_dummy/share/bt_interfaces_dummy/environment/pythonpath.dsv
-- Installing: /home/ste/ws/hsp-iit/data-model/examples/UC3-museum-guide/high-level-models/install/bt_interfaces_dummy/lib/python3.10/site-packages/bt_interfaces_dummy-0.0.0-py3.10.egg-info
-- Installing: /home/ste/ws/hsp-iit/data-model/examples/UC3-museum-guide/high-level-models/install/bt_interfaces_dummy/lib/python3.10/site-packages/bt_interfaces_dummy-0.0.0-py3.10.egg-info/PKG-INFO
-- Installing: /home/ste/ws/hsp-iit/data-model/examples/UC3-museum-guide/high-level-models/install/bt_interfaces_dummy/lib/python3.10/site-packages/bt_interfaces_dummy-0.0.0-py3.10.egg-info/dependency_links.txt
-- Installing: /home/ste/ws/hsp-iit/data-model/examples/UC3-museum-guide/high-level-models/install/bt_interfaces_dummy/lib/python3.10/site-packages/bt_interfaces_dummy-0.0.0-py3.10.egg-info/top_level.txt
-- Installing: /home/ste/ws/hsp-iit/data-model/examples/UC3-museum-guide/high-level-models/install/bt_interfaces_dummy/lib/python3.10/site-packages/bt_interfaces_dummy-0.0.0-py3.10.egg-info/SOURCES.txt
-- Installing: /home/ste/ws/hsp-iit/data-model/examples/UC3-museum-guide/high-level-models/install/bt_interfaces_dummy/lib/python3.10/site-packages/bt_interfaces_dummy
-- Installing: /home/ste/ws/hsp-iit/data-model/examples/UC3-museum-guide/high-level-models/install/bt_interfaces_dummy/lib/python3.10/site-packages/bt_interfaces_dummy/_bt_interfaces_dummy_s.ep.rosidl_typesupport_c.c
-- Installing: /home/ste/ws/hsp-iit/data-model/examples/UC3-museum-guide/high-level-models/install/bt_interfaces_dummy/lib/python3.10/site-packages/bt_interfaces_dummy/_bt_interfaces_dummy_s.ep.rosidl_typesupport_introspection_c.c
-- Installing: /home/ste/ws/hsp-iit/data-model/examples/UC3-museum-guide/high-level-models/install/bt_interfaces_dummy/lib/python3.10/site-packages/bt_interfaces_dummy/bt_interfaces_dummy_s__rosidl_typesupport_fastrtps_c.cpython-310-x86_64-linux-gnu.so
-- Installing: /home/ste/ws/hsp-iit/data-model/examples/UC3-museum-guide/high-level-models/install/bt_interfaces_dummy/lib/python3.10/site-packages/bt_interfaces_dummy/__init__.py
-- Installing: /home/ste/ws/hsp-iit/data-model/examples/UC3-museum-guide/high-level-models/install/bt_interfaces_dummy/lib/python3.10/site-packages/bt_interfaces_dummy/_bt_interfaces_dummy_s.ep.rosidl_typesupport_fastrtps_c.c
-- Installing: /home/ste/ws/hsp-iit/data-model/examples/UC3-museum-guide/high-level-models/install/bt_interfaces_dummy/lib/python3.10/site-packages/bt_interfaces_dummy/libbt_interfaces_dummy__rosidl_generator_py.so
-- Installing: /home/ste/ws/hsp-iit/data-model/examples/UC3-museum-guide/high-level-models/install/bt_interfaces_dummy/lib/python3.10/site-packages/bt_interfaces_dummy/srv
-- Installing: /home/ste/ws/hsp-iit/data-model/examples/UC3-museum-guide/high-level-models/install/bt_interfaces_dummy/lib/python3.10/site-packages/bt_interfaces_dummy/srv/_tick_action_s.c
-- Installing: /home/ste/ws/hsp-iit/data-model/examples/UC3-museum-guide/high-level-models/install/bt_interfaces_dummy/lib/python3.10/site-packages/bt_interfaces_dummy/srv/_tick_condition.py
-- Installing: /home/ste/ws/hsp-iit/data-model/examples/UC3-museum-guide/high-level-models/install/bt_interfaces_dummy/lib/python3.10/site-packages/bt_interfaces_dummy/srv/_halt_action_s.c
-- Installing: /home/ste/ws/hsp-iit/data-model/examples/UC3-museum-guide/high-level-models/install/bt_interfaces_dummy/lib/python3.10/site-packages/bt_interfaces_dummy/srv/_tick_action.py
-- Installing: /home/ste/ws/hsp-iit/data-model/examples/UC3-museum-guide/high-level-models/install/bt_interfaces_dummy/lib/python3.10/site-packages/bt_interfaces_dummy/srv/__init__.py
-- Installing: /home/ste/ws/hsp-iit/data-model/examples/UC3-museum-guide/high-level-models/install/bt_interfaces_dummy/lib/python3.10/site-packages/bt_interfaces_dummy/srv/_halt_action.py
-- Installing: /home/ste/ws/hsp-iit/data-model/examples/UC3-museum-guide/high-level-models/install/bt_interfaces_dummy/lib/python3.10/site-packages/bt_interfaces_dummy/srv/_tick_condition_s.c
-- Installing: /home/ste/ws/hsp-iit/data-model/examples/UC3-museum-guide/high-level-models/install/bt_interfaces_dummy/lib/python3.10/site-packages/bt_interfaces_dummy/bt_interfaces_dummy_s__rosidl_typesupport_c.cpython-310-x86_64-linux-gnu.so
-- Installing: /home/ste/ws/hsp-iit/data-model/examples/UC3-museum-guide/high-level-models/install/bt_interfaces_dummy/lib/python3.10/site-packages/bt_interfaces_dummy/bt_interfaces_dummy_s__rosidl_typesupport_introspection_c.cpython-310-x86_64-linux-gnu.so
-- Installing: /home/ste/ws/hsp-iit/data-model/examples/UC3-museum-guide/high-level-models/install/bt_interfaces_dummy/lib/python3.10/site-packages/bt_interfaces_dummy/msg
-- Installing: /home/ste/ws/hsp-iit/data-model/examples/UC3-museum-guide/high-level-models/install/bt_interfaces_dummy/lib/python3.10/site-packages/bt_interfaces_dummy/msg/_action_response_s.c
-- Installing: /home/ste/ws/hsp-iit/data-model/examples/UC3-museum-guide/high-level-models/install/bt_interfaces_dummy/lib/python3.10/site-packages/bt_interfaces_dummy/msg/_condition_response_s.c
-- Installing: /home/ste/ws/hsp-iit/data-model/examples/UC3-museum-guide/high-level-models/install/bt_interfaces_dummy/lib/python3.10/site-packages/bt_interfaces_dummy/msg/_action_response.py
-- Installing: /home/ste/ws/hsp-iit/data-model/examples/UC3-museum-guide/high-level-models/install/bt_interfaces_dummy/lib/python3.10/site-packages/bt_interfaces_dummy/msg/__init__.py
-- Installing: /home/ste/ws/hsp-iit/data-model/examples/UC3-museum-guide/high-level-models/install/bt_interfaces_dummy/lib/python3.10/site-packages/bt_interfaces_dummy/msg/_condition_response.py
Listing '/home/ste/ws/hsp-iit/data-model/examples/UC3-museum-guide/high-level-models/install/bt_interfaces_dummy/lib/python3.10/site-packages/bt_interfaces_dummy'...
Compiling '/home/ste/ws/hsp-iit/data-model/examples/UC3-museum-guide/high-level-models/install/bt_interfaces_dummy/lib/python3.10/site-packages/bt_interfaces_dummy/__init__.py'...
Listing '/home/ste/ws/hsp-iit/data-model/examples/UC3-museum-guide/high-level-models/install/bt_interfaces_dummy/lib/python3.10/site-packages/bt_interfaces_dummy/msg'...
Compiling '/home/ste/ws/hsp-iit/data-model/examples/UC3-museum-guide/high-level-models/install/bt_interfaces_dummy/lib/python3.10/site-packages/bt_interfaces_dummy/msg/__init__.py'...
Compiling '/home/ste/ws/hsp-iit/data-model/examples/UC3-museum-guide/high-level-models/install/bt_interfaces_dummy/lib/python3.10/site-packages/bt_interfaces_dummy/msg/_action_response.py'...
Compiling '/home/ste/ws/hsp-iit/data-model/examples/UC3-museum-guide/high-level-models/install/bt_interfaces_dummy/lib/python3.10/site-packages/bt_interfaces_dummy/msg/_condition_response.py'...
Listing '/home/ste/ws/hsp-iit/data-model/examples/UC3-museum-guide/high-level-models/install/bt_interfaces_dummy/lib/python3.10/site-packages/bt_interfaces_dummy/srv'...
Compiling '/home/ste/ws/hsp-iit/data-model/examples/UC3-museum-guide/high-level-models/install/bt_interfaces_dummy/lib/python3.10/site-packages/bt_interfaces_dummy/srv/__init__.py'...
Compiling '/home/ste/ws/hsp-iit/data-model/examples/UC3-museum-guide/high-level-models/install/bt_interfaces_dummy/lib/python3.10/site-packages/bt_interfaces_dummy/srv/_halt_action.py'...
Compiling '/home/ste/ws/hsp-iit/data-model/examples/UC3-museum-guide/high-level-models/install/bt_interfaces_dummy/lib/python3.10/site-packages/bt_interfaces_dummy/srv/_tick_action.py'...
Compiling '/home/ste/ws/hsp-iit/data-model/examples/UC3-museum-guide/high-level-models/install/bt_interfaces_dummy/lib/python3.10/site-packages/bt_interfaces_dummy/srv/_tick_condition.py'...
-- Installing: /home/ste/ws/hsp-iit/data-model/examples/UC3-museum-guide/high-level-models/install/bt_interfaces_dummy/lib/python3.10/site-packages/bt_interfaces_dummy/bt_interfaces_dummy_s__rosidl_typesupport_fastrtps_c.cpython-310-x86_64-linux-gnu.so
-- Set runtime path of "/home/ste/ws/hsp-iit/data-model/examples/UC3-museum-guide/high-level-models/install/bt_interfaces_dummy/lib/python3.10/site-packages/bt_interfaces_dummy/bt_interfaces_dummy_s__rosidl_typesupport_fastrtps_c.cpython-310-x86_64-linux-gnu.so" to ""
-- Installing: /home/ste/ws/hsp-iit/data-model/examples/UC3-museum-guide/high-level-models/install/bt_interfaces_dummy/lib/python3.10/site-packages/bt_interfaces_dummy/bt_interfaces_dummy_s__rosidl_typesupport_introspection_c.cpython-310-x86_64-linux-gnu.so
-- Set runtime path of "/home/ste/ws/hsp-iit/data-model/examples/UC3-museum-guide/high-level-models/install/bt_interfaces_dummy/lib/python3.10/site-packages/bt_interfaces_dummy/bt_interfaces_dummy_s__rosidl_typesupport_introspection_c.cpython-310-x86_64-linux-gnu.so" to ""
-- Installing: /home/ste/ws/hsp-iit/data-model/examples/UC3-museum-guide/high-level-models/install/bt_interfaces_dummy/lib/python3.10/site-packages/bt_interfaces_dummy/bt_interfaces_dummy_s__rosidl_typesupport_c.cpython-310-x86_64-linux-gnu.so
-- Set runtime path of "/home/ste/ws/hsp-iit/data-model/examples/UC3-museum-guide/high-level-models/install/bt_interfaces_dummy/lib/python3.10/site-packages/bt_interfaces_dummy/bt_interfaces_dummy_s__rosidl_typesupport_c.cpython-310-x86_64-linux-gnu.so" to ""
-- Installing: /home/ste/ws/hsp-iit/data-model/examples/UC3-museum-guide/high-level-models/install/bt_interfaces_dummy/lib/libbt_interfaces_dummy__rosidl_generator_py.so
-- Set runtime path of "/home/ste/ws/hsp-iit/data-model/examples/UC3-museum-guide/high-level-models/install/bt_interfaces_dummy/lib/libbt_interfaces_dummy__rosidl_generator_py.so" to ""
-- Installing: /home/ste/ws/hsp-iit/data-model/examples/UC3-museum-guide/high-level-models/install/bt_interfaces_dummy/share/bt_interfaces_dummy/srv/TickAction.idl
-- Installing: /home/ste/ws/hsp-iit/data-model/examples/UC3-museum-guide/high-level-models/install/bt_interfaces_dummy/share/bt_interfaces_dummy/msg/ActionResponse.idl
-- Installing: /home/ste/ws/hsp-iit/data-model/examples/UC3-museum-guide/high-level-models/install/bt_interfaces_dummy/share/bt_interfaces_dummy/msg/ConditionResponse.idl
-- Installing: /home/ste/ws/hsp-iit/data-model/examples/UC3-museum-guide/high-level-models/install/bt_interfaces_dummy/share/bt_interfaces_dummy/srv/HaltAction.idl
-- Installing: /home/ste/ws/hsp-iit/data-model/examples/UC3-museum-guide/high-level-models/install/bt_interfaces_dummy/share/bt_interfaces_dummy/srv/TickCondition.idl
-- Installing: /home/ste/ws/hsp-iit/data-model/examples/UC3-museum-guide/high-level-models/install/bt_interfaces_dummy/share/bt_interfaces_dummy/srv/TickAction.srv
-- Installing: /home/ste/ws/hsp-iit/data-model/examples/UC3-museum-guide/high-level-models/install/bt_interfaces_dummy/share/bt_interfaces_dummy/srv/TickAction_Request.msg
-- Installing: /home/ste/ws/hsp-iit/data-model/examples/UC3-museum-guide/high-level-models/install/bt_interfaces_dummy/share/bt_interfaces_dummy/srv/TickAction_Response.msg
-- Installing: /home/ste/ws/hsp-iit/data-model/examples/UC3-museum-guide/high-level-models/install/bt_interfaces_dummy/share/bt_interfaces_dummy/msg/ActionResponse.msg
-- Installing: /home/ste/ws/hsp-iit/data-model/examples/UC3-museum-guide/high-level-models/install/bt_interfaces_dummy/share/bt_interfaces_dummy/msg/ConditionResponse.msg
-- Installing: /home/ste/ws/hsp-iit/data-model/examples/UC3-museum-guide/high-level-models/install/bt_interfaces_dummy/share/bt_interfaces_dummy/srv/HaltAction.srv
-- Installing: /home/ste/ws/hsp-iit/data-model/examples/UC3-museum-guide/high-level-models/install/bt_interfaces_dummy/share/bt_interfaces_dummy/srv/HaltAction_Request.msg
-- Installing: /home/ste/ws/hsp-iit/data-model/examples/UC3-museum-guide/high-level-models/install/bt_interfaces_dummy/share/bt_interfaces_dummy/srv/HaltAction_Response.msg
-- Installing: /home/ste/ws/hsp-iit/data-model/examples/UC3-museum-guide/high-level-models/install/bt_interfaces_dummy/share/bt_interfaces_dummy/srv/TickCondition.srv
-- Installing: /home/ste/ws/hsp-iit/data-model/examples/UC3-museum-guide/high-level-models/install/bt_interfaces_dummy/share/bt_interfaces_dummy/srv/TickCondition_Request.msg
-- Installing: /home/ste/ws/hsp-iit/data-model/examples/UC3-museum-guide/high-level-models/install/bt_interfaces_dummy/share/bt_interfaces_dummy/srv/TickCondition_Response.msg
-- Installing: /home/ste/ws/hsp-iit/data-model/examples/UC3-museum-guide/high-level-models/install/bt_interfaces_dummy/share/ament_index/resource_index/package_run_dependencies/bt_interfaces_dummy
-- Installing: /home/ste/ws/hsp-iit/data-model/examples/UC3-museum-guide/high-level-models/install/bt_interfaces_dummy/share/ament_index/resource_index/parent_prefix_path/bt_interfaces_dummy
-- Installing: /home/ste/ws/hsp-iit/data-model/examples/UC3-museum-guide/high-level-models/install/bt_interfaces_dummy/share/bt_interfaces_dummy/environment/ament_prefix_path.sh
-- Installing: /home/ste/ws/hsp-iit/data-model/examples/UC3-museum-guide/high-level-models/install/bt_interfaces_dummy/share/bt_interfaces_dummy/environment/ament_prefix_path.dsv
-- Installing: /home/ste/ws/hsp-iit/data-model/examples/UC3-museum-guide/high-level-models/install/bt_interfaces_dummy/share/bt_interfaces_dummy/environment/path.sh
-- Installing: /home/ste/ws/hsp-iit/data-model/examples/UC3-museum-guide/high-level-models/install/bt_interfaces_dummy/share/bt_interfaces_dummy/environment/path.dsv
-- Installing: /home/ste/ws/hsp-iit/data-model/examples/UC3-museum-guide/high-level-models/install/bt_interfaces_dummy/share/bt_interfaces_dummy/local_setup.bash
-- Installing: /home/ste/ws/hsp-iit/data-model/examples/UC3-museum-guide/high-level-models/install/bt_interfaces_dummy/share/bt_interfaces_dummy/local_setup.sh
-- Installing: /home/ste/ws/hsp-iit/data-model/examples/UC3-museum-guide/high-level-models/install/bt_interfaces_dummy/share/bt_interfaces_dummy/local_setup.zsh
-- Installing: /home/ste/ws/hsp-iit/data-model/examples/UC3-museum-guide/high-level-models/install/bt_interfaces_dummy/share/bt_interfaces_dummy/local_setup.dsv
-- Installing: /home/ste/ws/hsp-iit/data-model/examples/UC3-museum-guide/high-level-models/install/bt_interfaces_dummy/share/bt_interfaces_dummy/package.dsv
-- Installing: /home/ste/ws/hsp-iit/data-model/examples/UC3-museum-guide/high-level-models/install/bt_interfaces_dummy/share/ament_index/resource_index/packages/bt_interfaces_dummy
-- Installing: /home/ste/ws/hsp-iit/data-model/examples/UC3-museum-guide/high-level-models/install/bt_interfaces_dummy/share/bt_interfaces_dummy/cmake/export_bt_interfaces_dummy__rosidl_generator_cExport.cmake
-- Installing: /home/ste/ws/hsp-iit/data-model/examples/UC3-museum-guide/high-level-models/install/bt_interfaces_dummy/share/bt_interfaces_dummy/cmake/export_bt_interfaces_dummy__rosidl_generator_cExport-noconfig.cmake
-- Installing: /home/ste/ws/hsp-iit/data-model/examples/UC3-museum-guide/high-level-models/install/bt_interfaces_dummy/share/bt_interfaces_dummy/cmake/export_bt_interfaces_dummy__rosidl_typesupport_fastrtps_cExport.cmake
-- Installing: /home/ste/ws/hsp-iit/data-model/examples/UC3-museum-guide/high-level-models/install/bt_interfaces_dummy/share/bt_interfaces_dummy/cmake/export_bt_interfaces_dummy__rosidl_typesupport_fastrtps_cExport-noconfig.cmake
-- Installing: /home/ste/ws/hsp-iit/data-model/examples/UC3-museum-guide/high-level-models/install/bt_interfaces_dummy/share/bt_interfaces_dummy/cmake/bt_interfaces_dummy__rosidl_typesupport_introspection_cExport.cmake
-- Installing: /home/ste/ws/hsp-iit/data-model/examples/UC3-museum-guide/high-level-models/install/bt_interfaces_dummy/share/bt_interfaces_dummy/cmake/bt_interfaces_dummy__rosidl_typesupport_introspection_cExport-noconfig.cmake
-- Installing: /home/ste/ws/hsp-iit/data-model/examples/UC3-museum-guide/high-level-models/install/bt_interfaces_dummy/share/bt_interfaces_dummy/cmake/bt_interfaces_dummy__rosidl_typesupport_cExport.cmake
-- Installing: /home/ste/ws/hsp-iit/data-model/examples/UC3-museum-guide/high-level-models/install/bt_interfaces_dummy/share/bt_interfaces_dummy/cmake/bt_interfaces_dummy__rosidl_typesupport_cExport-noconfig.cmake
-- Installing: /home/ste/ws/hsp-iit/data-model/examples/UC3-museum-guide/high-level-models/install/bt_interfaces_dummy/share/bt_interfaces_dummy/cmake/export_bt_interfaces_dummy__rosidl_generator_cppExport.cmake
-- Installing: /home/ste/ws/hsp-iit/data-model/examples/UC3-museum-guide/high-level-models/install/bt_interfaces_dummy/share/bt_interfaces_dummy/cmake/export_bt_interfaces_dummy__rosidl_typesupport_fastrtps_cppExport.cmake
-- Installing: /home/ste/ws/hsp-iit/data-model/examples/UC3-museum-guide/high-level-models/install/bt_interfaces_dummy/share/bt_interfaces_dummy/cmake/export_bt_interfaces_dummy__rosidl_typesupport_fastrtps_cppExport-noconfig.cmake
-- Installing: /home/ste/ws/hsp-iit/data-model/examples/UC3-museum-guide/high-level-models/install/bt_interfaces_dummy/share/bt_interfaces_dummy/cmake/bt_interfaces_dummy__rosidl_typesupport_introspection_cppExport.cmake
-- Installing: /home/ste/ws/hsp-iit/data-model/examples/UC3-museum-guide/high-level-models/install/bt_interfaces_dummy/share/bt_interfaces_dummy/cmake/bt_interfaces_dummy__rosidl_typesupport_introspection_cppExport-noconfig.cmake
-- Installing: /home/ste/ws/hsp-iit/data-model/examples/UC3-museum-guide/high-level-models/install/bt_interfaces_dummy/share/bt_interfaces_dummy/cmake/bt_interfaces_dummy__rosidl_typesupport_cppExport.cmake
-- Installing: /home/ste/ws/hsp-iit/data-model/examples/UC3-museum-guide/high-level-models/install/bt_interfaces_dummy/share/bt_interfaces_dummy/cmake/bt_interfaces_dummy__rosidl_typesupport_cppExport-noconfig.cmake
-- Installing: /home/ste/ws/hsp-iit/data-model/examples/UC3-museum-guide/high-level-models/install/bt_interfaces_dummy/share/bt_interfaces_dummy/cmake/export_bt_interfaces_dummy__rosidl_generator_pyExport.cmake
-- Installing: /home/ste/ws/hsp-iit/data-model/examples/UC3-museum-guide/high-level-models/install/bt_interfaces_dummy/share/bt_interfaces_dummy/cmake/export_bt_interfaces_dummy__rosidl_generator_pyExport-noconfig.cmake
-- Installing: /home/ste/ws/hsp-iit/data-model/examples/UC3-museum-guide/high-level-models/install/bt_interfaces_dummy/share/bt_interfaces_dummy/cmake/rosidl_cmake-extras.cmake
-- Installing: /home/ste/ws/hsp-iit/data-model/examples/UC3-museum-guide/high-level-models/install/bt_interfaces_dummy/share/bt_interfaces_dummy/cmake/ament_cmake_export_dependencies-extras.cmake
-- Installing: /home/ste/ws/hsp-iit/data-model/examples/UC3-museum-guide/high-level-models/install/bt_interfaces_dummy/share/bt_interfaces_dummy/cmake/ament_cmake_export_include_directories-extras.cmake
-- Installing: /home/ste/ws/hsp-iit/data-model/examples/UC3-museum-guide/high-level-models/install/bt_interfaces_dummy/share/bt_interfaces_dummy/cmake/ament_cmake_export_libraries-extras.cmake
-- Installing: /home/ste/ws/hsp-iit/data-model/examples/UC3-museum-guide/high-level-models/install/bt_interfaces_dummy/share/bt_interfaces_dummy/cmake/ament_cmake_export_targets-extras.cmake
-- Installing: /home/ste/ws/hsp-iit/data-model/examples/UC3-museum-guide/high-level-models/install/bt_interfaces_dummy/share/bt_interfaces_dummy/cmake/rosidl_cmake_export_typesupport_targets-extras.cmake
-- Installing: /home/ste/ws/hsp-iit/data-model/examples/UC3-museum-guide/high-level-models/install/bt_interfaces_dummy/share/bt_interfaces_dummy/cmake/rosidl_cmake_export_typesupport_libraries-extras.cmake
-- Installing: /home/ste/ws/hsp-iit/data-model/examples/UC3-museum-guide/high-level-models/install/bt_interfaces_dummy/share/bt_interfaces_dummy/cmake/bt_interfaces_dummyConfig.cmake
-- Installing: /home/ste/ws/hsp-iit/data-model/examples/UC3-museum-guide/high-level-models/install/bt_interfaces_dummy/share/bt_interfaces_dummy/cmake/bt_interfaces_dummyConfig-version.cmake
-- Installing: /home/ste/ws/hsp-iit/data-model/examples/UC3-museum-guide/high-level-models/install/bt_interfaces_dummy/share/bt_interfaces_dummy/package.xml
