[0.037s] Invoking command in '/home/ste/ws/hsp-iit/data-model/examples/UC3-museum-guide/high-level-models/build/people_detector_filter_interfaces_dummy': CMAKE_PREFIX_PATH=${CMAKE_PREFIX_PATH}:/opt/ros/iron PS1=\[\033[01;32m\]\u\[\033[00m\]:\[\033[01;34m\]\w\[\033[00m\]\[\e[91m\]$(parse_git_branch)\[\e[00m\]$ /usr/bin/cmake /home/ste/ws/hsp-iit/data-model/examples/UC3-museum-guide/high-level-models/ros_interfaces/people_detector_filter_interfaces -DCMAKE_INSTALL_PREFIX=/home/ste/ws/hsp-iit/data-model/examples/UC3-museum-guide/high-level-models/install/people_detector_filter_interfaces_dummy
[0.169s] -- The C compiler identification is GNU 11.4.0
[0.308s] -- The CXX compiler identification is GNU 11.4.0
[0.320s] -- Detecting C compiler ABI info
[0.449s] -- Detecting C compiler ABI info - done
[0.470s] -- Check for working C compiler: /usr/bin/cc - skipped
[0.470s] -- Detecting C compile features
[0.471s] -- Detecting C compile features - done
[0.478s] -- Detecting CXX compiler ABI info
[0.622s] -- Detecting CXX compiler ABI info - done
[0.642s] -- Check for working CXX compiler: /usr/bin/c++ - skipped
[0.642s] -- Detecting CXX compile features
[0.643s] -- Detecting CXX compile features - done
[0.648s] -- Found ament_cmake: 2.0.7 (/opt/ros/iron/share/ament_cmake/cmake)
[2.000s] -- Found Python3: /usr/bin/python3.10 (found version "3.10.12") found components: Interpreter 
[2.194s] -- Found sensor_msgs: 5.0.1 (/opt/ros/iron/share/sensor_msgs/cmake)
[2.384s] -- Found rosidl_generator_c: 4.0.1 (/opt/ros/iron/share/rosidl_generator_c/cmake)
[2.420s] -- Found rosidl_generator_cpp: 4.0.1 (/opt/ros/iron/share/rosidl_generator_cpp/cmake)
[2.466s] -- Using all available rosidl_typesupport_c: rosidl_typesupport_fastrtps_c;rosidl_typesupport_introspection_c
[2.522s] -- Using all available rosidl_typesupport_cpp: rosidl_typesupport_fastrtps_cpp;rosidl_typesupport_introspection_cpp
[3.101s] -- Found rosidl_default_generators: 1.5.0 (/opt/ros/iron/share/rosidl_default_generators/cmake)
[3.127s] -- Found rosidl_adapter: 4.0.1 (/opt/ros/iron/share/rosidl_adapter/cmake)
[3.867s] -- Found ament_cmake_ros: 0.11.2 (/opt/ros/iron/share/ament_cmake_ros/cmake)
[4.989s] -- Using all available rosidl_typesupport_c: rosidl_typesupport_fastrtps_c;rosidl_typesupport_introspection_c
[5.595s] -- Using all available rosidl_typesupport_cpp: rosidl_typesupport_fastrtps_cpp;rosidl_typesupport_introspection_cpp
[5.662s] -- Found PythonInterp: /usr/bin/python3 (found suitable version "3.10.12", minimum required is "3.6") 
[5.667s] -- Found python_cmake_module: 0.10.2 (/opt/ros/iron/share/python_cmake_module/cmake)
[5.739s] -- Found PythonLibs: /usr/lib/x86_64-linux-gnu/libpython3.10.so (found suitable version "3.10.12", minimum required is "3.5") 
[5.739s] -- Using PYTHON_EXECUTABLE: /usr/bin/python3
[5.739s] -- Using PYTHON_INCLUDE_DIRS: /usr/include/python3.10
[5.739s] -- Using PYTHON_LIBRARIES: /usr/lib/x86_64-linux-gnu/libpython3.10.so
[5.849s] -- Found PythonExtra: .so  
[6.176s] -- Found ament_lint_auto: 0.14.4 (/opt/ros/iron/share/ament_lint_auto/cmake)
[6.284s] -- Added test 'lint_cmake' to check CMake code style
[6.286s] -- Added test 'xmllint' to check XML markup files
[6.293s] -- Configuring done
[6.436s] -- Generating done
[6.472s] -- Build files have been written to: /home/ste/ws/hsp-iit/data-model/examples/UC3-museum-guide/high-level-models/build/people_detector_filter_interfaces_dummy
[6.501s] Invoked command in '/home/ste/ws/hsp-iit/data-model/examples/UC3-museum-guide/high-level-models/build/people_detector_filter_interfaces_dummy' returned '0': CMAKE_PREFIX_PATH=${CMAKE_PREFIX_PATH}:/opt/ros/iron PS1=\[\033[01;32m\]\u\[\033[00m\]:\[\033[01;34m\]\w\[\033[00m\]\[\e[91m\]$(parse_git_branch)\[\e[00m\]$ /usr/bin/cmake /home/ste/ws/hsp-iit/data-model/examples/UC3-museum-guide/high-level-models/ros_interfaces/people_detector_filter_interfaces -DCMAKE_INSTALL_PREFIX=/home/ste/ws/hsp-iit/data-model/examples/UC3-museum-guide/high-level-models/install/people_detector_filter_interfaces_dummy
[6.502s] Invoking command in '/home/ste/ws/hsp-iit/data-model/examples/UC3-museum-guide/high-level-models/build/people_detector_filter_interfaces_dummy': CMAKE_PREFIX_PATH=${CMAKE_PREFIX_PATH}:/opt/ros/iron PS1=\[\033[01;32m\]\u\[\033[00m\]:\[\033[01;34m\]\w\[\033[00m\]\[\e[91m\]$(parse_git_branch)\[\e[00m\]$ /usr/bin/cmake --build /home/ste/ws/hsp-iit/data-model/examples/UC3-museum-guide/high-level-models/build/people_detector_filter_interfaces_dummy -- -j12 -l12
[6.819s] [  2%] [34m[1mGenerating type hashes for ROS interfaces[0m
[6.847s] [  2%] Built target ament_cmake_python_copy_people_detector_filter_interfaces_dummy
[7.447s] [  2%] Built target people_detector_filter_interfaces__rosidl_generator_type_description
[7.519s] [  5%] [34m[1mGenerating C code for ROS interfaces[0m
[7.531s] [  8%] [34m[1mGenerating C++ code for ROS interfaces[0m
[8.766s] [ 11%] [32mBuilding C object CMakeFiles/people_detector_filter_interfaces__rosidl_generator_c.dir/rosidl_generator_c/people_detector_filter_interfaces_dummy/msg/detail/is_followed__description.c.o[0m
[8.783s] [ 14%] [32mBuilding C object CMakeFiles/people_detector_filter_interfaces__rosidl_generator_c.dir/rosidl_generator_c/people_detector_filter_interfaces_dummy/msg/detail/is_followed__functions.c.o[0m
[8.784s] [ 17%] [32mBuilding C object CMakeFiles/people_detector_filter_interfaces__rosidl_generator_c.dir/rosidl_generator_c/people_detector_filter_interfaces_dummy/msg/detail/is_followed__type_support.c.o[0m
[9.092s] [ 20%] [32m[1mLinking C shared library libpeople_detector_filter_interfaces__rosidl_generator_c.so[0m
[9.165s] [ 20%] Built target people_detector_filter_interfaces__cpp
[9.475s] [ 20%] Built target people_detector_filter_interfaces__rosidl_generator_c
[9.574s] [ 23%] [34m[1mGenerating C type support for eProsima Fast-RTPS[0m
[9.598s] [ 26%] [34m[1mGenerating C++ type support dispatch for ROS interfaces[0m
[9.632s] [ 29%] [34m[1mGenerating C++ type support for eProsima Fast-RTPS[0m
[9.647s] [ 35%] [34m[1mGenerating C introspection for ROS interfaces[0m
[9.648s] [ 35%] [34m[1mGenerating C type support dispatch for ROS interfaces[0m
[9.687s] [ 38%] [34m[1mGenerating C++ introspection for ROS interfaces[0m
[11.849s] [ 41%] [32mBuilding C object CMakeFiles/people_detector_filter_interfaces__rosidl_typesupport_introspection_c.dir/rosidl_typesupport_introspection_c/people_detector_filter_interfaces_dummy/msg/detail/is_followed__type_support.c.o[0m
[11.939s] [ 44%] [32mBuilding CXX object CMakeFiles/people_detector_filter_interfaces__rosidl_typesupport_cpp.dir/rosidl_typesupport_cpp/people_detector_filter_interfaces_dummy/msg/is_followed__type_support.cpp.o[0m
[12.066s] running egg_info
[12.068s] creating people_detector_filter_interfaces_dummy.egg-info
[12.158s] [ 47%] [32mBuilding CXX object CMakeFiles/people_detector_filter_interfaces__rosidl_typesupport_fastrtps_cpp.dir/rosidl_typesupport_fastrtps_cpp/people_detector_filter_interfaces_dummy/msg/detail/dds_fastrtps/is_followed__type_support.cpp.o[0m
[12.224s] [ 50%] [32mBuilding CXX object CMakeFiles/people_detector_filter_interfaces__rosidl_typesupport_c.dir/rosidl_typesupport_c/people_detector_filter_interfaces_dummy/msg/is_followed__type_support.cpp.o[0m
[12.247s] [ 52%] [32mBuilding CXX object CMakeFiles/people_detector_filter_interfaces__rosidl_typesupport_introspection_cpp.dir/rosidl_typesupport_introspection_cpp/people_detector_filter_interfaces_dummy/msg/detail/is_followed__type_support.cpp.o[0m
[12.272s] [ 55%] [32m[1mLinking C shared library libpeople_detector_filter_interfaces__rosidl_typesupport_introspection_c.so[0m
[12.464s] [ 58%] [32mBuilding CXX object CMakeFiles/people_detector_filter_interfaces__rosidl_typesupport_fastrtps_c.dir/rosidl_typesupport_fastrtps_c/people_detector_filter_interfaces_dummy/msg/detail/is_followed__type_support_c.cpp.o[0m
[12.688s] [ 58%] Built target people_detector_filter_interfaces__rosidl_typesupport_introspection_c
[12.736s] [ 61%] [32m[1mLinking CXX shared library libpeople_detector_filter_interfaces__rosidl_typesupport_c.so[0m
[13.171s] writing people_detector_filter_interfaces_dummy.egg-info/PKG-INFO
[13.245s] [ 61%] Built target people_detector_filter_interfaces__rosidl_typesupport_c
[13.814s] writing dependency_links to people_detector_filter_interfaces_dummy.egg-info/dependency_links.txt
[15.680s] [ 64%] [32m[1mLinking CXX shared library libpeople_detector_filter_interfaces__rosidl_typesupport_fastrtps_c.so[0m
[15.869s] [ 67%] [32m[1mLinking CXX shared library libpeople_detector_filter_interfaces__rosidl_typesupport_cpp.so[0m
[16.036s] [ 70%] [32m[1mLinking CXX shared library libpeople_detector_filter_interfaces__rosidl_typesupport_introspection_cpp.so[0m
[16.319s] [ 70%] Built target people_detector_filter_interfaces__rosidl_typesupport_cpp
[16.437s] [ 70%] Built target people_detector_filter_interfaces__rosidl_typesupport_introspection_cpp
[16.468s] [ 73%] [32m[1mLinking CXX shared library libpeople_detector_filter_interfaces__rosidl_typesupport_fastrtps_cpp.so[0m
[16.580s] [ 73%] Built target people_detector_filter_interfaces__rosidl_typesupport_fastrtps_c
[16.948s] [ 73%] Built target people_detector_filter_interfaces__rosidl_typesupport_fastrtps_cpp
[17.210s] [ 73%] Built target people_detector_filter_interfaces
[17.472s] [ 76%] [34m[1mGenerating Python code for ROS interfaces[0m
[18.304s] writing top-level names to people_detector_filter_interfaces_dummy.egg-info/top_level.txt
[18.304s] writing manifest file 'people_detector_filter_interfaces_dummy.egg-info/SOURCES.txt'
[20.131s] reading manifest file 'people_detector_filter_interfaces_dummy.egg-info/SOURCES.txt'
[20.131s] writing manifest file 'people_detector_filter_interfaces_dummy.egg-info/SOURCES.txt'
[20.393s] [ 76%] Built target ament_cmake_python_build_people_detector_filter_interfaces_dummy_egg
[20.394s] [ 76%] Built target people_detector_filter_interfaces__py
[20.601s] [ 79%] [32mBuilding C object CMakeFiles/people_detector_filter_interfaces__rosidl_generator_py.dir/rosidl_generator_py/people_detector_filter_interfaces_dummy/msg/_is_followed_s.c.o[0m
[21.378s] [ 82%] [32m[1mLinking C shared library rosidl_generator_py/people_detector_filter_interfaces_dummy/libpeople_detector_filter_interfaces__rosidl_generator_py.so[0m
[21.659s] [ 82%] Built target people_detector_filter_interfaces__rosidl_generator_py
[21.909s] [ 85%] [32mBuilding C object CMakeFiles/people_detector_filter_interfaces_dummy__rosidl_typesupport_introspection_c__pyext.dir/rosidl_generator_py/people_detector_filter_interfaces_dummy/_people_detector_filter_interfaces_dummy_s.ep.rosidl_typesupport_introspection_c.c.o[0m
[21.910s] [ 88%] [32mBuilding C object CMakeFiles/people_detector_filter_interfaces_dummy__rosidl_typesupport_fastrtps_c__pyext.dir/rosidl_generator_py/people_detector_filter_interfaces_dummy/_people_detector_filter_interfaces_dummy_s.ep.rosidl_typesupport_fastrtps_c.c.o[0m
[21.919s] [ 91%] [32mBuilding C object CMakeFiles/people_detector_filter_interfaces_dummy__rosidl_typesupport_c__pyext.dir/rosidl_generator_py/people_detector_filter_interfaces_dummy/_people_detector_filter_interfaces_dummy_s.ep.rosidl_typesupport_c.c.o[0m
[22.292s] [ 94%] [32m[1mLinking C shared library rosidl_generator_py/people_detector_filter_interfaces_dummy/people_detector_filter_interfaces_dummy_s__rosidl_typesupport_introspection_c.cpython-310-x86_64-linux-gnu.so[0m
[22.423s] [ 97%] [32m[1mLinking C shared library rosidl_generator_py/people_detector_filter_interfaces_dummy/people_detector_filter_interfaces_dummy_s__rosidl_typesupport_c.cpython-310-x86_64-linux-gnu.so[0m
[22.465s] [100%] [32m[1mLinking C shared library rosidl_generator_py/people_detector_filter_interfaces_dummy/people_detector_filter_interfaces_dummy_s__rosidl_typesupport_fastrtps_c.cpython-310-x86_64-linux-gnu.so[0m
[22.582s] [100%] Built target people_detector_filter_interfaces_dummy__rosidl_typesupport_c__pyext
[22.601s] [100%] Built target people_detector_filter_interfaces_dummy__rosidl_typesupport_introspection_c__pyext
[22.653s] [100%] Built target people_detector_filter_interfaces_dummy__rosidl_typesupport_fastrtps_c__pyext
[22.700s] Invoked command in '/home/ste/ws/hsp-iit/data-model/examples/UC3-museum-guide/high-level-models/build/people_detector_filter_interfaces_dummy' returned '0': CMAKE_PREFIX_PATH=${CMAKE_PREFIX_PATH}:/opt/ros/iron PS1=\[\033[01;32m\]\u\[\033[00m\]:\[\033[01;34m\]\w\[\033[00m\]\[\e[91m\]$(parse_git_branch)\[\e[00m\]$ /usr/bin/cmake --build /home/ste/ws/hsp-iit/data-model/examples/UC3-museum-guide/high-level-models/build/people_detector_filter_interfaces_dummy -- -j12 -l12
[22.736s] Invoking command in '/home/ste/ws/hsp-iit/data-model/examples/UC3-museum-guide/high-level-models/build/people_detector_filter_interfaces_dummy': CMAKE_PREFIX_PATH=${CMAKE_PREFIX_PATH}:/opt/ros/iron PS1=\[\033[01;32m\]\u\[\033[00m\]:\[\033[01;34m\]\w\[\033[00m\]\[\e[91m\]$(parse_git_branch)\[\e[00m\]$ /usr/bin/cmake --install /home/ste/ws/hsp-iit/data-model/examples/UC3-museum-guide/high-level-models/build/people_detector_filter_interfaces_dummy
[22.778s] -- Install configuration: ""
[22.778s] -- Installing: /home/ste/ws/hsp-iit/data-model/examples/UC3-museum-guide/high-level-models/install/people_detector_filter_interfaces_dummy/share/ament_index/resource_index/rosidl_interfaces/people_detector_filter_interfaces_dummy
[22.779s] -- Installing: /home/ste/ws/hsp-iit/data-model/examples/UC3-museum-guide/high-level-models/install/people_detector_filter_interfaces_dummy/share/people_detector_filter_interfaces_dummy/msg/IsFollowed.json
[22.779s] -- Installing: /home/ste/ws/hsp-iit/data-model/examples/UC3-museum-guide/high-level-models/install/people_detector_filter_interfaces_dummy/include/people_detector_filter_interfaces_dummy/people_detector_filter_interfaces_dummy
[22.779s] -- Installing: /home/ste/ws/hsp-iit/data-model/examples/UC3-museum-guide/high-level-models/install/people_detector_filter_interfaces_dummy/include/people_detector_filter_interfaces_dummy/people_detector_filter_interfaces_dummy/msg
[22.779s] -- Installing: /home/ste/ws/hsp-iit/data-model/examples/UC3-museum-guide/high-level-models/install/people_detector_filter_interfaces_dummy/include/people_detector_filter_interfaces_dummy/people_detector_filter_interfaces_dummy/msg/is_followed.h
[22.780s] -- Installing: /home/ste/ws/hsp-iit/data-model/examples/UC3-museum-guide/high-level-models/install/people_detector_filter_interfaces_dummy/include/people_detector_filter_interfaces_dummy/people_detector_filter_interfaces_dummy/msg/detail
[22.780s] -- Installing: /home/ste/ws/hsp-iit/data-model/examples/UC3-museum-guide/high-level-models/install/people_detector_filter_interfaces_dummy/include/people_detector_filter_interfaces_dummy/people_detector_filter_interfaces_dummy/msg/detail/is_followed__type_support.h
[22.780s] -- Installing: /home/ste/ws/hsp-iit/data-model/examples/UC3-museum-guide/high-level-models/install/people_detector_filter_interfaces_dummy/include/people_detector_filter_interfaces_dummy/people_detector_filter_interfaces_dummy/msg/detail/is_followed__functions.h
[22.780s] -- Installing: /home/ste/ws/hsp-iit/data-model/examples/UC3-museum-guide/high-level-models/install/people_detector_filter_interfaces_dummy/include/people_detector_filter_interfaces_dummy/people_detector_filter_interfaces_dummy/msg/detail/is_followed__description.c
[22.781s] -- Installing: /home/ste/ws/hsp-iit/data-model/examples/UC3-museum-guide/high-level-models/install/people_detector_filter_interfaces_dummy/include/people_detector_filter_interfaces_dummy/people_detector_filter_interfaces_dummy/msg/detail/is_followed__type_support.c
[22.781s] -- Installing: /home/ste/ws/hsp-iit/data-model/examples/UC3-museum-guide/high-level-models/install/people_detector_filter_interfaces_dummy/include/people_detector_filter_interfaces_dummy/people_detector_filter_interfaces_dummy/msg/detail/is_followed__functions.c
[22.781s] -- Installing: /home/ste/ws/hsp-iit/data-model/examples/UC3-museum-guide/high-level-models/install/people_detector_filter_interfaces_dummy/include/people_detector_filter_interfaces_dummy/people_detector_filter_interfaces_dummy/msg/detail/is_followed__struct.h
[22.782s] -- Installing: /home/ste/ws/hsp-iit/data-model/examples/UC3-museum-guide/high-level-models/install/people_detector_filter_interfaces_dummy/include/people_detector_filter_interfaces_dummy/people_detector_filter_interfaces_dummy/msg/rosidl_generator_c__visibility_control.h
[22.782s] -- Installing: /home/ste/ws/hsp-iit/data-model/examples/UC3-museum-guide/high-level-models/install/people_detector_filter_interfaces_dummy/share/people_detector_filter_interfaces_dummy/environment/library_path.sh
[22.782s] -- Installing: /home/ste/ws/hsp-iit/data-model/examples/UC3-museum-guide/high-level-models/install/people_detector_filter_interfaces_dummy/share/people_detector_filter_interfaces_dummy/environment/library_path.dsv
[22.783s] -- Installing: /home/ste/ws/hsp-iit/data-model/examples/UC3-museum-guide/high-level-models/install/people_detector_filter_interfaces_dummy/lib/libpeople_detector_filter_interfaces__rosidl_generator_c.so
[22.790s] -- Set runtime path of "/home/ste/ws/hsp-iit/data-model/examples/UC3-museum-guide/high-level-models/install/people_detector_filter_interfaces_dummy/lib/libpeople_detector_filter_interfaces__rosidl_generator_c.so" to ""
[22.796s] -- Up-to-date: /home/ste/ws/hsp-iit/data-model/examples/UC3-museum-guide/high-level-models/install/people_detector_filter_interfaces_dummy/include/people_detector_filter_interfaces_dummy/people_detector_filter_interfaces_dummy
[22.797s] -- Up-to-date: /home/ste/ws/hsp-iit/data-model/examples/UC3-museum-guide/high-level-models/install/people_detector_filter_interfaces_dummy/include/people_detector_filter_interfaces_dummy/people_detector_filter_interfaces_dummy/msg
[22.797s] -- Up-to-date: /home/ste/ws/hsp-iit/data-model/examples/UC3-museum-guide/high-level-models/install/people_detector_filter_interfaces_dummy/include/people_detector_filter_interfaces_dummy/people_detector_filter_interfaces_dummy/msg/detail
[22.797s] -- Installing: /home/ste/ws/hsp-iit/data-model/examples/UC3-museum-guide/high-level-models/install/people_detector_filter_interfaces_dummy/include/people_detector_filter_interfaces_dummy/people_detector_filter_interfaces_dummy/msg/detail/is_followed__rosidl_typesupport_fastrtps_c.h
[22.797s] -- Installing: /home/ste/ws/hsp-iit/data-model/examples/UC3-museum-guide/high-level-models/install/people_detector_filter_interfaces_dummy/include/people_detector_filter_interfaces_dummy/people_detector_filter_interfaces_dummy/msg/rosidl_typesupport_fastrtps_c__visibility_control.h
[22.797s] -- Installing: /home/ste/ws/hsp-iit/data-model/examples/UC3-museum-guide/high-level-models/install/people_detector_filter_interfaces_dummy/lib/libpeople_detector_filter_interfaces__rosidl_typesupport_fastrtps_c.so
[22.802s] -- Set runtime path of "/home/ste/ws/hsp-iit/data-model/examples/UC3-museum-guide/high-level-models/install/people_detector_filter_interfaces_dummy/lib/libpeople_detector_filter_interfaces__rosidl_typesupport_fastrtps_c.so" to ""
[22.803s] -- Up-to-date: /home/ste/ws/hsp-iit/data-model/examples/UC3-museum-guide/high-level-models/install/people_detector_filter_interfaces_dummy/include/people_detector_filter_interfaces_dummy/people_detector_filter_interfaces_dummy
[22.803s] -- Up-to-date: /home/ste/ws/hsp-iit/data-model/examples/UC3-museum-guide/high-level-models/install/people_detector_filter_interfaces_dummy/include/people_detector_filter_interfaces_dummy/people_detector_filter_interfaces_dummy/msg
[22.803s] -- Up-to-date: /home/ste/ws/hsp-iit/data-model/examples/UC3-museum-guide/high-level-models/install/people_detector_filter_interfaces_dummy/include/people_detector_filter_interfaces_dummy/people_detector_filter_interfaces_dummy/msg/detail
[22.804s] -- Installing: /home/ste/ws/hsp-iit/data-model/examples/UC3-museum-guide/high-level-models/install/people_detector_filter_interfaces_dummy/include/people_detector_filter_interfaces_dummy/people_detector_filter_interfaces_dummy/msg/detail/is_followed__builder.hpp
[22.804s] -- Installing: /home/ste/ws/hsp-iit/data-model/examples/UC3-museum-guide/high-level-models/install/people_detector_filter_interfaces_dummy/include/people_detector_filter_interfaces_dummy/people_detector_filter_interfaces_dummy/msg/detail/is_followed__traits.hpp
[22.804s] -- Installing: /home/ste/ws/hsp-iit/data-model/examples/UC3-museum-guide/high-level-models/install/people_detector_filter_interfaces_dummy/include/people_detector_filter_interfaces_dummy/people_detector_filter_interfaces_dummy/msg/detail/is_followed__struct.hpp
[22.804s] -- Installing: /home/ste/ws/hsp-iit/data-model/examples/UC3-museum-guide/high-level-models/install/people_detector_filter_interfaces_dummy/include/people_detector_filter_interfaces_dummy/people_detector_filter_interfaces_dummy/msg/is_followed.hpp
[22.805s] -- Up-to-date: /home/ste/ws/hsp-iit/data-model/examples/UC3-museum-guide/high-level-models/install/people_detector_filter_interfaces_dummy/include/people_detector_filter_interfaces_dummy/people_detector_filter_interfaces_dummy
[22.805s] -- Up-to-date: /home/ste/ws/hsp-iit/data-model/examples/UC3-museum-guide/high-level-models/install/people_detector_filter_interfaces_dummy/include/people_detector_filter_interfaces_dummy/people_detector_filter_interfaces_dummy/msg
[22.805s] -- Up-to-date: /home/ste/ws/hsp-iit/data-model/examples/UC3-museum-guide/high-level-models/install/people_detector_filter_interfaces_dummy/include/people_detector_filter_interfaces_dummy/people_detector_filter_interfaces_dummy/msg/detail
[22.805s] -- Installing: /home/ste/ws/hsp-iit/data-model/examples/UC3-museum-guide/high-level-models/install/people_detector_filter_interfaces_dummy/include/people_detector_filter_interfaces_dummy/people_detector_filter_interfaces_dummy/msg/detail/is_followed__rosidl_typesupport_fastrtps_cpp.hpp
[22.805s] -- Installing: /home/ste/ws/hsp-iit/data-model/examples/UC3-museum-guide/high-level-models/install/people_detector_filter_interfaces_dummy/include/people_detector_filter_interfaces_dummy/people_detector_filter_interfaces_dummy/msg/detail/dds_fastrtps
[22.805s] -- Installing: /home/ste/ws/hsp-iit/data-model/examples/UC3-museum-guide/high-level-models/install/people_detector_filter_interfaces_dummy/include/people_detector_filter_interfaces_dummy/people_detector_filter_interfaces_dummy/msg/rosidl_typesupport_fastrtps_cpp__visibility_control.h
[22.806s] -- Installing: /home/ste/ws/hsp-iit/data-model/examples/UC3-museum-guide/high-level-models/install/people_detector_filter_interfaces_dummy/lib/libpeople_detector_filter_interfaces__rosidl_typesupport_fastrtps_cpp.so
[22.810s] -- Set runtime path of "/home/ste/ws/hsp-iit/data-model/examples/UC3-museum-guide/high-level-models/install/people_detector_filter_interfaces_dummy/lib/libpeople_detector_filter_interfaces__rosidl_typesupport_fastrtps_cpp.so" to ""
[22.811s] -- Up-to-date: /home/ste/ws/hsp-iit/data-model/examples/UC3-museum-guide/high-level-models/install/people_detector_filter_interfaces_dummy/include/people_detector_filter_interfaces_dummy/people_detector_filter_interfaces_dummy
[22.811s] -- Up-to-date: /home/ste/ws/hsp-iit/data-model/examples/UC3-museum-guide/high-level-models/install/people_detector_filter_interfaces_dummy/include/people_detector_filter_interfaces_dummy/people_detector_filter_interfaces_dummy/msg
[22.811s] -- Up-to-date: /home/ste/ws/hsp-iit/data-model/examples/UC3-museum-guide/high-level-models/install/people_detector_filter_interfaces_dummy/include/people_detector_filter_interfaces_dummy/people_detector_filter_interfaces_dummy/msg/detail
[22.811s] -- Installing: /home/ste/ws/hsp-iit/data-model/examples/UC3-museum-guide/high-level-models/install/people_detector_filter_interfaces_dummy/include/people_detector_filter_interfaces_dummy/people_detector_filter_interfaces_dummy/msg/detail/is_followed__type_support.c
[22.812s] -- Installing: /home/ste/ws/hsp-iit/data-model/examples/UC3-museum-guide/high-level-models/install/people_detector_filter_interfaces_dummy/include/people_detector_filter_interfaces_dummy/people_detector_filter_interfaces_dummy/msg/detail/is_followed__rosidl_typesupport_introspection_c.h
[22.812s] -- Installing: /home/ste/ws/hsp-iit/data-model/examples/UC3-museum-guide/high-level-models/install/people_detector_filter_interfaces_dummy/include/people_detector_filter_interfaces_dummy/people_detector_filter_interfaces_dummy/msg/rosidl_typesupport_introspection_c__visibility_control.h
[22.812s] -- Installing: /home/ste/ws/hsp-iit/data-model/examples/UC3-museum-guide/high-level-models/install/people_detector_filter_interfaces_dummy/lib/libpeople_detector_filter_interfaces__rosidl_typesupport_introspection_c.so
[22.815s] -- Set runtime path of "/home/ste/ws/hsp-iit/data-model/examples/UC3-museum-guide/high-level-models/install/people_detector_filter_interfaces_dummy/lib/libpeople_detector_filter_interfaces__rosidl_typesupport_introspection_c.so" to ""
[22.816s] -- Installing: /home/ste/ws/hsp-iit/data-model/examples/UC3-museum-guide/high-level-models/install/people_detector_filter_interfaces_dummy/lib/libpeople_detector_filter_interfaces__rosidl_typesupport_c.so
[22.818s] -- Set runtime path of "/home/ste/ws/hsp-iit/data-model/examples/UC3-museum-guide/high-level-models/install/people_detector_filter_interfaces_dummy/lib/libpeople_detector_filter_interfaces__rosidl_typesupport_c.so" to ""
[22.819s] -- Up-to-date: /home/ste/ws/hsp-iit/data-model/examples/UC3-museum-guide/high-level-models/install/people_detector_filter_interfaces_dummy/include/people_detector_filter_interfaces_dummy/people_detector_filter_interfaces_dummy
[22.819s] -- Up-to-date: /home/ste/ws/hsp-iit/data-model/examples/UC3-museum-guide/high-level-models/install/people_detector_filter_interfaces_dummy/include/people_detector_filter_interfaces_dummy/people_detector_filter_interfaces_dummy/msg
[22.819s] -- Up-to-date: /home/ste/ws/hsp-iit/data-model/examples/UC3-museum-guide/high-level-models/install/people_detector_filter_interfaces_dummy/include/people_detector_filter_interfaces_dummy/people_detector_filter_interfaces_dummy/msg/detail
[22.819s] -- Installing: /home/ste/ws/hsp-iit/data-model/examples/UC3-museum-guide/high-level-models/install/people_detector_filter_interfaces_dummy/include/people_detector_filter_interfaces_dummy/people_detector_filter_interfaces_dummy/msg/detail/is_followed__type_support.cpp
[22.819s] -- Installing: /home/ste/ws/hsp-iit/data-model/examples/UC3-museum-guide/high-level-models/install/people_detector_filter_interfaces_dummy/include/people_detector_filter_interfaces_dummy/people_detector_filter_interfaces_dummy/msg/detail/is_followed__rosidl_typesupport_introspection_cpp.hpp
[22.820s] -- Installing: /home/ste/ws/hsp-iit/data-model/examples/UC3-museum-guide/high-level-models/install/people_detector_filter_interfaces_dummy/lib/libpeople_detector_filter_interfaces__rosidl_typesupport_introspection_cpp.so
[22.820s] -- Set runtime path of "/home/ste/ws/hsp-iit/data-model/examples/UC3-museum-guide/high-level-models/install/people_detector_filter_interfaces_dummy/lib/libpeople_detector_filter_interfaces__rosidl_typesupport_introspection_cpp.so" to ""
[22.820s] -- Installing: /home/ste/ws/hsp-iit/data-model/examples/UC3-museum-guide/high-level-models/install/people_detector_filter_interfaces_dummy/lib/libpeople_detector_filter_interfaces__rosidl_typesupport_cpp.so
[22.821s] -- Set runtime path of "/home/ste/ws/hsp-iit/data-model/examples/UC3-museum-guide/high-level-models/install/people_detector_filter_interfaces_dummy/lib/libpeople_detector_filter_interfaces__rosidl_typesupport_cpp.so" to ""
[22.821s] -- Installing: /home/ste/ws/hsp-iit/data-model/examples/UC3-museum-guide/high-level-models/install/people_detector_filter_interfaces_dummy/share/people_detector_filter_interfaces_dummy/environment/pythonpath.sh
[22.821s] -- Installing: /home/ste/ws/hsp-iit/data-model/examples/UC3-museum-guide/high-level-models/install/people_detector_filter_interfaces_dummy/share/people_detector_filter_interfaces_dummy/environment/pythonpath.dsv
[22.822s] -- Installing: /home/ste/ws/hsp-iit/data-model/examples/UC3-museum-guide/high-level-models/install/people_detector_filter_interfaces_dummy/lib/python3.10/site-packages/people_detector_filter_interfaces_dummy-0.0.0-py3.10.egg-info
[22.822s] -- Installing: /home/ste/ws/hsp-iit/data-model/examples/UC3-museum-guide/high-level-models/install/people_detector_filter_interfaces_dummy/lib/python3.10/site-packages/people_detector_filter_interfaces_dummy-0.0.0-py3.10.egg-info/PKG-INFO
[22.822s] -- Installing: /home/ste/ws/hsp-iit/data-model/examples/UC3-museum-guide/high-level-models/install/people_detector_filter_interfaces_dummy/lib/python3.10/site-packages/people_detector_filter_interfaces_dummy-0.0.0-py3.10.egg-info/dependency_links.txt
[22.822s] -- Installing: /home/ste/ws/hsp-iit/data-model/examples/UC3-museum-guide/high-level-models/install/people_detector_filter_interfaces_dummy/lib/python3.10/site-packages/people_detector_filter_interfaces_dummy-0.0.0-py3.10.egg-info/top_level.txt
[22.822s] -- Installing: /home/ste/ws/hsp-iit/data-model/examples/UC3-museum-guide/high-level-models/install/people_detector_filter_interfaces_dummy/lib/python3.10/site-packages/people_detector_filter_interfaces_dummy-0.0.0-py3.10.egg-info/SOURCES.txt
[22.823s] -- Installing: /home/ste/ws/hsp-iit/data-model/examples/UC3-museum-guide/high-level-models/install/people_detector_filter_interfaces_dummy/lib/python3.10/site-packages/people_detector_filter_interfaces_dummy
[22.823s] -- Installing: /home/ste/ws/hsp-iit/data-model/examples/UC3-museum-guide/high-level-models/install/people_detector_filter_interfaces_dummy/lib/python3.10/site-packages/people_detector_filter_interfaces_dummy/_people_detector_filter_interfaces_dummy_s.ep.rosidl_typesupport_c.c
[22.823s] -- Installing: /home/ste/ws/hsp-iit/data-model/examples/UC3-museum-guide/high-level-models/install/people_detector_filter_interfaces_dummy/lib/python3.10/site-packages/people_detector_filter_interfaces_dummy/people_detector_filter_interfaces_dummy_s__rosidl_typesupport_c.cpython-310-x86_64-linux-gnu.so
[22.824s] -- Installing: /home/ste/ws/hsp-iit/data-model/examples/UC3-museum-guide/high-level-models/install/people_detector_filter_interfaces_dummy/lib/python3.10/site-packages/people_detector_filter_interfaces_dummy/__init__.py
[22.824s] -- Installing: /home/ste/ws/hsp-iit/data-model/examples/UC3-museum-guide/high-level-models/install/people_detector_filter_interfaces_dummy/lib/python3.10/site-packages/people_detector_filter_interfaces_dummy/_people_detector_filter_interfaces_dummy_s.ep.rosidl_typesupport_introspection_c.c
[22.824s] -- Installing: /home/ste/ws/hsp-iit/data-model/examples/UC3-museum-guide/high-level-models/install/people_detector_filter_interfaces_dummy/lib/python3.10/site-packages/people_detector_filter_interfaces_dummy/libpeople_detector_filter_interfaces__rosidl_generator_py.so
[22.824s] -- Installing: /home/ste/ws/hsp-iit/data-model/examples/UC3-museum-guide/high-level-models/install/people_detector_filter_interfaces_dummy/lib/python3.10/site-packages/people_detector_filter_interfaces_dummy/people_detector_filter_interfaces_dummy_s__rosidl_typesupport_fastrtps_c.cpython-310-x86_64-linux-gnu.so
[22.825s] -- Installing: /home/ste/ws/hsp-iit/data-model/examples/UC3-museum-guide/high-level-models/install/people_detector_filter_interfaces_dummy/lib/python3.10/site-packages/people_detector_filter_interfaces_dummy/_people_detector_filter_interfaces_dummy_s.ep.rosidl_typesupport_fastrtps_c.c
[22.825s] -- Installing: /home/ste/ws/hsp-iit/data-model/examples/UC3-museum-guide/high-level-models/install/people_detector_filter_interfaces_dummy/lib/python3.10/site-packages/people_detector_filter_interfaces_dummy/msg
[22.825s] -- Installing: /home/ste/ws/hsp-iit/data-model/examples/UC3-museum-guide/high-level-models/install/people_detector_filter_interfaces_dummy/lib/python3.10/site-packages/people_detector_filter_interfaces_dummy/msg/__init__.py
[22.825s] -- Installing: /home/ste/ws/hsp-iit/data-model/examples/UC3-museum-guide/high-level-models/install/people_detector_filter_interfaces_dummy/lib/python3.10/site-packages/people_detector_filter_interfaces_dummy/msg/_is_followed.py
[22.825s] -- Installing: /home/ste/ws/hsp-iit/data-model/examples/UC3-museum-guide/high-level-models/install/people_detector_filter_interfaces_dummy/lib/python3.10/site-packages/people_detector_filter_interfaces_dummy/msg/_is_followed_s.c
[22.826s] -- Installing: /home/ste/ws/hsp-iit/data-model/examples/UC3-museum-guide/high-level-models/install/people_detector_filter_interfaces_dummy/lib/python3.10/site-packages/people_detector_filter_interfaces_dummy/people_detector_filter_interfaces_dummy_s__rosidl_typesupport_introspection_c.cpython-310-x86_64-linux-gnu.so
[22.931s] Listing '/home/ste/ws/hsp-iit/data-model/examples/UC3-museum-guide/high-level-models/install/people_detector_filter_interfaces_dummy/lib/python3.10/site-packages/people_detector_filter_interfaces_dummy'...
[22.931s] Compiling '/home/ste/ws/hsp-iit/data-model/examples/UC3-museum-guide/high-level-models/install/people_detector_filter_interfaces_dummy/lib/python3.10/site-packages/people_detector_filter_interfaces_dummy/__init__.py'...
[22.931s] Listing '/home/ste/ws/hsp-iit/data-model/examples/UC3-museum-guide/high-level-models/install/people_detector_filter_interfaces_dummy/lib/python3.10/site-packages/people_detector_filter_interfaces_dummy/msg'...
[22.932s] Compiling '/home/ste/ws/hsp-iit/data-model/examples/UC3-museum-guide/high-level-models/install/people_detector_filter_interfaces_dummy/lib/python3.10/site-packages/people_detector_filter_interfaces_dummy/msg/__init__.py'...
[22.932s] Compiling '/home/ste/ws/hsp-iit/data-model/examples/UC3-museum-guide/high-level-models/install/people_detector_filter_interfaces_dummy/lib/python3.10/site-packages/people_detector_filter_interfaces_dummy/msg/_is_followed.py'...
[22.944s] -- Installing: /home/ste/ws/hsp-iit/data-model/examples/UC3-museum-guide/high-level-models/install/people_detector_filter_interfaces_dummy/lib/python3.10/site-packages/people_detector_filter_interfaces_dummy/people_detector_filter_interfaces_dummy_s__rosidl_typesupport_fastrtps_c.cpython-310-x86_64-linux-gnu.so
[22.944s] -- Set runtime path of "/home/ste/ws/hsp-iit/data-model/examples/UC3-museum-guide/high-level-models/install/people_detector_filter_interfaces_dummy/lib/python3.10/site-packages/people_detector_filter_interfaces_dummy/people_detector_filter_interfaces_dummy_s__rosidl_typesupport_fastrtps_c.cpython-310-x86_64-linux-gnu.so" to ""
[22.945s] -- Installing: /home/ste/ws/hsp-iit/data-model/examples/UC3-museum-guide/high-level-models/install/people_detector_filter_interfaces_dummy/lib/python3.10/site-packages/people_detector_filter_interfaces_dummy/people_detector_filter_interfaces_dummy_s__rosidl_typesupport_introspection_c.cpython-310-x86_64-linux-gnu.so
[22.945s] -- Set runtime path of "/home/ste/ws/hsp-iit/data-model/examples/UC3-museum-guide/high-level-models/install/people_detector_filter_interfaces_dummy/lib/python3.10/site-packages/people_detector_filter_interfaces_dummy/people_detector_filter_interfaces_dummy_s__rosidl_typesupport_introspection_c.cpython-310-x86_64-linux-gnu.so" to ""
[22.946s] -- Installing: /home/ste/ws/hsp-iit/data-model/examples/UC3-museum-guide/high-level-models/install/people_detector_filter_interfaces_dummy/lib/python3.10/site-packages/people_detector_filter_interfaces_dummy/people_detector_filter_interfaces_dummy_s__rosidl_typesupport_c.cpython-310-x86_64-linux-gnu.so
[22.946s] -- Set runtime path of "/home/ste/ws/hsp-iit/data-model/examples/UC3-museum-guide/high-level-models/install/people_detector_filter_interfaces_dummy/lib/python3.10/site-packages/people_detector_filter_interfaces_dummy/people_detector_filter_interfaces_dummy_s__rosidl_typesupport_c.cpython-310-x86_64-linux-gnu.so" to ""
[22.946s] -- Installing: /home/ste/ws/hsp-iit/data-model/examples/UC3-museum-guide/high-level-models/install/people_detector_filter_interfaces_dummy/lib/libpeople_detector_filter_interfaces__rosidl_generator_py.so
[22.947s] -- Set runtime path of "/home/ste/ws/hsp-iit/data-model/examples/UC3-museum-guide/high-level-models/install/people_detector_filter_interfaces_dummy/lib/libpeople_detector_filter_interfaces__rosidl_generator_py.so" to ""
[22.947s] -- Installing: /home/ste/ws/hsp-iit/data-model/examples/UC3-museum-guide/high-level-models/install/people_detector_filter_interfaces_dummy/share/people_detector_filter_interfaces_dummy/msg/IsFollowed.idl
[22.947s] -- Installing: /home/ste/ws/hsp-iit/data-model/examples/UC3-museum-guide/high-level-models/install/people_detector_filter_interfaces_dummy/share/people_detector_filter_interfaces_dummy/msg/IsFollowed.msg
[22.948s] -- Installing: /home/ste/ws/hsp-iit/data-model/examples/UC3-museum-guide/high-level-models/install/people_detector_filter_interfaces_dummy/share/ament_index/resource_index/package_run_dependencies/people_detector_filter_interfaces_dummy
[22.948s] -- Installing: /home/ste/ws/hsp-iit/data-model/examples/UC3-museum-guide/high-level-models/install/people_detector_filter_interfaces_dummy/share/ament_index/resource_index/parent_prefix_path/people_detector_filter_interfaces_dummy
[22.949s] -- Installing: /home/ste/ws/hsp-iit/data-model/examples/UC3-museum-guide/high-level-models/install/people_detector_filter_interfaces_dummy/share/people_detector_filter_interfaces_dummy/environment/ament_prefix_path.sh
[22.949s] -- Installing: /home/ste/ws/hsp-iit/data-model/examples/UC3-museum-guide/high-level-models/install/people_detector_filter_interfaces_dummy/share/people_detector_filter_interfaces_dummy/environment/ament_prefix_path.dsv
[22.949s] -- Installing: /home/ste/ws/hsp-iit/data-model/examples/UC3-museum-guide/high-level-models/install/people_detector_filter_interfaces_dummy/share/people_detector_filter_interfaces_dummy/environment/path.sh
[22.950s] -- Installing: /home/ste/ws/hsp-iit/data-model/examples/UC3-museum-guide/high-level-models/install/people_detector_filter_interfaces_dummy/share/people_detector_filter_interfaces_dummy/environment/path.dsv
[22.950s] -- Installing: /home/ste/ws/hsp-iit/data-model/examples/UC3-museum-guide/high-level-models/install/people_detector_filter_interfaces_dummy/share/people_detector_filter_interfaces_dummy/local_setup.bash
[22.951s] -- Installing: /home/ste/ws/hsp-iit/data-model/examples/UC3-museum-guide/high-level-models/install/people_detector_filter_interfaces_dummy/share/people_detector_filter_interfaces_dummy/local_setup.sh
[22.951s] -- Installing: /home/ste/ws/hsp-iit/data-model/examples/UC3-museum-guide/high-level-models/install/people_detector_filter_interfaces_dummy/share/people_detector_filter_interfaces_dummy/local_setup.zsh
[22.951s] -- Installing: /home/ste/ws/hsp-iit/data-model/examples/UC3-museum-guide/high-level-models/install/people_detector_filter_interfaces_dummy/share/people_detector_filter_interfaces_dummy/local_setup.dsv
[22.952s] -- Installing: /home/ste/ws/hsp-iit/data-model/examples/UC3-museum-guide/high-level-models/install/people_detector_filter_interfaces_dummy/share/people_detector_filter_interfaces_dummy/package.dsv
[22.952s] -- Installing: /home/ste/ws/hsp-iit/data-model/examples/UC3-museum-guide/high-level-models/install/people_detector_filter_interfaces_dummy/share/ament_index/resource_index/packages/people_detector_filter_interfaces_dummy
[22.953s] -- Installing: /home/ste/ws/hsp-iit/data-model/examples/UC3-museum-guide/high-level-models/install/people_detector_filter_interfaces_dummy/share/people_detector_filter_interfaces_dummy/cmake/export_people_detector_filter_interfaces__rosidl_generator_cExport.cmake
[22.953s] -- Installing: /home/ste/ws/hsp-iit/data-model/examples/UC3-museum-guide/high-level-models/install/people_detector_filter_interfaces_dummy/share/people_detector_filter_interfaces_dummy/cmake/export_people_detector_filter_interfaces__rosidl_generator_cExport-noconfig.cmake
[22.954s] -- Installing: /home/ste/ws/hsp-iit/data-model/examples/UC3-museum-guide/high-level-models/install/people_detector_filter_interfaces_dummy/share/people_detector_filter_interfaces_dummy/cmake/export_people_detector_filter_interfaces__rosidl_typesupport_fastrtps_cExport.cmake
[22.954s] -- Installing: /home/ste/ws/hsp-iit/data-model/examples/UC3-museum-guide/high-level-models/install/people_detector_filter_interfaces_dummy/share/people_detector_filter_interfaces_dummy/cmake/export_people_detector_filter_interfaces__rosidl_typesupport_fastrtps_cExport-noconfig.cmake
[22.954s] -- Installing: /home/ste/ws/hsp-iit/data-model/examples/UC3-museum-guide/high-level-models/install/people_detector_filter_interfaces_dummy/share/people_detector_filter_interfaces_dummy/cmake/export_people_detector_filter_interfaces__rosidl_generator_cppExport.cmake
[22.955s] -- Installing: /home/ste/ws/hsp-iit/data-model/examples/UC3-museum-guide/high-level-models/install/people_detector_filter_interfaces_dummy/share/people_detector_filter_interfaces_dummy/cmake/export_people_detector_filter_interfaces__rosidl_typesupport_fastrtps_cppExport.cmake
[22.955s] -- Installing: /home/ste/ws/hsp-iit/data-model/examples/UC3-museum-guide/high-level-models/install/people_detector_filter_interfaces_dummy/share/people_detector_filter_interfaces_dummy/cmake/export_people_detector_filter_interfaces__rosidl_typesupport_fastrtps_cppExport-noconfig.cmake
[22.956s] -- Installing: /home/ste/ws/hsp-iit/data-model/examples/UC3-museum-guide/high-level-models/install/people_detector_filter_interfaces_dummy/share/people_detector_filter_interfaces_dummy/cmake/people_detector_filter_interfaces__rosidl_typesupport_introspection_cExport.cmake
[22.956s] -- Installing: /home/ste/ws/hsp-iit/data-model/examples/UC3-museum-guide/high-level-models/install/people_detector_filter_interfaces_dummy/share/people_detector_filter_interfaces_dummy/cmake/people_detector_filter_interfaces__rosidl_typesupport_introspection_cExport-noconfig.cmake
[22.956s] -- Installing: /home/ste/ws/hsp-iit/data-model/examples/UC3-museum-guide/high-level-models/install/people_detector_filter_interfaces_dummy/share/people_detector_filter_interfaces_dummy/cmake/people_detector_filter_interfaces__rosidl_typesupport_cExport.cmake
[22.957s] -- Installing: /home/ste/ws/hsp-iit/data-model/examples/UC3-museum-guide/high-level-models/install/people_detector_filter_interfaces_dummy/share/people_detector_filter_interfaces_dummy/cmake/people_detector_filter_interfaces__rosidl_typesupport_cExport-noconfig.cmake
[22.957s] -- Installing: /home/ste/ws/hsp-iit/data-model/examples/UC3-museum-guide/high-level-models/install/people_detector_filter_interfaces_dummy/share/people_detector_filter_interfaces_dummy/cmake/people_detector_filter_interfaces__rosidl_typesupport_introspection_cppExport.cmake
[22.958s] -- Installing: /home/ste/ws/hsp-iit/data-model/examples/UC3-museum-guide/high-level-models/install/people_detector_filter_interfaces_dummy/share/people_detector_filter_interfaces_dummy/cmake/people_detector_filter_interfaces__rosidl_typesupport_introspection_cppExport-noconfig.cmake
[22.959s] -- Installing: /home/ste/ws/hsp-iit/data-model/examples/UC3-museum-guide/high-level-models/install/people_detector_filter_interfaces_dummy/share/people_detector_filter_interfaces_dummy/cmake/people_detector_filter_interfaces__rosidl_typesupport_cppExport.cmake
[22.959s] -- Installing: /home/ste/ws/hsp-iit/data-model/examples/UC3-museum-guide/high-level-models/install/people_detector_filter_interfaces_dummy/share/people_detector_filter_interfaces_dummy/cmake/people_detector_filter_interfaces__rosidl_typesupport_cppExport-noconfig.cmake
[22.960s] -- Installing: /home/ste/ws/hsp-iit/data-model/examples/UC3-museum-guide/high-level-models/install/people_detector_filter_interfaces_dummy/share/people_detector_filter_interfaces_dummy/cmake/export_people_detector_filter_interfaces__rosidl_generator_pyExport.cmake
[22.962s] -- Installing: /home/ste/ws/hsp-iit/data-model/examples/UC3-museum-guide/high-level-models/install/people_detector_filter_interfaces_dummy/share/people_detector_filter_interfaces_dummy/cmake/export_people_detector_filter_interfaces__rosidl_generator_pyExport-noconfig.cmake
[22.962s] -- Installing: /home/ste/ws/hsp-iit/data-model/examples/UC3-museum-guide/high-level-models/install/people_detector_filter_interfaces_dummy/share/people_detector_filter_interfaces_dummy/cmake/rosidl_cmake-extras.cmake
[22.962s] -- Installing: /home/ste/ws/hsp-iit/data-model/examples/UC3-museum-guide/high-level-models/install/people_detector_filter_interfaces_dummy/share/people_detector_filter_interfaces_dummy/cmake/ament_cmake_export_dependencies-extras.cmake
[22.964s] -- Installing: /home/ste/ws/hsp-iit/data-model/examples/UC3-museum-guide/high-level-models/install/people_detector_filter_interfaces_dummy/share/people_detector_filter_interfaces_dummy/cmake/ament_cmake_export_include_directories-extras.cmake
[22.964s] -- Installing: /home/ste/ws/hsp-iit/data-model/examples/UC3-museum-guide/high-level-models/install/people_detector_filter_interfaces_dummy/share/people_detector_filter_interfaces_dummy/cmake/ament_cmake_export_libraries-extras.cmake
[22.965s] -- Installing: /home/ste/ws/hsp-iit/data-model/examples/UC3-museum-guide/high-level-models/install/people_detector_filter_interfaces_dummy/share/people_detector_filter_interfaces_dummy/cmake/ament_cmake_export_targets-extras.cmake
[22.965s] -- Installing: /home/ste/ws/hsp-iit/data-model/examples/UC3-museum-guide/high-level-models/install/people_detector_filter_interfaces_dummy/share/people_detector_filter_interfaces_dummy/cmake/rosidl_cmake_export_typesupport_targets-extras.cmake
[22.966s] -- Installing: /home/ste/ws/hsp-iit/data-model/examples/UC3-museum-guide/high-level-models/install/people_detector_filter_interfaces_dummy/share/people_detector_filter_interfaces_dummy/cmake/rosidl_cmake_export_typesupport_libraries-extras.cmake
[22.971s] -- Installing: /home/ste/ws/hsp-iit/data-model/examples/UC3-museum-guide/high-level-models/install/people_detector_filter_interfaces_dummy/share/people_detector_filter_interfaces_dummy/cmake/people_detector_filter_interfaces_dummyConfig.cmake
[22.972s] -- Installing: /home/ste/ws/hsp-iit/data-model/examples/UC3-museum-guide/high-level-models/install/people_detector_filter_interfaces_dummy/share/people_detector_filter_interfaces_dummy/cmake/people_detector_filter_interfaces_dummyConfig-version.cmake
[22.972s] -- Installing: /home/ste/ws/hsp-iit/data-model/examples/UC3-museum-guide/high-level-models/install/people_detector_filter_interfaces_dummy/share/people_detector_filter_interfaces_dummy/package.xml
[22.977s] Invoked command in '/home/ste/ws/hsp-iit/data-model/examples/UC3-museum-guide/high-level-models/build/people_detector_filter_interfaces_dummy' returned '0': CMAKE_PREFIX_PATH=${CMAKE_PREFIX_PATH}:/opt/ros/iron PS1=\[\033[01;32m\]\u\[\033[00m\]:\[\033[01;34m\]\w\[\033[00m\]\[\e[91m\]$(parse_git_branch)\[\e[00m\]$ /usr/bin/cmake --install /home/ste/ws/hsp-iit/data-model/examples/UC3-museum-guide/high-level-models/build/people_detector_filter_interfaces_dummy
