Not searching for unused variables given on the command line.
-- The C compiler identification is GNU 13.3.0
-- The CXX compiler identification is GNU 13.3.0
-- Detecting C compiler ABI info
-- Detecting C compiler ABI info - done
-- Check for working C compiler: /usr/bin/cc - skipped
-- Detecting C compile features
-- Detecting C compile features - done
-- Detecting CXX compiler ABI info
-- Detecting CXX compiler ABI info - done
-- Check for working CXX compiler: /usr/bin/c++ - skipped
-- Detecting CXX compile features
-- Detecting CXX compile features - done
-- Found ament_cmake: 2.5.5 (/opt/ros/jazzy/share/ament_cmake/cmake)
-- Found Python3: /usr/bin/python3 (found version "3.12.3") found components: Interpreter 
-- Override CMake install command with custom implementation using symlinks instead of copying resources
-- Found rosidl_default_generators: 1.6.0 (/opt/ros/jazzy/share/rosidl_default_generators/cmake)
-- Using all available rosidl_typesupport_c: rosidl_typesupport_fastrtps_c;rosidl_typesupport_introspection_c
-- Using all available rosidl_typesupport_cpp: rosidl_typesupport_fastrtps_cpp;rosidl_typesupport_introspection_cpp
-- Found rosidl_adapter: 4.6.7 (/opt/ros/jazzy/share/rosidl_adapter/cmake)
-- Found ament_cmake_ros: 0.12.0 (/opt/ros/jazzy/share/ament_cmake_ros/cmake)
-- Using all available rosidl_typesupport_c: rosidl_typesupport_fastrtps_c;rosidl_typesupport_introspection_c
-- Using all available rosidl_typesupport_cpp: rosidl_typesupport_fastrtps_cpp;rosidl_typesupport_introspection_cpp
-- Found python_cmake_module: 0.11.1 (/opt/ros/jazzy/share/python_cmake_module/cmake)
-- Found PythonExtra: /usr/bin/python3  
-- Found Python3: /usr/bin/python3 (found version "3.12.3") found components: Interpreter Development NumPy Development.Module Development.Embed 
-- Found ament_lint_auto: 0.17.4 (/opt/ros/jazzy/share/ament_lint_auto/cmake)
-- Added test 'lint_cmake' to check CMake code style
-- Added test 'xmllint' to check XML markup files
-- Configuring done (2.0s)
-- Generating done (0.0s)
-- Build files have been written to: /convince_ws/build/bt_interfaces_dummy
[  1%] [34m[1mGenerating type hashes for ROS interfaces[0m
[  1%] Built target ament_cmake_python_symlink_bt_interfaces_dummy
running egg_info
creating bt_interfaces_dummy.egg-info
writing bt_interfaces_dummy.egg-info/PKG-INFO
writing dependency_links to bt_interfaces_dummy.egg-info/dependency_links.txt
writing top-level names to bt_interfaces_dummy.egg-info/top_level.txt
writing manifest file 'bt_interfaces_dummy.egg-info/SOURCES.txt'
reading manifest file 'bt_interfaces_dummy.egg-info/SOURCES.txt'
writing manifest file 'bt_interfaces_dummy.egg-info/SOURCES.txt'
[  1%] Built target ament_cmake_python_build_bt_interfaces_dummy_egg
[  1%] Built target bt_interfaces_dummy__rosidl_generator_type_description
[  2%] [34m[1mGenerating C code for ROS interfaces[0m
[  3%] [34m[1mGenerating C++ code for ROS interfaces[0m
[  3%] Built target bt_interfaces_dummy__cpp
[  4%] [32mBuilding C object CMakeFiles/bt_interfaces_dummy__rosidl_generator_c.dir/rosidl_generator_c/bt_interfaces_dummy/srv/detail/tick_action__type_support.c.o[0m
[  5%] [32mBuilding C object CMakeFiles/bt_interfaces_dummy__rosidl_generator_c.dir/rosidl_generator_c/bt_interfaces_dummy/msg/detail/condition_response__functions.c.o[0m
[  9%] [32mBuilding C object CMakeFiles/bt_interfaces_dummy__rosidl_generator_c.dir/rosidl_generator_c/bt_interfaces_dummy/srv/detail/halt_action__description.c.o[0m
[  9%] [32mBuilding C object CMakeFiles/bt_interfaces_dummy__rosidl_generator_c.dir/rosidl_generator_c/bt_interfaces_dummy/msg/detail/condition_response__type_support.c.o[0m
[  9%] [32mBuilding C object CMakeFiles/bt_interfaces_dummy__rosidl_generator_c.dir/rosidl_generator_c/bt_interfaces_dummy/srv/detail/tick_condition__type_support.c.o[0m
[ 11%] [32mBuilding C object CMakeFiles/bt_interfaces_dummy__rosidl_generator_c.dir/rosidl_generator_c/bt_interfaces_dummy/srv/detail/tick_action__description.c.o[0m
[ 11%] [32mBuilding C object CMakeFiles/bt_interfaces_dummy__rosidl_generator_c.dir/rosidl_generator_c/bt_interfaces_dummy/srv/detail/tick_action__functions.c.o[0m
[ 13%] [32mBuilding C object CMakeFiles/bt_interfaces_dummy__rosidl_generator_c.dir/rosidl_generator_c/bt_interfaces_dummy/srv/detail/tick_condition__description.c.o[0m
[ 14%] [32mBuilding C object CMakeFiles/bt_interfaces_dummy__rosidl_generator_c.dir/rosidl_generator_c/bt_interfaces_dummy/msg/detail/action_response__description.c.o[0m
[ 16%] [32mBuilding C object CMakeFiles/bt_interfaces_dummy__rosidl_generator_c.dir/rosidl_generator_c/bt_interfaces_dummy/msg/detail/action_response__type_support.c.o[0m
[ 16%] [32mBuilding C object CMakeFiles/bt_interfaces_dummy__rosidl_generator_c.dir/rosidl_generator_c/bt_interfaces_dummy/srv/detail/tick_condition__functions.c.o[0m
[ 20%] [32mBuilding C object CMakeFiles/bt_interfaces_dummy__rosidl_generator_c.dir/rosidl_generator_c/bt_interfaces_dummy/msg/detail/action_response__functions.c.o[0m
[ 20%] [32mBuilding C object CMakeFiles/bt_interfaces_dummy__rosidl_generator_c.dir/rosidl_generator_c/bt_interfaces_dummy/msg/detail/condition_response__description.c.o[0m
[ 17%] [32mBuilding C object CMakeFiles/bt_interfaces_dummy__rosidl_generator_c.dir/rosidl_generator_c/bt_interfaces_dummy/srv/detail/halt_action__functions.c.o[0m
[ 21%] [32mBuilding C object CMakeFiles/bt_interfaces_dummy__rosidl_generator_c.dir/rosidl_generator_c/bt_interfaces_dummy/srv/detail/halt_action__type_support.c.o[0m
[ 22%] [32mBuilding C object CMakeFiles/bt_interfaces_dummy__rosidl_generator_c.dir/rosidl_generator_c/bt_interfaces_dummy/srv/detail/reload_tree__description.c.o[0m
[ 23%] [32mBuilding C object CMakeFiles/bt_interfaces_dummy__rosidl_generator_c.dir/rosidl_generator_c/bt_interfaces_dummy/srv/detail/reload_tree__functions.c.o[0m
[ 25%] [32mBuilding C object CMakeFiles/bt_interfaces_dummy__rosidl_generator_c.dir/rosidl_generator_c/bt_interfaces_dummy/srv/detail/reload_tree__type_support.c.o[0m
[ 26%] [32m[1mLinking C shared library libbt_interfaces_dummy__rosidl_generator_c.so[0m
[ 26%] Built target bt_interfaces_dummy__rosidl_generator_c
[ 27%] [34m[1mGenerating C++ introspection for ROS interfaces[0m
[ 30%] [34m[1mGenerating C type support dispatch for ROS interfaces[0m
[ 30%] [34m[1mGenerating C++ type support dispatch for ROS interfaces[0m
[ 30%] [34m[1mGenerating C++ type support for eProsima Fast-RTPS[0m
[ 32%] [34m[1mGenerating C type support for eProsima Fast-RTPS[0m
[ 33%] [34m[1mGenerating C introspection for ROS interfaces[0m
[ 36%] [32mBuilding CXX object CMakeFiles/bt_interfaces_dummy__rosidl_typesupport_c.dir/rosidl_typesupport_c/bt_interfaces_dummy/msg/action_response__type_support.cpp.o[0m
[ 36%] [32mBuilding CXX object CMakeFiles/bt_interfaces_dummy__rosidl_typesupport_c.dir/rosidl_typesupport_c/bt_interfaces_dummy/srv/tick_action__type_support.cpp.o[0m
[ 36%] [32mBuilding CXX object CMakeFiles/bt_interfaces_dummy__rosidl_typesupport_c.dir/rosidl_typesupport_c/bt_interfaces_dummy/msg/condition_response__type_support.cpp.o[0m
[ 38%] [32mBuilding CXX object CMakeFiles/bt_interfaces_dummy__rosidl_typesupport_c.dir/rosidl_typesupport_c/bt_interfaces_dummy/srv/halt_action__type_support.cpp.o[0m
[ 39%] [32mBuilding CXX object CMakeFiles/bt_interfaces_dummy__rosidl_typesupport_c.dir/rosidl_typesupport_c/bt_interfaces_dummy/srv/tick_condition__type_support.cpp.o[0m
[ 40%] [32mBuilding CXX object CMakeFiles/bt_interfaces_dummy__rosidl_typesupport_c.dir/rosidl_typesupport_c/bt_interfaces_dummy/srv/reload_tree__type_support.cpp.o[0m
[ 41%] [32mBuilding CXX object CMakeFiles/bt_interfaces_dummy__rosidl_typesupport_introspection_cpp.dir/rosidl_typesupport_introspection_cpp/bt_interfaces_dummy/srv/detail/tick_action__type_support.cpp.o[0m
[ 46%] [32mBuilding CXX object CMakeFiles/bt_interfaces_dummy__rosidl_typesupport_introspection_cpp.dir/rosidl_typesupport_introspection_cpp/bt_interfaces_dummy/msg/detail/condition_response__type_support.cpp.o[0m
[ 46%] [32mBuilding CXX object CMakeFiles/bt_interfaces_dummy__rosidl_typesupport_introspection_cpp.dir/rosidl_typesupport_introspection_cpp/bt_interfaces_dummy/srv/detail/halt_action__type_support.cpp.o[0m
[ 46%] [32mBuilding CXX object CMakeFiles/bt_interfaces_dummy__rosidl_typesupport_introspection_cpp.dir/rosidl_typesupport_introspection_cpp/bt_interfaces_dummy/msg/detail/action_response__type_support.cpp.o[0m
[ 46%] [32mBuilding CXX object CMakeFiles/bt_interfaces_dummy__rosidl_typesupport_introspection_cpp.dir/rosidl_typesupport_introspection_cpp/bt_interfaces_dummy/srv/detail/tick_condition__type_support.cpp.o[0m
[ 47%] [32mBuilding CXX object CMakeFiles/bt_interfaces_dummy__rosidl_typesupport_introspection_cpp.dir/rosidl_typesupport_introspection_cpp/bt_interfaces_dummy/srv/detail/reload_tree__type_support.cpp.o[0m
[ 48%] [32m[1mLinking CXX shared library libbt_interfaces_dummy__rosidl_typesupport_c.so[0m
[ 48%] Built target bt_interfaces_dummy__rosidl_typesupport_c
[ 50%] [32mBuilding CXX object CMakeFiles/bt_interfaces_dummy__rosidl_typesupport_cpp.dir/rosidl_typesupport_cpp/bt_interfaces_dummy/msg/condition_response__type_support.cpp.o[0m
[ 51%] [32mBuilding CXX object CMakeFiles/bt_interfaces_dummy__rosidl_typesupport_cpp.dir/rosidl_typesupport_cpp/bt_interfaces_dummy/srv/halt_action__type_support.cpp.o[0m
[ 52%] [32mBuilding CXX object CMakeFiles/bt_interfaces_dummy__rosidl_typesupport_cpp.dir/rosidl_typesupport_cpp/bt_interfaces_dummy/srv/tick_action__type_support.cpp.o[0m
[ 53%] [32mBuilding CXX object CMakeFiles/bt_interfaces_dummy__rosidl_typesupport_cpp.dir/rosidl_typesupport_cpp/bt_interfaces_dummy/srv/tick_condition__type_support.cpp.o[0m
[ 54%] [32mBuilding CXX object CMakeFiles/bt_interfaces_dummy__rosidl_typesupport_cpp.dir/rosidl_typesupport_cpp/bt_interfaces_dummy/srv/reload_tree__type_support.cpp.o[0m
[ 55%] [32mBuilding CXX object CMakeFiles/bt_interfaces_dummy__rosidl_typesupport_cpp.dir/rosidl_typesupport_cpp/bt_interfaces_dummy/msg/action_response__type_support.cpp.o[0m
[ 57%] [32mBuilding CXX object CMakeFiles/bt_interfaces_dummy__rosidl_typesupport_fastrtps_cpp.dir/rosidl_typesupport_fastrtps_cpp/bt_interfaces_dummy/msg/detail/dds_fastrtps/condition_response__type_support.cpp.o[0m
[ 58%] [32mBuilding CXX object CMakeFiles/bt_interfaces_dummy__rosidl_typesupport_fastrtps_cpp.dir/rosidl_typesupport_fastrtps_cpp/bt_interfaces_dummy/srv/detail/dds_fastrtps/tick_action__type_support.cpp.o[0m
[ 59%] [32mBuilding C object CMakeFiles/bt_interfaces_dummy__rosidl_typesupport_introspection_c.dir/rosidl_typesupport_introspection_c/bt_interfaces_dummy/msg/detail/condition_response__type_support.c.o[0m
[ 60%] [32mBuilding C object CMakeFiles/bt_interfaces_dummy__rosidl_typesupport_introspection_c.dir/rosidl_typesupport_introspection_c/bt_interfaces_dummy/srv/detail/tick_action__type_support.c.o[0m
[ 61%] [32mBuilding CXX object CMakeFiles/bt_interfaces_dummy__rosidl_typesupport_fastrtps_cpp.dir/rosidl_typesupport_fastrtps_cpp/bt_interfaces_dummy/msg/detail/dds_fastrtps/action_response__type_support.cpp.o[0m
[ 63%] [32mBuilding CXX object CMakeFiles/bt_interfaces_dummy__rosidl_typesupport_fastrtps_cpp.dir/rosidl_typesupport_fastrtps_cpp/bt_interfaces_dummy/srv/detail/dds_fastrtps/halt_action__type_support.cpp.o[0m
[ 64%] [32mBuilding C object CMakeFiles/bt_interfaces_dummy__rosidl_typesupport_introspection_c.dir/rosidl_typesupport_introspection_c/bt_interfaces_dummy/msg/detail/action_response__type_support.c.o[0m
[ 65%] [32mBuilding C object CMakeFiles/bt_interfaces_dummy__rosidl_typesupport_introspection_c.dir/rosidl_typesupport_introspection_c/bt_interfaces_dummy/srv/detail/halt_action__type_support.c.o[0m
[ 66%] [32mBuilding C object CMakeFiles/bt_interfaces_dummy__rosidl_typesupport_introspection_c.dir/rosidl_typesupport_introspection_c/bt_interfaces_dummy/srv/detail/tick_condition__type_support.c.o[0m
[ 67%] [32mBuilding C object CMakeFiles/bt_interfaces_dummy__rosidl_typesupport_introspection_c.dir/rosidl_typesupport_introspection_c/bt_interfaces_dummy/srv/detail/reload_tree__type_support.c.o[0m
[ 69%] [32mBuilding CXX object CMakeFiles/bt_interfaces_dummy__rosidl_typesupport_fastrtps_cpp.dir/rosidl_typesupport_fastrtps_cpp/bt_interfaces_dummy/srv/detail/dds_fastrtps/tick_condition__type_support.cpp.o[0m
[ 70%] [32mBuilding CXX object CMakeFiles/bt_interfaces_dummy__rosidl_typesupport_fastrtps_cpp.dir/rosidl_typesupport_fastrtps_cpp/bt_interfaces_dummy/srv/detail/dds_fastrtps/reload_tree__type_support.cpp.o[0m
[ 71%] [32m[1mLinking C shared library libbt_interfaces_dummy__rosidl_typesupport_introspection_c.so[0m
[ 72%] [32mBuilding CXX object CMakeFiles/bt_interfaces_dummy__rosidl_typesupport_fastrtps_c.dir/rosidl_typesupport_fastrtps_c/bt_interfaces_dummy/srv/detail/tick_action__type_support_c.cpp.o[0m
[ 73%] [32mBuilding CXX object CMakeFiles/bt_interfaces_dummy__rosidl_typesupport_fastrtps_c.dir/rosidl_typesupport_fastrtps_c/bt_interfaces_dummy/msg/detail/action_response__type_support_c.cpp.o[0m
[ 76%] [32mBuilding CXX object CMakeFiles/bt_interfaces_dummy__rosidl_typesupport_fastrtps_c.dir/rosidl_typesupport_fastrtps_c/bt_interfaces_dummy/srv/detail/reload_tree__type_support_c.cpp.o[0m
[ 77%] [32mBuilding CXX object CMakeFiles/bt_interfaces_dummy__rosidl_typesupport_fastrtps_c.dir/rosidl_typesupport_fastrtps_c/bt_interfaces_dummy/msg/detail/condition_response__type_support_c.cpp.o[0m
[ 75%] [32mBuilding CXX object CMakeFiles/bt_interfaces_dummy__rosidl_typesupport_fastrtps_c.dir/rosidl_typesupport_fastrtps_c/bt_interfaces_dummy/srv/detail/halt_action__type_support_c.cpp.o[0m
[ 78%] [32mBuilding CXX object CMakeFiles/bt_interfaces_dummy__rosidl_typesupport_fastrtps_c.dir/rosidl_typesupport_fastrtps_c/bt_interfaces_dummy/srv/detail/tick_condition__type_support_c.cpp.o[0m
[ 78%] Built target bt_interfaces_dummy__rosidl_typesupport_introspection_c
[ 79%] [32m[1mLinking CXX shared library libbt_interfaces_dummy__rosidl_typesupport_introspection_cpp.so[0m
[ 79%] Built target bt_interfaces_dummy__rosidl_typesupport_introspection_cpp
[ 80%] [32m[1mLinking CXX shared library libbt_interfaces_dummy__rosidl_typesupport_cpp.so[0m
[ 80%] Built target bt_interfaces_dummy__rosidl_typesupport_cpp
[ 82%] [32m[1mLinking CXX shared library libbt_interfaces_dummy__rosidl_typesupport_fastrtps_cpp.so[0m
[ 83%] [32m[1mLinking CXX shared library libbt_interfaces_dummy__rosidl_typesupport_fastrtps_c.so[0m
[ 83%] Built target bt_interfaces_dummy__rosidl_typesupport_fastrtps_cpp
[ 83%] Built target bt_interfaces_dummy__rosidl_typesupport_fastrtps_c
[ 83%] Built target bt_interfaces_dummy
[ 84%] [34m[1mGenerating Python code for ROS interfaces[0m
[ 84%] Built target bt_interfaces_dummy__py
[ 85%] [32mBuilding C object CMakeFiles/bt_interfaces_dummy__rosidl_generator_py.dir/rosidl_generator_py/bt_interfaces_dummy/srv/_tick_action_s.c.o[0m
[ 86%] [32mBuilding C object CMakeFiles/bt_interfaces_dummy__rosidl_generator_py.dir/rosidl_generator_py/bt_interfaces_dummy/srv/_reload_tree_s.c.o[0m
[ 89%] [32mBuilding C object CMakeFiles/bt_interfaces_dummy__rosidl_generator_py.dir/rosidl_generator_py/bt_interfaces_dummy/msg/_action_response_s.c.o[0m
[ 89%] [32mBuilding C object CMakeFiles/bt_interfaces_dummy__rosidl_generator_py.dir/rosidl_generator_py/bt_interfaces_dummy/msg/_condition_response_s.c.o[0m
[ 90%] [32mBuilding C object CMakeFiles/bt_interfaces_dummy__rosidl_generator_py.dir/rosidl_generator_py/bt_interfaces_dummy/srv/_tick_condition_s.c.o[0m
[ 91%] [32mBuilding C object CMakeFiles/bt_interfaces_dummy__rosidl_generator_py.dir/rosidl_generator_py/bt_interfaces_dummy/srv/_halt_action_s.c.o[0m
[ 92%] [32m[1mLinking C shared library libbt_interfaces_dummy__rosidl_generator_py.so[0m
[ 92%] Built target bt_interfaces_dummy__rosidl_generator_py
[ 94%] [32mBuilding C object CMakeFiles/bt_interfaces_dummy_s__rosidl_typesupport_c.dir/rosidl_generator_py/bt_interfaces_dummy/_bt_interfaces_dummy_s.ep.rosidl_typesupport_c.c.o[0m
[ 96%] [32mBuilding C object CMakeFiles/bt_interfaces_dummy_s__rosidl_typesupport_fastrtps_c.dir/rosidl_generator_py/bt_interfaces_dummy/_bt_interfaces_dummy_s.ep.rosidl_typesupport_fastrtps_c.c.o[0m
[ 96%] [32mBuilding C object CMakeFiles/bt_interfaces_dummy_s__rosidl_typesupport_introspection_c.dir/rosidl_generator_py/bt_interfaces_dummy/_bt_interfaces_dummy_s.ep.rosidl_typesupport_introspection_c.c.o[0m
[ 97%] [32m[1mLinking C shared module rosidl_generator_py/bt_interfaces_dummy/bt_interfaces_dummy_s__rosidl_typesupport_c.so[0m
[ 98%] [32m[1mLinking C shared module rosidl_generator_py/bt_interfaces_dummy/bt_interfaces_dummy_s__rosidl_typesupport_fastrtps_c.so[0m
[ 98%] Built target bt_interfaces_dummy_s__rosidl_typesupport_c
[ 98%] Built target bt_interfaces_dummy_s__rosidl_typesupport_fastrtps_c
[100%] [32m[1mLinking C shared module rosidl_generator_py/bt_interfaces_dummy/bt_interfaces_dummy_s__rosidl_typesupport_introspection_c.so[0m
[100%] Built target bt_interfaces_dummy_s__rosidl_typesupport_introspection_c
-- Install configuration: ""
-- Execute custom install script
-- Symlinking: /convince_ws/install/bt_interfaces_dummy/share/ament_index/resource_index/rosidl_interfaces/bt_interfaces_dummy
-- Symlinking: /convince_ws/install/bt_interfaces_dummy/share/bt_interfaces_dummy/srv/TickAction.json
-- Symlinking: /convince_ws/install/bt_interfaces_dummy/share/bt_interfaces_dummy/msg/ActionResponse.json
-- Symlinking: /convince_ws/install/bt_interfaces_dummy/share/bt_interfaces_dummy/msg/ConditionResponse.json
-- Symlinking: /convince_ws/install/bt_interfaces_dummy/share/bt_interfaces_dummy/srv/HaltAction.json
-- Symlinking: /convince_ws/install/bt_interfaces_dummy/share/bt_interfaces_dummy/srv/TickCondition.json
-- Symlinking: /convince_ws/install/bt_interfaces_dummy/share/bt_interfaces_dummy/srv/ReloadTree.json
-- Symlinking: /convince_ws/install/bt_interfaces_dummy/include/bt_interfaces_dummy/bt_interfaces_dummy/msg/action_response.h
-- Symlinking: /convince_ws/install/bt_interfaces_dummy/include/bt_interfaces_dummy/bt_interfaces_dummy/msg/condition_response.h
-- Symlinking: /convince_ws/install/bt_interfaces_dummy/include/bt_interfaces_dummy/bt_interfaces_dummy/msg/detail/action_response__functions.h
-- Symlinking: /convince_ws/install/bt_interfaces_dummy/include/bt_interfaces_dummy/bt_interfaces_dummy/msg/detail/action_response__struct.h
-- Symlinking: /convince_ws/install/bt_interfaces_dummy/include/bt_interfaces_dummy/bt_interfaces_dummy/msg/detail/action_response__type_support.h
-- Symlinking: /convince_ws/install/bt_interfaces_dummy/include/bt_interfaces_dummy/bt_interfaces_dummy/msg/detail/condition_response__functions.h
-- Symlinking: /convince_ws/install/bt_interfaces_dummy/include/bt_interfaces_dummy/bt_interfaces_dummy/msg/detail/condition_response__struct.h
-- Symlinking: /convince_ws/install/bt_interfaces_dummy/include/bt_interfaces_dummy/bt_interfaces_dummy/msg/detail/condition_response__type_support.h
-- Symlinking: /convince_ws/install/bt_interfaces_dummy/include/bt_interfaces_dummy/bt_interfaces_dummy/msg/rosidl_generator_c__visibility_control.h
-- Symlinking: /convince_ws/install/bt_interfaces_dummy/include/bt_interfaces_dummy/bt_interfaces_dummy/srv/detail/halt_action__functions.h
-- Symlinking: /convince_ws/install/bt_interfaces_dummy/include/bt_interfaces_dummy/bt_interfaces_dummy/srv/detail/halt_action__struct.h
-- Symlinking: /convince_ws/install/bt_interfaces_dummy/include/bt_interfaces_dummy/bt_interfaces_dummy/srv/detail/halt_action__type_support.h
-- Symlinking: /convince_ws/install/bt_interfaces_dummy/include/bt_interfaces_dummy/bt_interfaces_dummy/srv/detail/reload_tree__functions.h
-- Symlinking: /convince_ws/install/bt_interfaces_dummy/include/bt_interfaces_dummy/bt_interfaces_dummy/srv/detail/reload_tree__struct.h
-- Symlinking: /convince_ws/install/bt_interfaces_dummy/include/bt_interfaces_dummy/bt_interfaces_dummy/srv/detail/reload_tree__type_support.h
-- Symlinking: /convince_ws/install/bt_interfaces_dummy/include/bt_interfaces_dummy/bt_interfaces_dummy/srv/detail/tick_action__functions.h
-- Symlinking: /convince_ws/install/bt_interfaces_dummy/include/bt_interfaces_dummy/bt_interfaces_dummy/srv/detail/tick_action__struct.h
-- Symlinking: /convince_ws/install/bt_interfaces_dummy/include/bt_interfaces_dummy/bt_interfaces_dummy/srv/detail/tick_action__type_support.h
-- Symlinking: /convince_ws/install/bt_interfaces_dummy/include/bt_interfaces_dummy/bt_interfaces_dummy/srv/detail/tick_condition__functions.h
-- Symlinking: /convince_ws/install/bt_interfaces_dummy/include/bt_interfaces_dummy/bt_interfaces_dummy/srv/detail/tick_condition__struct.h
-- Symlinking: /convince_ws/install/bt_interfaces_dummy/include/bt_interfaces_dummy/bt_interfaces_dummy/srv/detail/tick_condition__type_support.h
-- Symlinking: /convince_ws/install/bt_interfaces_dummy/include/bt_interfaces_dummy/bt_interfaces_dummy/srv/halt_action.h
-- Symlinking: /convince_ws/install/bt_interfaces_dummy/include/bt_interfaces_dummy/bt_interfaces_dummy/srv/reload_tree.h
-- Symlinking: /convince_ws/install/bt_interfaces_dummy/include/bt_interfaces_dummy/bt_interfaces_dummy/srv/tick_action.h
-- Symlinking: /convince_ws/install/bt_interfaces_dummy/include/bt_interfaces_dummy/bt_interfaces_dummy/srv/tick_condition.h
-- Symlinking: /convince_ws/install/bt_interfaces_dummy/share/bt_interfaces_dummy/environment/library_path.sh
-- Symlinking: /convince_ws/install/bt_interfaces_dummy/share/bt_interfaces_dummy/environment/library_path.dsv
-- Symlinking: /convince_ws/install/bt_interfaces_dummy/include/bt_interfaces_dummy/bt_interfaces_dummy/msg/detail/action_response__rosidl_typesupport_fastrtps_c.h
-- Symlinking: /convince_ws/install/bt_interfaces_dummy/include/bt_interfaces_dummy/bt_interfaces_dummy/msg/detail/condition_response__rosidl_typesupport_fastrtps_c.h
-- Symlinking: /convince_ws/install/bt_interfaces_dummy/include/bt_interfaces_dummy/bt_interfaces_dummy/msg/rosidl_typesupport_fastrtps_c__visibility_control.h
-- Symlinking: /convince_ws/install/bt_interfaces_dummy/include/bt_interfaces_dummy/bt_interfaces_dummy/srv/detail/halt_action__rosidl_typesupport_fastrtps_c.h
-- Symlinking: /convince_ws/install/bt_interfaces_dummy/include/bt_interfaces_dummy/bt_interfaces_dummy/srv/detail/reload_tree__rosidl_typesupport_fastrtps_c.h
-- Symlinking: /convince_ws/install/bt_interfaces_dummy/include/bt_interfaces_dummy/bt_interfaces_dummy/srv/detail/tick_action__rosidl_typesupport_fastrtps_c.h
-- Symlinking: /convince_ws/install/bt_interfaces_dummy/include/bt_interfaces_dummy/bt_interfaces_dummy/srv/detail/tick_condition__rosidl_typesupport_fastrtps_c.h
-- Symlinking: /convince_ws/install/bt_interfaces_dummy/include/bt_interfaces_dummy/bt_interfaces_dummy/msg/detail/action_response__rosidl_typesupport_introspection_c.h
-- Symlinking: /convince_ws/install/bt_interfaces_dummy/include/bt_interfaces_dummy/bt_interfaces_dummy/msg/detail/condition_response__rosidl_typesupport_introspection_c.h
-- Symlinking: /convince_ws/install/bt_interfaces_dummy/include/bt_interfaces_dummy/bt_interfaces_dummy/msg/rosidl_typesupport_introspection_c__visibility_control.h
-- Symlinking: /convince_ws/install/bt_interfaces_dummy/include/bt_interfaces_dummy/bt_interfaces_dummy/srv/detail/halt_action__rosidl_typesupport_introspection_c.h
-- Symlinking: /convince_ws/install/bt_interfaces_dummy/include/bt_interfaces_dummy/bt_interfaces_dummy/srv/detail/reload_tree__rosidl_typesupport_introspection_c.h
-- Symlinking: /convince_ws/install/bt_interfaces_dummy/include/bt_interfaces_dummy/bt_interfaces_dummy/srv/detail/tick_action__rosidl_typesupport_introspection_c.h
-- Symlinking: /convince_ws/install/bt_interfaces_dummy/include/bt_interfaces_dummy/bt_interfaces_dummy/srv/detail/tick_condition__rosidl_typesupport_introspection_c.h
-- Symlinking: /convince_ws/install/bt_interfaces_dummy/include/bt_interfaces_dummy/bt_interfaces_dummy/msg/action_response.hpp
-- Symlinking: /convince_ws/install/bt_interfaces_dummy/include/bt_interfaces_dummy/bt_interfaces_dummy/msg/condition_response.hpp
-- Symlinking: /convince_ws/install/bt_interfaces_dummy/include/bt_interfaces_dummy/bt_interfaces_dummy/msg/detail/action_response__builder.hpp
-- Symlinking: /convince_ws/install/bt_interfaces_dummy/include/bt_interfaces_dummy/bt_interfaces_dummy/msg/detail/action_response__struct.hpp
-- Symlinking: /convince_ws/install/bt_interfaces_dummy/include/bt_interfaces_dummy/bt_interfaces_dummy/msg/detail/action_response__traits.hpp
-- Symlinking: /convince_ws/install/bt_interfaces_dummy/include/bt_interfaces_dummy/bt_interfaces_dummy/msg/detail/action_response__type_support.hpp
-- Symlinking: /convince_ws/install/bt_interfaces_dummy/include/bt_interfaces_dummy/bt_interfaces_dummy/msg/detail/condition_response__builder.hpp
-- Symlinking: /convince_ws/install/bt_interfaces_dummy/include/bt_interfaces_dummy/bt_interfaces_dummy/msg/detail/condition_response__struct.hpp
-- Symlinking: /convince_ws/install/bt_interfaces_dummy/include/bt_interfaces_dummy/bt_interfaces_dummy/msg/detail/condition_response__traits.hpp
-- Symlinking: /convince_ws/install/bt_interfaces_dummy/include/bt_interfaces_dummy/bt_interfaces_dummy/msg/detail/condition_response__type_support.hpp
-- Symlinking: /convince_ws/install/bt_interfaces_dummy/include/bt_interfaces_dummy/bt_interfaces_dummy/msg/rosidl_generator_cpp__visibility_control.hpp
-- Symlinking: /convince_ws/install/bt_interfaces_dummy/include/bt_interfaces_dummy/bt_interfaces_dummy/srv/detail/halt_action__builder.hpp
-- Symlinking: /convince_ws/install/bt_interfaces_dummy/include/bt_interfaces_dummy/bt_interfaces_dummy/srv/detail/halt_action__struct.hpp
-- Symlinking: /convince_ws/install/bt_interfaces_dummy/include/bt_interfaces_dummy/bt_interfaces_dummy/srv/detail/halt_action__traits.hpp
-- Symlinking: /convince_ws/install/bt_interfaces_dummy/include/bt_interfaces_dummy/bt_interfaces_dummy/srv/detail/halt_action__type_support.hpp
-- Symlinking: /convince_ws/install/bt_interfaces_dummy/include/bt_interfaces_dummy/bt_interfaces_dummy/srv/detail/reload_tree__builder.hpp
-- Symlinking: /convince_ws/install/bt_interfaces_dummy/include/bt_interfaces_dummy/bt_interfaces_dummy/srv/detail/reload_tree__struct.hpp
-- Symlinking: /convince_ws/install/bt_interfaces_dummy/include/bt_interfaces_dummy/bt_interfaces_dummy/srv/detail/reload_tree__traits.hpp
-- Symlinking: /convince_ws/install/bt_interfaces_dummy/include/bt_interfaces_dummy/bt_interfaces_dummy/srv/detail/reload_tree__type_support.hpp
-- Symlinking: /convince_ws/install/bt_interfaces_dummy/include/bt_interfaces_dummy/bt_interfaces_dummy/srv/detail/tick_action__builder.hpp
-- Symlinking: /convince_ws/install/bt_interfaces_dummy/include/bt_interfaces_dummy/bt_interfaces_dummy/srv/detail/tick_action__struct.hpp
-- Symlinking: /convince_ws/install/bt_interfaces_dummy/include/bt_interfaces_dummy/bt_interfaces_dummy/srv/detail/tick_action__traits.hpp
-- Symlinking: /convince_ws/install/bt_interfaces_dummy/include/bt_interfaces_dummy/bt_interfaces_dummy/srv/detail/tick_action__type_support.hpp
-- Symlinking: /convince_ws/install/bt_interfaces_dummy/include/bt_interfaces_dummy/bt_interfaces_dummy/srv/detail/tick_condition__builder.hpp
-- Symlinking: /convince_ws/install/bt_interfaces_dummy/include/bt_interfaces_dummy/bt_interfaces_dummy/srv/detail/tick_condition__struct.hpp
-- Symlinking: /convince_ws/install/bt_interfaces_dummy/include/bt_interfaces_dummy/bt_interfaces_dummy/srv/detail/tick_condition__traits.hpp
-- Symlinking: /convince_ws/install/bt_interfaces_dummy/include/bt_interfaces_dummy/bt_interfaces_dummy/srv/detail/tick_condition__type_support.hpp
-- Symlinking: /convince_ws/install/bt_interfaces_dummy/include/bt_interfaces_dummy/bt_interfaces_dummy/srv/halt_action.hpp
-- Symlinking: /convince_ws/install/bt_interfaces_dummy/include/bt_interfaces_dummy/bt_interfaces_dummy/srv/reload_tree.hpp
-- Symlinking: /convince_ws/install/bt_interfaces_dummy/include/bt_interfaces_dummy/bt_interfaces_dummy/srv/tick_action.hpp
-- Symlinking: /convince_ws/install/bt_interfaces_dummy/include/bt_interfaces_dummy/bt_interfaces_dummy/srv/tick_condition.hpp
-- Symlinking: /convince_ws/install/bt_interfaces_dummy/include/bt_interfaces_dummy/bt_interfaces_dummy/msg/detail/action_response__rosidl_typesupport_fastrtps_cpp.hpp
-- Symlinking: /convince_ws/install/bt_interfaces_dummy/include/bt_interfaces_dummy/bt_interfaces_dummy/msg/detail/condition_response__rosidl_typesupport_fastrtps_cpp.hpp
-- Symlinking: /convince_ws/install/bt_interfaces_dummy/include/bt_interfaces_dummy/bt_interfaces_dummy/msg/rosidl_typesupport_fastrtps_cpp__visibility_control.h
-- Symlinking: /convince_ws/install/bt_interfaces_dummy/include/bt_interfaces_dummy/bt_interfaces_dummy/srv/detail/halt_action__rosidl_typesupport_fastrtps_cpp.hpp
-- Symlinking: /convince_ws/install/bt_interfaces_dummy/include/bt_interfaces_dummy/bt_interfaces_dummy/srv/detail/reload_tree__rosidl_typesupport_fastrtps_cpp.hpp
-- Symlinking: /convince_ws/install/bt_interfaces_dummy/include/bt_interfaces_dummy/bt_interfaces_dummy/srv/detail/tick_action__rosidl_typesupport_fastrtps_cpp.hpp
-- Symlinking: /convince_ws/install/bt_interfaces_dummy/include/bt_interfaces_dummy/bt_interfaces_dummy/srv/detail/tick_condition__rosidl_typesupport_fastrtps_cpp.hpp
-- Symlinking: /convince_ws/install/bt_interfaces_dummy/include/bt_interfaces_dummy/bt_interfaces_dummy/msg/detail/action_response__rosidl_typesupport_introspection_cpp.hpp
-- Symlinking: /convince_ws/install/bt_interfaces_dummy/include/bt_interfaces_dummy/bt_interfaces_dummy/msg/detail/condition_response__rosidl_typesupport_introspection_cpp.hpp
-- Symlinking: /convince_ws/install/bt_interfaces_dummy/include/bt_interfaces_dummy/bt_interfaces_dummy/srv/detail/halt_action__rosidl_typesupport_introspection_cpp.hpp
-- Symlinking: /convince_ws/install/bt_interfaces_dummy/include/bt_interfaces_dummy/bt_interfaces_dummy/srv/detail/reload_tree__rosidl_typesupport_introspection_cpp.hpp
-- Symlinking: /convince_ws/install/bt_interfaces_dummy/include/bt_interfaces_dummy/bt_interfaces_dummy/srv/detail/tick_action__rosidl_typesupport_introspection_cpp.hpp
-- Symlinking: /convince_ws/install/bt_interfaces_dummy/include/bt_interfaces_dummy/bt_interfaces_dummy/srv/detail/tick_condition__rosidl_typesupport_introspection_cpp.hpp
-- Symlinking: /convince_ws/install/bt_interfaces_dummy/share/bt_interfaces_dummy/environment/pythonpath.sh
-- Symlinking: /convince_ws/install/bt_interfaces_dummy/share/bt_interfaces_dummy/environment/pythonpath.dsv
-- Symlinking: /convince_ws/install/bt_interfaces_dummy/lib/python3.12/site-packages/bt_interfaces_dummy-0.0.0-py3.12.egg-info/PKG-INFO
-- Symlinking: /convince_ws/install/bt_interfaces_dummy/lib/python3.12/site-packages/bt_interfaces_dummy-0.0.0-py3.12.egg-info/SOURCES.txt
-- Symlinking: /convince_ws/install/bt_interfaces_dummy/lib/python3.12/site-packages/bt_interfaces_dummy-0.0.0-py3.12.egg-info/dependency_links.txt
-- Symlinking: /convince_ws/install/bt_interfaces_dummy/lib/python3.12/site-packages/bt_interfaces_dummy-0.0.0-py3.12.egg-info/top_level.txt
-- Symlinking: /convince_ws/install/bt_interfaces_dummy/lib/python3.12/site-packages/bt_interfaces_dummy/__init__.py
-- Symlinking: /convince_ws/install/bt_interfaces_dummy/lib/python3.12/site-packages/bt_interfaces_dummy/_bt_interfaces_dummy_s.ep.rosidl_typesupport_c.c
-- Symlinking: /convince_ws/install/bt_interfaces_dummy/lib/python3.12/site-packages/bt_interfaces_dummy/_bt_interfaces_dummy_s.ep.rosidl_typesupport_fastrtps_c.c
-- Symlinking: /convince_ws/install/bt_interfaces_dummy/lib/python3.12/site-packages/bt_interfaces_dummy/_bt_interfaces_dummy_s.ep.rosidl_typesupport_introspection_c.c
-- Symlinking: /convince_ws/install/bt_interfaces_dummy/lib/python3.12/site-packages/bt_interfaces_dummy/bt_interfaces_dummy_s__rosidl_typesupport_c.so
-- Symlinking: /convince_ws/install/bt_interfaces_dummy/lib/python3.12/site-packages/bt_interfaces_dummy/bt_interfaces_dummy_s__rosidl_typesupport_fastrtps_c.so
-- Symlinking: /convince_ws/install/bt_interfaces_dummy/lib/python3.12/site-packages/bt_interfaces_dummy/bt_interfaces_dummy_s__rosidl_typesupport_introspection_c.so
-- Symlinking: /convince_ws/install/bt_interfaces_dummy/lib/python3.12/site-packages/bt_interfaces_dummy/msg/__init__.py
-- Symlinking: /convince_ws/install/bt_interfaces_dummy/lib/python3.12/site-packages/bt_interfaces_dummy/msg/_action_response.py
-- Symlinking: /convince_ws/install/bt_interfaces_dummy/lib/python3.12/site-packages/bt_interfaces_dummy/msg/_action_response_s.c
-- Symlinking: /convince_ws/install/bt_interfaces_dummy/lib/python3.12/site-packages/bt_interfaces_dummy/msg/_condition_response.py
-- Symlinking: /convince_ws/install/bt_interfaces_dummy/lib/python3.12/site-packages/bt_interfaces_dummy/msg/_condition_response_s.c
-- Symlinking: /convince_ws/install/bt_interfaces_dummy/lib/python3.12/site-packages/bt_interfaces_dummy/srv/__init__.py
-- Symlinking: /convince_ws/install/bt_interfaces_dummy/lib/python3.12/site-packages/bt_interfaces_dummy/srv/_halt_action.py
-- Symlinking: /convince_ws/install/bt_interfaces_dummy/lib/python3.12/site-packages/bt_interfaces_dummy/srv/_halt_action_s.c
-- Symlinking: /convince_ws/install/bt_interfaces_dummy/lib/python3.12/site-packages/bt_interfaces_dummy/srv/_reload_tree.py
-- Symlinking: /convince_ws/install/bt_interfaces_dummy/lib/python3.12/site-packages/bt_interfaces_dummy/srv/_reload_tree_s.c
-- Symlinking: /convince_ws/install/bt_interfaces_dummy/lib/python3.12/site-packages/bt_interfaces_dummy/srv/_tick_action.py
-- Symlinking: /convince_ws/install/bt_interfaces_dummy/lib/python3.12/site-packages/bt_interfaces_dummy/srv/_tick_action_s.c
-- Symlinking: /convince_ws/install/bt_interfaces_dummy/lib/python3.12/site-packages/bt_interfaces_dummy/srv/_tick_condition.py
-- Symlinking: /convince_ws/install/bt_interfaces_dummy/lib/python3.12/site-packages/bt_interfaces_dummy/srv/_tick_condition_s.c
-- Up-to-date symlink: /convince_ws/install/bt_interfaces_dummy/lib/python3.12/site-packages/bt_interfaces_dummy/bt_interfaces_dummy_s__rosidl_typesupport_fastrtps_c.so
-- Up-to-date symlink: /convince_ws/install/bt_interfaces_dummy/lib/python3.12/site-packages/bt_interfaces_dummy/bt_interfaces_dummy_s__rosidl_typesupport_introspection_c.so
-- Up-to-date symlink: /convince_ws/install/bt_interfaces_dummy/lib/python3.12/site-packages/bt_interfaces_dummy/bt_interfaces_dummy_s__rosidl_typesupport_c.so
-- Symlinking: /convince_ws/install/bt_interfaces_dummy/share/bt_interfaces_dummy/srv/TickAction.idl
-- Symlinking: /convince_ws/install/bt_interfaces_dummy/share/bt_interfaces_dummy/msg/ActionResponse.idl
-- Symlinking: /convince_ws/install/bt_interfaces_dummy/share/bt_interfaces_dummy/msg/ConditionResponse.idl
-- Symlinking: /convince_ws/install/bt_interfaces_dummy/share/bt_interfaces_dummy/srv/HaltAction.idl
-- Symlinking: /convince_ws/install/bt_interfaces_dummy/share/bt_interfaces_dummy/srv/TickCondition.idl
-- Symlinking: /convince_ws/install/bt_interfaces_dummy/share/bt_interfaces_dummy/srv/ReloadTree.idl
-- Symlinking: /convince_ws/install/bt_interfaces_dummy/share/bt_interfaces_dummy/srv/TickAction.srv
-- Symlinking: /convince_ws/install/bt_interfaces_dummy/share/bt_interfaces_dummy/msg/ActionResponse.msg
-- Symlinking: /convince_ws/install/bt_interfaces_dummy/share/bt_interfaces_dummy/msg/ConditionResponse.msg
-- Symlinking: /convince_ws/install/bt_interfaces_dummy/share/bt_interfaces_dummy/srv/HaltAction.srv
-- Symlinking: /convince_ws/install/bt_interfaces_dummy/share/bt_interfaces_dummy/srv/TickCondition.srv
-- Symlinking: /convince_ws/install/bt_interfaces_dummy/share/bt_interfaces_dummy/srv/ReloadTree.srv
-- Symlinking: /convince_ws/install/bt_interfaces_dummy/share/ament_index/resource_index/package_run_dependencies/bt_interfaces_dummy
-- Symlinking: /convince_ws/install/bt_interfaces_dummy/share/ament_index/resource_index/parent_prefix_path/bt_interfaces_dummy
-- Symlinking: /convince_ws/install/bt_interfaces_dummy/share/bt_interfaces_dummy/environment/ament_prefix_path.sh
-- Symlinking: /convince_ws/install/bt_interfaces_dummy/share/bt_interfaces_dummy/environment/ament_prefix_path.dsv
-- Symlinking: /convince_ws/install/bt_interfaces_dummy/share/bt_interfaces_dummy/environment/path.sh
-- Symlinking: /convince_ws/install/bt_interfaces_dummy/share/bt_interfaces_dummy/environment/path.dsv
-- Symlinking: /convince_ws/install/bt_interfaces_dummy/share/bt_interfaces_dummy/local_setup.bash
-- Symlinking: /convince_ws/install/bt_interfaces_dummy/share/bt_interfaces_dummy/local_setup.sh
-- Symlinking: /convince_ws/install/bt_interfaces_dummy/share/bt_interfaces_dummy/local_setup.zsh
-- Symlinking: /convince_ws/install/bt_interfaces_dummy/share/bt_interfaces_dummy/local_setup.dsv
-- Symlinking: /convince_ws/install/bt_interfaces_dummy/share/bt_interfaces_dummy/package.dsv
-- Symlinking: /convince_ws/install/bt_interfaces_dummy/share/ament_index/resource_index/packages/bt_interfaces_dummy
-- Symlinking: /convince_ws/install/bt_interfaces_dummy/share/bt_interfaces_dummy/cmake/rosidl_cmake-extras.cmake
-- Symlinking: /convince_ws/install/bt_interfaces_dummy/share/bt_interfaces_dummy/cmake/ament_cmake_export_dependencies-extras.cmake
-- Symlinking: /convince_ws/install/bt_interfaces_dummy/share/bt_interfaces_dummy/cmake/ament_cmake_export_include_directories-extras.cmake
-- Symlinking: /convince_ws/install/bt_interfaces_dummy/share/bt_interfaces_dummy/cmake/ament_cmake_export_libraries-extras.cmake
-- Symlinking: /convince_ws/install/bt_interfaces_dummy/share/bt_interfaces_dummy/cmake/ament_cmake_export_targets-extras.cmake
-- Symlinking: /convince_ws/install/bt_interfaces_dummy/share/bt_interfaces_dummy/cmake/rosidl_cmake_export_typesupport_targets-extras.cmake
-- Symlinking: /convince_ws/install/bt_interfaces_dummy/share/bt_interfaces_dummy/cmake/rosidl_cmake_export_typesupport_libraries-extras.cmake
-- Symlinking: /convince_ws/install/bt_interfaces_dummy/share/bt_interfaces_dummy/cmake/bt_interfaces_dummyConfig.cmake
-- Symlinking: /convince_ws/install/bt_interfaces_dummy/share/bt_interfaces_dummy/cmake/bt_interfaces_dummyConfig-version.cmake
-- Symlinking: /convince_ws/install/bt_interfaces_dummy/share/bt_interfaces_dummy/package.xml
-- Installing: /convince_ws/install/bt_interfaces_dummy/lib/libbt_interfaces_dummy__rosidl_generator_c.so
-- Set non-toolchain portion of runtime path of "/convince_ws/install/bt_interfaces_dummy/lib/libbt_interfaces_dummy__rosidl_generator_c.so" to ""
-- Installing: /convince_ws/install/bt_interfaces_dummy/lib/libbt_interfaces_dummy__rosidl_typesupport_fastrtps_c.so
-- Set non-toolchain portion of runtime path of "/convince_ws/install/bt_interfaces_dummy/lib/libbt_interfaces_dummy__rosidl_typesupport_fastrtps_c.so" to ""
-- Installing: /convince_ws/install/bt_interfaces_dummy/lib/libbt_interfaces_dummy__rosidl_typesupport_introspection_c.so
-- Set non-toolchain portion of runtime path of "/convince_ws/install/bt_interfaces_dummy/lib/libbt_interfaces_dummy__rosidl_typesupport_introspection_c.so" to ""
-- Installing: /convince_ws/install/bt_interfaces_dummy/lib/libbt_interfaces_dummy__rosidl_typesupport_c.so
-- Set non-toolchain portion of runtime path of "/convince_ws/install/bt_interfaces_dummy/lib/libbt_interfaces_dummy__rosidl_typesupport_c.so" to ""
-- Installing: /convince_ws/install/bt_interfaces_dummy/lib/libbt_interfaces_dummy__rosidl_typesupport_fastrtps_cpp.so
-- Set non-toolchain portion of runtime path of "/convince_ws/install/bt_interfaces_dummy/lib/libbt_interfaces_dummy__rosidl_typesupport_fastrtps_cpp.so" to ""
-- Installing: /convince_ws/install/bt_interfaces_dummy/lib/libbt_interfaces_dummy__rosidl_typesupport_introspection_cpp.so
-- Set non-toolchain portion of runtime path of "/convince_ws/install/bt_interfaces_dummy/lib/libbt_interfaces_dummy__rosidl_typesupport_introspection_cpp.so" to ""
-- Installing: /convince_ws/install/bt_interfaces_dummy/lib/libbt_interfaces_dummy__rosidl_typesupport_cpp.so
-- Set non-toolchain portion of runtime path of "/convince_ws/install/bt_interfaces_dummy/lib/libbt_interfaces_dummy__rosidl_typesupport_cpp.so" to ""
Listing '/convince_ws/install/bt_interfaces_dummy/lib/python3.12/site-packages/bt_interfaces_dummy'...
Compiling '/convince_ws/install/bt_interfaces_dummy/lib/python3.12/site-packages/bt_interfaces_dummy/__init__.py'...
Listing '/convince_ws/install/bt_interfaces_dummy/lib/python3.12/site-packages/bt_interfaces_dummy/msg'...
Compiling '/convince_ws/install/bt_interfaces_dummy/lib/python3.12/site-packages/bt_interfaces_dummy/msg/__init__.py'...
Compiling '/convince_ws/install/bt_interfaces_dummy/lib/python3.12/site-packages/bt_interfaces_dummy/msg/_action_response.py'...
Compiling '/convince_ws/install/bt_interfaces_dummy/lib/python3.12/site-packages/bt_interfaces_dummy/msg/_condition_response.py'...
Listing '/convince_ws/install/bt_interfaces_dummy/lib/python3.12/site-packages/bt_interfaces_dummy/srv'...
Compiling '/convince_ws/install/bt_interfaces_dummy/lib/python3.12/site-packages/bt_interfaces_dummy/srv/__init__.py'...
Compiling '/convince_ws/install/bt_interfaces_dummy/lib/python3.12/site-packages/bt_interfaces_dummy/srv/_halt_action.py'...
Compiling '/convince_ws/install/bt_interfaces_dummy/lib/python3.12/site-packages/bt_interfaces_dummy/srv/_reload_tree.py'...
Compiling '/convince_ws/install/bt_interfaces_dummy/lib/python3.12/site-packages/bt_interfaces_dummy/srv/_tick_action.py'...
Compiling '/convince_ws/install/bt_interfaces_dummy/lib/python3.12/site-packages/bt_interfaces_dummy/srv/_tick_condition.py'...
-- Installing: /convince_ws/install/bt_interfaces_dummy/lib/libbt_interfaces_dummy__rosidl_generator_py.so
-- Set non-toolchain portion of runtime path of "/convince_ws/install/bt_interfaces_dummy/lib/libbt_interfaces_dummy__rosidl_generator_py.so" to ""
-- Installing: /convince_ws/install/bt_interfaces_dummy/share/bt_interfaces_dummy/cmake/export_bt_interfaces_dummy__rosidl_generator_cExport.cmake
-- Installing: /convince_ws/install/bt_interfaces_dummy/share/bt_interfaces_dummy/cmake/export_bt_interfaces_dummy__rosidl_generator_cExport-noconfig.cmake
-- Installing: /convince_ws/install/bt_interfaces_dummy/share/bt_interfaces_dummy/cmake/export_bt_interfaces_dummy__rosidl_typesupport_fastrtps_cExport.cmake
-- Installing: /convince_ws/install/bt_interfaces_dummy/share/bt_interfaces_dummy/cmake/export_bt_interfaces_dummy__rosidl_typesupport_fastrtps_cExport-noconfig.cmake
-- Installing: /convince_ws/install/bt_interfaces_dummy/share/bt_interfaces_dummy/cmake/bt_interfaces_dummy__rosidl_typesupport_introspection_cExport.cmake
-- Installing: /convince_ws/install/bt_interfaces_dummy/share/bt_interfaces_dummy/cmake/bt_interfaces_dummy__rosidl_typesupport_introspection_cExport-noconfig.cmake
-- Installing: /convince_ws/install/bt_interfaces_dummy/share/bt_interfaces_dummy/cmake/bt_interfaces_dummy__rosidl_typesupport_cExport.cmake
-- Installing: /convince_ws/install/bt_interfaces_dummy/share/bt_interfaces_dummy/cmake/bt_interfaces_dummy__rosidl_typesupport_cExport-noconfig.cmake
-- Installing: /convince_ws/install/bt_interfaces_dummy/share/bt_interfaces_dummy/cmake/export_bt_interfaces_dummy__rosidl_generator_cppExport.cmake
-- Installing: /convince_ws/install/bt_interfaces_dummy/share/bt_interfaces_dummy/cmake/export_bt_interfaces_dummy__rosidl_typesupport_fastrtps_cppExport.cmake
-- Installing: /convince_ws/install/bt_interfaces_dummy/share/bt_interfaces_dummy/cmake/export_bt_interfaces_dummy__rosidl_typesupport_fastrtps_cppExport-noconfig.cmake
-- Installing: /convince_ws/install/bt_interfaces_dummy/share/bt_interfaces_dummy/cmake/bt_interfaces_dummy__rosidl_typesupport_introspection_cppExport.cmake
-- Installing: /convince_ws/install/bt_interfaces_dummy/share/bt_interfaces_dummy/cmake/bt_interfaces_dummy__rosidl_typesupport_introspection_cppExport-noconfig.cmake
-- Installing: /convince_ws/install/bt_interfaces_dummy/share/bt_interfaces_dummy/cmake/bt_interfaces_dummy__rosidl_typesupport_cppExport.cmake
-- Installing: /convince_ws/install/bt_interfaces_dummy/share/bt_interfaces_dummy/cmake/bt_interfaces_dummy__rosidl_typesupport_cppExport-noconfig.cmake
-- Installing: /convince_ws/install/bt_interfaces_dummy/share/bt_interfaces_dummy/cmake/export_bt_interfaces_dummy__rosidl_generator_pyExport.cmake
-- Installing: /convince_ws/install/bt_interfaces_dummy/share/bt_interfaces_dummy/cmake/export_bt_interfaces_dummy__rosidl_generator_pyExport-noconfig.cmake
