[0.007s] Invoking command in '/convince_ws/build/bt_interfaces_dummy': CMAKE_PREFIX_PATH=/opt/ros/jazzy /usr/bin/cmake /convince_ws/src/ros_interfaces/src/bt_interfaces_dummy -DCMAKE_EXPORT_COMPILE_COMMANDS=ON --no-warn-unused-cli -DAMENT_CMAKE_SYMLINK_INSTALL=1 -DCMAKE_INSTALL_PREFIX=/convince_ws/install/bt_interfaces_dummy
[0.013s] Not searching for unused variables given on the command line.
[0.040s] -- The C compiler identification is GNU 13.3.0
[0.077s] -- The CXX compiler identification is GNU 13.3.0
[0.087s] -- Detecting C compiler ABI info
[0.146s] -- Detecting C compiler ABI info - done
[0.151s] -- Check for working C compiler: /usr/bin/cc - skipped
[0.151s] -- Detecting C compile features
[0.151s] -- Detecting C compile features - done
[0.157s] -- Detecting CXX compiler ABI info
[0.220s] -- Detecting CXX compiler ABI info - done
[0.227s] -- Check for working CXX compiler: /usr/bin/c++ - skipped
[0.227s] -- Detecting CXX compile features
[0.227s] -- Detecting CXX compile features - done
[0.229s] -- Found ament_cmake: 2.5.5 (/opt/ros/jazzy/share/ament_cmake/cmake)
[0.324s] -- Found Python3: /usr/bin/python3 (found version "3.12.3") found components: Interpreter 
[0.372s] -- Override CMake install command with custom implementation using symlinks instead of copying resources
[0.389s] -- Found rosidl_default_generators: 1.6.0 (/opt/ros/jazzy/share/rosidl_default_generators/cmake)
[0.393s] -- Using all available rosidl_typesupport_c: rosidl_typesupport_fastrtps_c;rosidl_typesupport_introspection_c
[0.424s] -- Using all available rosidl_typesupport_cpp: rosidl_typesupport_fastrtps_cpp;rosidl_typesupport_introspection_cpp
[0.448s] -- Found rosidl_adapter: 4.6.7 (/opt/ros/jazzy/share/rosidl_adapter/cmake)
[0.858s] -- Found ament_cmake_ros: 0.12.0 (/opt/ros/jazzy/share/ament_cmake_ros/cmake)
[1.170s] -- Using all available rosidl_typesupport_c: rosidl_typesupport_fastrtps_c;rosidl_typesupport_introspection_c
[1.548s] -- Using all available rosidl_typesupport_cpp: rosidl_typesupport_fastrtps_cpp;rosidl_typesupport_introspection_cpp
[1.550s] -- Found python_cmake_module: 0.11.1 (/opt/ros/jazzy/share/python_cmake_module/cmake)
[1.652s] -- Found PythonExtra: /usr/bin/python3  
[1.945s] -- Found Python3: /usr/bin/python3 (found version "3.12.3") found components: Interpreter Development NumPy Development.Module Development.Embed 
[1.970s] -- Found ament_lint_auto: 0.17.4 (/opt/ros/jazzy/share/ament_lint_auto/cmake)
[1.986s] -- Added test 'lint_cmake' to check CMake code style
[1.987s] -- Added test 'xmllint' to check XML markup files
[1.991s] -- Configuring done (2.0s)
[2.032s] -- Generating done (0.0s)
[2.043s] -- Build files have been written to: /convince_ws/build/bt_interfaces_dummy
[2.049s] Invoked command in '/convince_ws/build/bt_interfaces_dummy' returned '0': CMAKE_PREFIX_PATH=/opt/ros/jazzy /usr/bin/cmake /convince_ws/src/ros_interfaces/src/bt_interfaces_dummy -DCMAKE_EXPORT_COMPILE_COMMANDS=ON --no-warn-unused-cli -DAMENT_CMAKE_SYMLINK_INSTALL=1 -DCMAKE_INSTALL_PREFIX=/convince_ws/install/bt_interfaces_dummy
[2.050s] Invoking command in '/convince_ws/build/bt_interfaces_dummy': CMAKE_PREFIX_PATH=/opt/ros/jazzy /usr/bin/cmake --build /convince_ws/build/bt_interfaces_dummy -- -j20 -l20
[2.085s] [  1%] [34m[1mGenerating type hashes for ROS interfaces[0m
[2.093s] [  1%] Built target ament_cmake_python_symlink_bt_interfaces_dummy
[2.225s] running egg_info
[2.225s] creating bt_interfaces_dummy.egg-info
[2.232s] writing bt_interfaces_dummy.egg-info/PKG-INFO
[2.232s] writing dependency_links to bt_interfaces_dummy.egg-info/dependency_links.txt
[2.232s] writing top-level names to bt_interfaces_dummy.egg-info/top_level.txt
[2.232s] writing manifest file 'bt_interfaces_dummy.egg-info/SOURCES.txt'
[2.252s] reading manifest file 'bt_interfaces_dummy.egg-info/SOURCES.txt'
[2.253s] writing manifest file 'bt_interfaces_dummy.egg-info/SOURCES.txt'
[2.270s] [  1%] Built target ament_cmake_python_build_bt_interfaces_dummy_egg
[2.272s] [  1%] Built target bt_interfaces_dummy__rosidl_generator_type_description
[2.278s] [  2%] [34m[1mGenerating C code for ROS interfaces[0m
[2.285s] [  3%] [34m[1mGenerating C++ code for ROS interfaces[0m
[2.615s] [  3%] Built target bt_interfaces_dummy__cpp
[2.678s] [  4%] [32mBuilding C object CMakeFiles/bt_interfaces_dummy__rosidl_generator_c.dir/rosidl_generator_c/bt_interfaces_dummy/srv/detail/tick_action__type_support.c.o[0m
[2.678s] [  5%] [32mBuilding C object CMakeFiles/bt_interfaces_dummy__rosidl_generator_c.dir/rosidl_generator_c/bt_interfaces_dummy/msg/detail/condition_response__functions.c.o[0m
[2.678s] [  9%] [32mBuilding C object CMakeFiles/bt_interfaces_dummy__rosidl_generator_c.dir/rosidl_generator_c/bt_interfaces_dummy/srv/detail/halt_action__description.c.o[0m
[2.678s] [  9%] [32mBuilding C object CMakeFiles/bt_interfaces_dummy__rosidl_generator_c.dir/rosidl_generator_c/bt_interfaces_dummy/msg/detail/condition_response__type_support.c.o[0m
[2.679s] [  9%] [32mBuilding C object CMakeFiles/bt_interfaces_dummy__rosidl_generator_c.dir/rosidl_generator_c/bt_interfaces_dummy/srv/detail/tick_condition__type_support.c.o[0m
[2.679s] [ 11%] [32mBuilding C object CMakeFiles/bt_interfaces_dummy__rosidl_generator_c.dir/rosidl_generator_c/bt_interfaces_dummy/srv/detail/tick_action__description.c.o[0m
[2.679s] [ 11%] [32mBuilding C object CMakeFiles/bt_interfaces_dummy__rosidl_generator_c.dir/rosidl_generator_c/bt_interfaces_dummy/srv/detail/tick_action__functions.c.o[0m
[2.679s] [ 13%] [32mBuilding C object CMakeFiles/bt_interfaces_dummy__rosidl_generator_c.dir/rosidl_generator_c/bt_interfaces_dummy/srv/detail/tick_condition__description.c.o[0m
[2.679s] [ 14%] [32mBuilding C object CMakeFiles/bt_interfaces_dummy__rosidl_generator_c.dir/rosidl_generator_c/bt_interfaces_dummy/msg/detail/action_response__description.c.o[0m
[2.679s] [ 16%] [32mBuilding C object CMakeFiles/bt_interfaces_dummy__rosidl_generator_c.dir/rosidl_generator_c/bt_interfaces_dummy/msg/detail/action_response__type_support.c.o[0m
[2.679s] [ 16%] [32mBuilding C object CMakeFiles/bt_interfaces_dummy__rosidl_generator_c.dir/rosidl_generator_c/bt_interfaces_dummy/srv/detail/tick_condition__functions.c.o[0m
[2.679s] [ 20%] [32mBuilding C object CMakeFiles/bt_interfaces_dummy__rosidl_generator_c.dir/rosidl_generator_c/bt_interfaces_dummy/msg/detail/action_response__functions.c.o[0m
[2.679s] [ 20%] [32mBuilding C object CMakeFiles/bt_interfaces_dummy__rosidl_generator_c.dir/rosidl_generator_c/bt_interfaces_dummy/msg/detail/condition_response__description.c.o[0m
[2.679s] [ 17%] [32mBuilding C object CMakeFiles/bt_interfaces_dummy__rosidl_generator_c.dir/rosidl_generator_c/bt_interfaces_dummy/srv/detail/halt_action__functions.c.o[0m
[2.679s] [ 21%] [32mBuilding C object CMakeFiles/bt_interfaces_dummy__rosidl_generator_c.dir/rosidl_generator_c/bt_interfaces_dummy/srv/detail/halt_action__type_support.c.o[0m
[2.680s] [ 22%] [32mBuilding C object CMakeFiles/bt_interfaces_dummy__rosidl_generator_c.dir/rosidl_generator_c/bt_interfaces_dummy/srv/detail/reload_tree__description.c.o[0m
[2.690s] [ 23%] [32mBuilding C object CMakeFiles/bt_interfaces_dummy__rosidl_generator_c.dir/rosidl_generator_c/bt_interfaces_dummy/srv/detail/reload_tree__functions.c.o[0m
[2.697s] [ 25%] [32mBuilding C object CMakeFiles/bt_interfaces_dummy__rosidl_generator_c.dir/rosidl_generator_c/bt_interfaces_dummy/srv/detail/reload_tree__type_support.c.o[0m
[2.751s] [ 26%] [32m[1mLinking C shared library libbt_interfaces_dummy__rosidl_generator_c.so[0m
[2.776s] [ 26%] Built target bt_interfaces_dummy__rosidl_generator_c
[2.782s] [ 27%] [34m[1mGenerating C++ introspection for ROS interfaces[0m
[2.783s] [ 30%] [34m[1mGenerating C type support dispatch for ROS interfaces[0m
[2.783s] [ 30%] [34m[1mGenerating C++ type support dispatch for ROS interfaces[0m
[2.783s] [ 30%] [34m[1mGenerating C++ type support for eProsima Fast-RTPS[0m
[2.783s] [ 32%] [34m[1mGenerating C type support for eProsima Fast-RTPS[0m
[2.783s] [ 33%] [34m[1mGenerating C introspection for ROS interfaces[0m
[3.025s] [ 36%] [32mBuilding CXX object CMakeFiles/bt_interfaces_dummy__rosidl_typesupport_c.dir/rosidl_typesupport_c/bt_interfaces_dummy/msg/action_response__type_support.cpp.o[0m
[3.025s] [ 36%] [32mBuilding CXX object CMakeFiles/bt_interfaces_dummy__rosidl_typesupport_c.dir/rosidl_typesupport_c/bt_interfaces_dummy/srv/tick_action__type_support.cpp.o[0m
[3.025s] [ 36%] [32mBuilding CXX object CMakeFiles/bt_interfaces_dummy__rosidl_typesupport_c.dir/rosidl_typesupport_c/bt_interfaces_dummy/msg/condition_response__type_support.cpp.o[0m
[3.025s] [ 38%] [32mBuilding CXX object CMakeFiles/bt_interfaces_dummy__rosidl_typesupport_c.dir/rosidl_typesupport_c/bt_interfaces_dummy/srv/halt_action__type_support.cpp.o[0m
[3.033s] [ 39%] [32mBuilding CXX object CMakeFiles/bt_interfaces_dummy__rosidl_typesupport_c.dir/rosidl_typesupport_c/bt_interfaces_dummy/srv/tick_condition__type_support.cpp.o[0m
[3.038s] [ 40%] [32mBuilding CXX object CMakeFiles/bt_interfaces_dummy__rosidl_typesupport_c.dir/rosidl_typesupport_c/bt_interfaces_dummy/srv/reload_tree__type_support.cpp.o[0m
[3.076s] [ 41%] [32mBuilding CXX object CMakeFiles/bt_interfaces_dummy__rosidl_typesupport_introspection_cpp.dir/rosidl_typesupport_introspection_cpp/bt_interfaces_dummy/srv/detail/tick_action__type_support.cpp.o[0m
[3.076s] [ 46%] [32mBuilding CXX object CMakeFiles/bt_interfaces_dummy__rosidl_typesupport_introspection_cpp.dir/rosidl_typesupport_introspection_cpp/bt_interfaces_dummy/msg/detail/condition_response__type_support.cpp.o[0m
[3.077s] [ 46%] [32mBuilding CXX object CMakeFiles/bt_interfaces_dummy__rosidl_typesupport_introspection_cpp.dir/rosidl_typesupport_introspection_cpp/bt_interfaces_dummy/srv/detail/halt_action__type_support.cpp.o[0m
[3.077s] [ 46%] [32mBuilding CXX object CMakeFiles/bt_interfaces_dummy__rosidl_typesupport_introspection_cpp.dir/rosidl_typesupport_introspection_cpp/bt_interfaces_dummy/msg/detail/action_response__type_support.cpp.o[0m
[3.077s] [ 46%] [32mBuilding CXX object CMakeFiles/bt_interfaces_dummy__rosidl_typesupport_introspection_cpp.dir/rosidl_typesupport_introspection_cpp/bt_interfaces_dummy/srv/detail/tick_condition__type_support.cpp.o[0m
[3.078s] [ 47%] [32mBuilding CXX object CMakeFiles/bt_interfaces_dummy__rosidl_typesupport_introspection_cpp.dir/rosidl_typesupport_introspection_cpp/bt_interfaces_dummy/srv/detail/reload_tree__type_support.cpp.o[0m
[3.081s] [ 48%] [32m[1mLinking CXX shared library libbt_interfaces_dummy__rosidl_typesupport_c.so[0m
[3.109s] [ 48%] Built target bt_interfaces_dummy__rosidl_typesupport_c
[3.155s] [ 50%] [32mBuilding CXX object CMakeFiles/bt_interfaces_dummy__rosidl_typesupport_cpp.dir/rosidl_typesupport_cpp/bt_interfaces_dummy/msg/condition_response__type_support.cpp.o[0m
[3.155s] [ 51%] [32mBuilding CXX object CMakeFiles/bt_interfaces_dummy__rosidl_typesupport_cpp.dir/rosidl_typesupport_cpp/bt_interfaces_dummy/srv/halt_action__type_support.cpp.o[0m
[3.155s] [ 52%] [32mBuilding CXX object CMakeFiles/bt_interfaces_dummy__rosidl_typesupport_cpp.dir/rosidl_typesupport_cpp/bt_interfaces_dummy/srv/tick_action__type_support.cpp.o[0m
[3.155s] [ 53%] [32mBuilding CXX object CMakeFiles/bt_interfaces_dummy__rosidl_typesupport_cpp.dir/rosidl_typesupport_cpp/bt_interfaces_dummy/srv/tick_condition__type_support.cpp.o[0m
[3.156s] [ 54%] [32mBuilding CXX object CMakeFiles/bt_interfaces_dummy__rosidl_typesupport_cpp.dir/rosidl_typesupport_cpp/bt_interfaces_dummy/srv/reload_tree__type_support.cpp.o[0m
[3.159s] [ 55%] [32mBuilding CXX object CMakeFiles/bt_interfaces_dummy__rosidl_typesupport_cpp.dir/rosidl_typesupport_cpp/bt_interfaces_dummy/msg/action_response__type_support.cpp.o[0m
[3.290s] [ 57%] [32mBuilding CXX object CMakeFiles/bt_interfaces_dummy__rosidl_typesupport_fastrtps_cpp.dir/rosidl_typesupport_fastrtps_cpp/bt_interfaces_dummy/msg/detail/dds_fastrtps/condition_response__type_support.cpp.o[0m
[3.291s] [ 58%] [32mBuilding CXX object CMakeFiles/bt_interfaces_dummy__rosidl_typesupport_fastrtps_cpp.dir/rosidl_typesupport_fastrtps_cpp/bt_interfaces_dummy/srv/detail/dds_fastrtps/tick_action__type_support.cpp.o[0m
[3.291s] [ 59%] [32mBuilding C object CMakeFiles/bt_interfaces_dummy__rosidl_typesupport_introspection_c.dir/rosidl_typesupport_introspection_c/bt_interfaces_dummy/msg/detail/condition_response__type_support.c.o[0m
[3.292s] [ 60%] [32mBuilding C object CMakeFiles/bt_interfaces_dummy__rosidl_typesupport_introspection_c.dir/rosidl_typesupport_introspection_c/bt_interfaces_dummy/srv/detail/tick_action__type_support.c.o[0m
[3.294s] [ 61%] [32mBuilding CXX object CMakeFiles/bt_interfaces_dummy__rosidl_typesupport_fastrtps_cpp.dir/rosidl_typesupport_fastrtps_cpp/bt_interfaces_dummy/msg/detail/dds_fastrtps/action_response__type_support.cpp.o[0m
[3.298s] [ 63%] [32mBuilding CXX object CMakeFiles/bt_interfaces_dummy__rosidl_typesupport_fastrtps_cpp.dir/rosidl_typesupport_fastrtps_cpp/bt_interfaces_dummy/srv/detail/dds_fastrtps/halt_action__type_support.cpp.o[0m
[3.301s] [ 64%] [32mBuilding C object CMakeFiles/bt_interfaces_dummy__rosidl_typesupport_introspection_c.dir/rosidl_typesupport_introspection_c/bt_interfaces_dummy/msg/detail/action_response__type_support.c.o[0m
[3.352s] [ 65%] [32mBuilding C object CMakeFiles/bt_interfaces_dummy__rosidl_typesupport_introspection_c.dir/rosidl_typesupport_introspection_c/bt_interfaces_dummy/srv/detail/halt_action__type_support.c.o[0m
[3.369s] [ 66%] [32mBuilding C object CMakeFiles/bt_interfaces_dummy__rosidl_typesupport_introspection_c.dir/rosidl_typesupport_introspection_c/bt_interfaces_dummy/srv/detail/tick_condition__type_support.c.o[0m
[3.383s] [ 67%] [32mBuilding C object CMakeFiles/bt_interfaces_dummy__rosidl_typesupport_introspection_c.dir/rosidl_typesupport_introspection_c/bt_interfaces_dummy/srv/detail/reload_tree__type_support.c.o[0m
[3.400s] [ 69%] [32mBuilding CXX object CMakeFiles/bt_interfaces_dummy__rosidl_typesupport_fastrtps_cpp.dir/rosidl_typesupport_fastrtps_cpp/bt_interfaces_dummy/srv/detail/dds_fastrtps/tick_condition__type_support.cpp.o[0m
[3.433s] [ 70%] [32mBuilding CXX object CMakeFiles/bt_interfaces_dummy__rosidl_typesupport_fastrtps_cpp.dir/rosidl_typesupport_fastrtps_cpp/bt_interfaces_dummy/srv/detail/dds_fastrtps/reload_tree__type_support.cpp.o[0m
[3.461s] [ 71%] [32m[1mLinking C shared library libbt_interfaces_dummy__rosidl_typesupport_introspection_c.so[0m
[3.490s] [ 72%] [32mBuilding CXX object CMakeFiles/bt_interfaces_dummy__rosidl_typesupport_fastrtps_c.dir/rosidl_typesupport_fastrtps_c/bt_interfaces_dummy/srv/detail/tick_action__type_support_c.cpp.o[0m
[3.498s] [ 73%] [32mBuilding CXX object CMakeFiles/bt_interfaces_dummy__rosidl_typesupport_fastrtps_c.dir/rosidl_typesupport_fastrtps_c/bt_interfaces_dummy/msg/detail/action_response__type_support_c.cpp.o[0m
[3.498s] [ 76%] [32mBuilding CXX object CMakeFiles/bt_interfaces_dummy__rosidl_typesupport_fastrtps_c.dir/rosidl_typesupport_fastrtps_c/bt_interfaces_dummy/srv/detail/reload_tree__type_support_c.cpp.o[0m
[3.498s] [ 77%] [32mBuilding CXX object CMakeFiles/bt_interfaces_dummy__rosidl_typesupport_fastrtps_c.dir/rosidl_typesupport_fastrtps_c/bt_interfaces_dummy/msg/detail/condition_response__type_support_c.cpp.o[0m
[3.498s] [ 75%] [32mBuilding CXX object CMakeFiles/bt_interfaces_dummy__rosidl_typesupport_fastrtps_c.dir/rosidl_typesupport_fastrtps_c/bt_interfaces_dummy/srv/detail/halt_action__type_support_c.cpp.o[0m
[3.503s] [ 78%] [32mBuilding CXX object CMakeFiles/bt_interfaces_dummy__rosidl_typesupport_fastrtps_c.dir/rosidl_typesupport_fastrtps_c/bt_interfaces_dummy/srv/detail/tick_condition__type_support_c.cpp.o[0m
[3.506s] [ 78%] Built target bt_interfaces_dummy__rosidl_typesupport_introspection_c
[3.546s] [ 79%] [32m[1mLinking CXX shared library libbt_interfaces_dummy__rosidl_typesupport_introspection_cpp.so[0m
[3.648s] [ 79%] Built target bt_interfaces_dummy__rosidl_typesupport_introspection_cpp
[3.693s] [ 80%] [32m[1mLinking CXX shared library libbt_interfaces_dummy__rosidl_typesupport_cpp.so[0m
[3.806s] [ 80%] Built target bt_interfaces_dummy__rosidl_typesupport_cpp
[4.081s] [ 82%] [32m[1mLinking CXX shared library libbt_interfaces_dummy__rosidl_typesupport_fastrtps_cpp.so[0m
[4.118s] [ 83%] [32m[1mLinking CXX shared library libbt_interfaces_dummy__rosidl_typesupport_fastrtps_c.so[0m
[4.134s] [ 83%] Built target bt_interfaces_dummy__rosidl_typesupport_fastrtps_cpp
[4.169s] [ 83%] Built target bt_interfaces_dummy__rosidl_typesupport_fastrtps_c
[4.183s] [ 83%] Built target bt_interfaces_dummy
[4.203s] [ 84%] [34m[1mGenerating Python code for ROS interfaces[0m
[4.744s] [ 84%] Built target bt_interfaces_dummy__py
[4.761s] [ 85%] [32mBuilding C object CMakeFiles/bt_interfaces_dummy__rosidl_generator_py.dir/rosidl_generator_py/bt_interfaces_dummy/srv/_tick_action_s.c.o[0m
[4.762s] [ 86%] [32mBuilding C object CMakeFiles/bt_interfaces_dummy__rosidl_generator_py.dir/rosidl_generator_py/bt_interfaces_dummy/srv/_reload_tree_s.c.o[0m
[4.762s] [ 89%] [32mBuilding C object CMakeFiles/bt_interfaces_dummy__rosidl_generator_py.dir/rosidl_generator_py/bt_interfaces_dummy/msg/_action_response_s.c.o[0m
[4.762s] [ 89%] [32mBuilding C object CMakeFiles/bt_interfaces_dummy__rosidl_generator_py.dir/rosidl_generator_py/bt_interfaces_dummy/msg/_condition_response_s.c.o[0m
[4.763s] [ 90%] [32mBuilding C object CMakeFiles/bt_interfaces_dummy__rosidl_generator_py.dir/rosidl_generator_py/bt_interfaces_dummy/srv/_tick_condition_s.c.o[0m
[4.763s] [ 91%] [32mBuilding C object CMakeFiles/bt_interfaces_dummy__rosidl_generator_py.dir/rosidl_generator_py/bt_interfaces_dummy/srv/_halt_action_s.c.o[0m
[4.900s] [ 92%] [32m[1mLinking C shared library libbt_interfaces_dummy__rosidl_generator_py.so[0m
[4.939s] [ 92%] Built target bt_interfaces_dummy__rosidl_generator_py
[4.953s] [ 94%] [32mBuilding C object CMakeFiles/bt_interfaces_dummy_s__rosidl_typesupport_c.dir/rosidl_generator_py/bt_interfaces_dummy/_bt_interfaces_dummy_s.ep.rosidl_typesupport_c.c.o[0m
[4.956s] [ 96%] [32mBuilding C object CMakeFiles/bt_interfaces_dummy_s__rosidl_typesupport_fastrtps_c.dir/rosidl_generator_py/bt_interfaces_dummy/_bt_interfaces_dummy_s.ep.rosidl_typesupport_fastrtps_c.c.o[0m
[4.956s] [ 96%] [32mBuilding C object CMakeFiles/bt_interfaces_dummy_s__rosidl_typesupport_introspection_c.dir/rosidl_generator_py/bt_interfaces_dummy/_bt_interfaces_dummy_s.ep.rosidl_typesupport_introspection_c.c.o[0m
[5.030s] [ 97%] [32m[1mLinking C shared module rosidl_generator_py/bt_interfaces_dummy/bt_interfaces_dummy_s__rosidl_typesupport_c.so[0m
[5.041s] [ 98%] [32m[1mLinking C shared module rosidl_generator_py/bt_interfaces_dummy/bt_interfaces_dummy_s__rosidl_typesupport_fastrtps_c.so[0m
[5.054s] [ 98%] Built target bt_interfaces_dummy_s__rosidl_typesupport_c
[5.067s] [ 98%] Built target bt_interfaces_dummy_s__rosidl_typesupport_fastrtps_c
[5.077s] [100%] [32m[1mLinking C shared module rosidl_generator_py/bt_interfaces_dummy/bt_interfaces_dummy_s__rosidl_typesupport_introspection_c.so[0m
[5.101s] [100%] Built target bt_interfaces_dummy_s__rosidl_typesupport_introspection_c
[5.111s] Invoked command in '/convince_ws/build/bt_interfaces_dummy' returned '0': CMAKE_PREFIX_PATH=/opt/ros/jazzy /usr/bin/cmake --build /convince_ws/build/bt_interfaces_dummy -- -j20 -l20
[5.112s] Invoking command in '/convince_ws/build/bt_interfaces_dummy': CMAKE_PREFIX_PATH=/opt/ros/jazzy /usr/bin/cmake --install /convince_ws/build/bt_interfaces_dummy
[5.118s] -- Install configuration: ""
[5.119s] -- Execute custom install script
[5.119s] -- Symlinking: /convince_ws/install/bt_interfaces_dummy/share/ament_index/resource_index/rosidl_interfaces/bt_interfaces_dummy
[5.125s] -- Symlinking: /convince_ws/install/bt_interfaces_dummy/share/bt_interfaces_dummy/srv/TickAction.json
[5.131s] -- Symlinking: /convince_ws/install/bt_interfaces_dummy/share/bt_interfaces_dummy/msg/ActionResponse.json
[5.137s] -- Symlinking: /convince_ws/install/bt_interfaces_dummy/share/bt_interfaces_dummy/msg/ConditionResponse.json
[5.142s] -- Symlinking: /convince_ws/install/bt_interfaces_dummy/share/bt_interfaces_dummy/srv/HaltAction.json
[5.146s] -- Symlinking: /convince_ws/install/bt_interfaces_dummy/share/bt_interfaces_dummy/srv/TickCondition.json
[5.153s] -- Symlinking: /convince_ws/install/bt_interfaces_dummy/share/bt_interfaces_dummy/srv/ReloadTree.json
[5.160s] -- Symlinking: /convince_ws/install/bt_interfaces_dummy/include/bt_interfaces_dummy/bt_interfaces_dummy/msg/action_response.h
[5.165s] -- Symlinking: /convince_ws/install/bt_interfaces_dummy/include/bt_interfaces_dummy/bt_interfaces_dummy/msg/condition_response.h
[5.169s] -- Symlinking: /convince_ws/install/bt_interfaces_dummy/include/bt_interfaces_dummy/bt_interfaces_dummy/msg/detail/action_response__functions.h
[5.173s] -- Symlinking: /convince_ws/install/bt_interfaces_dummy/include/bt_interfaces_dummy/bt_interfaces_dummy/msg/detail/action_response__struct.h
[5.180s] -- Symlinking: /convince_ws/install/bt_interfaces_dummy/include/bt_interfaces_dummy/bt_interfaces_dummy/msg/detail/action_response__type_support.h
[5.185s] -- Symlinking: /convince_ws/install/bt_interfaces_dummy/include/bt_interfaces_dummy/bt_interfaces_dummy/msg/detail/condition_response__functions.h
[5.192s] -- Symlinking: /convince_ws/install/bt_interfaces_dummy/include/bt_interfaces_dummy/bt_interfaces_dummy/msg/detail/condition_response__struct.h
[5.198s] -- Symlinking: /convince_ws/install/bt_interfaces_dummy/include/bt_interfaces_dummy/bt_interfaces_dummy/msg/detail/condition_response__type_support.h
[5.202s] -- Symlinking: /convince_ws/install/bt_interfaces_dummy/include/bt_interfaces_dummy/bt_interfaces_dummy/msg/rosidl_generator_c__visibility_control.h
[5.208s] -- Symlinking: /convince_ws/install/bt_interfaces_dummy/include/bt_interfaces_dummy/bt_interfaces_dummy/srv/detail/halt_action__functions.h
[5.214s] -- Symlinking: /convince_ws/install/bt_interfaces_dummy/include/bt_interfaces_dummy/bt_interfaces_dummy/srv/detail/halt_action__struct.h
[5.220s] -- Symlinking: /convince_ws/install/bt_interfaces_dummy/include/bt_interfaces_dummy/bt_interfaces_dummy/srv/detail/halt_action__type_support.h
[5.224s] -- Symlinking: /convince_ws/install/bt_interfaces_dummy/include/bt_interfaces_dummy/bt_interfaces_dummy/srv/detail/reload_tree__functions.h
[5.231s] -- Symlinking: /convince_ws/install/bt_interfaces_dummy/include/bt_interfaces_dummy/bt_interfaces_dummy/srv/detail/reload_tree__struct.h
[5.237s] -- Symlinking: /convince_ws/install/bt_interfaces_dummy/include/bt_interfaces_dummy/bt_interfaces_dummy/srv/detail/reload_tree__type_support.h
[5.243s] -- Symlinking: /convince_ws/install/bt_interfaces_dummy/include/bt_interfaces_dummy/bt_interfaces_dummy/srv/detail/tick_action__functions.h
[5.248s] -- Symlinking: /convince_ws/install/bt_interfaces_dummy/include/bt_interfaces_dummy/bt_interfaces_dummy/srv/detail/tick_action__struct.h
[5.254s] -- Symlinking: /convince_ws/install/bt_interfaces_dummy/include/bt_interfaces_dummy/bt_interfaces_dummy/srv/detail/tick_action__type_support.h
[5.258s] -- Symlinking: /convince_ws/install/bt_interfaces_dummy/include/bt_interfaces_dummy/bt_interfaces_dummy/srv/detail/tick_condition__functions.h
[5.263s] -- Symlinking: /convince_ws/install/bt_interfaces_dummy/include/bt_interfaces_dummy/bt_interfaces_dummy/srv/detail/tick_condition__struct.h
[5.268s] -- Symlinking: /convince_ws/install/bt_interfaces_dummy/include/bt_interfaces_dummy/bt_interfaces_dummy/srv/detail/tick_condition__type_support.h
[5.272s] -- Symlinking: /convince_ws/install/bt_interfaces_dummy/include/bt_interfaces_dummy/bt_interfaces_dummy/srv/halt_action.h
[5.279s] -- Symlinking: /convince_ws/install/bt_interfaces_dummy/include/bt_interfaces_dummy/bt_interfaces_dummy/srv/reload_tree.h
[5.283s] -- Symlinking: /convince_ws/install/bt_interfaces_dummy/include/bt_interfaces_dummy/bt_interfaces_dummy/srv/tick_action.h
[5.287s] -- Symlinking: /convince_ws/install/bt_interfaces_dummy/include/bt_interfaces_dummy/bt_interfaces_dummy/srv/tick_condition.h
[5.293s] -- Symlinking: /convince_ws/install/bt_interfaces_dummy/share/bt_interfaces_dummy/environment/library_path.sh
[5.299s] -- Symlinking: /convince_ws/install/bt_interfaces_dummy/share/bt_interfaces_dummy/environment/library_path.dsv
[5.305s] -- Symlinking: /convince_ws/install/bt_interfaces_dummy/include/bt_interfaces_dummy/bt_interfaces_dummy/msg/detail/action_response__rosidl_typesupport_fastrtps_c.h
[5.310s] -- Symlinking: /convince_ws/install/bt_interfaces_dummy/include/bt_interfaces_dummy/bt_interfaces_dummy/msg/detail/condition_response__rosidl_typesupport_fastrtps_c.h
[5.316s] -- Symlinking: /convince_ws/install/bt_interfaces_dummy/include/bt_interfaces_dummy/bt_interfaces_dummy/msg/rosidl_typesupport_fastrtps_c__visibility_control.h
[5.322s] -- Symlinking: /convince_ws/install/bt_interfaces_dummy/include/bt_interfaces_dummy/bt_interfaces_dummy/srv/detail/halt_action__rosidl_typesupport_fastrtps_c.h
[5.328s] -- Symlinking: /convince_ws/install/bt_interfaces_dummy/include/bt_interfaces_dummy/bt_interfaces_dummy/srv/detail/reload_tree__rosidl_typesupport_fastrtps_c.h
[5.333s] -- Symlinking: /convince_ws/install/bt_interfaces_dummy/include/bt_interfaces_dummy/bt_interfaces_dummy/srv/detail/tick_action__rosidl_typesupport_fastrtps_c.h
[5.337s] -- Symlinking: /convince_ws/install/bt_interfaces_dummy/include/bt_interfaces_dummy/bt_interfaces_dummy/srv/detail/tick_condition__rosidl_typesupport_fastrtps_c.h
[5.343s] -- Symlinking: /convince_ws/install/bt_interfaces_dummy/include/bt_interfaces_dummy/bt_interfaces_dummy/msg/detail/action_response__rosidl_typesupport_introspection_c.h
[5.347s] -- Symlinking: /convince_ws/install/bt_interfaces_dummy/include/bt_interfaces_dummy/bt_interfaces_dummy/msg/detail/condition_response__rosidl_typesupport_introspection_c.h
[5.352s] -- Symlinking: /convince_ws/install/bt_interfaces_dummy/include/bt_interfaces_dummy/bt_interfaces_dummy/msg/rosidl_typesupport_introspection_c__visibility_control.h
[5.356s] -- Symlinking: /convince_ws/install/bt_interfaces_dummy/include/bt_interfaces_dummy/bt_interfaces_dummy/srv/detail/halt_action__rosidl_typesupport_introspection_c.h
[5.362s] -- Symlinking: /convince_ws/install/bt_interfaces_dummy/include/bt_interfaces_dummy/bt_interfaces_dummy/srv/detail/reload_tree__rosidl_typesupport_introspection_c.h
[5.368s] -- Symlinking: /convince_ws/install/bt_interfaces_dummy/include/bt_interfaces_dummy/bt_interfaces_dummy/srv/detail/tick_action__rosidl_typesupport_introspection_c.h
[5.374s] -- Symlinking: /convince_ws/install/bt_interfaces_dummy/include/bt_interfaces_dummy/bt_interfaces_dummy/srv/detail/tick_condition__rosidl_typesupport_introspection_c.h
[5.380s] -- Symlinking: /convince_ws/install/bt_interfaces_dummy/include/bt_interfaces_dummy/bt_interfaces_dummy/msg/action_response.hpp
[5.385s] -- Symlinking: /convince_ws/install/bt_interfaces_dummy/include/bt_interfaces_dummy/bt_interfaces_dummy/msg/condition_response.hpp
[5.390s] -- Symlinking: /convince_ws/install/bt_interfaces_dummy/include/bt_interfaces_dummy/bt_interfaces_dummy/msg/detail/action_response__builder.hpp
[5.395s] -- Symlinking: /convince_ws/install/bt_interfaces_dummy/include/bt_interfaces_dummy/bt_interfaces_dummy/msg/detail/action_response__struct.hpp
[5.401s] -- Symlinking: /convince_ws/install/bt_interfaces_dummy/include/bt_interfaces_dummy/bt_interfaces_dummy/msg/detail/action_response__traits.hpp
[5.405s] -- Symlinking: /convince_ws/install/bt_interfaces_dummy/include/bt_interfaces_dummy/bt_interfaces_dummy/msg/detail/action_response__type_support.hpp
[5.409s] -- Symlinking: /convince_ws/install/bt_interfaces_dummy/include/bt_interfaces_dummy/bt_interfaces_dummy/msg/detail/condition_response__builder.hpp
[5.415s] -- Symlinking: /convince_ws/install/bt_interfaces_dummy/include/bt_interfaces_dummy/bt_interfaces_dummy/msg/detail/condition_response__struct.hpp
[5.420s] -- Symlinking: /convince_ws/install/bt_interfaces_dummy/include/bt_interfaces_dummy/bt_interfaces_dummy/msg/detail/condition_response__traits.hpp
[5.425s] -- Symlinking: /convince_ws/install/bt_interfaces_dummy/include/bt_interfaces_dummy/bt_interfaces_dummy/msg/detail/condition_response__type_support.hpp
[5.430s] -- Symlinking: /convince_ws/install/bt_interfaces_dummy/include/bt_interfaces_dummy/bt_interfaces_dummy/msg/rosidl_generator_cpp__visibility_control.hpp
[5.434s] -- Symlinking: /convince_ws/install/bt_interfaces_dummy/include/bt_interfaces_dummy/bt_interfaces_dummy/srv/detail/halt_action__builder.hpp
[5.438s] -- Symlinking: /convince_ws/install/bt_interfaces_dummy/include/bt_interfaces_dummy/bt_interfaces_dummy/srv/detail/halt_action__struct.hpp
[5.443s] -- Symlinking: /convince_ws/install/bt_interfaces_dummy/include/bt_interfaces_dummy/bt_interfaces_dummy/srv/detail/halt_action__traits.hpp
[5.449s] -- Symlinking: /convince_ws/install/bt_interfaces_dummy/include/bt_interfaces_dummy/bt_interfaces_dummy/srv/detail/halt_action__type_support.hpp
[5.455s] -- Symlinking: /convince_ws/install/bt_interfaces_dummy/include/bt_interfaces_dummy/bt_interfaces_dummy/srv/detail/reload_tree__builder.hpp
[5.460s] -- Symlinking: /convince_ws/install/bt_interfaces_dummy/include/bt_interfaces_dummy/bt_interfaces_dummy/srv/detail/reload_tree__struct.hpp
[5.465s] -- Symlinking: /convince_ws/install/bt_interfaces_dummy/include/bt_interfaces_dummy/bt_interfaces_dummy/srv/detail/reload_tree__traits.hpp
[5.469s] -- Symlinking: /convince_ws/install/bt_interfaces_dummy/include/bt_interfaces_dummy/bt_interfaces_dummy/srv/detail/reload_tree__type_support.hpp
[5.473s] -- Symlinking: /convince_ws/install/bt_interfaces_dummy/include/bt_interfaces_dummy/bt_interfaces_dummy/srv/detail/tick_action__builder.hpp
[5.478s] -- Symlinking: /convince_ws/install/bt_interfaces_dummy/include/bt_interfaces_dummy/bt_interfaces_dummy/srv/detail/tick_action__struct.hpp
[5.483s] -- Symlinking: /convince_ws/install/bt_interfaces_dummy/include/bt_interfaces_dummy/bt_interfaces_dummy/srv/detail/tick_action__traits.hpp
[5.488s] -- Symlinking: /convince_ws/install/bt_interfaces_dummy/include/bt_interfaces_dummy/bt_interfaces_dummy/srv/detail/tick_action__type_support.hpp
[5.492s] -- Symlinking: /convince_ws/install/bt_interfaces_dummy/include/bt_interfaces_dummy/bt_interfaces_dummy/srv/detail/tick_condition__builder.hpp
[5.497s] -- Symlinking: /convince_ws/install/bt_interfaces_dummy/include/bt_interfaces_dummy/bt_interfaces_dummy/srv/detail/tick_condition__struct.hpp
[5.503s] -- Symlinking: /convince_ws/install/bt_interfaces_dummy/include/bt_interfaces_dummy/bt_interfaces_dummy/srv/detail/tick_condition__traits.hpp
[5.507s] -- Symlinking: /convince_ws/install/bt_interfaces_dummy/include/bt_interfaces_dummy/bt_interfaces_dummy/srv/detail/tick_condition__type_support.hpp
[5.514s] -- Symlinking: /convince_ws/install/bt_interfaces_dummy/include/bt_interfaces_dummy/bt_interfaces_dummy/srv/halt_action.hpp
[5.518s] -- Symlinking: /convince_ws/install/bt_interfaces_dummy/include/bt_interfaces_dummy/bt_interfaces_dummy/srv/reload_tree.hpp
[5.522s] -- Symlinking: /convince_ws/install/bt_interfaces_dummy/include/bt_interfaces_dummy/bt_interfaces_dummy/srv/tick_action.hpp
[5.527s] -- Symlinking: /convince_ws/install/bt_interfaces_dummy/include/bt_interfaces_dummy/bt_interfaces_dummy/srv/tick_condition.hpp
[5.533s] -- Symlinking: /convince_ws/install/bt_interfaces_dummy/include/bt_interfaces_dummy/bt_interfaces_dummy/msg/detail/action_response__rosidl_typesupport_fastrtps_cpp.hpp
[5.538s] -- Symlinking: /convince_ws/install/bt_interfaces_dummy/include/bt_interfaces_dummy/bt_interfaces_dummy/msg/detail/condition_response__rosidl_typesupport_fastrtps_cpp.hpp
[5.542s] -- Symlinking: /convince_ws/install/bt_interfaces_dummy/include/bt_interfaces_dummy/bt_interfaces_dummy/msg/rosidl_typesupport_fastrtps_cpp__visibility_control.h
[5.547s] -- Symlinking: /convince_ws/install/bt_interfaces_dummy/include/bt_interfaces_dummy/bt_interfaces_dummy/srv/detail/halt_action__rosidl_typesupport_fastrtps_cpp.hpp
[5.550s] -- Symlinking: /convince_ws/install/bt_interfaces_dummy/include/bt_interfaces_dummy/bt_interfaces_dummy/srv/detail/reload_tree__rosidl_typesupport_fastrtps_cpp.hpp
[5.556s] -- Symlinking: /convince_ws/install/bt_interfaces_dummy/include/bt_interfaces_dummy/bt_interfaces_dummy/srv/detail/tick_action__rosidl_typesupport_fastrtps_cpp.hpp
[5.563s] -- Symlinking: /convince_ws/install/bt_interfaces_dummy/include/bt_interfaces_dummy/bt_interfaces_dummy/srv/detail/tick_condition__rosidl_typesupport_fastrtps_cpp.hpp
[5.569s] -- Symlinking: /convince_ws/install/bt_interfaces_dummy/include/bt_interfaces_dummy/bt_interfaces_dummy/msg/detail/action_response__rosidl_typesupport_introspection_cpp.hpp
[5.575s] -- Symlinking: /convince_ws/install/bt_interfaces_dummy/include/bt_interfaces_dummy/bt_interfaces_dummy/msg/detail/condition_response__rosidl_typesupport_introspection_cpp.hpp
[5.580s] -- Symlinking: /convince_ws/install/bt_interfaces_dummy/include/bt_interfaces_dummy/bt_interfaces_dummy/srv/detail/halt_action__rosidl_typesupport_introspection_cpp.hpp
[5.585s] -- Symlinking: /convince_ws/install/bt_interfaces_dummy/include/bt_interfaces_dummy/bt_interfaces_dummy/srv/detail/reload_tree__rosidl_typesupport_introspection_cpp.hpp
[5.589s] -- Symlinking: /convince_ws/install/bt_interfaces_dummy/include/bt_interfaces_dummy/bt_interfaces_dummy/srv/detail/tick_action__rosidl_typesupport_introspection_cpp.hpp
[5.593s] -- Symlinking: /convince_ws/install/bt_interfaces_dummy/include/bt_interfaces_dummy/bt_interfaces_dummy/srv/detail/tick_condition__rosidl_typesupport_introspection_cpp.hpp
[5.598s] -- Symlinking: /convince_ws/install/bt_interfaces_dummy/share/bt_interfaces_dummy/environment/pythonpath.sh
[5.603s] -- Symlinking: /convince_ws/install/bt_interfaces_dummy/share/bt_interfaces_dummy/environment/pythonpath.dsv
[5.609s] -- Symlinking: /convince_ws/install/bt_interfaces_dummy/lib/python3.12/site-packages/bt_interfaces_dummy-0.0.0-py3.12.egg-info/PKG-INFO
[5.613s] -- Symlinking: /convince_ws/install/bt_interfaces_dummy/lib/python3.12/site-packages/bt_interfaces_dummy-0.0.0-py3.12.egg-info/SOURCES.txt
[5.617s] -- Symlinking: /convince_ws/install/bt_interfaces_dummy/lib/python3.12/site-packages/bt_interfaces_dummy-0.0.0-py3.12.egg-info/dependency_links.txt
[5.623s] -- Symlinking: /convince_ws/install/bt_interfaces_dummy/lib/python3.12/site-packages/bt_interfaces_dummy-0.0.0-py3.12.egg-info/top_level.txt
[5.629s] -- Symlinking: /convince_ws/install/bt_interfaces_dummy/lib/python3.12/site-packages/bt_interfaces_dummy/__init__.py
[5.633s] -- Symlinking: /convince_ws/install/bt_interfaces_dummy/lib/python3.12/site-packages/bt_interfaces_dummy/_bt_interfaces_dummy_s.ep.rosidl_typesupport_c.c
[5.636s] -- Symlinking: /convince_ws/install/bt_interfaces_dummy/lib/python3.12/site-packages/bt_interfaces_dummy/_bt_interfaces_dummy_s.ep.rosidl_typesupport_fastrtps_c.c
[5.642s] -- Symlinking: /convince_ws/install/bt_interfaces_dummy/lib/python3.12/site-packages/bt_interfaces_dummy/_bt_interfaces_dummy_s.ep.rosidl_typesupport_introspection_c.c
[5.647s] -- Symlinking: /convince_ws/install/bt_interfaces_dummy/lib/python3.12/site-packages/bt_interfaces_dummy/bt_interfaces_dummy_s__rosidl_typesupport_c.so
[5.654s] -- Symlinking: /convince_ws/install/bt_interfaces_dummy/lib/python3.12/site-packages/bt_interfaces_dummy/bt_interfaces_dummy_s__rosidl_typesupport_fastrtps_c.so
[5.659s] -- Symlinking: /convince_ws/install/bt_interfaces_dummy/lib/python3.12/site-packages/bt_interfaces_dummy/bt_interfaces_dummy_s__rosidl_typesupport_introspection_c.so
[5.664s] -- Symlinking: /convince_ws/install/bt_interfaces_dummy/lib/python3.12/site-packages/bt_interfaces_dummy/msg/__init__.py
[5.669s] -- Symlinking: /convince_ws/install/bt_interfaces_dummy/lib/python3.12/site-packages/bt_interfaces_dummy/msg/_action_response.py
[5.674s] -- Symlinking: /convince_ws/install/bt_interfaces_dummy/lib/python3.12/site-packages/bt_interfaces_dummy/msg/_action_response_s.c
[5.679s] -- Symlinking: /convince_ws/install/bt_interfaces_dummy/lib/python3.12/site-packages/bt_interfaces_dummy/msg/_condition_response.py
[5.683s] -- Symlinking: /convince_ws/install/bt_interfaces_dummy/lib/python3.12/site-packages/bt_interfaces_dummy/msg/_condition_response_s.c
[5.688s] -- Symlinking: /convince_ws/install/bt_interfaces_dummy/lib/python3.12/site-packages/bt_interfaces_dummy/srv/__init__.py
[5.692s] -- Symlinking: /convince_ws/install/bt_interfaces_dummy/lib/python3.12/site-packages/bt_interfaces_dummy/srv/_halt_action.py
[5.696s] -- Symlinking: /convince_ws/install/bt_interfaces_dummy/lib/python3.12/site-packages/bt_interfaces_dummy/srv/_halt_action_s.c
[5.702s] -- Symlinking: /convince_ws/install/bt_interfaces_dummy/lib/python3.12/site-packages/bt_interfaces_dummy/srv/_reload_tree.py
[5.707s] -- Symlinking: /convince_ws/install/bt_interfaces_dummy/lib/python3.12/site-packages/bt_interfaces_dummy/srv/_reload_tree_s.c
[5.712s] -- Symlinking: /convince_ws/install/bt_interfaces_dummy/lib/python3.12/site-packages/bt_interfaces_dummy/srv/_tick_action.py
[5.716s] -- Symlinking: /convince_ws/install/bt_interfaces_dummy/lib/python3.12/site-packages/bt_interfaces_dummy/srv/_tick_action_s.c
[5.721s] -- Symlinking: /convince_ws/install/bt_interfaces_dummy/lib/python3.12/site-packages/bt_interfaces_dummy/srv/_tick_condition.py
[5.726s] -- Symlinking: /convince_ws/install/bt_interfaces_dummy/lib/python3.12/site-packages/bt_interfaces_dummy/srv/_tick_condition_s.c
[5.731s] -- Up-to-date symlink: /convince_ws/install/bt_interfaces_dummy/lib/python3.12/site-packages/bt_interfaces_dummy/bt_interfaces_dummy_s__rosidl_typesupport_fastrtps_c.so
[5.731s] -- Up-to-date symlink: /convince_ws/install/bt_interfaces_dummy/lib/python3.12/site-packages/bt_interfaces_dummy/bt_interfaces_dummy_s__rosidl_typesupport_introspection_c.so
[5.731s] -- Up-to-date symlink: /convince_ws/install/bt_interfaces_dummy/lib/python3.12/site-packages/bt_interfaces_dummy/bt_interfaces_dummy_s__rosidl_typesupport_c.so
[5.731s] -- Symlinking: /convince_ws/install/bt_interfaces_dummy/share/bt_interfaces_dummy/srv/TickAction.idl
[5.736s] -- Symlinking: /convince_ws/install/bt_interfaces_dummy/share/bt_interfaces_dummy/msg/ActionResponse.idl
[5.742s] -- Symlinking: /convince_ws/install/bt_interfaces_dummy/share/bt_interfaces_dummy/msg/ConditionResponse.idl
[5.747s] -- Symlinking: /convince_ws/install/bt_interfaces_dummy/share/bt_interfaces_dummy/srv/HaltAction.idl
[5.751s] -- Symlinking: /convince_ws/install/bt_interfaces_dummy/share/bt_interfaces_dummy/srv/TickCondition.idl
[5.756s] -- Symlinking: /convince_ws/install/bt_interfaces_dummy/share/bt_interfaces_dummy/srv/ReloadTree.idl
[5.761s] -- Symlinking: /convince_ws/install/bt_interfaces_dummy/share/bt_interfaces_dummy/srv/TickAction.srv
[5.765s] -- Symlinking: /convince_ws/install/bt_interfaces_dummy/share/bt_interfaces_dummy/msg/ActionResponse.msg
[5.770s] -- Symlinking: /convince_ws/install/bt_interfaces_dummy/share/bt_interfaces_dummy/msg/ConditionResponse.msg
[5.775s] -- Symlinking: /convince_ws/install/bt_interfaces_dummy/share/bt_interfaces_dummy/srv/HaltAction.srv
[5.781s] -- Symlinking: /convince_ws/install/bt_interfaces_dummy/share/bt_interfaces_dummy/srv/TickCondition.srv
[5.786s] -- Symlinking: /convince_ws/install/bt_interfaces_dummy/share/bt_interfaces_dummy/srv/ReloadTree.srv
[5.791s] -- Symlinking: /convince_ws/install/bt_interfaces_dummy/share/ament_index/resource_index/package_run_dependencies/bt_interfaces_dummy
[5.796s] -- Symlinking: /convince_ws/install/bt_interfaces_dummy/share/ament_index/resource_index/parent_prefix_path/bt_interfaces_dummy
[5.801s] -- Symlinking: /convince_ws/install/bt_interfaces_dummy/share/bt_interfaces_dummy/environment/ament_prefix_path.sh
[5.805s] -- Symlinking: /convince_ws/install/bt_interfaces_dummy/share/bt_interfaces_dummy/environment/ament_prefix_path.dsv
[5.811s] -- Symlinking: /convince_ws/install/bt_interfaces_dummy/share/bt_interfaces_dummy/environment/path.sh
[5.816s] -- Symlinking: /convince_ws/install/bt_interfaces_dummy/share/bt_interfaces_dummy/environment/path.dsv
[5.820s] -- Symlinking: /convince_ws/install/bt_interfaces_dummy/share/bt_interfaces_dummy/local_setup.bash
[5.825s] -- Symlinking: /convince_ws/install/bt_interfaces_dummy/share/bt_interfaces_dummy/local_setup.sh
[5.830s] -- Symlinking: /convince_ws/install/bt_interfaces_dummy/share/bt_interfaces_dummy/local_setup.zsh
[5.835s] -- Symlinking: /convince_ws/install/bt_interfaces_dummy/share/bt_interfaces_dummy/local_setup.dsv
[5.840s] -- Symlinking: /convince_ws/install/bt_interfaces_dummy/share/bt_interfaces_dummy/package.dsv
[5.845s] -- Symlinking: /convince_ws/install/bt_interfaces_dummy/share/ament_index/resource_index/packages/bt_interfaces_dummy
[5.849s] -- Symlinking: /convince_ws/install/bt_interfaces_dummy/share/bt_interfaces_dummy/cmake/rosidl_cmake-extras.cmake
[5.853s] -- Symlinking: /convince_ws/install/bt_interfaces_dummy/share/bt_interfaces_dummy/cmake/ament_cmake_export_dependencies-extras.cmake
[5.857s] -- Symlinking: /convince_ws/install/bt_interfaces_dummy/share/bt_interfaces_dummy/cmake/ament_cmake_export_include_directories-extras.cmake
[5.863s] -- Symlinking: /convince_ws/install/bt_interfaces_dummy/share/bt_interfaces_dummy/cmake/ament_cmake_export_libraries-extras.cmake
[5.867s] -- Symlinking: /convince_ws/install/bt_interfaces_dummy/share/bt_interfaces_dummy/cmake/ament_cmake_export_targets-extras.cmake
[5.872s] -- Symlinking: /convince_ws/install/bt_interfaces_dummy/share/bt_interfaces_dummy/cmake/rosidl_cmake_export_typesupport_targets-extras.cmake
[5.876s] -- Symlinking: /convince_ws/install/bt_interfaces_dummy/share/bt_interfaces_dummy/cmake/rosidl_cmake_export_typesupport_libraries-extras.cmake
[5.880s] -- Symlinking: /convince_ws/install/bt_interfaces_dummy/share/bt_interfaces_dummy/cmake/bt_interfaces_dummyConfig.cmake
[5.885s] -- Symlinking: /convince_ws/install/bt_interfaces_dummy/share/bt_interfaces_dummy/cmake/bt_interfaces_dummyConfig-version.cmake
[5.891s] -- Symlinking: /convince_ws/install/bt_interfaces_dummy/share/bt_interfaces_dummy/package.xml
[5.895s] -- Installing: /convince_ws/install/bt_interfaces_dummy/lib/libbt_interfaces_dummy__rosidl_generator_c.so
[5.895s] -- Set non-toolchain portion of runtime path of "/convince_ws/install/bt_interfaces_dummy/lib/libbt_interfaces_dummy__rosidl_generator_c.so" to ""
[5.895s] -- Installing: /convince_ws/install/bt_interfaces_dummy/lib/libbt_interfaces_dummy__rosidl_typesupport_fastrtps_c.so
[5.895s] -- Set non-toolchain portion of runtime path of "/convince_ws/install/bt_interfaces_dummy/lib/libbt_interfaces_dummy__rosidl_typesupport_fastrtps_c.so" to ""
[5.896s] -- Installing: /convince_ws/install/bt_interfaces_dummy/lib/libbt_interfaces_dummy__rosidl_typesupport_introspection_c.so
[5.896s] -- Set non-toolchain portion of runtime path of "/convince_ws/install/bt_interfaces_dummy/lib/libbt_interfaces_dummy__rosidl_typesupport_introspection_c.so" to ""
[5.896s] -- Installing: /convince_ws/install/bt_interfaces_dummy/lib/libbt_interfaces_dummy__rosidl_typesupport_c.so
[5.896s] -- Set non-toolchain portion of runtime path of "/convince_ws/install/bt_interfaces_dummy/lib/libbt_interfaces_dummy__rosidl_typesupport_c.so" to ""
[5.896s] -- Installing: /convince_ws/install/bt_interfaces_dummy/lib/libbt_interfaces_dummy__rosidl_typesupport_fastrtps_cpp.so
[5.896s] -- Set non-toolchain portion of runtime path of "/convince_ws/install/bt_interfaces_dummy/lib/libbt_interfaces_dummy__rosidl_typesupport_fastrtps_cpp.so" to ""
[5.896s] -- Installing: /convince_ws/install/bt_interfaces_dummy/lib/libbt_interfaces_dummy__rosidl_typesupport_introspection_cpp.so
[5.896s] -- Set non-toolchain portion of runtime path of "/convince_ws/install/bt_interfaces_dummy/lib/libbt_interfaces_dummy__rosidl_typesupport_introspection_cpp.so" to ""
[5.896s] -- Installing: /convince_ws/install/bt_interfaces_dummy/lib/libbt_interfaces_dummy__rosidl_typesupport_cpp.so
[5.897s] -- Set non-toolchain portion of runtime path of "/convince_ws/install/bt_interfaces_dummy/lib/libbt_interfaces_dummy__rosidl_typesupport_cpp.so" to ""
[5.925s] Listing '/convince_ws/install/bt_interfaces_dummy/lib/python3.12/site-packages/bt_interfaces_dummy'...
[5.925s] Compiling '/convince_ws/install/bt_interfaces_dummy/lib/python3.12/site-packages/bt_interfaces_dummy/__init__.py'...
[5.925s] Listing '/convince_ws/install/bt_interfaces_dummy/lib/python3.12/site-packages/bt_interfaces_dummy/msg'...
[5.925s] Compiling '/convince_ws/install/bt_interfaces_dummy/lib/python3.12/site-packages/bt_interfaces_dummy/msg/__init__.py'...
[5.925s] Compiling '/convince_ws/install/bt_interfaces_dummy/lib/python3.12/site-packages/bt_interfaces_dummy/msg/_action_response.py'...
[5.925s] Compiling '/convince_ws/install/bt_interfaces_dummy/lib/python3.12/site-packages/bt_interfaces_dummy/msg/_condition_response.py'...
[5.925s] Listing '/convince_ws/install/bt_interfaces_dummy/lib/python3.12/site-packages/bt_interfaces_dummy/srv'...
[5.925s] Compiling '/convince_ws/install/bt_interfaces_dummy/lib/python3.12/site-packages/bt_interfaces_dummy/srv/__init__.py'...
[5.925s] Compiling '/convince_ws/install/bt_interfaces_dummy/lib/python3.12/site-packages/bt_interfaces_dummy/srv/_halt_action.py'...
[5.925s] Compiling '/convince_ws/install/bt_interfaces_dummy/lib/python3.12/site-packages/bt_interfaces_dummy/srv/_reload_tree.py'...
[5.925s] Compiling '/convince_ws/install/bt_interfaces_dummy/lib/python3.12/site-packages/bt_interfaces_dummy/srv/_tick_action.py'...
[5.926s] Compiling '/convince_ws/install/bt_interfaces_dummy/lib/python3.12/site-packages/bt_interfaces_dummy/srv/_tick_condition.py'...
[5.928s] -- Installing: /convince_ws/install/bt_interfaces_dummy/lib/libbt_interfaces_dummy__rosidl_generator_py.so
[5.928s] -- Set non-toolchain portion of runtime path of "/convince_ws/install/bt_interfaces_dummy/lib/libbt_interfaces_dummy__rosidl_generator_py.so" to ""
[5.929s] -- Installing: /convince_ws/install/bt_interfaces_dummy/share/bt_interfaces_dummy/cmake/export_bt_interfaces_dummy__rosidl_generator_cExport.cmake
[5.929s] -- Installing: /convince_ws/install/bt_interfaces_dummy/share/bt_interfaces_dummy/cmake/export_bt_interfaces_dummy__rosidl_generator_cExport-noconfig.cmake
[5.929s] -- Installing: /convince_ws/install/bt_interfaces_dummy/share/bt_interfaces_dummy/cmake/export_bt_interfaces_dummy__rosidl_typesupport_fastrtps_cExport.cmake
[5.929s] -- Installing: /convince_ws/install/bt_interfaces_dummy/share/bt_interfaces_dummy/cmake/export_bt_interfaces_dummy__rosidl_typesupport_fastrtps_cExport-noconfig.cmake
[5.929s] -- Installing: /convince_ws/install/bt_interfaces_dummy/share/bt_interfaces_dummy/cmake/bt_interfaces_dummy__rosidl_typesupport_introspection_cExport.cmake
[5.929s] -- Installing: /convince_ws/install/bt_interfaces_dummy/share/bt_interfaces_dummy/cmake/bt_interfaces_dummy__rosidl_typesupport_introspection_cExport-noconfig.cmake
[5.929s] -- Installing: /convince_ws/install/bt_interfaces_dummy/share/bt_interfaces_dummy/cmake/bt_interfaces_dummy__rosidl_typesupport_cExport.cmake
[5.929s] -- Installing: /convince_ws/install/bt_interfaces_dummy/share/bt_interfaces_dummy/cmake/bt_interfaces_dummy__rosidl_typesupport_cExport-noconfig.cmake
[5.929s] -- Installing: /convince_ws/install/bt_interfaces_dummy/share/bt_interfaces_dummy/cmake/export_bt_interfaces_dummy__rosidl_generator_cppExport.cmake
[5.929s] -- Installing: /convince_ws/install/bt_interfaces_dummy/share/bt_interfaces_dummy/cmake/export_bt_interfaces_dummy__rosidl_typesupport_fastrtps_cppExport.cmake
[5.929s] -- Installing: /convince_ws/install/bt_interfaces_dummy/share/bt_interfaces_dummy/cmake/export_bt_interfaces_dummy__rosidl_typesupport_fastrtps_cppExport-noconfig.cmake
[5.929s] -- Installing: /convince_ws/install/bt_interfaces_dummy/share/bt_interfaces_dummy/cmake/bt_interfaces_dummy__rosidl_typesupport_introspection_cppExport.cmake
[5.929s] -- Installing: /convince_ws/install/bt_interfaces_dummy/share/bt_interfaces_dummy/cmake/bt_interfaces_dummy__rosidl_typesupport_introspection_cppExport-noconfig.cmake
[5.929s] -- Installing: /convince_ws/install/bt_interfaces_dummy/share/bt_interfaces_dummy/cmake/bt_interfaces_dummy__rosidl_typesupport_cppExport.cmake
[5.929s] -- Installing: /convince_ws/install/bt_interfaces_dummy/share/bt_interfaces_dummy/cmake/bt_interfaces_dummy__rosidl_typesupport_cppExport-noconfig.cmake
[5.929s] -- Installing: /convince_ws/install/bt_interfaces_dummy/share/bt_interfaces_dummy/cmake/export_bt_interfaces_dummy__rosidl_generator_pyExport.cmake
[5.929s] -- Installing: /convince_ws/install/bt_interfaces_dummy/share/bt_interfaces_dummy/cmake/export_bt_interfaces_dummy__rosidl_generator_pyExport-noconfig.cmake
[5.931s] Invoked command in '/convince_ws/build/bt_interfaces_dummy' returned '0': CMAKE_PREFIX_PATH=/opt/ros/jazzy /usr/bin/cmake --install /convince_ws/build/bt_interfaces_dummy
