[0.005s] Invoking command in '/convince_ws/build/behaviortree_cpp_v3': CMAKE_PREFIX_PATH=/opt/ros/jazzy /usr/bin/cmake /convince_ws/BehaviorTree.CPP -DCMAKE_EXPORT_COMPILE_COMMANDS=ON --no-warn-unused-cli -DAMENT_CMAKE_SYMLINK_INSTALL=1 -DCMAKE_INSTALL_PREFIX=/convince_ws/install/behaviortree_cpp_v3
[0.011s] Not searching for unused variables given on the command line.
[0.038s] -- The C compiler identification is GNU 13.3.0
[0.072s] -- The CXX compiler identification is GNU 13.3.0
[0.082s] -- Detecting C compiler ABI info
[0.138s] -- Detecting C compiler ABI info - done
[0.147s] -- Check for working C compiler: /usr/bin/cc - skipped
[0.147s] -- Detecting C compile features
[0.148s] -- Detecting C compile features - done
[0.154s] -- Detecting CXX compiler ABI info
[0.212s] -- Detecting CXX compiler ABI info - done
[0.217s] -- Check for working CXX compiler: /usr/bin/c++ - skipped
[0.217s] -- Detecting CXX compile features
[0.217s] -- Detecting CXX compile features - done
[0.226s] -- Boost coroutines disabled. Install Boost (version 1.59+ recommended).
[0.226s] -- Performing Test CMAKE_HAVE_LIBC_PTHREAD
[0.283s] -- Performing Test CMAKE_HAVE_LIBC_PTHREAD - Success
[0.283s] -- Found Threads: TRUE  
[0.286s] -- Found ZMQ: /usr/lib/x86_64-linux-gnu/libzmq.so  
[0.286s] -- ZeroMQ: found.
[0.388s] -- Found Python3: /usr/bin/python3 (found version "3.12.3") found components: Interpreter 
[0.431s] -- Override CMake install command with custom implementation using symlinks instead of copying resources
[0.446s] -- ------------------------------------------
[0.446s] -- BehaviourTree is being built using AMENT.
[0.447s] -- ------------------------------------------
[0.456s] [33mCMake Warning at CMakeLists.txt:164 (message):
[0.456s]   NCurses NOT found.  Skipping the build of manual selector node.
[0.456s] 
[0.456s] [0m
[0.457s] -- Found ament_index_cpp: 1.8.2 (/opt/ros/jazzy/share/ament_index_cpp/cmake)
[0.511s] -- BEHAVIOR_TREE_LIB_DESTINATION:   lib 
[0.511s] -- BEHAVIOR_TREE_BIN_DESTINATION:   bin 
[0.511s] -- BUILD_UNIT_TESTS:   ON 
[0.513s] -- Found ament_cmake_gtest: 2.5.5 (/opt/ros/jazzy/share/ament_cmake_gtest/cmake)
[0.515s] -- Found gtest sources under '/opt/ros/jazzy/src/gtest_vendor': C++ tests using 'Google Test' will be built
[0.560s] -- Configuring done (0.5s)
[0.579s] -- Generating done (0.0s)
[0.592s] -- Build files have been written to: /convince_ws/build/behaviortree_cpp_v3
[0.596s] Invoked command in '/convince_ws/build/behaviortree_cpp_v3' returned '0': CMAKE_PREFIX_PATH=/opt/ros/jazzy /usr/bin/cmake /convince_ws/BehaviorTree.CPP -DCMAKE_EXPORT_COMPILE_COMMANDS=ON --no-warn-unused-cli -DAMENT_CMAKE_SYMLINK_INSTALL=1 -DCMAKE_INSTALL_PREFIX=/convince_ws/install/behaviortree_cpp_v3
[0.597s] Invoking command in '/convince_ws/build/behaviortree_cpp_v3': CMAKE_PREFIX_PATH=/opt/ros/jazzy /usr/bin/cmake --build /convince_ws/build/behaviortree_cpp_v3 -- -j20 -l20
[0.630s] [  1%] [32mBuilding CXX object CMakeFiles/behaviortree_cpp_v3.dir/src/action_node.cpp.o[0m
[0.631s] [  2%] [32mBuilding CXX object CMakeFiles/behaviortree_cpp_v3.dir/src/blackboard.cpp.o[0m
[0.631s] [  4%] [32mBuilding CXX object gtest/CMakeFiles/gtest.dir/src/gtest-all.cc.o[0m
[0.631s] [  4%] [32mBuilding CXX object CMakeFiles/behaviortree_cpp_v3.dir/src/bt_factory.cpp.o[0m
[0.631s] [  5%] [32mBuilding CXX object CMakeFiles/behaviortree_cpp_v3.dir/src/control_node.cpp.o[0m
[0.631s] [  7%] [32mBuilding CXX object CMakeFiles/behaviortree_cpp_v3.dir/src/decorator_node.cpp.o[0m
[0.631s] [  7%] [32mBuilding CXX object CMakeFiles/behaviortree_cpp_v3.dir/src/shared_library.cpp.o[0m
[0.631s] [  8%] [32mBuilding CXX object CMakeFiles/behaviortree_cpp_v3.dir/src/loggers/bt_zmq_publisher.cpp.o[0m
[0.631s] [  9%] [32mBuilding CXX object CMakeFiles/behaviortree_cpp_v3.dir/src/tree_node.cpp.o[0m
[0.631s] [ 10%] [32mBuilding CXX object CMakeFiles/behaviortree_cpp_v3.dir/src/behavior_tree.cpp.o[0m
[0.631s] [ 11%] [32mBuilding CXX object CMakeFiles/behaviortree_cpp_v3.dir/src/basic_types.cpp.o[0m
[0.631s] [ 12%] [32mBuilding CXX object CMakeFiles/behaviortree_cpp_v3.dir/src/decorators/repeat_node.cpp.o[0m
[0.631s] [ 13%] [32mBuilding CXX object gtest/CMakeFiles/gtest_main.dir/src/gtest_main.cc.o[0m
[0.631s] [ 14%] [32mBuilding CXX object CMakeFiles/behaviortree_cpp_v3.dir/src/decorators/delay_node.cpp.o[0m
[0.631s] [ 15%] [32mBuilding CXX object CMakeFiles/behaviortree_cpp_v3.dir/src/xml_parsing.cpp.o[0m
[0.631s] [ 16%] [32mBuilding CXX object CMakeFiles/behaviortree_cpp_v3.dir/src/decorators/inverter_node.cpp.o[0m
[0.632s] [ 18%] [32mBuilding CXX object CMakeFiles/behaviortree_cpp_v3.dir/src/decorators/subtree_node.cpp.o[0m
[0.632s] [ 18%] [32mBuilding CXX object CMakeFiles/behaviortree_cpp_v3.dir/src/decorators/retry_node.cpp.o[0m
[0.634s] [ 19%] [32mBuilding CXX object CMakeFiles/behaviortree_cpp_v3.dir/src/condition_node.cpp.o[0m
[0.634s] [ 20%] [32mBuilding CXX object CMakeFiles/behaviortree_cpp_v3.dir/src/controls/if_then_else_node.cpp.o[0m
[0.969s] [ 21%] [32mBuilding CXX object CMakeFiles/behaviortree_cpp_v3.dir/src/controls/fallback_node.cpp.o[0m
[1.178s] [ 22%] [32mBuilding CXX object CMakeFiles/behaviortree_cpp_v3.dir/src/controls/parallel_node.cpp.o[0m
[1.221s] [ 23%] [32mBuilding CXX object CMakeFiles/behaviortree_cpp_v3.dir/src/controls/reactive_sequence.cpp.o[0m
[1.241s] [ 24%] [32mBuilding CXX object CMakeFiles/behaviortree_cpp_v3.dir/src/controls/reactive_fallback.cpp.o[0m
[1.256s] [ 25%] [32mBuilding CXX object CMakeFiles/behaviortree_cpp_v3.dir/src/controls/sequence_node.cpp.o[0m
[1.306s] [ 26%] [32mBuilding CXX object CMakeFiles/behaviortree_cpp_v3.dir/src/controls/sequence_star_node.cpp.o[0m
[1.330s] [ 27%] [32mBuilding CXX object CMakeFiles/behaviortree_cpp_v3.dir/src/controls/switch_node.cpp.o[0m
[1.355s] [ 28%] [32m[1mLinking CXX static library libgtest_main.a[0m
[1.418s] [ 28%] Built target gtest_main
[1.426s] [ 29%] [32mBuilding CXX object CMakeFiles/behaviortree_cpp_v3.dir/src/controls/while_do_else_node.cpp.o[0m
[1.435s] [ 30%] [32mBuilding CXX object CMakeFiles/behaviortree_cpp_v3.dir/src/loggers/bt_cout_logger.cpp.o[0m
[1.450s] [ 31%] [32mBuilding CXX object CMakeFiles/behaviortree_cpp_v3.dir/src/loggers/bt_file_logger.cpp.o[0m
[1.451s] [ 32%] [32mBuilding CXX object CMakeFiles/behaviortree_cpp_v3.dir/src/loggers/bt_minitrace_logger.cpp.o[0m
[1.533s] [ 35%] [32mBuilding CXX object CMakeFiles/behaviortree_cpp_v3.dir/3rdparty/tinyxml2/tinyxml2.cpp.o[0m
[1.533s] [ 35%] [32mBuilding CXX object CMakeFiles/behaviortree_cpp_v3.dir/3rdparty/minitrace/minitrace.cpp.o[0m
[1.593s] [ 36%] [32mBuilding CXX object CMakeFiles/behaviortree_cpp_v3.dir/src/shared_library_UNIX.cpp.o[0m
[2.786s] [ 37%] [32m[1mLinking CXX shared library libbehaviortree_cpp_v3.so[0m
[2.893s] [ 37%] Built target behaviortree_cpp_v3
[2.903s] [ 39%] [32mBuilding CXX object sample_nodes/CMakeFiles/bt_sample_nodes.dir/crossdoor_nodes.cpp.o[0m
[2.904s] [ 39%] [32mBuilding CXX object sample_nodes/CMakeFiles/movebase_node_dyn.dir/movebase_node.cpp.o[0m
[2.904s] [ 40%] [32mBuilding CXX object sample_nodes/CMakeFiles/bt_sample_nodes.dir/movebase_node.cpp.o[0m
[2.904s] [ 41%] [32mBuilding CXX object sample_nodes/CMakeFiles/bt_sample_nodes.dir/dummy_nodes.cpp.o[0m
[2.906s] [ 42%] [32mBuilding CXX object tools/CMakeFiles/bt3_log_cat.dir/bt_log_cat.cpp.o[0m
[2.907s] [ 43%] [32mBuilding CXX object examples/CMakeFiles/t01_first_tree_dynamic.dir/t01_build_your_first_tree.cpp.o[0m
[2.908s] [ 47%] [32mBuilding CXX object sample_nodes/CMakeFiles/dummy_nodes_dyn.dir/dummy_nodes.cpp.o[0m
[2.908s] [ 47%] [32mBuilding CXX object tools/CMakeFiles/bt3_recorder.dir/bt_recorder.cpp.o[0m
[2.909s] [ 47%] [32mBuilding CXX object sample_nodes/CMakeFiles/crossdoor_nodes_dyn.dir/crossdoor_nodes.cpp.o[0m
[2.909s] [ 47%] [32mBuilding CXX object tools/CMakeFiles/bt3_plugin_manifest.dir/bt_plugin_manifest.cpp.o[0m
[3.357s] [ 48%] [32m[1mLinking CXX executable bt3_log_cat[0m
[3.383s] [ 49%] [32m[1mLinking CXX executable bt3_recorder[0m
[3.415s] [ 49%] Built target bt3_log_cat
[3.442s] [ 49%] Built target bt3_recorder
[3.450s] [ 50%] [32m[1mLinking CXX static library libgtest.a[0m
[3.485s] [ 50%] Built target gtest
[3.605s] [ 51%] [32m[1mLinking CXX shared library bin/libmovebase_node_dyn.so[0m
[3.654s] [ 52%] [32m[1mLinking CXX shared library bin/libdummy_nodes_dyn.so[0m
[3.663s] [ 52%] Built target movebase_node_dyn
[3.711s] [ 52%] Built target dummy_nodes_dyn
[3.733s] [ 53%] [32m[1mLinking CXX shared library bin/libcrossdoor_nodes_dyn.so[0m
[3.795s] [ 53%] Built target crossdoor_nodes_dyn
[3.809s] [ 54%] [32m[1mLinking CXX executable t01_first_tree_dynamic[0m
[3.873s] [ 55%] [32m[1mLinking CXX executable bt3_plugin_manifest[0m
[3.873s] [ 55%] Built target t01_first_tree_dynamic
[3.944s] [ 55%] Built target bt3_plugin_manifest
[3.947s] [ 56%] [32m[1mLinking CXX static library lib/libbt_sample_nodes.a[0m
[3.976s] [ 56%] Built target bt_sample_nodes
[3.992s] [ 57%] [32mBuilding CXX object examples/CMakeFiles/t02_basic_ports.dir/t02_basic_ports.cpp.o[0m
[3.993s] [ 58%] [32mBuilding CXX object examples/CMakeFiles/t07_load_multiple_xml.dir/t07_load_multiple_xml.cpp.o[0m
[3.993s] [ 59%] [32mBuilding CXX object examples/CMakeFiles/t01_first_tree_static.dir/t01_build_your_first_tree.cpp.o[0m
[3.993s] [ 60%] [32mBuilding CXX object examples/CMakeFiles/t04_reactive_sequence.dir/t04_reactive_sequence.cpp.o[0m
[3.993s] [ 61%] [32mBuilding CXX object examples/CMakeFiles/t03_generic_ports.dir/t03_generic_ports.cpp.o[0m
[3.993s] [ 62%] [32mBuilding CXX object tests/CMakeFiles/behaviortree_cpp_v3_test.dir/gtest_tree.cpp.o[0m
[3.994s] [ 63%] [32mBuilding CXX object examples/CMakeFiles/t06_subtree_port_remapping.dir/t06_subtree_port_remapping.cpp.o[0m
[3.995s] [ 64%] [32mBuilding CXX object examples/CMakeFiles/ex01_wrap_legacy.dir/ex01_wrap_legacy.cpp.o[0m
[3.995s] [ 65%] [32mBuilding CXX object tests/CMakeFiles/behaviortree_cpp_v3_test.dir/src/action_test_node.cpp.o[0m
[3.997s] [ 67%] [32mBuilding CXX object examples/CMakeFiles/t08_additional_node_args.dir/t08_additional_node_args.cpp.o[0m
[3.997s] [ 68%] [32mBuilding CXX object tests/CMakeFiles/behaviortree_cpp_v3_test.dir/gtest_fallback.cpp.o[0m
[3.998s] [ 70%] [32mBuilding CXX object examples/CMakeFiles/ex04_waypoints.dir/ex04_waypoints.cpp.o[0m
[3.998s] [ 71%] [32mBuilding CXX object tests/CMakeFiles/behaviortree_cpp_v3_test.dir/gtest_factory.cpp.o[0m
[3.998s] [ 71%] [32mBuilding CXX object tests/CMakeFiles/behaviortree_cpp_v3_test.dir/gtest_decorator.cpp.o[0m
[3.998s] [ 72%] [32mBuilding CXX object examples/CMakeFiles/t05_crossdoor.dir/t05_crossdoor.cpp.o[0m
[3.998s] [ 73%] [32mBuilding CXX object examples/CMakeFiles/ex03_ncurses_manual_selector.dir/ex03_ncurses_manual_selector.cpp.o[0m
[3.999s] [ 74%] [32mBuilding CXX object tests/CMakeFiles/behaviortree_cpp_v3_test.dir/src/condition_test_node.cpp.o[0m
[4.000s] [ 75%] [32mBuilding CXX object examples/CMakeFiles/ex02_runtime_ports.dir/ex02_runtime_ports.cpp.o[0m
[4.000s] [ 77%] [32mBuilding CXX object tests/CMakeFiles/behaviortree_cpp_v3_test.dir/gtest_sequence.cpp.o[0m
[4.002s] [ 77%] [32mBuilding CXX object tests/CMakeFiles/behaviortree_cpp_v3_test.dir/gtest_parallel.cpp.o[0m
[5.074s] [ 78%] [32mBuilding CXX object tests/CMakeFiles/behaviortree_cpp_v3_test.dir/gtest_blackboard_precondition.cpp.o[0m
[5.079s] [ 79%] [32mBuilding CXX object tests/CMakeFiles/behaviortree_cpp_v3_test.dir/gtest_blackboard.cpp.o[0m
[5.264s] [ 80%] [32m[1mLinking CXX executable t05_crossdoor[0m
[5.469s] [ 80%] Built target t05_crossdoor
[5.476s] [ 81%] [32mBuilding CXX object tests/CMakeFiles/behaviortree_cpp_v3_test.dir/gtest_ports.cpp.o[0m
[5.485s] [ 82%] [32mBuilding CXX object tests/CMakeFiles/behaviortree_cpp_v3_test.dir/gtest_reactive.cpp.o[0m
[5.570s] [ 83%] [32m[1mLinking CXX executable t01_first_tree_static[0m
[5.627s] [ 84%] [32m[1mLinking CXX executable t07_load_multiple_xml[0m
[5.645s] [ 85%] [32m[1mLinking CXX executable t08_additional_node_args[0m
[5.730s] [ 86%] [32m[1mLinking CXX executable t04_reactive_sequence[0m
[5.750s] [ 87%] [32mBuilding CXX object tests/CMakeFiles/behaviortree_cpp_v3_test.dir/navigation_test.cpp.o[0m
[5.767s] [ 88%] [32m[1mLinking CXX executable ex03_ncurses_manual_selector[0m
[5.790s] [ 89%] [32m[1mLinking CXX executable ex04_waypoints[0m
[5.878s] [ 89%] Built target t01_first_tree_static
[5.891s] [ 90%] [32mBuilding CXX object tests/CMakeFiles/behaviortree_cpp_v3_test.dir/gtest_subtree.cpp.o[0m
[5.892s] [ 90%] Built target t08_additional_node_args
[5.905s] [ 91%] [32mBuilding CXX object tests/CMakeFiles/behaviortree_cpp_v3_test.dir/gtest_switch.cpp.o[0m
[5.914s] [ 91%] Built target t07_load_multiple_xml
[5.929s] [ 92%] [32mBuilding CXX object tests/CMakeFiles/behaviortree_cpp_v3_test.dir/gtest_wakeup.cpp.o[0m
[6.039s] [ 93%] [32mBuilding CXX object tests/CMakeFiles/behaviortree_cpp_v3_test.dir/gtest_logger_zmq.cpp.o[0m
[6.056s] [ 93%] Built target ex03_ncurses_manual_selector
[6.060s] [ 94%] [32m[1mLinking CXX executable t06_subtree_port_remapping[0m
[6.119s] [ 95%] [32m[1mLinking CXX executable ex01_wrap_legacy[0m
[6.119s] [ 96%] [32m[1mLinking CXX executable t03_generic_ports[0m
[6.169s] [ 96%] Built target t04_reactive_sequence
[6.239s] [ 96%] Built target ex04_waypoints
[6.246s] [ 96%] Built target t06_subtree_port_remapping
[6.322s] [ 96%] Built target ex01_wrap_legacy
[6.351s] [ 96%] Built target t03_generic_ports
[6.357s] [ 97%] [32m[1mLinking CXX executable ex02_runtime_ports[0m
[6.592s] [ 98%] [32m[1mLinking CXX executable t02_basic_ports[0m
[6.600s] [ 98%] Built target ex02_runtime_ports
[6.721s] [ 98%] Built target t02_basic_ports
[7.596s] [100%] [32m[1mLinking CXX executable behaviortree_cpp_v3_test[0m
[7.764s] [100%] Built target behaviortree_cpp_v3_test
[7.772s] Invoked command in '/convince_ws/build/behaviortree_cpp_v3' returned '0': CMAKE_PREFIX_PATH=/opt/ros/jazzy /usr/bin/cmake --build /convince_ws/build/behaviortree_cpp_v3 -- -j20 -l20
[7.781s] Invoking command in '/convince_ws/build/behaviortree_cpp_v3': CMAKE_PREFIX_PATH=/opt/ros/jazzy /usr/bin/cmake --install /convince_ws/build/behaviortree_cpp_v3
[7.787s] -- Install configuration: ""
[7.788s] -- Execute custom install script
[7.788s] -- Symlinking: /convince_ws/install/behaviortree_cpp_v3/share/behaviortree_cpp_v3/environment/library_path.sh
[7.795s] -- Symlinking: /convince_ws/install/behaviortree_cpp_v3/share/behaviortree_cpp_v3/environment/library_path.dsv
[7.802s] -- Symlinking: /convince_ws/install/behaviortree_cpp_v3/share/ament_index/resource_index/package_run_dependencies/behaviortree_cpp_v3
[7.809s] -- Symlinking: /convince_ws/install/behaviortree_cpp_v3/share/ament_index/resource_index/parent_prefix_path/behaviortree_cpp_v3
[7.816s] -- Symlinking: /convince_ws/install/behaviortree_cpp_v3/share/behaviortree_cpp_v3/environment/ament_prefix_path.sh
[7.822s] -- Symlinking: /convince_ws/install/behaviortree_cpp_v3/share/behaviortree_cpp_v3/environment/ament_prefix_path.dsv
[7.829s] -- Symlinking: /convince_ws/install/behaviortree_cpp_v3/share/behaviortree_cpp_v3/environment/path.sh
[7.837s] -- Symlinking: /convince_ws/install/behaviortree_cpp_v3/share/behaviortree_cpp_v3/environment/path.dsv
[7.845s] -- Symlinking: /convince_ws/install/behaviortree_cpp_v3/share/behaviortree_cpp_v3/local_setup.bash
[7.852s] -- Symlinking: /convince_ws/install/behaviortree_cpp_v3/share/behaviortree_cpp_v3/local_setup.sh
[7.858s] -- Symlinking: /convince_ws/install/behaviortree_cpp_v3/share/behaviortree_cpp_v3/local_setup.zsh
[7.866s] -- Symlinking: /convince_ws/install/behaviortree_cpp_v3/share/behaviortree_cpp_v3/local_setup.dsv
[7.872s] -- Symlinking: /convince_ws/install/behaviortree_cpp_v3/share/behaviortree_cpp_v3/package.dsv
[7.878s] -- Symlinking: /convince_ws/install/behaviortree_cpp_v3/share/ament_index/resource_index/packages/behaviortree_cpp_v3
[7.882s] -- Symlinking: /convince_ws/install/behaviortree_cpp_v3/share/behaviortree_cpp_v3/cmake/ament_cmake_export_dependencies-extras.cmake
[7.888s] -- Symlinking: /convince_ws/install/behaviortree_cpp_v3/share/behaviortree_cpp_v3/cmake/ament_cmake_export_include_directories-extras.cmake
[7.894s] -- Symlinking: /convince_ws/install/behaviortree_cpp_v3/share/behaviortree_cpp_v3/cmake/ament_cmake_export_libraries-extras.cmake
[7.899s] -- Symlinking: /convince_ws/install/behaviortree_cpp_v3/share/behaviortree_cpp_v3/cmake/ament_cmake_export_targets-extras.cmake
[7.905s] -- Symlinking: /convince_ws/install/behaviortree_cpp_v3/share/behaviortree_cpp_v3/cmake/behaviortree_cpp_v3Config.cmake
[7.912s] -- Symlinking: /convince_ws/install/behaviortree_cpp_v3/share/behaviortree_cpp_v3/cmake/behaviortree_cpp_v3Config-version.cmake
[7.918s] -- Symlinking: /convince_ws/install/behaviortree_cpp_v3/share/behaviortree_cpp_v3/package.xml
[7.925s] -- Symlinking: /convince_ws/install/behaviortree_cpp_v3/lib/cmake/behaviortree_cpp_v3/behaviortree_cpp_v3Config.cmake
[7.932s] -- Symlinking: /convince_ws/install/behaviortree_cpp_v3/bin/bt3_log_cat
[7.939s] -- Symlinking: /convince_ws/install/behaviortree_cpp_v3/bin/bt3_recorder
[7.947s] -- Symlinking: /convince_ws/install/behaviortree_cpp_v3/bin/bt3_plugin_manifest
[7.953s] -- Installing: /convince_ws/install/behaviortree_cpp_v3/share/behaviortree_cpp_v3/cmake/behaviortree_cpp_v3TargetsExport.cmake
[7.953s] -- Installing: /convince_ws/install/behaviortree_cpp_v3/share/behaviortree_cpp_v3/cmake/behaviortree_cpp_v3TargetsExport-noconfig.cmake
[7.954s] -- Installing: /convince_ws/install/behaviortree_cpp_v3/include
[7.954s] -- Installing: /convince_ws/install/behaviortree_cpp_v3/include/behaviortree_cpp_v3
[7.954s] -- Installing: /convince_ws/install/behaviortree_cpp_v3/include/behaviortree_cpp_v3/actions
[7.954s] -- Installing: /convince_ws/install/behaviortree_cpp_v3/include/behaviortree_cpp_v3/actions/always_failure_node.h
[7.954s] -- Installing: /convince_ws/install/behaviortree_cpp_v3/include/behaviortree_cpp_v3/actions/pop_from_queue.hpp
[7.954s] -- Installing: /convince_ws/install/behaviortree_cpp_v3/include/behaviortree_cpp_v3/actions/always_success_node.h
[7.954s] -- Installing: /convince_ws/install/behaviortree_cpp_v3/include/behaviortree_cpp_v3/actions/set_blackboard_node.h
[7.954s] -- Installing: /convince_ws/install/behaviortree_cpp_v3/include/behaviortree_cpp_v3/action_node.h
[7.954s] -- Installing: /convince_ws/install/behaviortree_cpp_v3/include/behaviortree_cpp_v3/controls
[7.954s] -- Installing: /convince_ws/install/behaviortree_cpp_v3/include/behaviortree_cpp_v3/controls/parallel_node.h
[7.954s] -- Installing: /convince_ws/install/behaviortree_cpp_v3/include/behaviortree_cpp_v3/controls/reactive_fallback.h
[7.954s] -- Installing: /convince_ws/install/behaviortree_cpp_v3/include/behaviortree_cpp_v3/controls/sequence_star_node.h
[7.955s] -- Installing: /convince_ws/install/behaviortree_cpp_v3/include/behaviortree_cpp_v3/controls/if_then_else_node.h
[7.955s] -- Installing: /convince_ws/install/behaviortree_cpp_v3/include/behaviortree_cpp_v3/controls/reactive_sequence.h
[7.955s] -- Installing: /convince_ws/install/behaviortree_cpp_v3/include/behaviortree_cpp_v3/controls/sequence_node.h
[7.955s] -- Installing: /convince_ws/install/behaviortree_cpp_v3/include/behaviortree_cpp_v3/controls/while_do_else_node.h
[7.955s] -- Installing: /convince_ws/install/behaviortree_cpp_v3/include/behaviortree_cpp_v3/controls/switch_node.h
[7.955s] -- Installing: /convince_ws/install/behaviortree_cpp_v3/include/behaviortree_cpp_v3/controls/fallback_node.h
[7.955s] -- Installing: /convince_ws/install/behaviortree_cpp_v3/include/behaviortree_cpp_v3/controls/manual_node.h
[7.955s] -- Installing: /convince_ws/install/behaviortree_cpp_v3/include/behaviortree_cpp_v3/basic_types.h
[7.955s] -- Installing: /convince_ws/install/behaviortree_cpp_v3/include/behaviortree_cpp_v3/control_node.h
[7.955s] -- Installing: /convince_ws/install/behaviortree_cpp_v3/include/behaviortree_cpp_v3/leaf_node.h
[7.956s] -- Installing: /convince_ws/install/behaviortree_cpp_v3/include/behaviortree_cpp_v3/decorator_node.h
[7.956s] -- Installing: /convince_ws/install/behaviortree_cpp_v3/include/behaviortree_cpp_v3/utils
[7.956s] -- Installing: /convince_ws/install/behaviortree_cpp_v3/include/behaviortree_cpp_v3/utils/make_unique.hpp
[7.956s] -- Installing: /convince_ws/install/behaviortree_cpp_v3/include/behaviortree_cpp_v3/utils/shared_library.h
[7.956s] -- Installing: /convince_ws/install/behaviortree_cpp_v3/include/behaviortree_cpp_v3/utils/expected.hpp
[7.956s] -- Installing: /convince_ws/install/behaviortree_cpp_v3/include/behaviortree_cpp_v3/utils/simple_string.hpp
[7.956s] -- Installing: /convince_ws/install/behaviortree_cpp_v3/include/behaviortree_cpp_v3/utils/strcat.hpp
[7.956s] -- Installing: /convince_ws/install/behaviortree_cpp_v3/include/behaviortree_cpp_v3/utils/any.hpp
[7.956s] -- Installing: /convince_ws/install/behaviortree_cpp_v3/include/behaviortree_cpp_v3/utils/string_view.hpp
[7.956s] -- Installing: /convince_ws/install/behaviortree_cpp_v3/include/behaviortree_cpp_v3/utils/platform.hpp
[7.957s] -- Installing: /convince_ws/install/behaviortree_cpp_v3/include/behaviortree_cpp_v3/utils/signal.h
[7.957s] -- Installing: /convince_ws/install/behaviortree_cpp_v3/include/behaviortree_cpp_v3/utils/safe_any.hpp
[7.957s] -- Installing: /convince_ws/install/behaviortree_cpp_v3/include/behaviortree_cpp_v3/utils/wakeup_signal.hpp
[7.957s] -- Installing: /convince_ws/install/behaviortree_cpp_v3/include/behaviortree_cpp_v3/utils/demangle_util.h
[7.957s] -- Installing: /convince_ws/install/behaviortree_cpp_v3/include/behaviortree_cpp_v3/utils/convert_impl.hpp
[7.957s] -- Installing: /convince_ws/install/behaviortree_cpp_v3/include/behaviortree_cpp_v3/xml_parsing.h
[7.957s] -- Installing: /convince_ws/install/behaviortree_cpp_v3/include/behaviortree_cpp_v3/bt_parser.h
[7.957s] -- Installing: /convince_ws/install/behaviortree_cpp_v3/include/behaviortree_cpp_v3/flatbuffers
[7.957s] -- Installing: /convince_ws/install/behaviortree_cpp_v3/include/behaviortree_cpp_v3/flatbuffers/stl_emulation.h
[7.957s] -- Installing: /convince_ws/install/behaviortree_cpp_v3/include/behaviortree_cpp_v3/flatbuffers/flatbuffers.h
[7.957s] -- Installing: /convince_ws/install/behaviortree_cpp_v3/include/behaviortree_cpp_v3/flatbuffers/base.h
[7.957s] -- Installing: /convince_ws/install/behaviortree_cpp_v3/include/behaviortree_cpp_v3/flatbuffers/BT_logger_generated.h
[7.957s] -- Installing: /convince_ws/install/behaviortree_cpp_v3/include/behaviortree_cpp_v3/flatbuffers/bt_flatbuffer_helper.h
[7.957s] -- Installing: /convince_ws/install/behaviortree_cpp_v3/include/behaviortree_cpp_v3/tree_node.h
[7.958s] -- Installing: /convince_ws/install/behaviortree_cpp_v3/include/behaviortree_cpp_v3/blackboard.h
[7.958s] -- Installing: /convince_ws/install/behaviortree_cpp_v3/include/behaviortree_cpp_v3/bt_factory.h
[7.958s] -- Installing: /convince_ws/install/behaviortree_cpp_v3/include/behaviortree_cpp_v3/behavior_tree.h
[7.958s] -- Installing: /convince_ws/install/behaviortree_cpp_v3/include/behaviortree_cpp_v3/loggers
[7.958s] -- Installing: /convince_ws/install/behaviortree_cpp_v3/include/behaviortree_cpp_v3/loggers/abstract_logger.h
[7.958s] -- Installing: /convince_ws/install/behaviortree_cpp_v3/include/behaviortree_cpp_v3/loggers/bt_file_logger.h
[7.958s] -- Installing: /convince_ws/install/behaviortree_cpp_v3/include/behaviortree_cpp_v3/loggers/bt_minitrace_logger.h
[7.958s] -- Installing: /convince_ws/install/behaviortree_cpp_v3/include/behaviortree_cpp_v3/loggers/bt_cout_logger.h
[7.958s] -- Installing: /convince_ws/install/behaviortree_cpp_v3/include/behaviortree_cpp_v3/loggers/bt_zmq_publisher.h
[7.958s] -- Installing: /convince_ws/install/behaviortree_cpp_v3/include/behaviortree_cpp_v3/decorators
[7.958s] -- Installing: /convince_ws/install/behaviortree_cpp_v3/include/behaviortree_cpp_v3/decorators/repeat_node.h
[7.958s] -- Installing: /convince_ws/install/behaviortree_cpp_v3/include/behaviortree_cpp_v3/decorators/retry_node.h
[7.958s] -- Installing: /convince_ws/install/behaviortree_cpp_v3/include/behaviortree_cpp_v3/decorators/inverter_node.h
[7.959s] -- Installing: /convince_ws/install/behaviortree_cpp_v3/include/behaviortree_cpp_v3/decorators/blackboard_precondition.h
[7.959s] -- Installing: /convince_ws/install/behaviortree_cpp_v3/include/behaviortree_cpp_v3/decorators/timeout_node.h
[7.959s] -- Installing: /convince_ws/install/behaviortree_cpp_v3/include/behaviortree_cpp_v3/decorators/subtree_node.h
[7.959s] -- Installing: /convince_ws/install/behaviortree_cpp_v3/include/behaviortree_cpp_v3/decorators/consume_queue.h
[7.959s] -- Installing: /convince_ws/install/behaviortree_cpp_v3/include/behaviortree_cpp_v3/decorators/keep_running_until_failure_node.h
[7.959s] -- Installing: /convince_ws/install/behaviortree_cpp_v3/include/behaviortree_cpp_v3/decorators/timer_queue.h
[7.959s] -- Installing: /convince_ws/install/behaviortree_cpp_v3/include/behaviortree_cpp_v3/decorators/force_failure_node.h
[7.959s] -- Installing: /convince_ws/install/behaviortree_cpp_v3/include/behaviortree_cpp_v3/decorators/force_success_node.h
[7.959s] -- Installing: /convince_ws/install/behaviortree_cpp_v3/include/behaviortree_cpp_v3/decorators/delay_node.h
[7.959s] -- Installing: /convince_ws/install/behaviortree_cpp_v3/include/behaviortree_cpp_v3/exceptions.h
[7.959s] -- Installing: /convince_ws/install/behaviortree_cpp_v3/include/behaviortree_cpp_v3/condition_node.h
[7.959s] -- Installing: /convince_ws/install/behaviortree_cpp_v3/lib/libbehaviortree_cpp_v3.so
[7.959s] -- Set non-toolchain portion of runtime path of "/convince_ws/install/behaviortree_cpp_v3/lib/libbehaviortree_cpp_v3.so" to ""
[7.959s] -- Installing: /convince_ws/install/behaviortree_cpp_v3/lib/cmake/behaviortree_cpp_v3/behaviortree_cpp_v3Targets.cmake
[7.960s] -- Installing: /convince_ws/install/behaviortree_cpp_v3/lib/cmake/behaviortree_cpp_v3/behaviortree_cpp_v3Targets-noconfig.cmake
[7.961s] Invoked command in '/convince_ws/build/behaviortree_cpp_v3' returned '0': CMAKE_PREFIX_PATH=/opt/ros/jazzy /usr/bin/cmake --install /convince_ws/build/behaviortree_cpp_v3
