[0.006s] Invoking command in '/convince_ws/build/pyrobosim_ros': CMAKE_PREFIX_PATH=/convince_ws/install/pyrobosim_msgs:/convince_ws/install/pyrobosim_ros:/convince_ws/install/btcpp_ros2_samples:/convince_ws/install/behaviortree_ros2:/convince_ws/install/btcpp_ros2_interfaces:/convince_ws/install/behaviortree_cpp_v3:/convince_ws/install/tutorial_sim:/opt/ros/jazzy PYTHONPATH=/convince_ws/install/pyrobosim_msgs/lib/python3.12/site-packages:/convince_ws/build/tutorial_sim:/convince_ws/install/tutorial_sim/lib/python3.12/site-packages:/convince_ws/install/pyrobosim_ros/lib/python3.12/site-packages:/convince_ws/build/pyrobosim:/convince_ws/install/pyrobosim/lib/python3.12/site-packages:/convince_ws/install/btcpp_ros2_interfaces/lib/python3.12/site-packages:/opt/ros/jazzy/lib/python3.12/site-packages /usr/bin/cmake /convince_ws/src/pyrobosim/pyrobosim_ros -DCMAKE_INSTALL_PREFIX=/convince_ws/install/pyrobosim_ros
[0.017s] -- Found ament_cmake: 2.5.5 (/opt/ros/jazzy/share/ament_cmake/cmake)
[0.175s] -- Override CMake install command with custom implementation using symlinks instead of copying resources
[0.179s] -- Found rclcpp: 28.1.16 (/opt/ros/jazzy/share/rclcpp/cmake)
[0.193s] -- Found rosidl_generator_c: 4.6.7 (/opt/ros/jazzy/share/rosidl_generator_c/cmake)
[0.199s] -- Found rosidl_generator_cpp: 4.6.7 (/opt/ros/jazzy/share/rosidl_generator_cpp/cmake)
[0.205s] -- Using all available rosidl_typesupport_c: rosidl_typesupport_fastrtps_c;rosidl_typesupport_introspection_c
[0.213s] -- Using all available rosidl_typesupport_cpp: rosidl_typesupport_fastrtps_cpp;rosidl_typesupport_introspection_cpp
[0.250s] -- Found rmw_implementation_cmake: 7.3.3 (/opt/ros/jazzy/share/rmw_implementation_cmake/cmake)
[0.251s] -- Found rmw_fastrtps_cpp: 8.4.3 (/opt/ros/jazzy/share/rmw_fastrtps_cpp/cmake)
[0.288s] -- Using RMW implementation 'rmw_fastrtps_cpp' as default
[0.324s] -- Found rclpy: 7.1.9 (/opt/ros/jazzy/share/rclpy/cmake)
[0.324s] -- Found geometry_msgs: 5.3.6 (/opt/ros/jazzy/share/geometry_msgs/cmake)
[0.342s] -- Found pyrobosim_msgs: 4.3.3 (/convince_ws/install/pyrobosim_msgs/share/pyrobosim_msgs/cmake)
[0.373s] -- Found std_srvs: 5.3.6 (/opt/ros/jazzy/share/std_srvs/cmake)
[0.434s] -- Found ament_cmake_pytest: 2.5.5 (/opt/ros/jazzy/share/ament_cmake_pytest/cmake)
[1.307s] -- Configuring done (1.3s)
[1.310s] -- Generating done (0.0s)
[1.311s] -- Build files have been written to: /convince_ws/build/pyrobosim_ros
[1.315s] Invoked command in '/convince_ws/build/pyrobosim_ros' returned '0': CMAKE_PREFIX_PATH=/convince_ws/install/pyrobosim_msgs:/convince_ws/install/pyrobosim_ros:/convince_ws/install/btcpp_ros2_samples:/convince_ws/install/behaviortree_ros2:/convince_ws/install/btcpp_ros2_interfaces:/convince_ws/install/behaviortree_cpp_v3:/convince_ws/install/tutorial_sim:/opt/ros/jazzy PYTHONPATH=/convince_ws/install/pyrobosim_msgs/lib/python3.12/site-packages:/convince_ws/build/tutorial_sim:/convince_ws/install/tutorial_sim/lib/python3.12/site-packages:/convince_ws/install/pyrobosim_ros/lib/python3.12/site-packages:/convince_ws/build/pyrobosim:/convince_ws/install/pyrobosim/lib/python3.12/site-packages:/convince_ws/install/btcpp_ros2_interfaces/lib/python3.12/site-packages:/opt/ros/jazzy/lib/python3.12/site-packages /usr/bin/cmake /convince_ws/src/pyrobosim/pyrobosim_ros -DCMAKE_INSTALL_PREFIX=/convince_ws/install/pyrobosim_ros
[1.316s] Invoking command in '/convince_ws/build/pyrobosim_ros': CMAKE_PREFIX_PATH=/convince_ws/install/pyrobosim_msgs:/convince_ws/install/pyrobosim_ros:/convince_ws/install/btcpp_ros2_samples:/convince_ws/install/behaviortree_ros2:/convince_ws/install/btcpp_ros2_interfaces:/convince_ws/install/behaviortree_cpp_v3:/convince_ws/install/tutorial_sim:/opt/ros/jazzy PYTHONPATH=/convince_ws/install/pyrobosim_msgs/lib/python3.12/site-packages:/convince_ws/build/tutorial_sim:/convince_ws/install/tutorial_sim/lib/python3.12/site-packages:/convince_ws/install/pyrobosim_ros/lib/python3.12/site-packages:/convince_ws/build/pyrobosim:/convince_ws/install/pyrobosim/lib/python3.12/site-packages:/convince_ws/install/btcpp_ros2_interfaces/lib/python3.12/site-packages:/opt/ros/jazzy/lib/python3.12/site-packages /usr/bin/cmake --build /convince_ws/build/pyrobosim_ros -- -j20 -l20
[1.360s] Built target ament_cmake_python_symlink_pyrobosim_ros
[1.465s] running egg_info
[1.471s] writing pyrobosim_ros.egg-info/PKG-INFO
[1.471s] writing dependency_links to pyrobosim_ros.egg-info/dependency_links.txt
[1.471s] writing top-level names to pyrobosim_ros.egg-info/top_level.txt
[1.489s] reading manifest file 'pyrobosim_ros.egg-info/SOURCES.txt'
[1.489s] writing manifest file 'pyrobosim_ros.egg-info/SOURCES.txt'
[1.505s] Built target ament_cmake_python_build_pyrobosim_ros_egg
[1.513s] Invoked command in '/convince_ws/build/pyrobosim_ros' returned '0': CMAKE_PREFIX_PATH=/convince_ws/install/pyrobosim_msgs:/convince_ws/install/pyrobosim_ros:/convince_ws/install/btcpp_ros2_samples:/convince_ws/install/behaviortree_ros2:/convince_ws/install/btcpp_ros2_interfaces:/convince_ws/install/behaviortree_cpp_v3:/convince_ws/install/tutorial_sim:/opt/ros/jazzy PYTHONPATH=/convince_ws/install/pyrobosim_msgs/lib/python3.12/site-packages:/convince_ws/build/tutorial_sim:/convince_ws/install/tutorial_sim/lib/python3.12/site-packages:/convince_ws/install/pyrobosim_ros/lib/python3.12/site-packages:/convince_ws/build/pyrobosim:/convince_ws/install/pyrobosim/lib/python3.12/site-packages:/convince_ws/install/btcpp_ros2_interfaces/lib/python3.12/site-packages:/opt/ros/jazzy/lib/python3.12/site-packages /usr/bin/cmake --build /convince_ws/build/pyrobosim_ros -- -j20 -l20
[1.514s] Invoking command in '/convince_ws/build/pyrobosim_ros': CMAKE_PREFIX_PATH=/convince_ws/install/pyrobosim_msgs:/convince_ws/install/pyrobosim_ros:/convince_ws/install/btcpp_ros2_samples:/convince_ws/install/behaviortree_ros2:/convince_ws/install/btcpp_ros2_interfaces:/convince_ws/install/behaviortree_cpp_v3:/convince_ws/install/tutorial_sim:/opt/ros/jazzy PYTHONPATH=/convince_ws/install/pyrobosim_msgs/lib/python3.12/site-packages:/convince_ws/build/tutorial_sim:/convince_ws/install/tutorial_sim/lib/python3.12/site-packages:/convince_ws/install/pyrobosim_ros/lib/python3.12/site-packages:/convince_ws/build/pyrobosim:/convince_ws/install/pyrobosim/lib/python3.12/site-packages:/convince_ws/install/btcpp_ros2_interfaces/lib/python3.12/site-packages:/opt/ros/jazzy/lib/python3.12/site-packages /usr/bin/cmake --install /convince_ws/build/pyrobosim_ros
[1.518s] -- Install configuration: ""
[1.518s] -- Execute custom install script
[1.518s] -- Up-to-date symlink: /convince_ws/install/pyrobosim_ros/lib/pyrobosim_ros/demo.py
[1.518s] -- Up-to-date symlink: /convince_ws/install/pyrobosim_ros/lib/pyrobosim_ros/demo_commands.py
[1.518s] -- Up-to-date symlink: /convince_ws/install/pyrobosim_ros/lib/pyrobosim_ros/demo_pddl_world.py
[1.518s] -- Up-to-date symlink: /convince_ws/install/pyrobosim_ros/lib/pyrobosim_ros/demo_pddl_planner.py
[1.518s] -- Up-to-date symlink: /convince_ws/install/pyrobosim_ros/lib/pyrobosim_ros/demo_pddl_goal_publisher.py
[1.518s] -- Up-to-date symlink: /convince_ws/install/pyrobosim_ros/lib/pyrobosim_ros/demo_velocity_publisher.py
[1.518s] -- Up-to-date symlink: /convince_ws/install/pyrobosim_ros/share/pyrobosim_ros/environment/pythonpath.sh
[1.519s] -- Up-to-date symlink: /convince_ws/install/pyrobosim_ros/share/pyrobosim_ros/environment/pythonpath.dsv
[1.519s] -- Up-to-date symlink: /convince_ws/install/pyrobosim_ros/lib/python3.12/site-packages/pyrobosim_ros-4.3.3-py3.12.egg-info/PKG-INFO
[1.519s] -- Up-to-date symlink: /convince_ws/install/pyrobosim_ros/lib/python3.12/site-packages/pyrobosim_ros-4.3.3-py3.12.egg-info/SOURCES.txt
[1.519s] -- Up-to-date symlink: /convince_ws/install/pyrobosim_ros/lib/python3.12/site-packages/pyrobosim_ros-4.3.3-py3.12.egg-info/dependency_links.txt
[1.519s] -- Up-to-date symlink: /convince_ws/install/pyrobosim_ros/lib/python3.12/site-packages/pyrobosim_ros-4.3.3-py3.12.egg-info/top_level.txt
[1.519s] -- Up-to-date symlink: /convince_ws/install/pyrobosim_ros/lib/python3.12/site-packages/pyrobosim_ros/__init__.py
[1.519s] -- Up-to-date symlink: /convince_ws/install/pyrobosim_ros/lib/python3.12/site-packages/pyrobosim_ros/ros_conversions.py
[1.519s] -- Up-to-date symlink: /convince_ws/install/pyrobosim_ros/lib/python3.12/site-packages/pyrobosim_ros/ros_interface.py
[1.519s] -- Up-to-date symlink: /convince_ws/install/pyrobosim_ros/share/pyrobosim_ros/launch/demo.launch.py
[1.519s] -- Up-to-date symlink: /convince_ws/install/pyrobosim_ros/share/pyrobosim_ros/launch/demo_commands.launch.py
[1.519s] -- Up-to-date symlink: /convince_ws/install/pyrobosim_ros/share/pyrobosim_ros/launch/demo_commands_multirobot.launch.py
[1.519s] -- Up-to-date symlink: /convince_ws/install/pyrobosim_ros/share/pyrobosim_ros/launch/demo_pddl.launch.py
[1.520s] -- Up-to-date symlink: /convince_ws/install/pyrobosim_ros/share/ament_index/resource_index/package_run_dependencies/pyrobosim_ros
[1.520s] -- Up-to-date symlink: /convince_ws/install/pyrobosim_ros/share/ament_index/resource_index/parent_prefix_path/pyrobosim_ros
[1.520s] -- Up-to-date symlink: /convince_ws/install/pyrobosim_ros/share/pyrobosim_ros/environment/ament_prefix_path.sh
[1.520s] -- Up-to-date symlink: /convince_ws/install/pyrobosim_ros/share/pyrobosim_ros/environment/ament_prefix_path.dsv
[1.520s] -- Up-to-date symlink: /convince_ws/install/pyrobosim_ros/share/pyrobosim_ros/environment/path.sh
[1.520s] -- Up-to-date symlink: /convince_ws/install/pyrobosim_ros/share/pyrobosim_ros/environment/path.dsv
[1.520s] -- Up-to-date symlink: /convince_ws/install/pyrobosim_ros/share/pyrobosim_ros/local_setup.bash
[1.520s] -- Up-to-date symlink: /convince_ws/install/pyrobosim_ros/share/pyrobosim_ros/local_setup.sh
[1.520s] -- Up-to-date symlink: /convince_ws/install/pyrobosim_ros/share/pyrobosim_ros/local_setup.zsh
[1.520s] -- Up-to-date symlink: /convince_ws/install/pyrobosim_ros/share/pyrobosim_ros/local_setup.dsv
[1.520s] -- Symlinking: /convince_ws/install/pyrobosim_ros/share/pyrobosim_ros/package.dsv
[1.527s] -- Up-to-date symlink: /convince_ws/install/pyrobosim_ros/share/ament_index/resource_index/packages/pyrobosim_ros
[1.527s] -- Up-to-date symlink: /convince_ws/install/pyrobosim_ros/share/pyrobosim_ros/cmake/pyrobosim_rosConfig.cmake
[1.527s] -- Up-to-date symlink: /convince_ws/install/pyrobosim_ros/share/pyrobosim_ros/cmake/pyrobosim_rosConfig-version.cmake
[1.527s] -- Up-to-date symlink: /convince_ws/install/pyrobosim_ros/share/pyrobosim_ros/package.xml
[1.553s] Listing '/convince_ws/install/pyrobosim_ros/lib/python3.12/site-packages/pyrobosim_ros'...
[1.558s] Invoked command in '/convince_ws/build/pyrobosim_ros' returned '0': CMAKE_PREFIX_PATH=/convince_ws/install/pyrobosim_msgs:/convince_ws/install/pyrobosim_ros:/convince_ws/install/btcpp_ros2_samples:/convince_ws/install/behaviortree_ros2:/convince_ws/install/btcpp_ros2_interfaces:/convince_ws/install/behaviortree_cpp_v3:/convince_ws/install/tutorial_sim:/opt/ros/jazzy PYTHONPATH=/convince_ws/install/pyrobosim_msgs/lib/python3.12/site-packages:/convince_ws/build/tutorial_sim:/convince_ws/install/tutorial_sim/lib/python3.12/site-packages:/convince_ws/install/pyrobosim_ros/lib/python3.12/site-packages:/convince_ws/build/pyrobosim:/convince_ws/install/pyrobosim/lib/python3.12/site-packages:/convince_ws/install/btcpp_ros2_interfaces/lib/python3.12/site-packages:/opt/ros/jazzy/lib/python3.12/site-packages /usr/bin/cmake --install /convince_ws/build/pyrobosim_ros
