[0.047s] Invoking command in '/home/ste/ws/hsp-iit/data-model/examples/UC3-museum-guide/high-level-models/build/notify_user_interfaces_dummy': CMAKE_PREFIX_PATH=${CMAKE_PREFIX_PATH}:/opt/ros/iron PS1=\[\033[01;32m\]\u\[\033[00m\]:\[\033[01;34m\]\w\[\033[00m\]\[\e[91m\]$(parse_git_branch)\[\e[00m\]$ /usr/bin/cmake --build /home/ste/ws/hsp-iit/data-model/examples/UC3-museum-guide/high-level-models/build/notify_user_interfaces_dummy -- -j12 -l12
[0.168s] [  2%] Built target notify_user_interfaces__rosidl_generator_type_description
[0.209s] [  2%] Built target ament_cmake_python_copy_notify_user_interfaces_dummy
[0.250s] [35m[1mConsolidate compiler generated dependencies of target notify_user_interfaces__rosidl_generator_c[0m
[0.272s] [  4%] Built target notify_user_interfaces__cpp
[0.289s] [ 22%] Built target notify_user_interfaces__rosidl_generator_c
[0.359s] [35m[1mConsolidate compiler generated dependencies of target notify_user_interfaces__rosidl_typesupport_cpp[0m
[0.379s] gmake[2]: *** [CMakeFiles/notify_user_interfaces__rosidl_typesupport_introspection_cpp.dir/build.make:161: CMakeFiles/notify_user_interfaces__rosidl_typesupport_introspection_cpp.dir/depend] Interrupt
[0.381s] gmake[2]: *** [CMakeFiles/notify_user_interfaces__rosidl_typesupport_c.dir/build.make:150: CMakeFiles/notify_user_interfaces__rosidl_typesupport_c.dir/depend] Interrupt
[0.382s] Fatal Python error: init_import_site: Failed to import the site module
[0.383s] Python runtime state: initialized
[0.383s] gmake[2]: *** [CMakeFiles/notify_user_interfaces__rosidl_typesupport_fastrtps_cpp.dir/build.make:163: CMakeFiles/notify_user_interfaces__rosidl_typesupport_fastrtps_cpp.dir/depend] Interrupt
[0.383s] Traceback (most recent call last):
[0.384s]   File "/usr/lib/python3.10/site.py", line 636, in <module>
[0.384s] gmake[1]: *** [CMakeFiles/Makefile2:398: CMakeFiles/notify_user_interfaces__rosidl_typesupport_introspection_cpp.dir/all] Interrupt
[0.384s] gmake[1]: *** [CMakeFiles/Makefile2:318: CMakeFiles/notify_user_interfaces__rosidl_typesupport_c.dir/all] Interrupt
[0.385s] gmake[1]: *** [CMakeFiles/Makefile2:371: CMakeFiles/notify_user_interfaces__rosidl_typesupport_fastrtps_cpp.dir/all] Interrupt
[0.385s]     main()
[0.386s] gmake[2]: *** [CMakeFiles/notify_user_interfaces__rosidl_typesupport_introspection_c.dir/build.make:160: CMakeFiles/notify_user_interfaces__rosidl_typesupport_introspection_c.dir/depend] Interrupt
[0.386s]   File "/usr/lib/python3.10/site.py", line 623, in main
[0.387s] gmake[2]: *** [CMakeFiles/notify_user_interfaces__rosidl_typesupport_fastrtps_c.dir/build.make:164: CMakeFiles/notify_user_interfaces__rosidl_typesupport_fastrtps_c.dir/depend] Interrupt
[0.387s] gmake[1]: *** [CMakeFiles/Makefile2:292: CMakeFiles/notify_user_interfaces__rosidl_typesupport_introspection_c.dir/all] Interrupt
[0.387s] gmake[1]: *** [CMakeFiles/Makefile2:266: CMakeFiles/notify_user_interfaces__rosidl_typesupport_fastrtps_c.dir/all] Interrupt
[0.392s]     known_paths = addsitepackages(known_paths)
[0.393s]   File "/usr/lib/python3.10/site.py", line 406, in addsitepackages
[0.393s]     addsitedir(sitedir, known_paths)
[0.393s]   File "/usr/lib/python3.10/site.py", line 232, in addsitedir
[0.394s] gmake[2]: *** [CMakeFiles/notify_user_interfaces__rosidl_typesupport_cpp.dir/build.make:151: CMakeFiles/notify_user_interfaces__rosidl_typesupport_cpp.dir/depend] Interrupt
[0.397s]     addpackage(sitedir, name, known_paths)
[0.397s]   File "/usr/lib/python3.10/site.py", line 194, in addpackage
[0.397s] gmake[1]: *** [CMakeFiles/Makefile2:425: CMakeFiles/notify_user_interfaces__rosidl_typesupport_cpp.dir/all] Interrupt
[0.398s]     line = line.rstrip()
[0.398s] KeyboardInterrupt
[0.400s] gmake[2]: *** [CMakeFiles/ament_cmake_python_build_notify_user_interfaces_dummy_egg.dir/build.make:70: CMakeFiles/ament_cmake_python_build_notify_user_interfaces_dummy_egg] Interrupt
[0.405s] gmake[1]: *** [CMakeFiles/Makefile2:478: CMakeFiles/ament_cmake_python_build_notify_user_interfaces_dummy_egg.dir/all] Interrupt
[0.405s] gmake: *** [Makefile:146: all] Interrupt
