/convince_ws/install/pyrobosim/lib/python3.12/site-packages/pyrobosim/__init__.py
/convince_ws/install/pyrobosim/lib/python3.12/site-packages/pyrobosim/gui/action_runners.py
/convince_ws/install/pyrobosim/lib/python3.12/site-packages/pyrobosim/gui/options.py
/convince_ws/install/pyrobosim/lib/python3.12/site-packages/pyrobosim/gui/world_canvas.py
/convince_ws/install/pyrobosim/lib/python3.12/site-packages/pyrobosim/gui/__init__.py
/convince_ws/install/pyrobosim/lib/python3.12/site-packages/pyrobosim/gui/main.py
/convince_ws/install/pyrobosim/lib/python3.12/site-packages/pyrobosim/core/locations.py
/convince_ws/install/pyrobosim/lib/python3.12/site-packages/pyrobosim/core/yaml_utils.py
/convince_ws/install/pyrobosim/lib/python3.12/site-packages/pyrobosim/core/objects.py
/convince_ws/install/pyrobosim/lib/python3.12/site-packages/pyrobosim/core/dynamics.py
/convince_ws/install/pyrobosim/lib/python3.12/site-packages/pyrobosim/core/__init__.py
/convince_ws/install/pyrobosim/lib/python3.12/site-packages/pyrobosim/core/hallway.py
/convince_ws/install/pyrobosim/lib/python3.12/site-packages/pyrobosim/core/gazebo.py
/convince_ws/install/pyrobosim/lib/python3.12/site-packages/pyrobosim/core/types.py
/convince_ws/install/pyrobosim/lib/python3.12/site-packages/pyrobosim/core/robot.py
/convince_ws/install/pyrobosim/lib/python3.12/site-packages/pyrobosim/core/world.py
/convince_ws/install/pyrobosim/lib/python3.12/site-packages/pyrobosim/core/room.py
/convince_ws/install/pyrobosim/lib/python3.12/site-packages/pyrobosim/utils/knowledge.py
/convince_ws/install/pyrobosim/lib/python3.12/site-packages/pyrobosim/utils/general.py
/convince_ws/install/pyrobosim/lib/python3.12/site-packages/pyrobosim/utils/polygon.py
/convince_ws/install/pyrobosim/lib/python3.12/site-packages/pyrobosim/utils/search_graph.py
/convince_ws/install/pyrobosim/lib/python3.12/site-packages/pyrobosim/utils/__init__.py
/convince_ws/install/pyrobosim/lib/python3.12/site-packages/pyrobosim/utils/path.py
/convince_ws/install/pyrobosim/lib/python3.12/site-packages/pyrobosim/utils/world_motion_planning.py
/convince_ws/install/pyrobosim/lib/python3.12/site-packages/pyrobosim/utils/pose.py
/convince_ws/install/pyrobosim/lib/python3.12/site-packages/pyrobosim/utils/trajectory.py
/convince_ws/install/pyrobosim/lib/python3.12/site-packages/pyrobosim/utils/logging.py
/convince_ws/install/pyrobosim/lib/python3.12/site-packages/pyrobosim/utils/world_collision.py
/convince_ws/install/pyrobosim/lib/python3.12/site-packages/pyrobosim/utils/graph_types.py
/convince_ws/install/pyrobosim/lib/python3.12/site-packages/pyrobosim/planning/__init__.py
/convince_ws/install/pyrobosim/lib/python3.12/site-packages/pyrobosim/planning/actions.py
/convince_ws/install/pyrobosim/lib/python3.12/site-packages/pyrobosim/navigation/world_graph.py
/convince_ws/install/pyrobosim/lib/python3.12/site-packages/pyrobosim/navigation/occupancy_grid.py
/convince_ws/install/pyrobosim/lib/python3.12/site-packages/pyrobosim/navigation/__init__.py
/convince_ws/install/pyrobosim/lib/python3.12/site-packages/pyrobosim/navigation/visualization.py
/convince_ws/install/pyrobosim/lib/python3.12/site-packages/pyrobosim/navigation/types.py
/convince_ws/install/pyrobosim/lib/python3.12/site-packages/pyrobosim/navigation/rrt.py
/convince_ws/install/pyrobosim/lib/python3.12/site-packages/pyrobosim/navigation/prm.py
/convince_ws/install/pyrobosim/lib/python3.12/site-packages/pyrobosim/navigation/execution.py
/convince_ws/install/pyrobosim/lib/python3.12/site-packages/pyrobosim/navigation/a_star.py
/convince_ws/install/pyrobosim/lib/python3.12/site-packages/pyrobosim/manipulation/__init__.py
/convince_ws/install/pyrobosim/lib/python3.12/site-packages/pyrobosim/manipulation/grasping.py
/convince_ws/install/pyrobosim/lib/python3.12/site-packages/pyrobosim/sensors/lidar.py
/convince_ws/install/pyrobosim/lib/python3.12/site-packages/pyrobosim/sensors/__init__.py
/convince_ws/install/pyrobosim/lib/python3.12/site-packages/pyrobosim/sensors/types.py
/convince_ws/install/pyrobosim/lib/python3.12/site-packages/pyrobosim/planning/pddlstream/planner.py
/convince_ws/install/pyrobosim/lib/python3.12/site-packages/pyrobosim/planning/pddlstream/primitives.py
/convince_ws/install/pyrobosim/lib/python3.12/site-packages/pyrobosim/planning/pddlstream/utils.py
/convince_ws/install/pyrobosim/lib/python3.12/site-packages/pyrobosim/planning/pddlstream/__init__.py
/convince_ws/install/pyrobosim/lib/python3.12/site-packages/pyrobosim/planning/pddlstream/default_mappings.py
/convince_ws/install/pyrobosim/lib/python3.12/site-packages/pyrobosim/data/test_world_multirobot.yaml
/convince_ws/install/pyrobosim/lib/python3.12/site-packages/pyrobosim/data/pddlstream_simple_world.yaml
/convince_ws/install/pyrobosim/lib/python3.12/site-packages/pyrobosim/data/example_location_data_accessories.yaml
/convince_ws/install/pyrobosim/lib/python3.12/site-packages/pyrobosim/data/example_object_data_drink.yaml
/convince_ws/install/pyrobosim/lib/python3.12/site-packages/pyrobosim/data/example_location_data_furniture.yaml
/convince_ws/install/pyrobosim/lib/python3.12/site-packages/pyrobosim/data/roscon_2024_location_data.yaml
/convince_ws/install/pyrobosim/lib/python3.12/site-packages/pyrobosim/data/example_location_data.yaml
/convince_ws/install/pyrobosim/lib/python3.12/site-packages/pyrobosim/data/roscon_2024_workshop_world.yaml
/convince_ws/install/pyrobosim/lib/python3.12/site-packages/pyrobosim/data/example_object_data.yaml
/convince_ws/install/pyrobosim/lib/python3.12/site-packages/pyrobosim/data/.gitignore
/convince_ws/install/pyrobosim/lib/python3.12/site-packages/pyrobosim/data/test_world.yaml
/convince_ws/install/pyrobosim/lib/python3.12/site-packages/pyrobosim/data/roscon_2024_object_data.yaml
/convince_ws/install/pyrobosim/lib/python3.12/site-packages/pyrobosim/data/example_object_data_food.yaml
/convince_ws/install/pyrobosim/lib/python3.12/site-packages/pyrobosim/data/pddlstream/domains/03_nav_stream/streams.pddl
/convince_ws/install/pyrobosim/lib/python3.12/site-packages/pyrobosim/data/pddlstream/domains/03_nav_stream/domain.pddl
/convince_ws/install/pyrobosim/lib/python3.12/site-packages/pyrobosim/data/pddlstream/domains/02_derived/streams.pddl
/convince_ws/install/pyrobosim/lib/python3.12/site-packages/pyrobosim/data/pddlstream/domains/02_derived/domain.pddl
/convince_ws/install/pyrobosim/lib/python3.12/site-packages/pyrobosim/data/pddlstream/domains/01_simple/streams.pddl
/convince_ws/install/pyrobosim/lib/python3.12/site-packages/pyrobosim/data/pddlstream/domains/01_simple/domain.pddl
/convince_ws/install/pyrobosim/lib/python3.12/site-packages/pyrobosim/data/pddlstream/domains/05_nav_grasp_stream/streams.pddl
/convince_ws/install/pyrobosim/lib/python3.12/site-packages/pyrobosim/data/pddlstream/domains/05_nav_grasp_stream/domain.pddl
/convince_ws/install/pyrobosim/lib/python3.12/site-packages/pyrobosim/data/pddlstream/domains/06_open_close_detect/streams.pddl
/convince_ws/install/pyrobosim/lib/python3.12/site-packages/pyrobosim/data/pddlstream/domains/06_open_close_detect/domain.pddl
/convince_ws/install/pyrobosim/lib/python3.12/site-packages/pyrobosim/data/pddlstream/domains/04_nav_manip_stream/streams.pddl
/convince_ws/install/pyrobosim/lib/python3.12/site-packages/pyrobosim/data/pddlstream/domains/04_nav_manip_stream/domain.pddl
/convince_ws/install/pyrobosim/lib/python3.12/site-packages/pyrobosim/data/templates/model_template.sdf
/convince_ws/install/pyrobosim/lib/python3.12/site-packages/pyrobosim/data/templates/model_template.config
/convince_ws/install/pyrobosim/lib/python3.12/site-packages/pyrobosim/data/templates/link_template_polyline.sdf
/convince_ws/install/pyrobosim/lib/python3.12/site-packages/pyrobosim/data/templates/world_template_gazebo.sdf
/convince_ws/install/pyrobosim/lib/python3.12/site-packages/pyrobosim/data/templates/world_template_gazebo_classic.sdf
/convince_ws/install/pyrobosim/lib/python3.12/site-packages/pyrobosim/data/sample_models/coke_can/model-1_4.sdf
/convince_ws/install/pyrobosim/lib/python3.12/site-packages/pyrobosim/data/sample_models/coke_can/model.sdf
/convince_ws/install/pyrobosim/lib/python3.12/site-packages/pyrobosim/data/sample_models/coke_can/model-1_3.sdf
/convince_ws/install/pyrobosim/lib/python3.12/site-packages/pyrobosim/data/sample_models/coke_can/model.config
/convince_ws/install/pyrobosim/lib/python3.12/site-packages/pyrobosim/data/sample_models/coke_can/model-1_2.sdf
/convince_ws/install/pyrobosim/lib/python3.12/site-packages/pyrobosim/data/sample_models/coke_can/materials/textures/coke_can.png
/convince_ws/install/pyrobosim/lib/python3.12/site-packages/pyrobosim/data/sample_models/coke_can/meshes/coke_can.dae
/convince_ws/install/pyrobosim/lib/python3.12/site-packages/pyrobosim/data/sample_models/first_2015_trash_can/model.sdf
/convince_ws/install/pyrobosim/lib/python3.12/site-packages/pyrobosim/data/sample_models/first_2015_trash_can/model.config
/convince_ws/install/pyrobosim/lib/python3.12/site-packages/pyrobosim/data/sample_models/first_2015_trash_can/meshes/trash_can.dae
/convince_ws/install/pyrobosim/lib/python3.12/site-packages/pyrobosim/__pycache__/__init__.cpython-312.pyc
/convince_ws/install/pyrobosim/lib/python3.12/site-packages/pyrobosim/gui/__pycache__/action_runners.cpython-312.pyc
/convince_ws/install/pyrobosim/lib/python3.12/site-packages/pyrobosim/gui/__pycache__/options.cpython-312.pyc
/convince_ws/install/pyrobosim/lib/python3.12/site-packages/pyrobosim/gui/__pycache__/world_canvas.cpython-312.pyc
/convince_ws/install/pyrobosim/lib/python3.12/site-packages/pyrobosim/gui/__pycache__/__init__.cpython-312.pyc
/convince_ws/install/pyrobosim/lib/python3.12/site-packages/pyrobosim/gui/__pycache__/main.cpython-312.pyc
/convince_ws/install/pyrobosim/lib/python3.12/site-packages/pyrobosim/core/__pycache__/locations.cpython-312.pyc
/convince_ws/install/pyrobosim/lib/python3.12/site-packages/pyrobosim/core/__pycache__/yaml_utils.cpython-312.pyc
/convince_ws/install/pyrobosim/lib/python3.12/site-packages/pyrobosim/core/__pycache__/objects.cpython-312.pyc
/convince_ws/install/pyrobosim/lib/python3.12/site-packages/pyrobosim/core/__pycache__/dynamics.cpython-312.pyc
/convince_ws/install/pyrobosim/lib/python3.12/site-packages/pyrobosim/core/__pycache__/__init__.cpython-312.pyc
/convince_ws/install/pyrobosim/lib/python3.12/site-packages/pyrobosim/core/__pycache__/hallway.cpython-312.pyc
/convince_ws/install/pyrobosim/lib/python3.12/site-packages/pyrobosim/core/__pycache__/gazebo.cpython-312.pyc
/convince_ws/install/pyrobosim/lib/python3.12/site-packages/pyrobosim/core/__pycache__/types.cpython-312.pyc
/convince_ws/install/pyrobosim/lib/python3.12/site-packages/pyrobosim/core/__pycache__/robot.cpython-312.pyc
/convince_ws/install/pyrobosim/lib/python3.12/site-packages/pyrobosim/core/__pycache__/world.cpython-312.pyc
/convince_ws/install/pyrobosim/lib/python3.12/site-packages/pyrobosim/core/__pycache__/room.cpython-312.pyc
/convince_ws/install/pyrobosim/lib/python3.12/site-packages/pyrobosim/utils/__pycache__/knowledge.cpython-312.pyc
/convince_ws/install/pyrobosim/lib/python3.12/site-packages/pyrobosim/utils/__pycache__/general.cpython-312.pyc
/convince_ws/install/pyrobosim/lib/python3.12/site-packages/pyrobosim/utils/__pycache__/polygon.cpython-312.pyc
/convince_ws/install/pyrobosim/lib/python3.12/site-packages/pyrobosim/utils/__pycache__/search_graph.cpython-312.pyc
/convince_ws/install/pyrobosim/lib/python3.12/site-packages/pyrobosim/utils/__pycache__/__init__.cpython-312.pyc
/convince_ws/install/pyrobosim/lib/python3.12/site-packages/pyrobosim/utils/__pycache__/path.cpython-312.pyc
/convince_ws/install/pyrobosim/lib/python3.12/site-packages/pyrobosim/utils/__pycache__/world_motion_planning.cpython-312.pyc
/convince_ws/install/pyrobosim/lib/python3.12/site-packages/pyrobosim/utils/__pycache__/pose.cpython-312.pyc
/convince_ws/install/pyrobosim/lib/python3.12/site-packages/pyrobosim/utils/__pycache__/trajectory.cpython-312.pyc
/convince_ws/install/pyrobosim/lib/python3.12/site-packages/pyrobosim/utils/__pycache__/logging.cpython-312.pyc
/convince_ws/install/pyrobosim/lib/python3.12/site-packages/pyrobosim/utils/__pycache__/world_collision.cpython-312.pyc
/convince_ws/install/pyrobosim/lib/python3.12/site-packages/pyrobosim/utils/__pycache__/graph_types.cpython-312.pyc
/convince_ws/install/pyrobosim/lib/python3.12/site-packages/pyrobosim/planning/__pycache__/__init__.cpython-312.pyc
/convince_ws/install/pyrobosim/lib/python3.12/site-packages/pyrobosim/planning/__pycache__/actions.cpython-312.pyc
/convince_ws/install/pyrobosim/lib/python3.12/site-packages/pyrobosim/navigation/__pycache__/world_graph.cpython-312.pyc
/convince_ws/install/pyrobosim/lib/python3.12/site-packages/pyrobosim/navigation/__pycache__/occupancy_grid.cpython-312.pyc
/convince_ws/install/pyrobosim/lib/python3.12/site-packages/pyrobosim/navigation/__pycache__/__init__.cpython-312.pyc
/convince_ws/install/pyrobosim/lib/python3.12/site-packages/pyrobosim/navigation/__pycache__/visualization.cpython-312.pyc
/convince_ws/install/pyrobosim/lib/python3.12/site-packages/pyrobosim/navigation/__pycache__/types.cpython-312.pyc
/convince_ws/install/pyrobosim/lib/python3.12/site-packages/pyrobosim/navigation/__pycache__/rrt.cpython-312.pyc
/convince_ws/install/pyrobosim/lib/python3.12/site-packages/pyrobosim/navigation/__pycache__/prm.cpython-312.pyc
/convince_ws/install/pyrobosim/lib/python3.12/site-packages/pyrobosim/navigation/__pycache__/execution.cpython-312.pyc
/convince_ws/install/pyrobosim/lib/python3.12/site-packages/pyrobosim/navigation/__pycache__/a_star.cpython-312.pyc
/convince_ws/install/pyrobosim/lib/python3.12/site-packages/pyrobosim/manipulation/__pycache__/__init__.cpython-312.pyc
/convince_ws/install/pyrobosim/lib/python3.12/site-packages/pyrobosim/manipulation/__pycache__/grasping.cpython-312.pyc
/convince_ws/install/pyrobosim/lib/python3.12/site-packages/pyrobosim/sensors/__pycache__/lidar.cpython-312.pyc
/convince_ws/install/pyrobosim/lib/python3.12/site-packages/pyrobosim/sensors/__pycache__/__init__.cpython-312.pyc
/convince_ws/install/pyrobosim/lib/python3.12/site-packages/pyrobosim/sensors/__pycache__/types.cpython-312.pyc
/convince_ws/install/pyrobosim/lib/python3.12/site-packages/pyrobosim/planning/pddlstream/__pycache__/planner.cpython-312.pyc
/convince_ws/install/pyrobosim/lib/python3.12/site-packages/pyrobosim/planning/pddlstream/__pycache__/primitives.cpython-312.pyc
/convince_ws/install/pyrobosim/lib/python3.12/site-packages/pyrobosim/planning/pddlstream/__pycache__/utils.cpython-312.pyc
/convince_ws/install/pyrobosim/lib/python3.12/site-packages/pyrobosim/planning/pddlstream/__pycache__/__init__.cpython-312.pyc
/convince_ws/install/pyrobosim/lib/python3.12/site-packages/pyrobosim/planning/pddlstream/__pycache__/default_mappings.cpython-312.pyc
/convince_ws/install/pyrobosim/lib/python3.12/site-packages/pyrobosim-4.3.3-py3.12.egg-info/SOURCES.txt
/convince_ws/install/pyrobosim/lib/python3.12/site-packages/pyrobosim-4.3.3-py3.12.egg-info/dependency_links.txt
/convince_ws/install/pyrobosim/lib/python3.12/site-packages/pyrobosim-4.3.3-py3.12.egg-info/PKG-INFO
/convince_ws/install/pyrobosim/lib/python3.12/site-packages/pyrobosim-4.3.3-py3.12.egg-info/zip-safe
/convince_ws/install/pyrobosim/lib/python3.12/site-packages/pyrobosim-4.3.3-py3.12.egg-info/requires.txt
/convince_ws/install/pyrobosim/lib/python3.12/site-packages/pyrobosim-4.3.3-py3.12.egg-info/top_level.txt
