running develop
Removing /convince_ws/install/pyrobosim/lib/python3.12/site-packages/pyrobosim.egg-link (link to .)
running egg_info
writing ../../../build/pyrobosim/pyrobosim.egg-info/PKG-INFO
writing dependency_links to ../../../build/pyrobosim/pyrobosim.egg-info/dependency_links.txt
writing requirements to ../../../build/pyrobosim/pyrobosim.egg-info/requires.txt
writing top-level names to ../../../build/pyrobosim/pyrobosim.egg-info/top_level.txt
reading manifest file '../../../build/pyrobosim/pyrobosim.egg-info/SOURCES.txt'
writing manifest file '../../../build/pyrobosim/pyrobosim.egg-info/SOURCES.txt'
running build
running build_py
creating /convince_ws/build/pyrobosim/build
creating /convince_ws/build/pyrobosim/build/lib
creating /convince_ws/build/pyrobosim/build/lib/pyrobosim
copying pyrobosim/__init__.py -> /convince_ws/build/pyrobosim/build/lib/pyrobosim
creating /convince_ws/build/pyrobosim/build/lib/pyrobosim/gui
copying pyrobosim/gui/action_runners.py -> /convince_ws/build/pyrobosim/build/lib/pyrobosim/gui
copying pyrobosim/gui/options.py -> /convince_ws/build/pyrobosim/build/lib/pyrobosim/gui
copying pyrobosim/gui/world_canvas.py -> /convince_ws/build/pyrobosim/build/lib/pyrobosim/gui
copying pyrobosim/gui/__init__.py -> /convince_ws/build/pyrobosim/build/lib/pyrobosim/gui
copying pyrobosim/gui/main.py -> /convince_ws/build/pyrobosim/build/lib/pyrobosim/gui
creating /convince_ws/build/pyrobosim/build/lib/pyrobosim/core
copying pyrobosim/core/locations.py -> /convince_ws/build/pyrobosim/build/lib/pyrobosim/core
copying pyrobosim/core/yaml_utils.py -> /convince_ws/build/pyrobosim/build/lib/pyrobosim/core
copying pyrobosim/core/objects.py -> /convince_ws/build/pyrobosim/build/lib/pyrobosim/core
copying pyrobosim/core/dynamics.py -> /convince_ws/build/pyrobosim/build/lib/pyrobosim/core
copying pyrobosim/core/__init__.py -> /convince_ws/build/pyrobosim/build/lib/pyrobosim/core
copying pyrobosim/core/hallway.py -> /convince_ws/build/pyrobosim/build/lib/pyrobosim/core
copying pyrobosim/core/gazebo.py -> /convince_ws/build/pyrobosim/build/lib/pyrobosim/core
copying pyrobosim/core/types.py -> /convince_ws/build/pyrobosim/build/lib/pyrobosim/core
copying pyrobosim/core/robot.py -> /convince_ws/build/pyrobosim/build/lib/pyrobosim/core
copying pyrobosim/core/world.py -> /convince_ws/build/pyrobosim/build/lib/pyrobosim/core
copying pyrobosim/core/room.py -> /convince_ws/build/pyrobosim/build/lib/pyrobosim/core
creating /convince_ws/build/pyrobosim/build/lib/pyrobosim/utils
copying pyrobosim/utils/knowledge.py -> /convince_ws/build/pyrobosim/build/lib/pyrobosim/utils
copying pyrobosim/utils/general.py -> /convince_ws/build/pyrobosim/build/lib/pyrobosim/utils
copying pyrobosim/utils/polygon.py -> /convince_ws/build/pyrobosim/build/lib/pyrobosim/utils
copying pyrobosim/utils/search_graph.py -> /convince_ws/build/pyrobosim/build/lib/pyrobosim/utils
copying pyrobosim/utils/__init__.py -> /convince_ws/build/pyrobosim/build/lib/pyrobosim/utils
copying pyrobosim/utils/path.py -> /convince_ws/build/pyrobosim/build/lib/pyrobosim/utils
copying pyrobosim/utils/world_motion_planning.py -> /convince_ws/build/pyrobosim/build/lib/pyrobosim/utils
copying pyrobosim/utils/pose.py -> /convince_ws/build/pyrobosim/build/lib/pyrobosim/utils
copying pyrobosim/utils/trajectory.py -> /convince_ws/build/pyrobosim/build/lib/pyrobosim/utils
copying pyrobosim/utils/logging.py -> /convince_ws/build/pyrobosim/build/lib/pyrobosim/utils
copying pyrobosim/utils/world_collision.py -> /convince_ws/build/pyrobosim/build/lib/pyrobosim/utils
copying pyrobosim/utils/graph_types.py -> /convince_ws/build/pyrobosim/build/lib/pyrobosim/utils
creating /convince_ws/build/pyrobosim/build/lib/pyrobosim/planning
copying pyrobosim/planning/__init__.py -> /convince_ws/build/pyrobosim/build/lib/pyrobosim/planning
copying pyrobosim/planning/actions.py -> /convince_ws/build/pyrobosim/build/lib/pyrobosim/planning
creating /convince_ws/build/pyrobosim/build/lib/pyrobosim/navigation
copying pyrobosim/navigation/world_graph.py -> /convince_ws/build/pyrobosim/build/lib/pyrobosim/navigation
copying pyrobosim/navigation/occupancy_grid.py -> /convince_ws/build/pyrobosim/build/lib/pyrobosim/navigation
copying pyrobosim/navigation/__init__.py -> /convince_ws/build/pyrobosim/build/lib/pyrobosim/navigation
copying pyrobosim/navigation/visualization.py -> /convince_ws/build/pyrobosim/build/lib/pyrobosim/navigation
copying pyrobosim/navigation/types.py -> /convince_ws/build/pyrobosim/build/lib/pyrobosim/navigation
copying pyrobosim/navigation/rrt.py -> /convince_ws/build/pyrobosim/build/lib/pyrobosim/navigation
copying pyrobosim/navigation/prm.py -> /convince_ws/build/pyrobosim/build/lib/pyrobosim/navigation
copying pyrobosim/navigation/execution.py -> /convince_ws/build/pyrobosim/build/lib/pyrobosim/navigation
copying pyrobosim/navigation/a_star.py -> /convince_ws/build/pyrobosim/build/lib/pyrobosim/navigation
creating /convince_ws/build/pyrobosim/build/lib/pyrobosim/manipulation
copying pyrobosim/manipulation/__init__.py -> /convince_ws/build/pyrobosim/build/lib/pyrobosim/manipulation
copying pyrobosim/manipulation/grasping.py -> /convince_ws/build/pyrobosim/build/lib/pyrobosim/manipulation
creating /convince_ws/build/pyrobosim/build/lib/pyrobosim/sensors
copying pyrobosim/sensors/lidar.py -> /convince_ws/build/pyrobosim/build/lib/pyrobosim/sensors
copying pyrobosim/sensors/__init__.py -> /convince_ws/build/pyrobosim/build/lib/pyrobosim/sensors
copying pyrobosim/sensors/types.py -> /convince_ws/build/pyrobosim/build/lib/pyrobosim/sensors
creating /convince_ws/build/pyrobosim/build/lib/pyrobosim/planning/pddlstream
copying pyrobosim/planning/pddlstream/planner.py -> /convince_ws/build/pyrobosim/build/lib/pyrobosim/planning/pddlstream
copying pyrobosim/planning/pddlstream/primitives.py -> /convince_ws/build/pyrobosim/build/lib/pyrobosim/planning/pddlstream
copying pyrobosim/planning/pddlstream/utils.py -> /convince_ws/build/pyrobosim/build/lib/pyrobosim/planning/pddlstream
copying pyrobosim/planning/pddlstream/__init__.py -> /convince_ws/build/pyrobosim/build/lib/pyrobosim/planning/pddlstream
copying pyrobosim/planning/pddlstream/default_mappings.py -> /convince_ws/build/pyrobosim/build/lib/pyrobosim/planning/pddlstream
creating /convince_ws/build/pyrobosim/build/lib/pyrobosim/data
copying pyrobosim/data/test_world_multirobot.yaml -> /convince_ws/build/pyrobosim/build/lib/pyrobosim/data
copying pyrobosim/data/pddlstream_simple_world.yaml -> /convince_ws/build/pyrobosim/build/lib/pyrobosim/data
copying pyrobosim/data/example_location_data_accessories.yaml -> /convince_ws/build/pyrobosim/build/lib/pyrobosim/data
copying pyrobosim/data/example_object_data_drink.yaml -> /convince_ws/build/pyrobosim/build/lib/pyrobosim/data
copying pyrobosim/data/example_location_data_furniture.yaml -> /convince_ws/build/pyrobosim/build/lib/pyrobosim/data
copying pyrobosim/data/roscon_2024_location_data.yaml -> /convince_ws/build/pyrobosim/build/lib/pyrobosim/data
copying pyrobosim/data/example_location_data.yaml -> /convince_ws/build/pyrobosim/build/lib/pyrobosim/data
copying pyrobosim/data/roscon_2024_workshop_world.yaml -> /convince_ws/build/pyrobosim/build/lib/pyrobosim/data
copying pyrobosim/data/example_object_data.yaml -> /convince_ws/build/pyrobosim/build/lib/pyrobosim/data
copying pyrobosim/data/.gitignore -> /convince_ws/build/pyrobosim/build/lib/pyrobosim/data
copying pyrobosim/data/test_world.yaml -> /convince_ws/build/pyrobosim/build/lib/pyrobosim/data
copying pyrobosim/data/roscon_2024_object_data.yaml -> /convince_ws/build/pyrobosim/build/lib/pyrobosim/data
copying pyrobosim/data/example_object_data_food.yaml -> /convince_ws/build/pyrobosim/build/lib/pyrobosim/data
creating /convince_ws/build/pyrobosim/build/lib/pyrobosim/data/pddlstream
creating /convince_ws/build/pyrobosim/build/lib/pyrobosim/data/pddlstream/domains
creating /convince_ws/build/pyrobosim/build/lib/pyrobosim/data/pddlstream/domains/03_nav_stream
copying pyrobosim/data/pddlstream/domains/03_nav_stream/streams.pddl -> /convince_ws/build/pyrobosim/build/lib/pyrobosim/data/pddlstream/domains/03_nav_stream
copying pyrobosim/data/pddlstream/domains/03_nav_stream/domain.pddl -> /convince_ws/build/pyrobosim/build/lib/pyrobosim/data/pddlstream/domains/03_nav_stream
creating /convince_ws/build/pyrobosim/build/lib/pyrobosim/data/pddlstream/domains/02_derived
copying pyrobosim/data/pddlstream/domains/02_derived/streams.pddl -> /convince_ws/build/pyrobosim/build/lib/pyrobosim/data/pddlstream/domains/02_derived
copying pyrobosim/data/pddlstream/domains/02_derived/domain.pddl -> /convince_ws/build/pyrobosim/build/lib/pyrobosim/data/pddlstream/domains/02_derived
creating /convince_ws/build/pyrobosim/build/lib/pyrobosim/data/pddlstream/domains/01_simple
copying pyrobosim/data/pddlstream/domains/01_simple/streams.pddl -> /convince_ws/build/pyrobosim/build/lib/pyrobosim/data/pddlstream/domains/01_simple
copying pyrobosim/data/pddlstream/domains/01_simple/domain.pddl -> /convince_ws/build/pyrobosim/build/lib/pyrobosim/data/pddlstream/domains/01_simple
creating /convince_ws/build/pyrobosim/build/lib/pyrobosim/data/pddlstream/domains/05_nav_grasp_stream
copying pyrobosim/data/pddlstream/domains/05_nav_grasp_stream/streams.pddl -> /convince_ws/build/pyrobosim/build/lib/pyrobosim/data/pddlstream/domains/05_nav_grasp_stream
copying pyrobosim/data/pddlstream/domains/05_nav_grasp_stream/domain.pddl -> /convince_ws/build/pyrobosim/build/lib/pyrobosim/data/pddlstream/domains/05_nav_grasp_stream
creating /convince_ws/build/pyrobosim/build/lib/pyrobosim/data/pddlstream/domains/06_open_close_detect
copying pyrobosim/data/pddlstream/domains/06_open_close_detect/streams.pddl -> /convince_ws/build/pyrobosim/build/lib/pyrobosim/data/pddlstream/domains/06_open_close_detect
copying pyrobosim/data/pddlstream/domains/06_open_close_detect/domain.pddl -> /convince_ws/build/pyrobosim/build/lib/pyrobosim/data/pddlstream/domains/06_open_close_detect
creating /convince_ws/build/pyrobosim/build/lib/pyrobosim/data/pddlstream/domains/04_nav_manip_stream
copying pyrobosim/data/pddlstream/domains/04_nav_manip_stream/streams.pddl -> /convince_ws/build/pyrobosim/build/lib/pyrobosim/data/pddlstream/domains/04_nav_manip_stream
copying pyrobosim/data/pddlstream/domains/04_nav_manip_stream/domain.pddl -> /convince_ws/build/pyrobosim/build/lib/pyrobosim/data/pddlstream/domains/04_nav_manip_stream
creating /convince_ws/build/pyrobosim/build/lib/pyrobosim/data/templates
copying pyrobosim/data/templates/model_template.sdf -> /convince_ws/build/pyrobosim/build/lib/pyrobosim/data/templates
copying pyrobosim/data/templates/model_template.config -> /convince_ws/build/pyrobosim/build/lib/pyrobosim/data/templates
copying pyrobosim/data/templates/link_template_polyline.sdf -> /convince_ws/build/pyrobosim/build/lib/pyrobosim/data/templates
copying pyrobosim/data/templates/world_template_gazebo.sdf -> /convince_ws/build/pyrobosim/build/lib/pyrobosim/data/templates
copying pyrobosim/data/templates/world_template_gazebo_classic.sdf -> /convince_ws/build/pyrobosim/build/lib/pyrobosim/data/templates
creating /convince_ws/build/pyrobosim/build/lib/pyrobosim/data/sample_models
creating /convince_ws/build/pyrobosim/build/lib/pyrobosim/data/sample_models/coke_can
copying pyrobosim/data/sample_models/coke_can/model-1_4.sdf -> /convince_ws/build/pyrobosim/build/lib/pyrobosim/data/sample_models/coke_can
copying pyrobosim/data/sample_models/coke_can/model.sdf -> /convince_ws/build/pyrobosim/build/lib/pyrobosim/data/sample_models/coke_can
copying pyrobosim/data/sample_models/coke_can/model-1_3.sdf -> /convince_ws/build/pyrobosim/build/lib/pyrobosim/data/sample_models/coke_can
copying pyrobosim/data/sample_models/coke_can/model.config -> /convince_ws/build/pyrobosim/build/lib/pyrobosim/data/sample_models/coke_can
copying pyrobosim/data/sample_models/coke_can/model-1_2.sdf -> /convince_ws/build/pyrobosim/build/lib/pyrobosim/data/sample_models/coke_can
creating /convince_ws/build/pyrobosim/build/lib/pyrobosim/data/sample_models/coke_can/materials
creating /convince_ws/build/pyrobosim/build/lib/pyrobosim/data/sample_models/coke_can/materials/textures
copying pyrobosim/data/sample_models/coke_can/materials/textures/coke_can.png -> /convince_ws/build/pyrobosim/build/lib/pyrobosim/data/sample_models/coke_can/materials/textures
creating /convince_ws/build/pyrobosim/build/lib/pyrobosim/data/sample_models/coke_can/meshes
copying pyrobosim/data/sample_models/coke_can/meshes/coke_can.dae -> /convince_ws/build/pyrobosim/build/lib/pyrobosim/data/sample_models/coke_can/meshes
creating /convince_ws/build/pyrobosim/build/lib/pyrobosim/data/sample_models/first_2015_trash_can
copying pyrobosim/data/sample_models/first_2015_trash_can/model.sdf -> /convince_ws/build/pyrobosim/build/lib/pyrobosim/data/sample_models/first_2015_trash_can
copying pyrobosim/data/sample_models/first_2015_trash_can/model.config -> /convince_ws/build/pyrobosim/build/lib/pyrobosim/data/sample_models/first_2015_trash_can
creating /convince_ws/build/pyrobosim/build/lib/pyrobosim/data/sample_models/first_2015_trash_can/meshes
copying pyrobosim/data/sample_models/first_2015_trash_can/meshes/trash_can.dae -> /convince_ws/build/pyrobosim/build/lib/pyrobosim/data/sample_models/first_2015_trash_can/meshes
running install
running install_lib
creating /convince_ws/install/pyrobosim/lib/python3.12/site-packages/pyrobosim
creating /convince_ws/install/pyrobosim/lib/python3.12/site-packages/pyrobosim/gui
copying /convince_ws/build/pyrobosim/build/lib/pyrobosim/gui/action_runners.py -> /convince_ws/install/pyrobosim/lib/python3.12/site-packages/pyrobosim/gui
copying /convince_ws/build/pyrobosim/build/lib/pyrobosim/gui/options.py -> /convince_ws/install/pyrobosim/lib/python3.12/site-packages/pyrobosim/gui
copying /convince_ws/build/pyrobosim/build/lib/pyrobosim/gui/world_canvas.py -> /convince_ws/install/pyrobosim/lib/python3.12/site-packages/pyrobosim/gui
copying /convince_ws/build/pyrobosim/build/lib/pyrobosim/gui/__init__.py -> /convince_ws/install/pyrobosim/lib/python3.12/site-packages/pyrobosim/gui
copying /convince_ws/build/pyrobosim/build/lib/pyrobosim/gui/main.py -> /convince_ws/install/pyrobosim/lib/python3.12/site-packages/pyrobosim/gui
creating /convince_ws/install/pyrobosim/lib/python3.12/site-packages/pyrobosim/core
copying /convince_ws/build/pyrobosim/build/lib/pyrobosim/core/locations.py -> /convince_ws/install/pyrobosim/lib/python3.12/site-packages/pyrobosim/core
copying /convince_ws/build/pyrobosim/build/lib/pyrobosim/core/yaml_utils.py -> /convince_ws/install/pyrobosim/lib/python3.12/site-packages/pyrobosim/core
copying /convince_ws/build/pyrobosim/build/lib/pyrobosim/core/objects.py -> /convince_ws/install/pyrobosim/lib/python3.12/site-packages/pyrobosim/core
copying /convince_ws/build/pyrobosim/build/lib/pyrobosim/core/dynamics.py -> /convince_ws/install/pyrobosim/lib/python3.12/site-packages/pyrobosim/core
copying /convince_ws/build/pyrobosim/build/lib/pyrobosim/core/__init__.py -> /convince_ws/install/pyrobosim/lib/python3.12/site-packages/pyrobosim/core
copying /convince_ws/build/pyrobosim/build/lib/pyrobosim/core/hallway.py -> /convince_ws/install/pyrobosim/lib/python3.12/site-packages/pyrobosim/core
copying /convince_ws/build/pyrobosim/build/lib/pyrobosim/core/gazebo.py -> /convince_ws/install/pyrobosim/lib/python3.12/site-packages/pyrobosim/core
copying /convince_ws/build/pyrobosim/build/lib/pyrobosim/core/types.py -> /convince_ws/install/pyrobosim/lib/python3.12/site-packages/pyrobosim/core
copying /convince_ws/build/pyrobosim/build/lib/pyrobosim/core/robot.py -> /convince_ws/install/pyrobosim/lib/python3.12/site-packages/pyrobosim/core
copying /convince_ws/build/pyrobosim/build/lib/pyrobosim/core/world.py -> /convince_ws/install/pyrobosim/lib/python3.12/site-packages/pyrobosim/core
copying /convince_ws/build/pyrobosim/build/lib/pyrobosim/core/room.py -> /convince_ws/install/pyrobosim/lib/python3.12/site-packages/pyrobosim/core
creating /convince_ws/install/pyrobosim/lib/python3.12/site-packages/pyrobosim/utils
copying /convince_ws/build/pyrobosim/build/lib/pyrobosim/utils/knowledge.py -> /convince_ws/install/pyrobosim/lib/python3.12/site-packages/pyrobosim/utils
copying /convince_ws/build/pyrobosim/build/lib/pyrobosim/utils/general.py -> /convince_ws/install/pyrobosim/lib/python3.12/site-packages/pyrobosim/utils
copying /convince_ws/build/pyrobosim/build/lib/pyrobosim/utils/polygon.py -> /convince_ws/install/pyrobosim/lib/python3.12/site-packages/pyrobosim/utils
copying /convince_ws/build/pyrobosim/build/lib/pyrobosim/utils/search_graph.py -> /convince_ws/install/pyrobosim/lib/python3.12/site-packages/pyrobosim/utils
copying /convince_ws/build/pyrobosim/build/lib/pyrobosim/utils/__init__.py -> /convince_ws/install/pyrobosim/lib/python3.12/site-packages/pyrobosim/utils
copying /convince_ws/build/pyrobosim/build/lib/pyrobosim/utils/path.py -> /convince_ws/install/pyrobosim/lib/python3.12/site-packages/pyrobosim/utils
copying /convince_ws/build/pyrobosim/build/lib/pyrobosim/utils/world_motion_planning.py -> /convince_ws/install/pyrobosim/lib/python3.12/site-packages/pyrobosim/utils
copying /convince_ws/build/pyrobosim/build/lib/pyrobosim/utils/pose.py -> /convince_ws/install/pyrobosim/lib/python3.12/site-packages/pyrobosim/utils
copying /convince_ws/build/pyrobosim/build/lib/pyrobosim/utils/trajectory.py -> /convince_ws/install/pyrobosim/lib/python3.12/site-packages/pyrobosim/utils
copying /convince_ws/build/pyrobosim/build/lib/pyrobosim/utils/logging.py -> /convince_ws/install/pyrobosim/lib/python3.12/site-packages/pyrobosim/utils
copying /convince_ws/build/pyrobosim/build/lib/pyrobosim/utils/world_collision.py -> /convince_ws/install/pyrobosim/lib/python3.12/site-packages/pyrobosim/utils
copying /convince_ws/build/pyrobosim/build/lib/pyrobosim/utils/graph_types.py -> /convince_ws/install/pyrobosim/lib/python3.12/site-packages/pyrobosim/utils
creating /convince_ws/install/pyrobosim/lib/python3.12/site-packages/pyrobosim/data
creating /convince_ws/install/pyrobosim/lib/python3.12/site-packages/pyrobosim/data/pddlstream
creating /convince_ws/install/pyrobosim/lib/python3.12/site-packages/pyrobosim/data/pddlstream/domains
creating /convince_ws/install/pyrobosim/lib/python3.12/site-packages/pyrobosim/data/pddlstream/domains/03_nav_stream
copying /convince_ws/build/pyrobosim/build/lib/pyrobosim/data/pddlstream/domains/03_nav_stream/streams.pddl -> /convince_ws/install/pyrobosim/lib/python3.12/site-packages/pyrobosim/data/pddlstream/domains/03_nav_stream
copying /convince_ws/build/pyrobosim/build/lib/pyrobosim/data/pddlstream/domains/03_nav_stream/domain.pddl -> /convince_ws/install/pyrobosim/lib/python3.12/site-packages/pyrobosim/data/pddlstream/domains/03_nav_stream
creating /convince_ws/install/pyrobosim/lib/python3.12/site-packages/pyrobosim/data/pddlstream/domains/02_derived
copying /convince_ws/build/pyrobosim/build/lib/pyrobosim/data/pddlstream/domains/02_derived/streams.pddl -> /convince_ws/install/pyrobosim/lib/python3.12/site-packages/pyrobosim/data/pddlstream/domains/02_derived
copying /convince_ws/build/pyrobosim/build/lib/pyrobosim/data/pddlstream/domains/02_derived/domain.pddl -> /convince_ws/install/pyrobosim/lib/python3.12/site-packages/pyrobosim/data/pddlstream/domains/02_derived
creating /convince_ws/install/pyrobosim/lib/python3.12/site-packages/pyrobosim/data/pddlstream/domains/01_simple
copying /convince_ws/build/pyrobosim/build/lib/pyrobosim/data/pddlstream/domains/01_simple/streams.pddl -> /convince_ws/install/pyrobosim/lib/python3.12/site-packages/pyrobosim/data/pddlstream/domains/01_simple
copying /convince_ws/build/pyrobosim/build/lib/pyrobosim/data/pddlstream/domains/01_simple/domain.pddl -> /convince_ws/install/pyrobosim/lib/python3.12/site-packages/pyrobosim/data/pddlstream/domains/01_simple
creating /convince_ws/install/pyrobosim/lib/python3.12/site-packages/pyrobosim/data/pddlstream/domains/05_nav_grasp_stream
copying /convince_ws/build/pyrobosim/build/lib/pyrobosim/data/pddlstream/domains/05_nav_grasp_stream/streams.pddl -> /convince_ws/install/pyrobosim/lib/python3.12/site-packages/pyrobosim/data/pddlstream/domains/05_nav_grasp_stream
copying /convince_ws/build/pyrobosim/build/lib/pyrobosim/data/pddlstream/domains/05_nav_grasp_stream/domain.pddl -> /convince_ws/install/pyrobosim/lib/python3.12/site-packages/pyrobosim/data/pddlstream/domains/05_nav_grasp_stream
creating /convince_ws/install/pyrobosim/lib/python3.12/site-packages/pyrobosim/data/pddlstream/domains/06_open_close_detect
copying /convince_ws/build/pyrobosim/build/lib/pyrobosim/data/pddlstream/domains/06_open_close_detect/streams.pddl -> /convince_ws/install/pyrobosim/lib/python3.12/site-packages/pyrobosim/data/pddlstream/domains/06_open_close_detect
copying /convince_ws/build/pyrobosim/build/lib/pyrobosim/data/pddlstream/domains/06_open_close_detect/domain.pddl -> /convince_ws/install/pyrobosim/lib/python3.12/site-packages/pyrobosim/data/pddlstream/domains/06_open_close_detect
creating /convince_ws/install/pyrobosim/lib/python3.12/site-packages/pyrobosim/data/pddlstream/domains/04_nav_manip_stream
copying /convince_ws/build/pyrobosim/build/lib/pyrobosim/data/pddlstream/domains/04_nav_manip_stream/streams.pddl -> /convince_ws/install/pyrobosim/lib/python3.12/site-packages/pyrobosim/data/pddlstream/domains/04_nav_manip_stream
copying /convince_ws/build/pyrobosim/build/lib/pyrobosim/data/pddlstream/domains/04_nav_manip_stream/domain.pddl -> /convince_ws/install/pyrobosim/lib/python3.12/site-packages/pyrobosim/data/pddlstream/domains/04_nav_manip_stream
copying /convince_ws/build/pyrobosim/build/lib/pyrobosim/data/test_world_multirobot.yaml -> /convince_ws/install/pyrobosim/lib/python3.12/site-packages/pyrobosim/data
copying /convince_ws/build/pyrobosim/build/lib/pyrobosim/data/pddlstream_simple_world.yaml -> /convince_ws/install/pyrobosim/lib/python3.12/site-packages/pyrobosim/data
copying /convince_ws/build/pyrobosim/build/lib/pyrobosim/data/example_location_data_accessories.yaml -> /convince_ws/install/pyrobosim/lib/python3.12/site-packages/pyrobosim/data
creating /convince_ws/install/pyrobosim/lib/python3.12/site-packages/pyrobosim/data/templates
copying /convince_ws/build/pyrobosim/build/lib/pyrobosim/data/templates/model_template.sdf -> /convince_ws/install/pyrobosim/lib/python3.12/site-packages/pyrobosim/data/templates
copying /convince_ws/build/pyrobosim/build/lib/pyrobosim/data/templates/model_template.config -> /convince_ws/install/pyrobosim/lib/python3.12/site-packages/pyrobosim/data/templates
copying /convince_ws/build/pyrobosim/build/lib/pyrobosim/data/templates/link_template_polyline.sdf -> /convince_ws/install/pyrobosim/lib/python3.12/site-packages/pyrobosim/data/templates
copying /convince_ws/build/pyrobosim/build/lib/pyrobosim/data/templates/world_template_gazebo.sdf -> /convince_ws/install/pyrobosim/lib/python3.12/site-packages/pyrobosim/data/templates
copying /convince_ws/build/pyrobosim/build/lib/pyrobosim/data/templates/world_template_gazebo_classic.sdf -> /convince_ws/install/pyrobosim/lib/python3.12/site-packages/pyrobosim/data/templates
copying /convince_ws/build/pyrobosim/build/lib/pyrobosim/data/example_object_data_drink.yaml -> /convince_ws/install/pyrobosim/lib/python3.12/site-packages/pyrobosim/data
copying /convince_ws/build/pyrobosim/build/lib/pyrobosim/data/example_location_data_furniture.yaml -> /convince_ws/install/pyrobosim/lib/python3.12/site-packages/pyrobosim/data
copying /convince_ws/build/pyrobosim/build/lib/pyrobosim/data/roscon_2024_location_data.yaml -> /convince_ws/install/pyrobosim/lib/python3.12/site-packages/pyrobosim/data
copying /convince_ws/build/pyrobosim/build/lib/pyrobosim/data/example_location_data.yaml -> /convince_ws/install/pyrobosim/lib/python3.12/site-packages/pyrobosim/data
copying /convince_ws/build/pyrobosim/build/lib/pyrobosim/data/roscon_2024_workshop_world.yaml -> /convince_ws/install/pyrobosim/lib/python3.12/site-packages/pyrobosim/data
creating /convince_ws/install/pyrobosim/lib/python3.12/site-packages/pyrobosim/data/sample_models
creating /convince_ws/install/pyrobosim/lib/python3.12/site-packages/pyrobosim/data/sample_models/coke_can
copying /convince_ws/build/pyrobosim/build/lib/pyrobosim/data/sample_models/coke_can/model-1_4.sdf -> /convince_ws/install/pyrobosim/lib/python3.12/site-packages/pyrobosim/data/sample_models/coke_can
copying /convince_ws/build/pyrobosim/build/lib/pyrobosim/data/sample_models/coke_can/model.sdf -> /convince_ws/install/pyrobosim/lib/python3.12/site-packages/pyrobosim/data/sample_models/coke_can
creating /convince_ws/install/pyrobosim/lib/python3.12/site-packages/pyrobosim/data/sample_models/coke_can/materials
creating /convince_ws/install/pyrobosim/lib/python3.12/site-packages/pyrobosim/data/sample_models/coke_can/materials/textures
copying /convince_ws/build/pyrobosim/build/lib/pyrobosim/data/sample_models/coke_can/materials/textures/coke_can.png -> /convince_ws/install/pyrobosim/lib/python3.12/site-packages/pyrobosim/data/sample_models/coke_can/materials/textures
creating /convince_ws/install/pyrobosim/lib/python3.12/site-packages/pyrobosim/data/sample_models/coke_can/meshes
copying /convince_ws/build/pyrobosim/build/lib/pyrobosim/data/sample_models/coke_can/meshes/coke_can.dae -> /convince_ws/install/pyrobosim/lib/python3.12/site-packages/pyrobosim/data/sample_models/coke_can/meshes
copying /convince_ws/build/pyrobosim/build/lib/pyrobosim/data/sample_models/coke_can/model-1_3.sdf -> /convince_ws/install/pyrobosim/lib/python3.12/site-packages/pyrobosim/data/sample_models/coke_can
copying /convince_ws/build/pyrobosim/build/lib/pyrobosim/data/sample_models/coke_can/model.config -> /convince_ws/install/pyrobosim/lib/python3.12/site-packages/pyrobosim/data/sample_models/coke_can
copying /convince_ws/build/pyrobosim/build/lib/pyrobosim/data/sample_models/coke_can/model-1_2.sdf -> /convince_ws/install/pyrobosim/lib/python3.12/site-packages/pyrobosim/data/sample_models/coke_can
creating /convince_ws/install/pyrobosim/lib/python3.12/site-packages/pyrobosim/data/sample_models/first_2015_trash_can
copying /convince_ws/build/pyrobosim/build/lib/pyrobosim/data/sample_models/first_2015_trash_can/model.sdf -> /convince_ws/install/pyrobosim/lib/python3.12/site-packages/pyrobosim/data/sample_models/first_2015_trash_can
creating /convince_ws/install/pyrobosim/lib/python3.12/site-packages/pyrobosim/data/sample_models/first_2015_trash_can/meshes
copying /convince_ws/build/pyrobosim/build/lib/pyrobosim/data/sample_models/first_2015_trash_can/meshes/trash_can.dae -> /convince_ws/install/pyrobosim/lib/python3.12/site-packages/pyrobosim/data/sample_models/first_2015_trash_can/meshes
copying /convince_ws/build/pyrobosim/build/lib/pyrobosim/data/sample_models/first_2015_trash_can/model.config -> /convince_ws/install/pyrobosim/lib/python3.12/site-packages/pyrobosim/data/sample_models/first_2015_trash_can
copying /convince_ws/build/pyrobosim/build/lib/pyrobosim/data/example_object_data.yaml -> /convince_ws/install/pyrobosim/lib/python3.12/site-packages/pyrobosim/data
copying /convince_ws/build/pyrobosim/build/lib/pyrobosim/data/.gitignore -> /convince_ws/install/pyrobosim/lib/python3.12/site-packages/pyrobosim/data
copying /convince_ws/build/pyrobosim/build/lib/pyrobosim/data/test_world.yaml -> /convince_ws/install/pyrobosim/lib/python3.12/site-packages/pyrobosim/data
copying /convince_ws/build/pyrobosim/build/lib/pyrobosim/data/roscon_2024_object_data.yaml -> /convince_ws/install/pyrobosim/lib/python3.12/site-packages/pyrobosim/data
copying /convince_ws/build/pyrobosim/build/lib/pyrobosim/data/example_object_data_food.yaml -> /convince_ws/install/pyrobosim/lib/python3.12/site-packages/pyrobosim/data
creating /convince_ws/install/pyrobosim/lib/python3.12/site-packages/pyrobosim/planning
creating /convince_ws/install/pyrobosim/lib/python3.12/site-packages/pyrobosim/planning/pddlstream
copying /convince_ws/build/pyrobosim/build/lib/pyrobosim/planning/pddlstream/planner.py -> /convince_ws/install/pyrobosim/lib/python3.12/site-packages/pyrobosim/planning/pddlstream
copying /convince_ws/build/pyrobosim/build/lib/pyrobosim/planning/pddlstream/primitives.py -> /convince_ws/install/pyrobosim/lib/python3.12/site-packages/pyrobosim/planning/pddlstream
copying /convince_ws/build/pyrobosim/build/lib/pyrobosim/planning/pddlstream/utils.py -> /convince_ws/install/pyrobosim/lib/python3.12/site-packages/pyrobosim/planning/pddlstream
copying /convince_ws/build/pyrobosim/build/lib/pyrobosim/planning/pddlstream/__init__.py -> /convince_ws/install/pyrobosim/lib/python3.12/site-packages/pyrobosim/planning/pddlstream
copying /convince_ws/build/pyrobosim/build/lib/pyrobosim/planning/pddlstream/default_mappings.py -> /convince_ws/install/pyrobosim/lib/python3.12/site-packages/pyrobosim/planning/pddlstream
copying /convince_ws/build/pyrobosim/build/lib/pyrobosim/planning/__init__.py -> /convince_ws/install/pyrobosim/lib/python3.12/site-packages/pyrobosim/planning
copying /convince_ws/build/pyrobosim/build/lib/pyrobosim/planning/actions.py -> /convince_ws/install/pyrobosim/lib/python3.12/site-packages/pyrobosim/planning
creating /convince_ws/install/pyrobosim/lib/python3.12/site-packages/pyrobosim/navigation
copying /convince_ws/build/pyrobosim/build/lib/pyrobosim/navigation/world_graph.py -> /convince_ws/install/pyrobosim/lib/python3.12/site-packages/pyrobosim/navigation
copying /convince_ws/build/pyrobosim/build/lib/pyrobosim/navigation/occupancy_grid.py -> /convince_ws/install/pyrobosim/lib/python3.12/site-packages/pyrobosim/navigation
copying /convince_ws/build/pyrobosim/build/lib/pyrobosim/navigation/__init__.py -> /convince_ws/install/pyrobosim/lib/python3.12/site-packages/pyrobosim/navigation
copying /convince_ws/build/pyrobosim/build/lib/pyrobosim/navigation/visualization.py -> /convince_ws/install/pyrobosim/lib/python3.12/site-packages/pyrobosim/navigation
copying /convince_ws/build/pyrobosim/build/lib/pyrobosim/navigation/types.py -> /convince_ws/install/pyrobosim/lib/python3.12/site-packages/pyrobosim/navigation
copying /convince_ws/build/pyrobosim/build/lib/pyrobosim/navigation/rrt.py -> /convince_ws/install/pyrobosim/lib/python3.12/site-packages/pyrobosim/navigation
copying /convince_ws/build/pyrobosim/build/lib/pyrobosim/navigation/prm.py -> /convince_ws/install/pyrobosim/lib/python3.12/site-packages/pyrobosim/navigation
copying /convince_ws/build/pyrobosim/build/lib/pyrobosim/navigation/execution.py -> /convince_ws/install/pyrobosim/lib/python3.12/site-packages/pyrobosim/navigation
copying /convince_ws/build/pyrobosim/build/lib/pyrobosim/navigation/a_star.py -> /convince_ws/install/pyrobosim/lib/python3.12/site-packages/pyrobosim/navigation
copying /convince_ws/build/pyrobosim/build/lib/pyrobosim/__init__.py -> /convince_ws/install/pyrobosim/lib/python3.12/site-packages/pyrobosim
creating /convince_ws/install/pyrobosim/lib/python3.12/site-packages/pyrobosim/manipulation
copying /convince_ws/build/pyrobosim/build/lib/pyrobosim/manipulation/__init__.py -> /convince_ws/install/pyrobosim/lib/python3.12/site-packages/pyrobosim/manipulation
copying /convince_ws/build/pyrobosim/build/lib/pyrobosim/manipulation/grasping.py -> /convince_ws/install/pyrobosim/lib/python3.12/site-packages/pyrobosim/manipulation
creating /convince_ws/install/pyrobosim/lib/python3.12/site-packages/pyrobosim/sensors
copying /convince_ws/build/pyrobosim/build/lib/pyrobosim/sensors/lidar.py -> /convince_ws/install/pyrobosim/lib/python3.12/site-packages/pyrobosim/sensors
copying /convince_ws/build/pyrobosim/build/lib/pyrobosim/sensors/__init__.py -> /convince_ws/install/pyrobosim/lib/python3.12/site-packages/pyrobosim/sensors
copying /convince_ws/build/pyrobosim/build/lib/pyrobosim/sensors/types.py -> /convince_ws/install/pyrobosim/lib/python3.12/site-packages/pyrobosim/sensors
byte-compiling /convince_ws/install/pyrobosim/lib/python3.12/site-packages/pyrobosim/gui/action_runners.py to action_runners.cpython-312.pyc
byte-compiling /convince_ws/install/pyrobosim/lib/python3.12/site-packages/pyrobosim/gui/options.py to options.cpython-312.pyc
byte-compiling /convince_ws/install/pyrobosim/lib/python3.12/site-packages/pyrobosim/gui/world_canvas.py to world_canvas.cpython-312.pyc
byte-compiling /convince_ws/install/pyrobosim/lib/python3.12/site-packages/pyrobosim/gui/__init__.py to __init__.cpython-312.pyc
byte-compiling /convince_ws/install/pyrobosim/lib/python3.12/site-packages/pyrobosim/gui/main.py to main.cpython-312.pyc
byte-compiling /convince_ws/install/pyrobosim/lib/python3.12/site-packages/pyrobosim/core/locations.py to locations.cpython-312.pyc
byte-compiling /convince_ws/install/pyrobosim/lib/python3.12/site-packages/pyrobosim/core/yaml_utils.py to yaml_utils.cpython-312.pyc
byte-compiling /convince_ws/install/pyrobosim/lib/python3.12/site-packages/pyrobosim/core/objects.py to objects.cpython-312.pyc
byte-compiling /convince_ws/install/pyrobosim/lib/python3.12/site-packages/pyrobosim/core/dynamics.py to dynamics.cpython-312.pyc
byte-compiling /convince_ws/install/pyrobosim/lib/python3.12/site-packages/pyrobosim/core/__init__.py to __init__.cpython-312.pyc
byte-compiling /convince_ws/install/pyrobosim/lib/python3.12/site-packages/pyrobosim/core/hallway.py to hallway.cpython-312.pyc
byte-compiling /convince_ws/install/pyrobosim/lib/python3.12/site-packages/pyrobosim/core/gazebo.py to gazebo.cpython-312.pyc
byte-compiling /convince_ws/install/pyrobosim/lib/python3.12/site-packages/pyrobosim/core/types.py to types.cpython-312.pyc
byte-compiling /convince_ws/install/pyrobosim/lib/python3.12/site-packages/pyrobosim/core/robot.py to robot.cpython-312.pyc
byte-compiling /convince_ws/install/pyrobosim/lib/python3.12/site-packages/pyrobosim/core/world.py to world.cpython-312.pyc
byte-compiling /convince_ws/install/pyrobosim/lib/python3.12/site-packages/pyrobosim/core/room.py to room.cpython-312.pyc
byte-compiling /convince_ws/install/pyrobosim/lib/python3.12/site-packages/pyrobosim/utils/knowledge.py to knowledge.cpython-312.pyc
byte-compiling /convince_ws/install/pyrobosim/lib/python3.12/site-packages/pyrobosim/utils/general.py to general.cpython-312.pyc
byte-compiling /convince_ws/install/pyrobosim/lib/python3.12/site-packages/pyrobosim/utils/polygon.py to polygon.cpython-312.pyc
byte-compiling /convince_ws/install/pyrobosim/lib/python3.12/site-packages/pyrobosim/utils/search_graph.py to search_graph.cpython-312.pyc
byte-compiling /convince_ws/install/pyrobosim/lib/python3.12/site-packages/pyrobosim/utils/__init__.py to __init__.cpython-312.pyc
byte-compiling /convince_ws/install/pyrobosim/lib/python3.12/site-packages/pyrobosim/utils/path.py to path.cpython-312.pyc
byte-compiling /convince_ws/install/pyrobosim/lib/python3.12/site-packages/pyrobosim/utils/world_motion_planning.py to world_motion_planning.cpython-312.pyc
byte-compiling /convince_ws/install/pyrobosim/lib/python3.12/site-packages/pyrobosim/utils/pose.py to pose.cpython-312.pyc
byte-compiling /convince_ws/install/pyrobosim/lib/python3.12/site-packages/pyrobosim/utils/trajectory.py to trajectory.cpython-312.pyc
byte-compiling /convince_ws/install/pyrobosim/lib/python3.12/site-packages/pyrobosim/utils/logging.py to logging.cpython-312.pyc
byte-compiling /convince_ws/install/pyrobosim/lib/python3.12/site-packages/pyrobosim/utils/world_collision.py to world_collision.cpython-312.pyc
byte-compiling /convince_ws/install/pyrobosim/lib/python3.12/site-packages/pyrobosim/utils/graph_types.py to graph_types.cpython-312.pyc
byte-compiling /convince_ws/install/pyrobosim/lib/python3.12/site-packages/pyrobosim/planning/pddlstream/planner.py to planner.cpython-312.pyc
byte-compiling /convince_ws/install/pyrobosim/lib/python3.12/site-packages/pyrobosim/planning/pddlstream/primitives.py to primitives.cpython-312.pyc
byte-compiling /convince_ws/install/pyrobosim/lib/python3.12/site-packages/pyrobosim/planning/pddlstream/utils.py to utils.cpython-312.pyc
byte-compiling /convince_ws/install/pyrobosim/lib/python3.12/site-packages/pyrobosim/planning/pddlstream/__init__.py to __init__.cpython-312.pyc
byte-compiling /convince_ws/install/pyrobosim/lib/python3.12/site-packages/pyrobosim/planning/pddlstream/default_mappings.py to default_mappings.cpython-312.pyc
byte-compiling /convince_ws/install/pyrobosim/lib/python3.12/site-packages/pyrobosim/planning/__init__.py to __init__.cpython-312.pyc
byte-compiling /convince_ws/install/pyrobosim/lib/python3.12/site-packages/pyrobosim/planning/actions.py to actions.cpython-312.pyc
byte-compiling /convince_ws/install/pyrobosim/lib/python3.12/site-packages/pyrobosim/navigation/world_graph.py to world_graph.cpython-312.pyc
byte-compiling /convince_ws/install/pyrobosim/lib/python3.12/site-packages/pyrobosim/navigation/occupancy_grid.py to occupancy_grid.cpython-312.pyc
byte-compiling /convince_ws/install/pyrobosim/lib/python3.12/site-packages/pyrobosim/navigation/__init__.py to __init__.cpython-312.pyc
byte-compiling /convince_ws/install/pyrobosim/lib/python3.12/site-packages/pyrobosim/navigation/visualization.py to visualization.cpython-312.pyc
byte-compiling /convince_ws/install/pyrobosim/lib/python3.12/site-packages/pyrobosim/navigation/types.py to types.cpython-312.pyc
byte-compiling /convince_ws/install/pyrobosim/lib/python3.12/site-packages/pyrobosim/navigation/rrt.py to rrt.cpython-312.pyc
byte-compiling /convince_ws/install/pyrobosim/lib/python3.12/site-packages/pyrobosim/navigation/prm.py to prm.cpython-312.pyc
byte-compiling /convince_ws/install/pyrobosim/lib/python3.12/site-packages/pyrobosim/navigation/execution.py to execution.cpython-312.pyc
byte-compiling /convince_ws/install/pyrobosim/lib/python3.12/site-packages/pyrobosim/navigation/a_star.py to a_star.cpython-312.pyc
byte-compiling /convince_ws/install/pyrobosim/lib/python3.12/site-packages/pyrobosim/__init__.py to __init__.cpython-312.pyc
byte-compiling /convince_ws/install/pyrobosim/lib/python3.12/site-packages/pyrobosim/manipulation/__init__.py to __init__.cpython-312.pyc
byte-compiling /convince_ws/install/pyrobosim/lib/python3.12/site-packages/pyrobosim/manipulation/grasping.py to grasping.cpython-312.pyc
byte-compiling /convince_ws/install/pyrobosim/lib/python3.12/site-packages/pyrobosim/sensors/lidar.py to lidar.cpython-312.pyc
byte-compiling /convince_ws/install/pyrobosim/lib/python3.12/site-packages/pyrobosim/sensors/__init__.py to __init__.cpython-312.pyc
byte-compiling /convince_ws/install/pyrobosim/lib/python3.12/site-packages/pyrobosim/sensors/types.py to types.cpython-312.pyc
running install_egg_info
Copying ../../../build/pyrobosim/pyrobosim.egg-info to /convince_ws/install/pyrobosim/lib/python3.12/site-packages/pyrobosim-4.3.3-py3.12.egg-info
running install_scripts
writing list of installed files to '/convince_ws/build/pyrobosim/install.log'
