[0.382s] Invoking command in '/convince_ws/build/pyrobosim': PYTHONPATH=/convince_ws/build/pyrobosim/prefix_override:/usr/lib/python3/dist-packages/colcon_core/task/python/colcon_distutils_commands:/convince_ws/install/pyrobosim/lib/python3.12/site-packages:${PYTHONPATH} /usr/bin/python3 -W ignore:setup.py install is deprecated -W ignore:easy_install command is deprecated setup.py develop --uninstall --editable --build-directory /convince_ws/build/pyrobosim/build
[0.518s] running develop
[0.582s] Removing /convince_ws/install/pyrobosim/lib/python3.12/site-packages/pyrobosim.egg-link (link to .)
[0.603s] Invoked command in '/convince_ws/build/pyrobosim' returned '0': PYTHONPATH=/convince_ws/build/pyrobosim/prefix_override:/usr/lib/python3/dist-packages/colcon_core/task/python/colcon_distutils_commands:/convince_ws/install/pyrobosim/lib/python3.12/site-packages:${PYTHONPATH} /usr/bin/python3 -W ignore:setup.py install is deprecated -W ignore:easy_install command is deprecated setup.py develop --uninstall --editable --build-directory /convince_ws/build/pyrobosim/build
[0.604s] Invoking command in '/convince_ws/src/pyrobosim/pyrobosim': PYTHONPATH=/convince_ws/build/pyrobosim/prefix_override:/usr/lib/python3/dist-packages/colcon_core/task/python/colcon_distutils_commands:/convince_ws/install/pyrobosim/lib/python3.12/site-packages:${PYTHONPATH} /usr/bin/python3 -W ignore:setup.py install is deprecated -W ignore:easy_install command is deprecated setup.py egg_info --egg-base ../../../build/pyrobosim build --build-base /convince_ws/build/pyrobosim/build install --record /convince_ws/build/pyrobosim/install.log --single-version-externally-managed
[0.715s] running egg_info
[0.722s] writing ../../../build/pyrobosim/pyrobosim.egg-info/PKG-INFO
[0.722s] writing dependency_links to ../../../build/pyrobosim/pyrobosim.egg-info/dependency_links.txt
[0.722s] writing requirements to ../../../build/pyrobosim/pyrobosim.egg-info/requires.txt
[0.722s] writing top-level names to ../../../build/pyrobosim/pyrobosim.egg-info/top_level.txt
[0.736s] reading manifest file '../../../build/pyrobosim/pyrobosim.egg-info/SOURCES.txt'
[0.737s] writing manifest file '../../../build/pyrobosim/pyrobosim.egg-info/SOURCES.txt'
[0.737s] running build
[0.737s] running build_py
[0.737s] creating /convince_ws/build/pyrobosim/build
[0.737s] creating /convince_ws/build/pyrobosim/build/lib
[0.737s] creating /convince_ws/build/pyrobosim/build/lib/pyrobosim
[0.737s] copying pyrobosim/__init__.py -> /convince_ws/build/pyrobosim/build/lib/pyrobosim
[0.737s] creating /convince_ws/build/pyrobosim/build/lib/pyrobosim/gui
[0.737s] copying pyrobosim/gui/action_runners.py -> /convince_ws/build/pyrobosim/build/lib/pyrobosim/gui
[0.737s] copying pyrobosim/gui/options.py -> /convince_ws/build/pyrobosim/build/lib/pyrobosim/gui
[0.737s] copying pyrobosim/gui/world_canvas.py -> /convince_ws/build/pyrobosim/build/lib/pyrobosim/gui
[0.737s] copying pyrobosim/gui/__init__.py -> /convince_ws/build/pyrobosim/build/lib/pyrobosim/gui
[0.737s] copying pyrobosim/gui/main.py -> /convince_ws/build/pyrobosim/build/lib/pyrobosim/gui
[0.737s] creating /convince_ws/build/pyrobosim/build/lib/pyrobosim/core
[0.737s] copying pyrobosim/core/locations.py -> /convince_ws/build/pyrobosim/build/lib/pyrobosim/core
[0.737s] copying pyrobosim/core/yaml_utils.py -> /convince_ws/build/pyrobosim/build/lib/pyrobosim/core
[0.738s] copying pyrobosim/core/objects.py -> /convince_ws/build/pyrobosim/build/lib/pyrobosim/core
[0.738s] copying pyrobosim/core/dynamics.py -> /convince_ws/build/pyrobosim/build/lib/pyrobosim/core
[0.738s] copying pyrobosim/core/__init__.py -> /convince_ws/build/pyrobosim/build/lib/pyrobosim/core
[0.738s] copying pyrobosim/core/hallway.py -> /convince_ws/build/pyrobosim/build/lib/pyrobosim/core
[0.738s] copying pyrobosim/core/gazebo.py -> /convince_ws/build/pyrobosim/build/lib/pyrobosim/core
[0.738s] copying pyrobosim/core/types.py -> /convince_ws/build/pyrobosim/build/lib/pyrobosim/core
[0.738s] copying pyrobosim/core/robot.py -> /convince_ws/build/pyrobosim/build/lib/pyrobosim/core
[0.738s] copying pyrobosim/core/world.py -> /convince_ws/build/pyrobosim/build/lib/pyrobosim/core
[0.738s] copying pyrobosim/core/room.py -> /convince_ws/build/pyrobosim/build/lib/pyrobosim/core
[0.738s] creating /convince_ws/build/pyrobosim/build/lib/pyrobosim/utils
[0.738s] copying pyrobosim/utils/knowledge.py -> /convince_ws/build/pyrobosim/build/lib/pyrobosim/utils
[0.738s] copying pyrobosim/utils/general.py -> /convince_ws/build/pyrobosim/build/lib/pyrobosim/utils
[0.738s] copying pyrobosim/utils/polygon.py -> /convince_ws/build/pyrobosim/build/lib/pyrobosim/utils
[0.738s] copying pyrobosim/utils/search_graph.py -> /convince_ws/build/pyrobosim/build/lib/pyrobosim/utils
[0.738s] copying pyrobosim/utils/__init__.py -> /convince_ws/build/pyrobosim/build/lib/pyrobosim/utils
[0.738s] copying pyrobosim/utils/path.py -> /convince_ws/build/pyrobosim/build/lib/pyrobosim/utils
[0.738s] copying pyrobosim/utils/world_motion_planning.py -> /convince_ws/build/pyrobosim/build/lib/pyrobosim/utils
[0.738s] copying pyrobosim/utils/pose.py -> /convince_ws/build/pyrobosim/build/lib/pyrobosim/utils
[0.738s] copying pyrobosim/utils/trajectory.py -> /convince_ws/build/pyrobosim/build/lib/pyrobosim/utils
[0.739s] copying pyrobosim/utils/logging.py -> /convince_ws/build/pyrobosim/build/lib/pyrobosim/utils
[0.739s] copying pyrobosim/utils/world_collision.py -> /convince_ws/build/pyrobosim/build/lib/pyrobosim/utils
[0.739s] copying pyrobosim/utils/graph_types.py -> /convince_ws/build/pyrobosim/build/lib/pyrobosim/utils
[0.739s] creating /convince_ws/build/pyrobosim/build/lib/pyrobosim/planning
[0.739s] copying pyrobosim/planning/__init__.py -> /convince_ws/build/pyrobosim/build/lib/pyrobosim/planning
[0.739s] copying pyrobosim/planning/actions.py -> /convince_ws/build/pyrobosim/build/lib/pyrobosim/planning
[0.739s] creating /convince_ws/build/pyrobosim/build/lib/pyrobosim/navigation
[0.739s] copying pyrobosim/navigation/world_graph.py -> /convince_ws/build/pyrobosim/build/lib/pyrobosim/navigation
[0.739s] copying pyrobosim/navigation/occupancy_grid.py -> /convince_ws/build/pyrobosim/build/lib/pyrobosim/navigation
[0.739s] copying pyrobosim/navigation/__init__.py -> /convince_ws/build/pyrobosim/build/lib/pyrobosim/navigation
[0.739s] copying pyrobosim/navigation/visualization.py -> /convince_ws/build/pyrobosim/build/lib/pyrobosim/navigation
[0.739s] copying pyrobosim/navigation/types.py -> /convince_ws/build/pyrobosim/build/lib/pyrobosim/navigation
[0.739s] copying pyrobosim/navigation/rrt.py -> /convince_ws/build/pyrobosim/build/lib/pyrobosim/navigation
[0.739s] copying pyrobosim/navigation/prm.py -> /convince_ws/build/pyrobosim/build/lib/pyrobosim/navigation
[0.739s] copying pyrobosim/navigation/execution.py -> /convince_ws/build/pyrobosim/build/lib/pyrobosim/navigation
[0.740s] copying pyrobosim/navigation/a_star.py -> /convince_ws/build/pyrobosim/build/lib/pyrobosim/navigation
[0.740s] creating /convince_ws/build/pyrobosim/build/lib/pyrobosim/manipulation
[0.740s] copying pyrobosim/manipulation/__init__.py -> /convince_ws/build/pyrobosim/build/lib/pyrobosim/manipulation
[0.740s] copying pyrobosim/manipulation/grasping.py -> /convince_ws/build/pyrobosim/build/lib/pyrobosim/manipulation
[0.740s] creating /convince_ws/build/pyrobosim/build/lib/pyrobosim/sensors
[0.740s] copying pyrobosim/sensors/lidar.py -> /convince_ws/build/pyrobosim/build/lib/pyrobosim/sensors
[0.740s] copying pyrobosim/sensors/__init__.py -> /convince_ws/build/pyrobosim/build/lib/pyrobosim/sensors
[0.740s] copying pyrobosim/sensors/types.py -> /convince_ws/build/pyrobosim/build/lib/pyrobosim/sensors
[0.740s] creating /convince_ws/build/pyrobosim/build/lib/pyrobosim/planning/pddlstream
[0.740s] copying pyrobosim/planning/pddlstream/planner.py -> /convince_ws/build/pyrobosim/build/lib/pyrobosim/planning/pddlstream
[0.740s] copying pyrobosim/planning/pddlstream/primitives.py -> /convince_ws/build/pyrobosim/build/lib/pyrobosim/planning/pddlstream
[0.740s] copying pyrobosim/planning/pddlstream/utils.py -> /convince_ws/build/pyrobosim/build/lib/pyrobosim/planning/pddlstream
[0.740s] copying pyrobosim/planning/pddlstream/__init__.py -> /convince_ws/build/pyrobosim/build/lib/pyrobosim/planning/pddlstream
[0.741s] copying pyrobosim/planning/pddlstream/default_mappings.py -> /convince_ws/build/pyrobosim/build/lib/pyrobosim/planning/pddlstream
[0.741s] creating /convince_ws/build/pyrobosim/build/lib/pyrobosim/data
[0.741s] copying pyrobosim/data/test_world_multirobot.yaml -> /convince_ws/build/pyrobosim/build/lib/pyrobosim/data
[0.741s] copying pyrobosim/data/pddlstream_simple_world.yaml -> /convince_ws/build/pyrobosim/build/lib/pyrobosim/data
[0.741s] copying pyrobosim/data/example_location_data_accessories.yaml -> /convince_ws/build/pyrobosim/build/lib/pyrobosim/data
[0.741s] copying pyrobosim/data/example_object_data_drink.yaml -> /convince_ws/build/pyrobosim/build/lib/pyrobosim/data
[0.742s] copying pyrobosim/data/example_location_data_furniture.yaml -> /convince_ws/build/pyrobosim/build/lib/pyrobosim/data
[0.742s] copying pyrobosim/data/roscon_2024_location_data.yaml -> /convince_ws/build/pyrobosim/build/lib/pyrobosim/data
[0.742s] copying pyrobosim/data/example_location_data.yaml -> /convince_ws/build/pyrobosim/build/lib/pyrobosim/data
[0.742s] copying pyrobosim/data/roscon_2024_workshop_world.yaml -> /convince_ws/build/pyrobosim/build/lib/pyrobosim/data
[0.742s] copying pyrobosim/data/example_object_data.yaml -> /convince_ws/build/pyrobosim/build/lib/pyrobosim/data
[0.743s] copying pyrobosim/data/.gitignore -> /convince_ws/build/pyrobosim/build/lib/pyrobosim/data
[0.743s] copying pyrobosim/data/test_world.yaml -> /convince_ws/build/pyrobosim/build/lib/pyrobosim/data
[0.743s] copying pyrobosim/data/roscon_2024_object_data.yaml -> /convince_ws/build/pyrobosim/build/lib/pyrobosim/data
[0.743s] copying pyrobosim/data/example_object_data_food.yaml -> /convince_ws/build/pyrobosim/build/lib/pyrobosim/data
[0.743s] creating /convince_ws/build/pyrobosim/build/lib/pyrobosim/data/pddlstream
[0.743s] creating /convince_ws/build/pyrobosim/build/lib/pyrobosim/data/pddlstream/domains
[0.743s] creating /convince_ws/build/pyrobosim/build/lib/pyrobosim/data/pddlstream/domains/03_nav_stream
[0.744s] copying pyrobosim/data/pddlstream/domains/03_nav_stream/streams.pddl -> /convince_ws/build/pyrobosim/build/lib/pyrobosim/data/pddlstream/domains/03_nav_stream
[0.744s] copying pyrobosim/data/pddlstream/domains/03_nav_stream/domain.pddl -> /convince_ws/build/pyrobosim/build/lib/pyrobosim/data/pddlstream/domains/03_nav_stream
[0.744s] creating /convince_ws/build/pyrobosim/build/lib/pyrobosim/data/pddlstream/domains/02_derived
[0.744s] copying pyrobosim/data/pddlstream/domains/02_derived/streams.pddl -> /convince_ws/build/pyrobosim/build/lib/pyrobosim/data/pddlstream/domains/02_derived
[0.744s] copying pyrobosim/data/pddlstream/domains/02_derived/domain.pddl -> /convince_ws/build/pyrobosim/build/lib/pyrobosim/data/pddlstream/domains/02_derived
[0.745s] creating /convince_ws/build/pyrobosim/build/lib/pyrobosim/data/pddlstream/domains/01_simple
[0.745s] copying pyrobosim/data/pddlstream/domains/01_simple/streams.pddl -> /convince_ws/build/pyrobosim/build/lib/pyrobosim/data/pddlstream/domains/01_simple
[0.745s] copying pyrobosim/data/pddlstream/domains/01_simple/domain.pddl -> /convince_ws/build/pyrobosim/build/lib/pyrobosim/data/pddlstream/domains/01_simple
[0.745s] creating /convince_ws/build/pyrobosim/build/lib/pyrobosim/data/pddlstream/domains/05_nav_grasp_stream
[0.745s] copying pyrobosim/data/pddlstream/domains/05_nav_grasp_stream/streams.pddl -> /convince_ws/build/pyrobosim/build/lib/pyrobosim/data/pddlstream/domains/05_nav_grasp_stream
[0.745s] copying pyrobosim/data/pddlstream/domains/05_nav_grasp_stream/domain.pddl -> /convince_ws/build/pyrobosim/build/lib/pyrobosim/data/pddlstream/domains/05_nav_grasp_stream
[0.746s] creating /convince_ws/build/pyrobosim/build/lib/pyrobosim/data/pddlstream/domains/06_open_close_detect
[0.746s] copying pyrobosim/data/pddlstream/domains/06_open_close_detect/streams.pddl -> /convince_ws/build/pyrobosim/build/lib/pyrobosim/data/pddlstream/domains/06_open_close_detect
[0.746s] copying pyrobosim/data/pddlstream/domains/06_open_close_detect/domain.pddl -> /convince_ws/build/pyrobosim/build/lib/pyrobosim/data/pddlstream/domains/06_open_close_detect
[0.746s] creating /convince_ws/build/pyrobosim/build/lib/pyrobosim/data/pddlstream/domains/04_nav_manip_stream
[0.746s] copying pyrobosim/data/pddlstream/domains/04_nav_manip_stream/streams.pddl -> /convince_ws/build/pyrobosim/build/lib/pyrobosim/data/pddlstream/domains/04_nav_manip_stream
[0.746s] copying pyrobosim/data/pddlstream/domains/04_nav_manip_stream/domain.pddl -> /convince_ws/build/pyrobosim/build/lib/pyrobosim/data/pddlstream/domains/04_nav_manip_stream
[0.746s] creating /convince_ws/build/pyrobosim/build/lib/pyrobosim/data/templates
[0.747s] copying pyrobosim/data/templates/model_template.sdf -> /convince_ws/build/pyrobosim/build/lib/pyrobosim/data/templates
[0.747s] copying pyrobosim/data/templates/model_template.config -> /convince_ws/build/pyrobosim/build/lib/pyrobosim/data/templates
[0.747s] copying pyrobosim/data/templates/link_template_polyline.sdf -> /convince_ws/build/pyrobosim/build/lib/pyrobosim/data/templates
[0.747s] copying pyrobosim/data/templates/world_template_gazebo.sdf -> /convince_ws/build/pyrobosim/build/lib/pyrobosim/data/templates
[0.747s] copying pyrobosim/data/templates/world_template_gazebo_classic.sdf -> /convince_ws/build/pyrobosim/build/lib/pyrobosim/data/templates
[0.748s] creating /convince_ws/build/pyrobosim/build/lib/pyrobosim/data/sample_models
[0.748s] creating /convince_ws/build/pyrobosim/build/lib/pyrobosim/data/sample_models/coke_can
[0.748s] copying pyrobosim/data/sample_models/coke_can/model-1_4.sdf -> /convince_ws/build/pyrobosim/build/lib/pyrobosim/data/sample_models/coke_can
[0.748s] copying pyrobosim/data/sample_models/coke_can/model.sdf -> /convince_ws/build/pyrobosim/build/lib/pyrobosim/data/sample_models/coke_can
[0.748s] copying pyrobosim/data/sample_models/coke_can/model-1_3.sdf -> /convince_ws/build/pyrobosim/build/lib/pyrobosim/data/sample_models/coke_can
[0.748s] copying pyrobosim/data/sample_models/coke_can/model.config -> /convince_ws/build/pyrobosim/build/lib/pyrobosim/data/sample_models/coke_can
[0.748s] copying pyrobosim/data/sample_models/coke_can/model-1_2.sdf -> /convince_ws/build/pyrobosim/build/lib/pyrobosim/data/sample_models/coke_can
[0.749s] creating /convince_ws/build/pyrobosim/build/lib/pyrobosim/data/sample_models/coke_can/materials
[0.749s] creating /convince_ws/build/pyrobosim/build/lib/pyrobosim/data/sample_models/coke_can/materials/textures
[0.749s] copying pyrobosim/data/sample_models/coke_can/materials/textures/coke_can.png -> /convince_ws/build/pyrobosim/build/lib/pyrobosim/data/sample_models/coke_can/materials/textures
[0.750s] creating /convince_ws/build/pyrobosim/build/lib/pyrobosim/data/sample_models/coke_can/meshes
[0.750s] copying pyrobosim/data/sample_models/coke_can/meshes/coke_can.dae -> /convince_ws/build/pyrobosim/build/lib/pyrobosim/data/sample_models/coke_can/meshes
[0.752s] creating /convince_ws/build/pyrobosim/build/lib/pyrobosim/data/sample_models/first_2015_trash_can
[0.752s] copying pyrobosim/data/sample_models/first_2015_trash_can/model.sdf -> /convince_ws/build/pyrobosim/build/lib/pyrobosim/data/sample_models/first_2015_trash_can
[0.752s] copying pyrobosim/data/sample_models/first_2015_trash_can/model.config -> /convince_ws/build/pyrobosim/build/lib/pyrobosim/data/sample_models/first_2015_trash_can
[0.752s] creating /convince_ws/build/pyrobosim/build/lib/pyrobosim/data/sample_models/first_2015_trash_can/meshes
[0.752s] copying pyrobosim/data/sample_models/first_2015_trash_can/meshes/trash_can.dae -> /convince_ws/build/pyrobosim/build/lib/pyrobosim/data/sample_models/first_2015_trash_can/meshes
[0.754s] running install
[0.759s] running install_lib
[0.774s] creating /convince_ws/install/pyrobosim/lib/python3.12/site-packages/pyrobosim
[0.774s] creating /convince_ws/install/pyrobosim/lib/python3.12/site-packages/pyrobosim/gui
[0.774s] copying /convince_ws/build/pyrobosim/build/lib/pyrobosim/gui/action_runners.py -> /convince_ws/install/pyrobosim/lib/python3.12/site-packages/pyrobosim/gui
[0.774s] copying /convince_ws/build/pyrobosim/build/lib/pyrobosim/gui/options.py -> /convince_ws/install/pyrobosim/lib/python3.12/site-packages/pyrobosim/gui
[0.774s] copying /convince_ws/build/pyrobosim/build/lib/pyrobosim/gui/world_canvas.py -> /convince_ws/install/pyrobosim/lib/python3.12/site-packages/pyrobosim/gui
[0.774s] copying /convince_ws/build/pyrobosim/build/lib/pyrobosim/gui/__init__.py -> /convince_ws/install/pyrobosim/lib/python3.12/site-packages/pyrobosim/gui
[0.774s] copying /convince_ws/build/pyrobosim/build/lib/pyrobosim/gui/main.py -> /convince_ws/install/pyrobosim/lib/python3.12/site-packages/pyrobosim/gui
[0.774s] creating /convince_ws/install/pyrobosim/lib/python3.12/site-packages/pyrobosim/core
[0.775s] copying /convince_ws/build/pyrobosim/build/lib/pyrobosim/core/locations.py -> /convince_ws/install/pyrobosim/lib/python3.12/site-packages/pyrobosim/core
[0.775s] copying /convince_ws/build/pyrobosim/build/lib/pyrobosim/core/yaml_utils.py -> /convince_ws/install/pyrobosim/lib/python3.12/site-packages/pyrobosim/core
[0.775s] copying /convince_ws/build/pyrobosim/build/lib/pyrobosim/core/objects.py -> /convince_ws/install/pyrobosim/lib/python3.12/site-packages/pyrobosim/core
[0.775s] copying /convince_ws/build/pyrobosim/build/lib/pyrobosim/core/dynamics.py -> /convince_ws/install/pyrobosim/lib/python3.12/site-packages/pyrobosim/core
[0.775s] copying /convince_ws/build/pyrobosim/build/lib/pyrobosim/core/__init__.py -> /convince_ws/install/pyrobosim/lib/python3.12/site-packages/pyrobosim/core
[0.775s] copying /convince_ws/build/pyrobosim/build/lib/pyrobosim/core/hallway.py -> /convince_ws/install/pyrobosim/lib/python3.12/site-packages/pyrobosim/core
[0.775s] copying /convince_ws/build/pyrobosim/build/lib/pyrobosim/core/gazebo.py -> /convince_ws/install/pyrobosim/lib/python3.12/site-packages/pyrobosim/core
[0.775s] copying /convince_ws/build/pyrobosim/build/lib/pyrobosim/core/types.py -> /convince_ws/install/pyrobosim/lib/python3.12/site-packages/pyrobosim/core
[0.775s] copying /convince_ws/build/pyrobosim/build/lib/pyrobosim/core/robot.py -> /convince_ws/install/pyrobosim/lib/python3.12/site-packages/pyrobosim/core
[0.775s] copying /convince_ws/build/pyrobosim/build/lib/pyrobosim/core/world.py -> /convince_ws/install/pyrobosim/lib/python3.12/site-packages/pyrobosim/core
[0.775s] copying /convince_ws/build/pyrobosim/build/lib/pyrobosim/core/room.py -> /convince_ws/install/pyrobosim/lib/python3.12/site-packages/pyrobosim/core
[0.775s] creating /convince_ws/install/pyrobosim/lib/python3.12/site-packages/pyrobosim/utils
[0.775s] copying /convince_ws/build/pyrobosim/build/lib/pyrobosim/utils/knowledge.py -> /convince_ws/install/pyrobosim/lib/python3.12/site-packages/pyrobosim/utils
[0.775s] copying /convince_ws/build/pyrobosim/build/lib/pyrobosim/utils/general.py -> /convince_ws/install/pyrobosim/lib/python3.12/site-packages/pyrobosim/utils
[0.775s] copying /convince_ws/build/pyrobosim/build/lib/pyrobosim/utils/polygon.py -> /convince_ws/install/pyrobosim/lib/python3.12/site-packages/pyrobosim/utils
[0.775s] copying /convince_ws/build/pyrobosim/build/lib/pyrobosim/utils/search_graph.py -> /convince_ws/install/pyrobosim/lib/python3.12/site-packages/pyrobosim/utils
[0.775s] copying /convince_ws/build/pyrobosim/build/lib/pyrobosim/utils/__init__.py -> /convince_ws/install/pyrobosim/lib/python3.12/site-packages/pyrobosim/utils
[0.775s] copying /convince_ws/build/pyrobosim/build/lib/pyrobosim/utils/path.py -> /convince_ws/install/pyrobosim/lib/python3.12/site-packages/pyrobosim/utils
[0.775s] copying /convince_ws/build/pyrobosim/build/lib/pyrobosim/utils/world_motion_planning.py -> /convince_ws/install/pyrobosim/lib/python3.12/site-packages/pyrobosim/utils
[0.775s] copying /convince_ws/build/pyrobosim/build/lib/pyrobosim/utils/pose.py -> /convince_ws/install/pyrobosim/lib/python3.12/site-packages/pyrobosim/utils
[0.775s] copying /convince_ws/build/pyrobosim/build/lib/pyrobosim/utils/trajectory.py -> /convince_ws/install/pyrobosim/lib/python3.12/site-packages/pyrobosim/utils
[0.775s] copying /convince_ws/build/pyrobosim/build/lib/pyrobosim/utils/logging.py -> /convince_ws/install/pyrobosim/lib/python3.12/site-packages/pyrobosim/utils
[0.775s] copying /convince_ws/build/pyrobosim/build/lib/pyrobosim/utils/world_collision.py -> /convince_ws/install/pyrobosim/lib/python3.12/site-packages/pyrobosim/utils
[0.775s] copying /convince_ws/build/pyrobosim/build/lib/pyrobosim/utils/graph_types.py -> /convince_ws/install/pyrobosim/lib/python3.12/site-packages/pyrobosim/utils
[0.776s] creating /convince_ws/install/pyrobosim/lib/python3.12/site-packages/pyrobosim/data
[0.776s] creating /convince_ws/install/pyrobosim/lib/python3.12/site-packages/pyrobosim/data/pddlstream
[0.776s] creating /convince_ws/install/pyrobosim/lib/python3.12/site-packages/pyrobosim/data/pddlstream/domains
[0.776s] creating /convince_ws/install/pyrobosim/lib/python3.12/site-packages/pyrobosim/data/pddlstream/domains/03_nav_stream
[0.776s] copying /convince_ws/build/pyrobosim/build/lib/pyrobosim/data/pddlstream/domains/03_nav_stream/streams.pddl -> /convince_ws/install/pyrobosim/lib/python3.12/site-packages/pyrobosim/data/pddlstream/domains/03_nav_stream
[0.776s] copying /convince_ws/build/pyrobosim/build/lib/pyrobosim/data/pddlstream/domains/03_nav_stream/domain.pddl -> /convince_ws/install/pyrobosim/lib/python3.12/site-packages/pyrobosim/data/pddlstream/domains/03_nav_stream
[0.776s] creating /convince_ws/install/pyrobosim/lib/python3.12/site-packages/pyrobosim/data/pddlstream/domains/02_derived
[0.776s] copying /convince_ws/build/pyrobosim/build/lib/pyrobosim/data/pddlstream/domains/02_derived/streams.pddl -> /convince_ws/install/pyrobosim/lib/python3.12/site-packages/pyrobosim/data/pddlstream/domains/02_derived
[0.776s] copying /convince_ws/build/pyrobosim/build/lib/pyrobosim/data/pddlstream/domains/02_derived/domain.pddl -> /convince_ws/install/pyrobosim/lib/python3.12/site-packages/pyrobosim/data/pddlstream/domains/02_derived
[0.776s] creating /convince_ws/install/pyrobosim/lib/python3.12/site-packages/pyrobosim/data/pddlstream/domains/01_simple
[0.776s] copying /convince_ws/build/pyrobosim/build/lib/pyrobosim/data/pddlstream/domains/01_simple/streams.pddl -> /convince_ws/install/pyrobosim/lib/python3.12/site-packages/pyrobosim/data/pddlstream/domains/01_simple
[0.776s] copying /convince_ws/build/pyrobosim/build/lib/pyrobosim/data/pddlstream/domains/01_simple/domain.pddl -> /convince_ws/install/pyrobosim/lib/python3.12/site-packages/pyrobosim/data/pddlstream/domains/01_simple
[0.776s] creating /convince_ws/install/pyrobosim/lib/python3.12/site-packages/pyrobosim/data/pddlstream/domains/05_nav_grasp_stream
[0.776s] copying /convince_ws/build/pyrobosim/build/lib/pyrobosim/data/pddlstream/domains/05_nav_grasp_stream/streams.pddl -> /convince_ws/install/pyrobosim/lib/python3.12/site-packages/pyrobosim/data/pddlstream/domains/05_nav_grasp_stream
[0.776s] copying /convince_ws/build/pyrobosim/build/lib/pyrobosim/data/pddlstream/domains/05_nav_grasp_stream/domain.pddl -> /convince_ws/install/pyrobosim/lib/python3.12/site-packages/pyrobosim/data/pddlstream/domains/05_nav_grasp_stream
[0.776s] creating /convince_ws/install/pyrobosim/lib/python3.12/site-packages/pyrobosim/data/pddlstream/domains/06_open_close_detect
[0.776s] copying /convince_ws/build/pyrobosim/build/lib/pyrobosim/data/pddlstream/domains/06_open_close_detect/streams.pddl -> /convince_ws/install/pyrobosim/lib/python3.12/site-packages/pyrobosim/data/pddlstream/domains/06_open_close_detect
[0.776s] copying /convince_ws/build/pyrobosim/build/lib/pyrobosim/data/pddlstream/domains/06_open_close_detect/domain.pddl -> /convince_ws/install/pyrobosim/lib/python3.12/site-packages/pyrobosim/data/pddlstream/domains/06_open_close_detect
[0.776s] creating /convince_ws/install/pyrobosim/lib/python3.12/site-packages/pyrobosim/data/pddlstream/domains/04_nav_manip_stream
[0.776s] copying /convince_ws/build/pyrobosim/build/lib/pyrobosim/data/pddlstream/domains/04_nav_manip_stream/streams.pddl -> /convince_ws/install/pyrobosim/lib/python3.12/site-packages/pyrobosim/data/pddlstream/domains/04_nav_manip_stream
[0.776s] copying /convince_ws/build/pyrobosim/build/lib/pyrobosim/data/pddlstream/domains/04_nav_manip_stream/domain.pddl -> /convince_ws/install/pyrobosim/lib/python3.12/site-packages/pyrobosim/data/pddlstream/domains/04_nav_manip_stream
[0.776s] copying /convince_ws/build/pyrobosim/build/lib/pyrobosim/data/test_world_multirobot.yaml -> /convince_ws/install/pyrobosim/lib/python3.12/site-packages/pyrobosim/data
[0.776s] copying /convince_ws/build/pyrobosim/build/lib/pyrobosim/data/pddlstream_simple_world.yaml -> /convince_ws/install/pyrobosim/lib/python3.12/site-packages/pyrobosim/data
[0.776s] copying /convince_ws/build/pyrobosim/build/lib/pyrobosim/data/example_location_data_accessories.yaml -> /convince_ws/install/pyrobosim/lib/python3.12/site-packages/pyrobosim/data
[0.777s] creating /convince_ws/install/pyrobosim/lib/python3.12/site-packages/pyrobosim/data/templates
[0.777s] copying /convince_ws/build/pyrobosim/build/lib/pyrobosim/data/templates/model_template.sdf -> /convince_ws/install/pyrobosim/lib/python3.12/site-packages/pyrobosim/data/templates
[0.777s] copying /convince_ws/build/pyrobosim/build/lib/pyrobosim/data/templates/model_template.config -> /convince_ws/install/pyrobosim/lib/python3.12/site-packages/pyrobosim/data/templates
[0.777s] copying /convince_ws/build/pyrobosim/build/lib/pyrobosim/data/templates/link_template_polyline.sdf -> /convince_ws/install/pyrobosim/lib/python3.12/site-packages/pyrobosim/data/templates
[0.777s] copying /convince_ws/build/pyrobosim/build/lib/pyrobosim/data/templates/world_template_gazebo.sdf -> /convince_ws/install/pyrobosim/lib/python3.12/site-packages/pyrobosim/data/templates
[0.777s] copying /convince_ws/build/pyrobosim/build/lib/pyrobosim/data/templates/world_template_gazebo_classic.sdf -> /convince_ws/install/pyrobosim/lib/python3.12/site-packages/pyrobosim/data/templates
[0.777s] copying /convince_ws/build/pyrobosim/build/lib/pyrobosim/data/example_object_data_drink.yaml -> /convince_ws/install/pyrobosim/lib/python3.12/site-packages/pyrobosim/data
[0.777s] copying /convince_ws/build/pyrobosim/build/lib/pyrobosim/data/example_location_data_furniture.yaml -> /convince_ws/install/pyrobosim/lib/python3.12/site-packages/pyrobosim/data
[0.777s] copying /convince_ws/build/pyrobosim/build/lib/pyrobosim/data/roscon_2024_location_data.yaml -> /convince_ws/install/pyrobosim/lib/python3.12/site-packages/pyrobosim/data
[0.777s] copying /convince_ws/build/pyrobosim/build/lib/pyrobosim/data/example_location_data.yaml -> /convince_ws/install/pyrobosim/lib/python3.12/site-packages/pyrobosim/data
[0.777s] copying /convince_ws/build/pyrobosim/build/lib/pyrobosim/data/roscon_2024_workshop_world.yaml -> /convince_ws/install/pyrobosim/lib/python3.12/site-packages/pyrobosim/data
[0.777s] creating /convince_ws/install/pyrobosim/lib/python3.12/site-packages/pyrobosim/data/sample_models
[0.777s] creating /convince_ws/install/pyrobosim/lib/python3.12/site-packages/pyrobosim/data/sample_models/coke_can
[0.777s] copying /convince_ws/build/pyrobosim/build/lib/pyrobosim/data/sample_models/coke_can/model-1_4.sdf -> /convince_ws/install/pyrobosim/lib/python3.12/site-packages/pyrobosim/data/sample_models/coke_can
[0.777s] copying /convince_ws/build/pyrobosim/build/lib/pyrobosim/data/sample_models/coke_can/model.sdf -> /convince_ws/install/pyrobosim/lib/python3.12/site-packages/pyrobosim/data/sample_models/coke_can
[0.777s] creating /convince_ws/install/pyrobosim/lib/python3.12/site-packages/pyrobosim/data/sample_models/coke_can/materials
[0.777s] creating /convince_ws/install/pyrobosim/lib/python3.12/site-packages/pyrobosim/data/sample_models/coke_can/materials/textures
[0.777s] copying /convince_ws/build/pyrobosim/build/lib/pyrobosim/data/sample_models/coke_can/materials/textures/coke_can.png -> /convince_ws/install/pyrobosim/lib/python3.12/site-packages/pyrobosim/data/sample_models/coke_can/materials/textures
[0.778s] creating /convince_ws/install/pyrobosim/lib/python3.12/site-packages/pyrobosim/data/sample_models/coke_can/meshes
[0.778s] copying /convince_ws/build/pyrobosim/build/lib/pyrobosim/data/sample_models/coke_can/meshes/coke_can.dae -> /convince_ws/install/pyrobosim/lib/python3.12/site-packages/pyrobosim/data/sample_models/coke_can/meshes
[0.778s] copying /convince_ws/build/pyrobosim/build/lib/pyrobosim/data/sample_models/coke_can/model-1_3.sdf -> /convince_ws/install/pyrobosim/lib/python3.12/site-packages/pyrobosim/data/sample_models/coke_can
[0.778s] copying /convince_ws/build/pyrobosim/build/lib/pyrobosim/data/sample_models/coke_can/model.config -> /convince_ws/install/pyrobosim/lib/python3.12/site-packages/pyrobosim/data/sample_models/coke_can
[0.778s] copying /convince_ws/build/pyrobosim/build/lib/pyrobosim/data/sample_models/coke_can/model-1_2.sdf -> /convince_ws/install/pyrobosim/lib/python3.12/site-packages/pyrobosim/data/sample_models/coke_can
[0.778s] creating /convince_ws/install/pyrobosim/lib/python3.12/site-packages/pyrobosim/data/sample_models/first_2015_trash_can
[0.778s] copying /convince_ws/build/pyrobosim/build/lib/pyrobosim/data/sample_models/first_2015_trash_can/model.sdf -> /convince_ws/install/pyrobosim/lib/python3.12/site-packages/pyrobosim/data/sample_models/first_2015_trash_can
[0.778s] creating /convince_ws/install/pyrobosim/lib/python3.12/site-packages/pyrobosim/data/sample_models/first_2015_trash_can/meshes
[0.778s] copying /convince_ws/build/pyrobosim/build/lib/pyrobosim/data/sample_models/first_2015_trash_can/meshes/trash_can.dae -> /convince_ws/install/pyrobosim/lib/python3.12/site-packages/pyrobosim/data/sample_models/first_2015_trash_can/meshes
[0.779s] copying /convince_ws/build/pyrobosim/build/lib/pyrobosim/data/sample_models/first_2015_trash_can/model.config -> /convince_ws/install/pyrobosim/lib/python3.12/site-packages/pyrobosim/data/sample_models/first_2015_trash_can
[0.779s] copying /convince_ws/build/pyrobosim/build/lib/pyrobosim/data/example_object_data.yaml -> /convince_ws/install/pyrobosim/lib/python3.12/site-packages/pyrobosim/data
[0.779s] copying /convince_ws/build/pyrobosim/build/lib/pyrobosim/data/.gitignore -> /convince_ws/install/pyrobosim/lib/python3.12/site-packages/pyrobosim/data
[0.779s] copying /convince_ws/build/pyrobosim/build/lib/pyrobosim/data/test_world.yaml -> /convince_ws/install/pyrobosim/lib/python3.12/site-packages/pyrobosim/data
[0.779s] copying /convince_ws/build/pyrobosim/build/lib/pyrobosim/data/roscon_2024_object_data.yaml -> /convince_ws/install/pyrobosim/lib/python3.12/site-packages/pyrobosim/data
[0.779s] copying /convince_ws/build/pyrobosim/build/lib/pyrobosim/data/example_object_data_food.yaml -> /convince_ws/install/pyrobosim/lib/python3.12/site-packages/pyrobosim/data
[0.779s] creating /convince_ws/install/pyrobosim/lib/python3.12/site-packages/pyrobosim/planning
[0.779s] creating /convince_ws/install/pyrobosim/lib/python3.12/site-packages/pyrobosim/planning/pddlstream
[0.779s] copying /convince_ws/build/pyrobosim/build/lib/pyrobosim/planning/pddlstream/planner.py -> /convince_ws/install/pyrobosim/lib/python3.12/site-packages/pyrobosim/planning/pddlstream
[0.779s] copying /convince_ws/build/pyrobosim/build/lib/pyrobosim/planning/pddlstream/primitives.py -> /convince_ws/install/pyrobosim/lib/python3.12/site-packages/pyrobosim/planning/pddlstream
[0.779s] copying /convince_ws/build/pyrobosim/build/lib/pyrobosim/planning/pddlstream/utils.py -> /convince_ws/install/pyrobosim/lib/python3.12/site-packages/pyrobosim/planning/pddlstream
[0.779s] copying /convince_ws/build/pyrobosim/build/lib/pyrobosim/planning/pddlstream/__init__.py -> /convince_ws/install/pyrobosim/lib/python3.12/site-packages/pyrobosim/planning/pddlstream
[0.779s] copying /convince_ws/build/pyrobosim/build/lib/pyrobosim/planning/pddlstream/default_mappings.py -> /convince_ws/install/pyrobosim/lib/python3.12/site-packages/pyrobosim/planning/pddlstream
[0.779s] copying /convince_ws/build/pyrobosim/build/lib/pyrobosim/planning/__init__.py -> /convince_ws/install/pyrobosim/lib/python3.12/site-packages/pyrobosim/planning
[0.779s] copying /convince_ws/build/pyrobosim/build/lib/pyrobosim/planning/actions.py -> /convince_ws/install/pyrobosim/lib/python3.12/site-packages/pyrobosim/planning
[0.779s] creating /convince_ws/install/pyrobosim/lib/python3.12/site-packages/pyrobosim/navigation
[0.779s] copying /convince_ws/build/pyrobosim/build/lib/pyrobosim/navigation/world_graph.py -> /convince_ws/install/pyrobosim/lib/python3.12/site-packages/pyrobosim/navigation
[0.779s] copying /convince_ws/build/pyrobosim/build/lib/pyrobosim/navigation/occupancy_grid.py -> /convince_ws/install/pyrobosim/lib/python3.12/site-packages/pyrobosim/navigation
[0.779s] copying /convince_ws/build/pyrobosim/build/lib/pyrobosim/navigation/__init__.py -> /convince_ws/install/pyrobosim/lib/python3.12/site-packages/pyrobosim/navigation
[0.779s] copying /convince_ws/build/pyrobosim/build/lib/pyrobosim/navigation/visualization.py -> /convince_ws/install/pyrobosim/lib/python3.12/site-packages/pyrobosim/navigation
[0.779s] copying /convince_ws/build/pyrobosim/build/lib/pyrobosim/navigation/types.py -> /convince_ws/install/pyrobosim/lib/python3.12/site-packages/pyrobosim/navigation
[0.779s] copying /convince_ws/build/pyrobosim/build/lib/pyrobosim/navigation/rrt.py -> /convince_ws/install/pyrobosim/lib/python3.12/site-packages/pyrobosim/navigation
[0.780s] copying /convince_ws/build/pyrobosim/build/lib/pyrobosim/navigation/prm.py -> /convince_ws/install/pyrobosim/lib/python3.12/site-packages/pyrobosim/navigation
[0.780s] copying /convince_ws/build/pyrobosim/build/lib/pyrobosim/navigation/execution.py -> /convince_ws/install/pyrobosim/lib/python3.12/site-packages/pyrobosim/navigation
[0.780s] copying /convince_ws/build/pyrobosim/build/lib/pyrobosim/navigation/a_star.py -> /convince_ws/install/pyrobosim/lib/python3.12/site-packages/pyrobosim/navigation
[0.780s] copying /convince_ws/build/pyrobosim/build/lib/pyrobosim/__init__.py -> /convince_ws/install/pyrobosim/lib/python3.12/site-packages/pyrobosim
[0.780s] creating /convince_ws/install/pyrobosim/lib/python3.12/site-packages/pyrobosim/manipulation
[0.780s] copying /convince_ws/build/pyrobosim/build/lib/pyrobosim/manipulation/__init__.py -> /convince_ws/install/pyrobosim/lib/python3.12/site-packages/pyrobosim/manipulation
[0.780s] copying /convince_ws/build/pyrobosim/build/lib/pyrobosim/manipulation/grasping.py -> /convince_ws/install/pyrobosim/lib/python3.12/site-packages/pyrobosim/manipulation
[0.780s] creating /convince_ws/install/pyrobosim/lib/python3.12/site-packages/pyrobosim/sensors
[0.780s] copying /convince_ws/build/pyrobosim/build/lib/pyrobosim/sensors/lidar.py -> /convince_ws/install/pyrobosim/lib/python3.12/site-packages/pyrobosim/sensors
[0.780s] copying /convince_ws/build/pyrobosim/build/lib/pyrobosim/sensors/__init__.py -> /convince_ws/install/pyrobosim/lib/python3.12/site-packages/pyrobosim/sensors
[0.780s] copying /convince_ws/build/pyrobosim/build/lib/pyrobosim/sensors/types.py -> /convince_ws/install/pyrobosim/lib/python3.12/site-packages/pyrobosim/sensors
[0.780s] byte-compiling /convince_ws/install/pyrobosim/lib/python3.12/site-packages/pyrobosim/gui/action_runners.py to action_runners.cpython-312.pyc
[0.781s] byte-compiling /convince_ws/install/pyrobosim/lib/python3.12/site-packages/pyrobosim/gui/options.py to options.cpython-312.pyc
[0.781s] byte-compiling /convince_ws/install/pyrobosim/lib/python3.12/site-packages/pyrobosim/gui/world_canvas.py to world_canvas.cpython-312.pyc
[0.784s] byte-compiling /convince_ws/install/pyrobosim/lib/python3.12/site-packages/pyrobosim/gui/__init__.py to __init__.cpython-312.pyc
[0.784s] byte-compiling /convince_ws/install/pyrobosim/lib/python3.12/site-packages/pyrobosim/gui/main.py to main.cpython-312.pyc
[0.786s] byte-compiling /convince_ws/install/pyrobosim/lib/python3.12/site-packages/pyrobosim/core/locations.py to locations.cpython-312.pyc
[0.787s] byte-compiling /convince_ws/install/pyrobosim/lib/python3.12/site-packages/pyrobosim/core/yaml_utils.py to yaml_utils.cpython-312.pyc
[0.788s] byte-compiling /convince_ws/install/pyrobosim/lib/python3.12/site-packages/pyrobosim/core/objects.py to objects.cpython-312.pyc
[0.789s] byte-compiling /convince_ws/install/pyrobosim/lib/python3.12/site-packages/pyrobosim/core/dynamics.py to dynamics.cpython-312.pyc
[0.789s] byte-compiling /convince_ws/install/pyrobosim/lib/python3.12/site-packages/pyrobosim/core/__init__.py to __init__.cpython-312.pyc
[0.789s] byte-compiling /convince_ws/install/pyrobosim/lib/python3.12/site-packages/pyrobosim/core/hallway.py to hallway.cpython-312.pyc
[0.790s] byte-compiling /convince_ws/install/pyrobosim/lib/python3.12/site-packages/pyrobosim/core/gazebo.py to gazebo.cpython-312.pyc
[0.792s] byte-compiling /convince_ws/install/pyrobosim/lib/python3.12/site-packages/pyrobosim/core/types.py to types.cpython-312.pyc
[0.792s] byte-compiling /convince_ws/install/pyrobosim/lib/python3.12/site-packages/pyrobosim/core/robot.py to robot.cpython-312.pyc
[0.797s] byte-compiling /convince_ws/install/pyrobosim/lib/python3.12/site-packages/pyrobosim/core/world.py to world.cpython-312.pyc
[0.804s] byte-compiling /convince_ws/install/pyrobosim/lib/python3.12/site-packages/pyrobosim/core/room.py to room.cpython-312.pyc
[0.805s] byte-compiling /convince_ws/install/pyrobosim/lib/python3.12/site-packages/pyrobosim/utils/knowledge.py to knowledge.cpython-312.pyc
[0.807s] byte-compiling /convince_ws/install/pyrobosim/lib/python3.12/site-packages/pyrobosim/utils/general.py to general.cpython-312.pyc
[0.807s] byte-compiling /convince_ws/install/pyrobosim/lib/python3.12/site-packages/pyrobosim/utils/polygon.py to polygon.cpython-312.pyc
[0.808s] byte-compiling /convince_ws/install/pyrobosim/lib/python3.12/site-packages/pyrobosim/utils/search_graph.py to search_graph.cpython-312.pyc
[0.809s] byte-compiling /convince_ws/install/pyrobosim/lib/python3.12/site-packages/pyrobosim/utils/__init__.py to __init__.cpython-312.pyc
[0.809s] byte-compiling /convince_ws/install/pyrobosim/lib/python3.12/site-packages/pyrobosim/utils/path.py to path.cpython-312.pyc
[0.809s] byte-compiling /convince_ws/install/pyrobosim/lib/python3.12/site-packages/pyrobosim/utils/world_motion_planning.py to world_motion_planning.cpython-312.pyc
[0.810s] byte-compiling /convince_ws/install/pyrobosim/lib/python3.12/site-packages/pyrobosim/utils/pose.py to pose.cpython-312.pyc
[0.811s] byte-compiling /convince_ws/install/pyrobosim/lib/python3.12/site-packages/pyrobosim/utils/trajectory.py to trajectory.cpython-312.pyc
[0.812s] byte-compiling /convince_ws/install/pyrobosim/lib/python3.12/site-packages/pyrobosim/utils/logging.py to logging.cpython-312.pyc
[0.812s] byte-compiling /convince_ws/install/pyrobosim/lib/python3.12/site-packages/pyrobosim/utils/world_collision.py to world_collision.cpython-312.pyc
[0.812s] byte-compiling /convince_ws/install/pyrobosim/lib/python3.12/site-packages/pyrobosim/utils/graph_types.py to graph_types.cpython-312.pyc
[0.812s] byte-compiling /convince_ws/install/pyrobosim/lib/python3.12/site-packages/pyrobosim/planning/pddlstream/planner.py to planner.cpython-312.pyc
[0.813s] byte-compiling /convince_ws/install/pyrobosim/lib/python3.12/site-packages/pyrobosim/planning/pddlstream/primitives.py to primitives.cpython-312.pyc
[0.814s] byte-compiling /convince_ws/install/pyrobosim/lib/python3.12/site-packages/pyrobosim/planning/pddlstream/utils.py to utils.cpython-312.pyc
[0.814s] byte-compiling /convince_ws/install/pyrobosim/lib/python3.12/site-packages/pyrobosim/planning/pddlstream/__init__.py to __init__.cpython-312.pyc
[0.815s] byte-compiling /convince_ws/install/pyrobosim/lib/python3.12/site-packages/pyrobosim/planning/pddlstream/default_mappings.py to default_mappings.cpython-312.pyc
[0.815s] byte-compiling /convince_ws/install/pyrobosim/lib/python3.12/site-packages/pyrobosim/planning/__init__.py to __init__.cpython-312.pyc
[0.815s] byte-compiling /convince_ws/install/pyrobosim/lib/python3.12/site-packages/pyrobosim/planning/actions.py to actions.cpython-312.pyc
[0.816s] byte-compiling /convince_ws/install/pyrobosim/lib/python3.12/site-packages/pyrobosim/navigation/world_graph.py to world_graph.cpython-312.pyc
[0.816s] byte-compiling /convince_ws/install/pyrobosim/lib/python3.12/site-packages/pyrobosim/navigation/occupancy_grid.py to occupancy_grid.cpython-312.pyc
[0.818s] byte-compiling /convince_ws/install/pyrobosim/lib/python3.12/site-packages/pyrobosim/navigation/__init__.py to __init__.cpython-312.pyc
[0.818s] byte-compiling /convince_ws/install/pyrobosim/lib/python3.12/site-packages/pyrobosim/navigation/visualization.py to visualization.cpython-312.pyc
[0.818s] byte-compiling /convince_ws/install/pyrobosim/lib/python3.12/site-packages/pyrobosim/navigation/types.py to types.cpython-312.pyc
[0.819s] byte-compiling /convince_ws/install/pyrobosim/lib/python3.12/site-packages/pyrobosim/navigation/rrt.py to rrt.cpython-312.pyc
[0.820s] byte-compiling /convince_ws/install/pyrobosim/lib/python3.12/site-packages/pyrobosim/navigation/prm.py to prm.cpython-312.pyc
[0.820s] byte-compiling /convince_ws/install/pyrobosim/lib/python3.12/site-packages/pyrobosim/navigation/execution.py to execution.cpython-312.pyc
[0.821s] byte-compiling /convince_ws/install/pyrobosim/lib/python3.12/site-packages/pyrobosim/navigation/a_star.py to a_star.cpython-312.pyc
[0.822s] byte-compiling /convince_ws/install/pyrobosim/lib/python3.12/site-packages/pyrobosim/__init__.py to __init__.cpython-312.pyc
[0.822s] byte-compiling /convince_ws/install/pyrobosim/lib/python3.12/site-packages/pyrobosim/manipulation/__init__.py to __init__.cpython-312.pyc
[0.822s] byte-compiling /convince_ws/install/pyrobosim/lib/python3.12/site-packages/pyrobosim/manipulation/grasping.py to grasping.cpython-312.pyc
[0.825s] byte-compiling /convince_ws/install/pyrobosim/lib/python3.12/site-packages/pyrobosim/sensors/lidar.py to lidar.cpython-312.pyc
[0.825s] byte-compiling /convince_ws/install/pyrobosim/lib/python3.12/site-packages/pyrobosim/sensors/__init__.py to __init__.cpython-312.pyc
[0.825s] byte-compiling /convince_ws/install/pyrobosim/lib/python3.12/site-packages/pyrobosim/sensors/types.py to types.cpython-312.pyc
[0.826s] running install_egg_info
[0.833s] Copying ../../../build/pyrobosim/pyrobosim.egg-info to /convince_ws/install/pyrobosim/lib/python3.12/site-packages/pyrobosim-4.3.3-py3.12.egg-info
[0.833s] running install_scripts
[0.885s] writing list of installed files to '/convince_ws/build/pyrobosim/install.log'
[0.909s] Invoked command in '/convince_ws/src/pyrobosim/pyrobosim' returned '0': PYTHONPATH=/convince_ws/build/pyrobosim/prefix_override:/usr/lib/python3/dist-packages/colcon_core/task/python/colcon_distutils_commands:/convince_ws/install/pyrobosim/lib/python3.12/site-packages:${PYTHONPATH} /usr/bin/python3 -W ignore:setup.py install is deprecated -W ignore:easy_install command is deprecated setup.py egg_info --egg-base ../../../build/pyrobosim build --build-base /convince_ws/build/pyrobosim/build install --record /convince_ws/build/pyrobosim/install.log --single-version-externally-managed
