Not searching for unused variables given on the command line.
-- Found ament_cmake: 2.5.5 (/opt/ros/jazzy/share/ament_cmake/cmake)
-- Override CMake install command with custom implementation using symlinks instead of copying resources
-- Found ament_index_cpp: 1.8.2 (/opt/ros/jazzy/share/ament_index_cpp/cmake)
-- Found behaviortree_ros2: 0.3.0 (/convince_ws/install/behaviortree_ros2/share/behaviortree_ros2/cmake)
-- Found rosidl_generator_c: 4.6.7 (/opt/ros/jazzy/share/rosidl_generator_c/cmake)
-- Found rosidl_generator_cpp: 4.6.7 (/opt/ros/jazzy/share/rosidl_generator_cpp/cmake)
-- Using all available rosidl_typesupport_c: rosidl_typesupport_fastrtps_c;rosidl_typesupport_introspection_c
-- Using all available rosidl_typesupport_cpp: rosidl_typesupport_fastrtps_cpp;rosidl_typesupport_introspection_cpp
-- Found rmw_implementation_cmake: 7.3.3 (/opt/ros/jazzy/share/rmw_implementation_cmake/cmake)
-- Found rmw_fastrtps_cpp: 8.4.3 (/opt/ros/jazzy/share/rmw_fastrtps_cpp/cmake)
-- Using RMW implementation 'rmw_fastrtps_cpp' as default
-- Found pyrobosim_msgs: 4.3.3 (/convince_ws/install/pyrobosim_msgs/share/pyrobosim_msgs/cmake)
-- Found bt_interfaces_dummy: 0.0.0 (/convince_ws/install/bt_interfaces_dummy/share/bt_interfaces_dummy/cmake)
-- Found overarching_msgs: 0.0.0 (/convince_ws/install/overarching_msgs/share/overarching_msgs/cmake)
-- Found bt_nodes: 0.0.0 (/convince_ws/install/bt_nodes/share/bt_nodes/cmake)
-- Configuring done (0.4s)
-- Generating done (0.0s)
-- Build files have been written to: /convince_ws/build/bt_executor
[ 50%] [32mBuilding CXX object CMakeFiles/btcpp_executor.dir/src/btcpp_executor.cpp.o[0m
[100%] [32m[1mLinking CXX executable btcpp_executor[0m
[100%] Built target btcpp_executor
-- Install configuration: ""
-- Execute custom install script
-- Symlinking: /convince_ws/install/bt_executor/share/bt_executor/trees/navigation_demo.xml
-- Symlinking: /convince_ws/install/bt_executor/share/bt_executor/trees/pyrobosim_btcpp_model.xml
-- Symlinking: /convince_ws/install/bt_executor/share/bt_executor/trees/roscon2024.btproj
-- Symlinking: /convince_ws/install/bt_executor/share/bt_executor/trees/solution/problem1.xml
-- Symlinking: /convince_ws/install/bt_executor/share/bt_executor/trees/solution/problem2.xml
-- Symlinking: /convince_ws/install/bt_executor/share/bt_executor/trees/solution/problem3.xml
-- Symlinking: /convince_ws/install/bt_executor/share/bt_executor/trees/solution/problem4.xml
-- Symlinking: /convince_ws/install/bt_executor/lib/bt_executor/btcpp_executor
-- Symlinking: /convince_ws/install/bt_executor/include//pyrobosim_btcpp/nodes/battery_nodes.hpp
-- Symlinking: /convince_ws/install/bt_executor/include//pyrobosim_btcpp/nodes/close_node.hpp
-- Symlinking: /convince_ws/install/bt_executor/include//pyrobosim_btcpp/nodes/detect_object_node.hpp
-- Symlinking: /convince_ws/install/bt_executor/include//pyrobosim_btcpp/nodes/execute_task_node.hpp
-- Symlinking: /convince_ws/install/bt_executor/include//pyrobosim_btcpp/nodes/get_current_location_node.hpp
-- Symlinking: /convince_ws/install/bt_executor/include//pyrobosim_btcpp/nodes/get_next_location_node.hpp
-- Symlinking: /convince_ws/install/bt_executor/include//pyrobosim_btcpp/nodes/navigate_node.hpp
-- Symlinking: /convince_ws/install/bt_executor/include//pyrobosim_btcpp/nodes/open_node.hpp
-- Symlinking: /convince_ws/install/bt_executor/include//pyrobosim_btcpp/nodes/pick_object_node.hpp
-- Symlinking: /convince_ws/install/bt_executor/include//pyrobosim_btcpp/nodes/place_object_node.hpp
-- Symlinking: /convince_ws/install/bt_executor/share/ament_index/resource_index/package_run_dependencies/bt_executor
-- Symlinking: /convince_ws/install/bt_executor/share/ament_index/resource_index/parent_prefix_path/bt_executor
-- Symlinking: /convince_ws/install/bt_executor/share/bt_executor/environment/ament_prefix_path.sh
-- Symlinking: /convince_ws/install/bt_executor/share/bt_executor/environment/ament_prefix_path.dsv
-- Symlinking: /convince_ws/install/bt_executor/share/bt_executor/environment/path.sh
-- Symlinking: /convince_ws/install/bt_executor/share/bt_executor/environment/path.dsv
-- Symlinking: /convince_ws/install/bt_executor/share/bt_executor/local_setup.bash
-- Symlinking: /convince_ws/install/bt_executor/share/bt_executor/local_setup.sh
-- Symlinking: /convince_ws/install/bt_executor/share/bt_executor/local_setup.zsh
-- Symlinking: /convince_ws/install/bt_executor/share/bt_executor/local_setup.dsv
-- Symlinking: /convince_ws/install/bt_executor/share/bt_executor/package.dsv
-- Symlinking: /convince_ws/install/bt_executor/share/ament_index/resource_index/packages/bt_executor
-- Symlinking: /convince_ws/install/bt_executor/share/bt_executor/cmake/ament_cmake_export_dependencies-extras.cmake
-- Symlinking: /convince_ws/install/bt_executor/share/bt_executor/cmake/ament_cmake_export_include_directories-extras.cmake
-- Symlinking: /convince_ws/install/bt_executor/share/bt_executor/cmake/bt_executorConfig.cmake
-- Symlinking: /convince_ws/install/bt_executor/share/bt_executor/cmake/bt_executorConfig-version.cmake
-- Symlinking: /convince_ws/install/bt_executor/share/bt_executor/package.xml
