[0.418s] Invoking command in '/convince_ws/build/tutorial_sim': AMENT_PREFIX_PATH=/convince_ws/install/pyrobosim_ros:/convince_ws/install/pyrobosim_msgs:${AMENT_PREFIX_PATH} CMAKE_PREFIX_PATH=/convince_ws/install/pyrobosim_ros:/convince_ws/install/pyrobosim_msgs LD_LIBRARY_PATH=/convince_ws/install/pyrobosim_msgs/lib:${LD_LIBRARY_PATH} PYTHONPATH=/convince_ws/build/tutorial_sim/prefix_override:/usr/lib/python3/dist-packages/colcon_core/task/python/colcon_distutils_commands:/convince_ws/install/tutorial_sim/lib/python3.12/site-packages:/convince_ws/install/pyrobosim_ros/lib/python3.12/site-packages:/convince_ws/install/pyrobosim_msgs/lib/python3.12/site-packages:${PYTHONPATH} /usr/bin/python3 -W ignore:setup.py install is deprecated -W ignore:easy_install command is deprecated setup.py develop --editable --build-directory /convince_ws/build/tutorial_sim/build --no-deps symlink_data
[0.564s] running develop
[0.629s] running egg_info
[0.629s] creating tutorial_sim.egg-info
[0.635s] writing tutorial_sim.egg-info/PKG-INFO
[0.635s] writing dependency_links to tutorial_sim.egg-info/dependency_links.txt
[0.635s] writing entry points to tutorial_sim.egg-info/entry_points.txt
[0.635s] writing requirements to tutorial_sim.egg-info/requires.txt
[0.636s] writing top-level names to tutorial_sim.egg-info/top_level.txt
[0.636s] writing manifest file 'tutorial_sim.egg-info/SOURCES.txt'
[0.649s] reading manifest file 'tutorial_sim.egg-info/SOURCES.txt'
[0.649s] writing manifest file 'tutorial_sim.egg-info/SOURCES.txt'
[0.656s] running build_ext
[0.656s] Creating /convince_ws/install/tutorial_sim/lib/python3.12/site-packages/tutorial-sim.egg-link (link to .)
[0.657s] Installing run script to /convince_ws/install/tutorial_sim/lib/tutorial_sim
[0.657s] Installing translate_component script to /convince_ws/install/tutorial_sim/lib/tutorial_sim
[0.657s] 
[0.657s] Installed /convince_ws/build/tutorial_sim
[0.657s] running symlink_data
[0.657s] creating /convince_ws/install/tutorial_sim/share/ament_index
[0.657s] creating /convince_ws/install/tutorial_sim/share/ament_index/resource_index
[0.657s] creating /convince_ws/install/tutorial_sim/share/ament_index/resource_index/packages
[0.658s] symbolically linking /convince_ws/build/tutorial_sim/resource/tutorial_sim -> /convince_ws/install/tutorial_sim/share/ament_index/resource_index/packages
[0.658s] symbolically linking /convince_ws/build/tutorial_sim/package.xml -> /convince_ws/install/tutorial_sim/share/tutorial_sim
[0.658s] creating /convince_ws/install/tutorial_sim/share/tutorial_sim/worlds
[0.658s] symbolically linking /convince_ws/build/tutorial_sim/worlds/object_data.yaml -> /convince_ws/install/tutorial_sim/share/tutorial_sim/worlds
[0.658s] symbolically linking /convince_ws/build/tutorial_sim/worlds/world.yaml -> /convince_ws/install/tutorial_sim/share/tutorial_sim/worlds
[0.658s] symbolically linking /convince_ws/build/tutorial_sim/worlds/location_data.yaml -> /convince_ws/install/tutorial_sim/share/tutorial_sim/worlds
[0.674s] Invoked command in '/convince_ws/build/tutorial_sim' returned '0': AMENT_PREFIX_PATH=/convince_ws/install/pyrobosim_ros:/convince_ws/install/pyrobosim_msgs:${AMENT_PREFIX_PATH} CMAKE_PREFIX_PATH=/convince_ws/install/pyrobosim_ros:/convince_ws/install/pyrobosim_msgs LD_LIBRARY_PATH=/convince_ws/install/pyrobosim_msgs/lib:${LD_LIBRARY_PATH} PYTHONPATH=/convince_ws/build/tutorial_sim/prefix_override:/usr/lib/python3/dist-packages/colcon_core/task/python/colcon_distutils_commands:/convince_ws/install/tutorial_sim/lib/python3.12/site-packages:/convince_ws/install/pyrobosim_ros/lib/python3.12/site-packages:/convince_ws/install/pyrobosim_msgs/lib/python3.12/site-packages:${PYTHONPATH} /usr/bin/python3 -W ignore:setup.py install is deprecated -W ignore:easy_install command is deprecated setup.py develop --editable --build-directory /convince_ws/build/tutorial_sim/build --no-deps symlink_data
