[0.047s] Invoking command in '/home/ste/ws/hsp-iit/data-model/examples/UC3-museum-guide/high-level-models/build/blackboard_interfaces_dummy': CMAKE_PREFIX_PATH=${CMAKE_PREFIX_PATH}:/opt/ros/iron PS1=\[\033[01;32m\]\u\[\033[00m\]:\[\033[01;34m\]\w\[\033[00m\]\[\e[91m\]$(parse_git_branch)\[\e[00m\]$ /usr/bin/cmake /home/ste/ws/hsp-iit/data-model/examples/UC3-museum-guide/high-level-models/ros_interfaces/blackboard_interfaces_dummy -DCMAKE_INSTALL_PREFIX=/home/ste/ws/hsp-iit/data-model/examples/UC3-museum-guide/high-level-models/install/blackboard_interfaces_dummy
[0.202s] -- The C compiler identification is GNU 11.4.0
[0.334s] -- The CXX compiler identification is GNU 11.4.0
[0.350s] -- Detecting C compiler ABI info
[0.469s] -- Detecting C compiler ABI info - done
[0.488s] -- Check for working C compiler: /usr/bin/cc - skipped
[0.488s] -- Detecting C compile features
[0.489s] -- Detecting C compile features - done
[0.497s] -- Detecting CXX compiler ABI info
[0.674s] -- Detecting CXX compiler ABI info - done
[0.694s] -- Check for working CXX compiler: /usr/bin/c++ - skipped
[0.695s] -- Detecting CXX compile features
[0.696s] -- Detecting CXX compile features - done
[0.702s] -- Found ament_cmake: 2.0.7 (/opt/ros/iron/share/ament_cmake/cmake)
[2.056s] -- Found Python3: /usr/bin/python3.10 (found version "3.10.12") found components: Interpreter 
[2.234s] -- Found sensor_msgs: 5.0.1 (/opt/ros/iron/share/sensor_msgs/cmake)
[2.408s] -- Found rosidl_generator_c: 4.0.1 (/opt/ros/iron/share/rosidl_generator_c/cmake)
[2.444s] -- Found rosidl_generator_cpp: 4.0.1 (/opt/ros/iron/share/rosidl_generator_cpp/cmake)
[2.490s] -- Using all available rosidl_typesupport_c: rosidl_typesupport_fastrtps_c;rosidl_typesupport_introspection_c
[2.547s] -- Using all available rosidl_typesupport_cpp: rosidl_typesupport_fastrtps_cpp;rosidl_typesupport_introspection_cpp
[3.051s] -- Found rosidl_default_generators: 1.5.0 (/opt/ros/iron/share/rosidl_default_generators/cmake)
[3.087s] -- Found rosidl_adapter: 4.0.1 (/opt/ros/iron/share/rosidl_adapter/cmake)
[3.854s] -- Found ament_cmake_ros: 0.11.2 (/opt/ros/iron/share/ament_cmake_ros/cmake)
[4.940s] -- Using all available rosidl_typesupport_c: rosidl_typesupport_fastrtps_c;rosidl_typesupport_introspection_c
[5.522s] -- Using all available rosidl_typesupport_cpp: rosidl_typesupport_fastrtps_cpp;rosidl_typesupport_introspection_cpp
[5.619s] -- Found PythonInterp: /usr/bin/python3 (found suitable version "3.10.12", minimum required is "3.6") 
[5.621s] -- Found python_cmake_module: 0.10.2 (/opt/ros/iron/share/python_cmake_module/cmake)
[5.719s] -- Found PythonLibs: /usr/lib/x86_64-linux-gnu/libpython3.10.so (found suitable version "3.10.12", minimum required is "3.5") 
[5.721s] -- Using PYTHON_EXECUTABLE: /usr/bin/python3
[5.721s] -- Using PYTHON_INCLUDE_DIRS: /usr/include/python3.10
[5.721s] -- Using PYTHON_LIBRARIES: /usr/lib/x86_64-linux-gnu/libpython3.10.so
[5.795s] -- Found PythonExtra: .so  
[6.004s] -- Found ament_lint_auto: 0.14.4 (/opt/ros/iron/share/ament_lint_auto/cmake)
[6.058s] -- Added test 'lint_cmake' to check CMake code style
[6.060s] -- Added test 'xmllint' to check XML markup files
[6.067s] -- Configuring done
[6.177s] -- Generating done
[6.216s] -- Build files have been written to: /home/ste/ws/hsp-iit/data-model/examples/UC3-museum-guide/high-level-models/build/blackboard_interfaces_dummy
[6.238s] Invoked command in '/home/ste/ws/hsp-iit/data-model/examples/UC3-museum-guide/high-level-models/build/blackboard_interfaces_dummy' returned '0': CMAKE_PREFIX_PATH=${CMAKE_PREFIX_PATH}:/opt/ros/iron PS1=\[\033[01;32m\]\u\[\033[00m\]:\[\033[01;34m\]\w\[\033[00m\]\[\e[91m\]$(parse_git_branch)\[\e[00m\]$ /usr/bin/cmake /home/ste/ws/hsp-iit/data-model/examples/UC3-museum-guide/high-level-models/ros_interfaces/blackboard_interfaces_dummy -DCMAKE_INSTALL_PREFIX=/home/ste/ws/hsp-iit/data-model/examples/UC3-museum-guide/high-level-models/install/blackboard_interfaces_dummy
[6.260s] Invoking command in '/home/ste/ws/hsp-iit/data-model/examples/UC3-museum-guide/high-level-models/build/blackboard_interfaces_dummy': CMAKE_PREFIX_PATH=${CMAKE_PREFIX_PATH}:/opt/ros/iron PS1=\[\033[01;32m\]\u\[\033[00m\]:\[\033[01;34m\]\w\[\033[00m\]\[\e[91m\]$(parse_git_branch)\[\e[00m\]$ /usr/bin/cmake --build /home/ste/ws/hsp-iit/data-model/examples/UC3-museum-guide/high-level-models/build/blackboard_interfaces_dummy -- -j12 -l12
[6.604s] [  2%] [34m[1mGenerating type hashes for ROS interfaces[0m
[6.696s] [  2%] Built target ament_cmake_python_copy_blackboard_interfaces_dummy
[7.509s] [  2%] Built target blackboard_interfaces__rosidl_generator_type_description
[7.558s] [  4%] [34m[1mGenerating C code for ROS interfaces[0m
[7.636s] [  6%] [34m[1mGenerating C++ code for ROS interfaces[0m
[9.688s] running egg_info
[9.690s] creating blackboard_interfaces_dummy.egg-info
[10.188s] [  9%] [32mBuilding C object CMakeFiles/blackboard_interfaces__rosidl_generator_c.dir/rosidl_generator_c/blackboard_interfaces_dummy/srv/detail/set_int_blackboard__description.c.o[0m
[10.264s] [ 11%] [32mBuilding C object CMakeFiles/blackboard_interfaces__rosidl_generator_c.dir/rosidl_generator_c/blackboard_interfaces_dummy/srv/detail/set_int_blackboard__type_support.c.o[0m
[10.264s] [ 13%] [32mBuilding C object CMakeFiles/blackboard_interfaces__rosidl_generator_c.dir/rosidl_generator_c/blackboard_interfaces_dummy/srv/detail/set_int_blackboard__functions.c.o[0m
[10.266s] [ 15%] [32mBuilding C object CMakeFiles/blackboard_interfaces__rosidl_generator_c.dir/rosidl_generator_c/blackboard_interfaces_dummy/srv/detail/get_int_blackboard__description.c.o[0m
[10.304s] [ 18%] [32mBuilding C object CMakeFiles/blackboard_interfaces__rosidl_generator_c.dir/rosidl_generator_c/blackboard_interfaces_dummy/srv/detail/get_int_blackboard__functions.c.o[0m
[10.311s] [ 20%] [32mBuilding C object CMakeFiles/blackboard_interfaces__rosidl_generator_c.dir/rosidl_generator_c/blackboard_interfaces_dummy/srv/detail/get_int_blackboard__type_support.c.o[0m
[10.484s] writing blackboard_interfaces_dummy.egg-info/PKG-INFO
[10.908s] [ 22%] [32m[1mLinking C shared library libblackboard_interfaces__rosidl_generator_c.so[0m
[10.925s] writing dependency_links to blackboard_interfaces_dummy.egg-info/dependency_links.txt
[10.984s] [ 22%] Built target blackboard_interfaces__cpp
[11.360s] [ 22%] Built target blackboard_interfaces__rosidl_generator_c
[11.480s] [ 25%] [34m[1mGenerating C type support for eProsima Fast-RTPS[0m
[11.519s] [ 27%] [34m[1mGenerating C++ type support dispatch for ROS interfaces[0m
[11.534s] [ 29%] [34m[1mGenerating C++ type support for eProsima Fast-RTPS[0m
[11.569s] [ 31%] [34m[1mGenerating C introspection for ROS interfaces[0m
[11.582s] [ 34%] [34m[1mGenerating C type support dispatch for ROS interfaces[0m
[11.614s] [ 36%] [34m[1mGenerating C++ introspection for ROS interfaces[0m
[14.472s] writing top-level names to blackboard_interfaces_dummy.egg-info/top_level.txt
[14.472s] writing manifest file 'blackboard_interfaces_dummy.egg-info/SOURCES.txt'
[14.988s] [ 38%] [32mBuilding CXX object CMakeFiles/blackboard_interfaces__rosidl_typesupport_cpp.dir/rosidl_typesupport_cpp/blackboard_interfaces_dummy/srv/get_int_blackboard__type_support.cpp.o[0m
[15.016s] [ 40%] [32mBuilding CXX object CMakeFiles/blackboard_interfaces__rosidl_typesupport_cpp.dir/rosidl_typesupport_cpp/blackboard_interfaces_dummy/srv/set_int_blackboard__type_support.cpp.o[0m
[15.314s] [ 43%] [32mBuilding C object CMakeFiles/blackboard_interfaces__rosidl_typesupport_introspection_c.dir/rosidl_typesupport_introspection_c/blackboard_interfaces_dummy/srv/detail/set_int_blackboard__type_support.c.o[0m
[15.334s] [ 45%] [32mBuilding C object CMakeFiles/blackboard_interfaces__rosidl_typesupport_introspection_c.dir/rosidl_typesupport_introspection_c/blackboard_interfaces_dummy/srv/detail/get_int_blackboard__type_support.c.o[0m
[15.506s] [ 47%] [32mBuilding CXX object CMakeFiles/blackboard_interfaces__rosidl_typesupport_c.dir/rosidl_typesupport_c/blackboard_interfaces_dummy/srv/set_int_blackboard__type_support.cpp.o[0m
[15.546s] [ 50%] [32mBuilding CXX object CMakeFiles/blackboard_interfaces__rosidl_typesupport_c.dir/rosidl_typesupport_c/blackboard_interfaces_dummy/srv/get_int_blackboard__type_support.cpp.o[0m
[15.700s] [ 52%] [32mBuilding CXX object CMakeFiles/blackboard_interfaces__rosidl_typesupport_fastrtps_c.dir/rosidl_typesupport_fastrtps_c/blackboard_interfaces_dummy/srv/detail/set_int_blackboard__type_support_c.cpp.o[0m
[15.756s] [ 54%] [32mBuilding CXX object CMakeFiles/blackboard_interfaces__rosidl_typesupport_fastrtps_c.dir/rosidl_typesupport_fastrtps_c/blackboard_interfaces_dummy/srv/detail/get_int_blackboard__type_support_c.cpp.o[0m
[15.850s] [ 56%] [32m[1mLinking C shared library libblackboard_interfaces__rosidl_typesupport_introspection_c.so[0m
[15.992s] [ 59%] [32m[1mLinking CXX shared library libblackboard_interfaces__rosidl_typesupport_c.so[0m
[16.239s] [ 61%] [32mBuilding CXX object CMakeFiles/blackboard_interfaces__rosidl_typesupport_introspection_cpp.dir/rosidl_typesupport_introspection_cpp/blackboard_interfaces_dummy/srv/detail/set_int_blackboard__type_support.cpp.o[0m
[16.248s] [ 63%] [32mBuilding CXX object CMakeFiles/blackboard_interfaces__rosidl_typesupport_introspection_cpp.dir/rosidl_typesupport_introspection_cpp/blackboard_interfaces_dummy/srv/detail/get_int_blackboard__type_support.cpp.o[0m
[16.260s] [ 65%] [32mBuilding CXX object CMakeFiles/blackboard_interfaces__rosidl_typesupport_fastrtps_cpp.dir/rosidl_typesupport_fastrtps_cpp/blackboard_interfaces_dummy/srv/detail/dds_fastrtps/set_int_blackboard__type_support.cpp.o[0m
[16.277s] [ 68%] [32mBuilding CXX object CMakeFiles/blackboard_interfaces__rosidl_typesupport_fastrtps_cpp.dir/rosidl_typesupport_fastrtps_cpp/blackboard_interfaces_dummy/srv/detail/dds_fastrtps/get_int_blackboard__type_support.cpp.o[0m
[16.288s] [ 68%] Built target blackboard_interfaces__rosidl_typesupport_introspection_c
[16.449s] [ 68%] Built target blackboard_interfaces__rosidl_typesupport_c
[17.130s] reading manifest file 'blackboard_interfaces_dummy.egg-info/SOURCES.txt'
[17.131s] writing manifest file 'blackboard_interfaces_dummy.egg-info/SOURCES.txt'
[17.465s] [ 68%] Built target ament_cmake_python_build_blackboard_interfaces_dummy_egg
[19.156s] [ 70%] [32m[1mLinking CXX shared library libblackboard_interfaces__rosidl_typesupport_fastrtps_c.so[0m
[19.477s] [ 72%] [32m[1mLinking CXX shared library libblackboard_interfaces__rosidl_typesupport_cpp.so[0m
[19.787s] [ 72%] Built target blackboard_interfaces__rosidl_typesupport_fastrtps_c
[20.074s] [ 72%] Built target blackboard_interfaces__rosidl_typesupport_cpp
[20.768s] [ 75%] [32m[1mLinking CXX shared library libblackboard_interfaces__rosidl_typesupport_introspection_cpp.so[0m
[21.430s] [ 75%] Built target blackboard_interfaces__rosidl_typesupport_introspection_cpp
[21.773s] [ 77%] [32m[1mLinking CXX shared library libblackboard_interfaces__rosidl_typesupport_fastrtps_cpp.so[0m
[22.255s] [ 77%] Built target blackboard_interfaces__rosidl_typesupport_fastrtps_cpp
[22.405s] [ 77%] Built target blackboard_interfaces
[22.564s] [ 79%] [34m[1mGenerating Python code for ROS interfaces[0m
[24.580s] [ 79%] Built target blackboard_interfaces__py
[24.638s] [ 81%] [32mBuilding C object CMakeFiles/blackboard_interfaces__rosidl_generator_py.dir/rosidl_generator_py/blackboard_interfaces_dummy/srv/_set_int_blackboard_s.c.o[0m
[24.644s] [ 84%] [32mBuilding C object CMakeFiles/blackboard_interfaces__rosidl_generator_py.dir/rosidl_generator_py/blackboard_interfaces_dummy/srv/_get_int_blackboard_s.c.o[0m
[24.923s] [ 86%] [32m[1mLinking C shared library rosidl_generator_py/blackboard_interfaces_dummy/libblackboard_interfaces__rosidl_generator_py.so[0m
[25.010s] [ 86%] Built target blackboard_interfaces__rosidl_generator_py
[25.047s] [ 88%] [32mBuilding C object CMakeFiles/blackboard_interfaces_dummy__rosidl_typesupport_introspection_c__pyext.dir/rosidl_generator_py/blackboard_interfaces_dummy/_blackboard_interfaces_dummy_s.ep.rosidl_typesupport_introspection_c.c.o[0m
[25.049s] [ 90%] [32mBuilding C object CMakeFiles/blackboard_interfaces_dummy__rosidl_typesupport_fastrtps_c__pyext.dir/rosidl_generator_py/blackboard_interfaces_dummy/_blackboard_interfaces_dummy_s.ep.rosidl_typesupport_fastrtps_c.c.o[0m
[25.321s] [ 95%] [32m[1mLinking C shared library rosidl_generator_py/blackboard_interfaces_dummy/blackboard_interfaces_dummy_s__rosidl_typesupport_fastrtps_c.cpython-310-x86_64-linux-gnu.so[0m
[25.322s] [ 95%] [32m[1mLinking C shared library rosidl_generator_py/blackboard_interfaces_dummy/blackboard_interfaces_dummy_s__rosidl_typesupport_introspection_c.cpython-310-x86_64-linux-gnu.so[0m
[25.394s] [ 95%] Built target blackboard_interfaces_dummy__rosidl_typesupport_fastrtps_c__pyext
[25.395s] [ 95%] Built target blackboard_interfaces_dummy__rosidl_typesupport_introspection_c__pyext
[25.429s] [ 97%] [32mBuilding C object CMakeFiles/blackboard_interfaces_dummy__rosidl_typesupport_c__pyext.dir/rosidl_generator_py/blackboard_interfaces_dummy/_blackboard_interfaces_dummy_s.ep.rosidl_typesupport_c.c.o[0m
[25.607s] [100%] [32m[1mLinking C shared library rosidl_generator_py/blackboard_interfaces_dummy/blackboard_interfaces_dummy_s__rosidl_typesupport_c.cpython-310-x86_64-linux-gnu.so[0m
[25.677s] [100%] Built target blackboard_interfaces_dummy__rosidl_typesupport_c__pyext
[25.694s] Invoked command in '/home/ste/ws/hsp-iit/data-model/examples/UC3-museum-guide/high-level-models/build/blackboard_interfaces_dummy' returned '0': CMAKE_PREFIX_PATH=${CMAKE_PREFIX_PATH}:/opt/ros/iron PS1=\[\033[01;32m\]\u\[\033[00m\]:\[\033[01;34m\]\w\[\033[00m\]\[\e[91m\]$(parse_git_branch)\[\e[00m\]$ /usr/bin/cmake --build /home/ste/ws/hsp-iit/data-model/examples/UC3-museum-guide/high-level-models/build/blackboard_interfaces_dummy -- -j12 -l12
[25.697s] Invoking command in '/home/ste/ws/hsp-iit/data-model/examples/UC3-museum-guide/high-level-models/build/blackboard_interfaces_dummy': CMAKE_PREFIX_PATH=${CMAKE_PREFIX_PATH}:/opt/ros/iron PS1=\[\033[01;32m\]\u\[\033[00m\]:\[\033[01;34m\]\w\[\033[00m\]\[\e[91m\]$(parse_git_branch)\[\e[00m\]$ /usr/bin/cmake --install /home/ste/ws/hsp-iit/data-model/examples/UC3-museum-guide/high-level-models/build/blackboard_interfaces_dummy
[25.710s] -- Install configuration: ""
[25.710s] -- Installing: /home/ste/ws/hsp-iit/data-model/examples/UC3-museum-guide/high-level-models/install/blackboard_interfaces_dummy/share/ament_index/resource_index/rosidl_interfaces/blackboard_interfaces_dummy
[25.710s] -- Installing: /home/ste/ws/hsp-iit/data-model/examples/UC3-museum-guide/high-level-models/install/blackboard_interfaces_dummy/share/blackboard_interfaces_dummy/srv/SetIntBlackboard.json
[25.710s] -- Installing: /home/ste/ws/hsp-iit/data-model/examples/UC3-museum-guide/high-level-models/install/blackboard_interfaces_dummy/share/blackboard_interfaces_dummy/srv/GetIntBlackboard.json
[25.711s] -- Installing: /home/ste/ws/hsp-iit/data-model/examples/UC3-museum-guide/high-level-models/install/blackboard_interfaces_dummy/include/blackboard_interfaces_dummy/blackboard_interfaces_dummy
[25.711s] -- Installing: /home/ste/ws/hsp-iit/data-model/examples/UC3-museum-guide/high-level-models/install/blackboard_interfaces_dummy/include/blackboard_interfaces_dummy/blackboard_interfaces_dummy/srv
[25.711s] -- Installing: /home/ste/ws/hsp-iit/data-model/examples/UC3-museum-guide/high-level-models/install/blackboard_interfaces_dummy/include/blackboard_interfaces_dummy/blackboard_interfaces_dummy/srv/get_int_blackboard.h
[25.711s] -- Installing: /home/ste/ws/hsp-iit/data-model/examples/UC3-museum-guide/high-level-models/install/blackboard_interfaces_dummy/include/blackboard_interfaces_dummy/blackboard_interfaces_dummy/srv/detail
[25.712s] -- Installing: /home/ste/ws/hsp-iit/data-model/examples/UC3-museum-guide/high-level-models/install/blackboard_interfaces_dummy/include/blackboard_interfaces_dummy/blackboard_interfaces_dummy/srv/detail/get_int_blackboard__struct.h
[25.712s] -- Installing: /home/ste/ws/hsp-iit/data-model/examples/UC3-museum-guide/high-level-models/install/blackboard_interfaces_dummy/include/blackboard_interfaces_dummy/blackboard_interfaces_dummy/srv/detail/get_int_blackboard__type_support.h
[25.712s] -- Installing: /home/ste/ws/hsp-iit/data-model/examples/UC3-museum-guide/high-level-models/install/blackboard_interfaces_dummy/include/blackboard_interfaces_dummy/blackboard_interfaces_dummy/srv/detail/set_int_blackboard__description.c
[25.712s] -- Installing: /home/ste/ws/hsp-iit/data-model/examples/UC3-museum-guide/high-level-models/install/blackboard_interfaces_dummy/include/blackboard_interfaces_dummy/blackboard_interfaces_dummy/srv/detail/get_int_blackboard__functions.c
[25.713s] -- Installing: /home/ste/ws/hsp-iit/data-model/examples/UC3-museum-guide/high-level-models/install/blackboard_interfaces_dummy/include/blackboard_interfaces_dummy/blackboard_interfaces_dummy/srv/detail/get_int_blackboard__functions.h
[25.713s] -- Installing: /home/ste/ws/hsp-iit/data-model/examples/UC3-museum-guide/high-level-models/install/blackboard_interfaces_dummy/include/blackboard_interfaces_dummy/blackboard_interfaces_dummy/srv/detail/set_int_blackboard__functions.c
[25.713s] -- Installing: /home/ste/ws/hsp-iit/data-model/examples/UC3-museum-guide/high-level-models/install/blackboard_interfaces_dummy/include/blackboard_interfaces_dummy/blackboard_interfaces_dummy/srv/detail/get_int_blackboard__type_support.c
[25.713s] -- Installing: /home/ste/ws/hsp-iit/data-model/examples/UC3-museum-guide/high-level-models/install/blackboard_interfaces_dummy/include/blackboard_interfaces_dummy/blackboard_interfaces_dummy/srv/detail/set_int_blackboard__struct.h
[25.713s] -- Installing: /home/ste/ws/hsp-iit/data-model/examples/UC3-museum-guide/high-level-models/install/blackboard_interfaces_dummy/include/blackboard_interfaces_dummy/blackboard_interfaces_dummy/srv/detail/get_int_blackboard__description.c
[25.713s] -- Installing: /home/ste/ws/hsp-iit/data-model/examples/UC3-museum-guide/high-level-models/install/blackboard_interfaces_dummy/include/blackboard_interfaces_dummy/blackboard_interfaces_dummy/srv/detail/set_int_blackboard__type_support.c
[25.714s] -- Installing: /home/ste/ws/hsp-iit/data-model/examples/UC3-museum-guide/high-level-models/install/blackboard_interfaces_dummy/include/blackboard_interfaces_dummy/blackboard_interfaces_dummy/srv/detail/set_int_blackboard__functions.h
[25.714s] -- Installing: /home/ste/ws/hsp-iit/data-model/examples/UC3-museum-guide/high-level-models/install/blackboard_interfaces_dummy/include/blackboard_interfaces_dummy/blackboard_interfaces_dummy/srv/detail/set_int_blackboard__type_support.h
[25.714s] -- Installing: /home/ste/ws/hsp-iit/data-model/examples/UC3-museum-guide/high-level-models/install/blackboard_interfaces_dummy/include/blackboard_interfaces_dummy/blackboard_interfaces_dummy/srv/set_int_blackboard.h
[25.714s] -- Installing: /home/ste/ws/hsp-iit/data-model/examples/UC3-museum-guide/high-level-models/install/blackboard_interfaces_dummy/include/blackboard_interfaces_dummy/blackboard_interfaces_dummy/msg
[25.714s] -- Installing: /home/ste/ws/hsp-iit/data-model/examples/UC3-museum-guide/high-level-models/install/blackboard_interfaces_dummy/include/blackboard_interfaces_dummy/blackboard_interfaces_dummy/msg/rosidl_generator_c__visibility_control.h
[25.715s] -- Installing: /home/ste/ws/hsp-iit/data-model/examples/UC3-museum-guide/high-level-models/install/blackboard_interfaces_dummy/share/blackboard_interfaces_dummy/environment/library_path.sh
[25.715s] -- Installing: /home/ste/ws/hsp-iit/data-model/examples/UC3-museum-guide/high-level-models/install/blackboard_interfaces_dummy/share/blackboard_interfaces_dummy/environment/library_path.dsv
[25.715s] -- Installing: /home/ste/ws/hsp-iit/data-model/examples/UC3-museum-guide/high-level-models/install/blackboard_interfaces_dummy/lib/libblackboard_interfaces__rosidl_generator_c.so
[25.715s] -- Set runtime path of "/home/ste/ws/hsp-iit/data-model/examples/UC3-museum-guide/high-level-models/install/blackboard_interfaces_dummy/lib/libblackboard_interfaces__rosidl_generator_c.so" to ""
[25.715s] -- Up-to-date: /home/ste/ws/hsp-iit/data-model/examples/UC3-museum-guide/high-level-models/install/blackboard_interfaces_dummy/include/blackboard_interfaces_dummy/blackboard_interfaces_dummy
[25.716s] -- Up-to-date: /home/ste/ws/hsp-iit/data-model/examples/UC3-museum-guide/high-level-models/install/blackboard_interfaces_dummy/include/blackboard_interfaces_dummy/blackboard_interfaces_dummy/srv
[25.716s] -- Up-to-date: /home/ste/ws/hsp-iit/data-model/examples/UC3-museum-guide/high-level-models/install/blackboard_interfaces_dummy/include/blackboard_interfaces_dummy/blackboard_interfaces_dummy/srv/detail
[25.716s] -- Installing: /home/ste/ws/hsp-iit/data-model/examples/UC3-museum-guide/high-level-models/install/blackboard_interfaces_dummy/include/blackboard_interfaces_dummy/blackboard_interfaces_dummy/srv/detail/get_int_blackboard__rosidl_typesupport_fastrtps_c.h
[25.716s] -- Installing: /home/ste/ws/hsp-iit/data-model/examples/UC3-museum-guide/high-level-models/install/blackboard_interfaces_dummy/include/blackboard_interfaces_dummy/blackboard_interfaces_dummy/srv/detail/set_int_blackboard__rosidl_typesupport_fastrtps_c.h
[25.716s] -- Up-to-date: /home/ste/ws/hsp-iit/data-model/examples/UC3-museum-guide/high-level-models/install/blackboard_interfaces_dummy/include/blackboard_interfaces_dummy/blackboard_interfaces_dummy/msg
[25.716s] -- Installing: /home/ste/ws/hsp-iit/data-model/examples/UC3-museum-guide/high-level-models/install/blackboard_interfaces_dummy/include/blackboard_interfaces_dummy/blackboard_interfaces_dummy/msg/rosidl_typesupport_fastrtps_c__visibility_control.h
[25.717s] -- Installing: /home/ste/ws/hsp-iit/data-model/examples/UC3-museum-guide/high-level-models/install/blackboard_interfaces_dummy/lib/libblackboard_interfaces__rosidl_typesupport_fastrtps_c.so
[25.717s] -- Set runtime path of "/home/ste/ws/hsp-iit/data-model/examples/UC3-museum-guide/high-level-models/install/blackboard_interfaces_dummy/lib/libblackboard_interfaces__rosidl_typesupport_fastrtps_c.so" to ""
[25.717s] -- Up-to-date: /home/ste/ws/hsp-iit/data-model/examples/UC3-museum-guide/high-level-models/install/blackboard_interfaces_dummy/include/blackboard_interfaces_dummy/blackboard_interfaces_dummy
[25.717s] -- Up-to-date: /home/ste/ws/hsp-iit/data-model/examples/UC3-museum-guide/high-level-models/install/blackboard_interfaces_dummy/include/blackboard_interfaces_dummy/blackboard_interfaces_dummy/srv
[25.717s] -- Installing: /home/ste/ws/hsp-iit/data-model/examples/UC3-museum-guide/high-level-models/install/blackboard_interfaces_dummy/include/blackboard_interfaces_dummy/blackboard_interfaces_dummy/srv/set_int_blackboard.hpp
[25.718s] -- Installing: /home/ste/ws/hsp-iit/data-model/examples/UC3-museum-guide/high-level-models/install/blackboard_interfaces_dummy/include/blackboard_interfaces_dummy/blackboard_interfaces_dummy/srv/get_int_blackboard.hpp
[25.718s] -- Up-to-date: /home/ste/ws/hsp-iit/data-model/examples/UC3-museum-guide/high-level-models/install/blackboard_interfaces_dummy/include/blackboard_interfaces_dummy/blackboard_interfaces_dummy/srv/detail
[25.718s] -- Installing: /home/ste/ws/hsp-iit/data-model/examples/UC3-museum-guide/high-level-models/install/blackboard_interfaces_dummy/include/blackboard_interfaces_dummy/blackboard_interfaces_dummy/srv/detail/get_int_blackboard__struct.hpp
[25.718s] -- Installing: /home/ste/ws/hsp-iit/data-model/examples/UC3-museum-guide/high-level-models/install/blackboard_interfaces_dummy/include/blackboard_interfaces_dummy/blackboard_interfaces_dummy/srv/detail/get_int_blackboard__traits.hpp
[25.718s] -- Installing: /home/ste/ws/hsp-iit/data-model/examples/UC3-museum-guide/high-level-models/install/blackboard_interfaces_dummy/include/blackboard_interfaces_dummy/blackboard_interfaces_dummy/srv/detail/get_int_blackboard__builder.hpp
[25.718s] -- Installing: /home/ste/ws/hsp-iit/data-model/examples/UC3-museum-guide/high-level-models/install/blackboard_interfaces_dummy/include/blackboard_interfaces_dummy/blackboard_interfaces_dummy/srv/detail/set_int_blackboard__struct.hpp
[25.719s] -- Installing: /home/ste/ws/hsp-iit/data-model/examples/UC3-museum-guide/high-level-models/install/blackboard_interfaces_dummy/include/blackboard_interfaces_dummy/blackboard_interfaces_dummy/srv/detail/set_int_blackboard__traits.hpp
[25.719s] -- Installing: /home/ste/ws/hsp-iit/data-model/examples/UC3-museum-guide/high-level-models/install/blackboard_interfaces_dummy/include/blackboard_interfaces_dummy/blackboard_interfaces_dummy/srv/detail/set_int_blackboard__builder.hpp
[25.719s] -- Up-to-date: /home/ste/ws/hsp-iit/data-model/examples/UC3-museum-guide/high-level-models/install/blackboard_interfaces_dummy/include/blackboard_interfaces_dummy/blackboard_interfaces_dummy
[25.719s] -- Up-to-date: /home/ste/ws/hsp-iit/data-model/examples/UC3-museum-guide/high-level-models/install/blackboard_interfaces_dummy/include/blackboard_interfaces_dummy/blackboard_interfaces_dummy/srv
[25.719s] -- Up-to-date: /home/ste/ws/hsp-iit/data-model/examples/UC3-museum-guide/high-level-models/install/blackboard_interfaces_dummy/include/blackboard_interfaces_dummy/blackboard_interfaces_dummy/srv/detail
[25.720s] -- Installing: /home/ste/ws/hsp-iit/data-model/examples/UC3-museum-guide/high-level-models/install/blackboard_interfaces_dummy/include/blackboard_interfaces_dummy/blackboard_interfaces_dummy/srv/detail/set_int_blackboard__rosidl_typesupport_fastrtps_cpp.hpp
[25.720s] -- Installing: /home/ste/ws/hsp-iit/data-model/examples/UC3-museum-guide/high-level-models/install/blackboard_interfaces_dummy/include/blackboard_interfaces_dummy/blackboard_interfaces_dummy/srv/detail/dds_fastrtps
[25.720s] -- Installing: /home/ste/ws/hsp-iit/data-model/examples/UC3-museum-guide/high-level-models/install/blackboard_interfaces_dummy/include/blackboard_interfaces_dummy/blackboard_interfaces_dummy/srv/detail/get_int_blackboard__rosidl_typesupport_fastrtps_cpp.hpp
[25.720s] -- Up-to-date: /home/ste/ws/hsp-iit/data-model/examples/UC3-museum-guide/high-level-models/install/blackboard_interfaces_dummy/include/blackboard_interfaces_dummy/blackboard_interfaces_dummy/msg
[25.720s] -- Installing: /home/ste/ws/hsp-iit/data-model/examples/UC3-museum-guide/high-level-models/install/blackboard_interfaces_dummy/include/blackboard_interfaces_dummy/blackboard_interfaces_dummy/msg/rosidl_typesupport_fastrtps_cpp__visibility_control.h
[25.720s] -- Installing: /home/ste/ws/hsp-iit/data-model/examples/UC3-museum-guide/high-level-models/install/blackboard_interfaces_dummy/lib/libblackboard_interfaces__rosidl_typesupport_fastrtps_cpp.so
[25.721s] -- Set runtime path of "/home/ste/ws/hsp-iit/data-model/examples/UC3-museum-guide/high-level-models/install/blackboard_interfaces_dummy/lib/libblackboard_interfaces__rosidl_typesupport_fastrtps_cpp.so" to ""
[25.721s] -- Up-to-date: /home/ste/ws/hsp-iit/data-model/examples/UC3-museum-guide/high-level-models/install/blackboard_interfaces_dummy/include/blackboard_interfaces_dummy/blackboard_interfaces_dummy
[25.721s] -- Up-to-date: /home/ste/ws/hsp-iit/data-model/examples/UC3-museum-guide/high-level-models/install/blackboard_interfaces_dummy/include/blackboard_interfaces_dummy/blackboard_interfaces_dummy/srv
[25.721s] -- Up-to-date: /home/ste/ws/hsp-iit/data-model/examples/UC3-museum-guide/high-level-models/install/blackboard_interfaces_dummy/include/blackboard_interfaces_dummy/blackboard_interfaces_dummy/srv/detail
[25.721s] -- Installing: /home/ste/ws/hsp-iit/data-model/examples/UC3-museum-guide/high-level-models/install/blackboard_interfaces_dummy/include/blackboard_interfaces_dummy/blackboard_interfaces_dummy/srv/detail/get_int_blackboard__rosidl_typesupport_introspection_c.h
[25.722s] -- Installing: /home/ste/ws/hsp-iit/data-model/examples/UC3-museum-guide/high-level-models/install/blackboard_interfaces_dummy/include/blackboard_interfaces_dummy/blackboard_interfaces_dummy/srv/detail/set_int_blackboard__rosidl_typesupport_introspection_c.h
[25.722s] -- Installing: /home/ste/ws/hsp-iit/data-model/examples/UC3-museum-guide/high-level-models/install/blackboard_interfaces_dummy/include/blackboard_interfaces_dummy/blackboard_interfaces_dummy/srv/detail/get_int_blackboard__type_support.c
[25.722s] -- Installing: /home/ste/ws/hsp-iit/data-model/examples/UC3-museum-guide/high-level-models/install/blackboard_interfaces_dummy/include/blackboard_interfaces_dummy/blackboard_interfaces_dummy/srv/detail/set_int_blackboard__type_support.c
[25.722s] -- Up-to-date: /home/ste/ws/hsp-iit/data-model/examples/UC3-museum-guide/high-level-models/install/blackboard_interfaces_dummy/include/blackboard_interfaces_dummy/blackboard_interfaces_dummy/msg
[25.722s] -- Installing: /home/ste/ws/hsp-iit/data-model/examples/UC3-museum-guide/high-level-models/install/blackboard_interfaces_dummy/include/blackboard_interfaces_dummy/blackboard_interfaces_dummy/msg/rosidl_typesupport_introspection_c__visibility_control.h
[25.722s] -- Installing: /home/ste/ws/hsp-iit/data-model/examples/UC3-museum-guide/high-level-models/install/blackboard_interfaces_dummy/lib/libblackboard_interfaces__rosidl_typesupport_introspection_c.so
[25.723s] -- Set runtime path of "/home/ste/ws/hsp-iit/data-model/examples/UC3-museum-guide/high-level-models/install/blackboard_interfaces_dummy/lib/libblackboard_interfaces__rosidl_typesupport_introspection_c.so" to ""
[25.723s] -- Installing: /home/ste/ws/hsp-iit/data-model/examples/UC3-museum-guide/high-level-models/install/blackboard_interfaces_dummy/lib/libblackboard_interfaces__rosidl_typesupport_c.so
[25.723s] -- Set runtime path of "/home/ste/ws/hsp-iit/data-model/examples/UC3-museum-guide/high-level-models/install/blackboard_interfaces_dummy/lib/libblackboard_interfaces__rosidl_typesupport_c.so" to ""
[25.723s] -- Up-to-date: /home/ste/ws/hsp-iit/data-model/examples/UC3-museum-guide/high-level-models/install/blackboard_interfaces_dummy/include/blackboard_interfaces_dummy/blackboard_interfaces_dummy
[25.723s] -- Up-to-date: /home/ste/ws/hsp-iit/data-model/examples/UC3-museum-guide/high-level-models/install/blackboard_interfaces_dummy/include/blackboard_interfaces_dummy/blackboard_interfaces_dummy/srv
[25.724s] -- Up-to-date: /home/ste/ws/hsp-iit/data-model/examples/UC3-museum-guide/high-level-models/install/blackboard_interfaces_dummy/include/blackboard_interfaces_dummy/blackboard_interfaces_dummy/srv/detail
[25.724s] -- Installing: /home/ste/ws/hsp-iit/data-model/examples/UC3-museum-guide/high-level-models/install/blackboard_interfaces_dummy/include/blackboard_interfaces_dummy/blackboard_interfaces_dummy/srv/detail/set_int_blackboard__type_support.cpp
[25.724s] -- Installing: /home/ste/ws/hsp-iit/data-model/examples/UC3-museum-guide/high-level-models/install/blackboard_interfaces_dummy/include/blackboard_interfaces_dummy/blackboard_interfaces_dummy/srv/detail/get_int_blackboard__type_support.cpp
[25.724s] -- Installing: /home/ste/ws/hsp-iit/data-model/examples/UC3-museum-guide/high-level-models/install/blackboard_interfaces_dummy/include/blackboard_interfaces_dummy/blackboard_interfaces_dummy/srv/detail/get_int_blackboard__rosidl_typesupport_introspection_cpp.hpp
[25.724s] -- Installing: /home/ste/ws/hsp-iit/data-model/examples/UC3-museum-guide/high-level-models/install/blackboard_interfaces_dummy/include/blackboard_interfaces_dummy/blackboard_interfaces_dummy/srv/detail/set_int_blackboard__rosidl_typesupport_introspection_cpp.hpp
[25.724s] -- Installing: /home/ste/ws/hsp-iit/data-model/examples/UC3-museum-guide/high-level-models/install/blackboard_interfaces_dummy/lib/libblackboard_interfaces__rosidl_typesupport_introspection_cpp.so
[25.725s] -- Set runtime path of "/home/ste/ws/hsp-iit/data-model/examples/UC3-museum-guide/high-level-models/install/blackboard_interfaces_dummy/lib/libblackboard_interfaces__rosidl_typesupport_introspection_cpp.so" to ""
[25.725s] -- Installing: /home/ste/ws/hsp-iit/data-model/examples/UC3-museum-guide/high-level-models/install/blackboard_interfaces_dummy/lib/libblackboard_interfaces__rosidl_typesupport_cpp.so
[25.725s] -- Set runtime path of "/home/ste/ws/hsp-iit/data-model/examples/UC3-museum-guide/high-level-models/install/blackboard_interfaces_dummy/lib/libblackboard_interfaces__rosidl_typesupport_cpp.so" to ""
[25.725s] -- Installing: /home/ste/ws/hsp-iit/data-model/examples/UC3-museum-guide/high-level-models/install/blackboard_interfaces_dummy/share/blackboard_interfaces_dummy/environment/pythonpath.sh
[25.725s] -- Installing: /home/ste/ws/hsp-iit/data-model/examples/UC3-museum-guide/high-level-models/install/blackboard_interfaces_dummy/share/blackboard_interfaces_dummy/environment/pythonpath.dsv
[25.726s] -- Installing: /home/ste/ws/hsp-iit/data-model/examples/UC3-museum-guide/high-level-models/install/blackboard_interfaces_dummy/lib/python3.10/site-packages/blackboard_interfaces_dummy-0.0.0-py3.10.egg-info
[25.726s] -- Installing: /home/ste/ws/hsp-iit/data-model/examples/UC3-museum-guide/high-level-models/install/blackboard_interfaces_dummy/lib/python3.10/site-packages/blackboard_interfaces_dummy-0.0.0-py3.10.egg-info/PKG-INFO
[25.726s] -- Installing: /home/ste/ws/hsp-iit/data-model/examples/UC3-museum-guide/high-level-models/install/blackboard_interfaces_dummy/lib/python3.10/site-packages/blackboard_interfaces_dummy-0.0.0-py3.10.egg-info/dependency_links.txt
[25.726s] -- Installing: /home/ste/ws/hsp-iit/data-model/examples/UC3-museum-guide/high-level-models/install/blackboard_interfaces_dummy/lib/python3.10/site-packages/blackboard_interfaces_dummy-0.0.0-py3.10.egg-info/top_level.txt
[25.726s] -- Installing: /home/ste/ws/hsp-iit/data-model/examples/UC3-museum-guide/high-level-models/install/blackboard_interfaces_dummy/lib/python3.10/site-packages/blackboard_interfaces_dummy-0.0.0-py3.10.egg-info/SOURCES.txt
[25.726s] -- Installing: /home/ste/ws/hsp-iit/data-model/examples/UC3-museum-guide/high-level-models/install/blackboard_interfaces_dummy/lib/python3.10/site-packages/blackboard_interfaces_dummy
[25.727s] -- Installing: /home/ste/ws/hsp-iit/data-model/examples/UC3-museum-guide/high-level-models/install/blackboard_interfaces_dummy/lib/python3.10/site-packages/blackboard_interfaces_dummy/_blackboard_interfaces_dummy_s.ep.rosidl_typesupport_fastrtps_c.c
[25.727s] -- Installing: /home/ste/ws/hsp-iit/data-model/examples/UC3-museum-guide/high-level-models/install/blackboard_interfaces_dummy/lib/python3.10/site-packages/blackboard_interfaces_dummy/blackboard_interfaces_dummy_s__rosidl_typesupport_introspection_c.cpython-310-x86_64-linux-gnu.so
[25.727s] -- Installing: /home/ste/ws/hsp-iit/data-model/examples/UC3-museum-guide/high-level-models/install/blackboard_interfaces_dummy/lib/python3.10/site-packages/blackboard_interfaces_dummy/__init__.py
[25.727s] -- Installing: /home/ste/ws/hsp-iit/data-model/examples/UC3-museum-guide/high-level-models/install/blackboard_interfaces_dummy/lib/python3.10/site-packages/blackboard_interfaces_dummy/srv
[25.727s] -- Installing: /home/ste/ws/hsp-iit/data-model/examples/UC3-museum-guide/high-level-models/install/blackboard_interfaces_dummy/lib/python3.10/site-packages/blackboard_interfaces_dummy/srv/_get_int_blackboard_s.c
[25.727s] -- Installing: /home/ste/ws/hsp-iit/data-model/examples/UC3-museum-guide/high-level-models/install/blackboard_interfaces_dummy/lib/python3.10/site-packages/blackboard_interfaces_dummy/srv/_set_int_blackboard_s.c
[25.728s] -- Installing: /home/ste/ws/hsp-iit/data-model/examples/UC3-museum-guide/high-level-models/install/blackboard_interfaces_dummy/lib/python3.10/site-packages/blackboard_interfaces_dummy/srv/__init__.py
[25.728s] -- Installing: /home/ste/ws/hsp-iit/data-model/examples/UC3-museum-guide/high-level-models/install/blackboard_interfaces_dummy/lib/python3.10/site-packages/blackboard_interfaces_dummy/srv/_set_int_blackboard.py
[25.728s] -- Installing: /home/ste/ws/hsp-iit/data-model/examples/UC3-museum-guide/high-level-models/install/blackboard_interfaces_dummy/lib/python3.10/site-packages/blackboard_interfaces_dummy/srv/_get_int_blackboard.py
[25.728s] -- Installing: /home/ste/ws/hsp-iit/data-model/examples/UC3-museum-guide/high-level-models/install/blackboard_interfaces_dummy/lib/python3.10/site-packages/blackboard_interfaces_dummy/_blackboard_interfaces_dummy_s.ep.rosidl_typesupport_c.c
[25.728s] -- Installing: /home/ste/ws/hsp-iit/data-model/examples/UC3-museum-guide/high-level-models/install/blackboard_interfaces_dummy/lib/python3.10/site-packages/blackboard_interfaces_dummy/blackboard_interfaces_dummy_s__rosidl_typesupport_c.cpython-310-x86_64-linux-gnu.so
[25.728s] -- Installing: /home/ste/ws/hsp-iit/data-model/examples/UC3-museum-guide/high-level-models/install/blackboard_interfaces_dummy/lib/python3.10/site-packages/blackboard_interfaces_dummy/_blackboard_interfaces_dummy_s.ep.rosidl_typesupport_introspection_c.c
[25.728s] -- Installing: /home/ste/ws/hsp-iit/data-model/examples/UC3-museum-guide/high-level-models/install/blackboard_interfaces_dummy/lib/python3.10/site-packages/blackboard_interfaces_dummy/blackboard_interfaces_dummy_s__rosidl_typesupport_fastrtps_c.cpython-310-x86_64-linux-gnu.so
[25.729s] -- Installing: /home/ste/ws/hsp-iit/data-model/examples/UC3-museum-guide/high-level-models/install/blackboard_interfaces_dummy/lib/python3.10/site-packages/blackboard_interfaces_dummy/libblackboard_interfaces__rosidl_generator_py.so
[25.785s] Listing '/home/ste/ws/hsp-iit/data-model/examples/UC3-museum-guide/high-level-models/install/blackboard_interfaces_dummy/lib/python3.10/site-packages/blackboard_interfaces_dummy'...
[25.785s] Compiling '/home/ste/ws/hsp-iit/data-model/examples/UC3-museum-guide/high-level-models/install/blackboard_interfaces_dummy/lib/python3.10/site-packages/blackboard_interfaces_dummy/__init__.py'...
[25.785s] Listing '/home/ste/ws/hsp-iit/data-model/examples/UC3-museum-guide/high-level-models/install/blackboard_interfaces_dummy/lib/python3.10/site-packages/blackboard_interfaces_dummy/srv'...
[25.785s] Compiling '/home/ste/ws/hsp-iit/data-model/examples/UC3-museum-guide/high-level-models/install/blackboard_interfaces_dummy/lib/python3.10/site-packages/blackboard_interfaces_dummy/srv/__init__.py'...
[25.785s] Compiling '/home/ste/ws/hsp-iit/data-model/examples/UC3-museum-guide/high-level-models/install/blackboard_interfaces_dummy/lib/python3.10/site-packages/blackboard_interfaces_dummy/srv/_get_int_blackboard.py'...
[25.786s] Compiling '/home/ste/ws/hsp-iit/data-model/examples/UC3-museum-guide/high-level-models/install/blackboard_interfaces_dummy/lib/python3.10/site-packages/blackboard_interfaces_dummy/srv/_set_int_blackboard.py'...
[25.791s] -- Installing: /home/ste/ws/hsp-iit/data-model/examples/UC3-museum-guide/high-level-models/install/blackboard_interfaces_dummy/lib/python3.10/site-packages/blackboard_interfaces_dummy/blackboard_interfaces_dummy_s__rosidl_typesupport_fastrtps_c.cpython-310-x86_64-linux-gnu.so
[25.792s] -- Set runtime path of "/home/ste/ws/hsp-iit/data-model/examples/UC3-museum-guide/high-level-models/install/blackboard_interfaces_dummy/lib/python3.10/site-packages/blackboard_interfaces_dummy/blackboard_interfaces_dummy_s__rosidl_typesupport_fastrtps_c.cpython-310-x86_64-linux-gnu.so" to ""
[25.792s] -- Installing: /home/ste/ws/hsp-iit/data-model/examples/UC3-museum-guide/high-level-models/install/blackboard_interfaces_dummy/lib/python3.10/site-packages/blackboard_interfaces_dummy/blackboard_interfaces_dummy_s__rosidl_typesupport_introspection_c.cpython-310-x86_64-linux-gnu.so
[25.792s] -- Set runtime path of "/home/ste/ws/hsp-iit/data-model/examples/UC3-museum-guide/high-level-models/install/blackboard_interfaces_dummy/lib/python3.10/site-packages/blackboard_interfaces_dummy/blackboard_interfaces_dummy_s__rosidl_typesupport_introspection_c.cpython-310-x86_64-linux-gnu.so" to ""
[25.793s] -- Installing: /home/ste/ws/hsp-iit/data-model/examples/UC3-museum-guide/high-level-models/install/blackboard_interfaces_dummy/lib/python3.10/site-packages/blackboard_interfaces_dummy/blackboard_interfaces_dummy_s__rosidl_typesupport_c.cpython-310-x86_64-linux-gnu.so
[25.793s] -- Set runtime path of "/home/ste/ws/hsp-iit/data-model/examples/UC3-museum-guide/high-level-models/install/blackboard_interfaces_dummy/lib/python3.10/site-packages/blackboard_interfaces_dummy/blackboard_interfaces_dummy_s__rosidl_typesupport_c.cpython-310-x86_64-linux-gnu.so" to ""
[25.793s] -- Installing: /home/ste/ws/hsp-iit/data-model/examples/UC3-museum-guide/high-level-models/install/blackboard_interfaces_dummy/lib/libblackboard_interfaces__rosidl_generator_py.so
[25.794s] -- Set runtime path of "/home/ste/ws/hsp-iit/data-model/examples/UC3-museum-guide/high-level-models/install/blackboard_interfaces_dummy/lib/libblackboard_interfaces__rosidl_generator_py.so" to ""
[25.794s] -- Installing: /home/ste/ws/hsp-iit/data-model/examples/UC3-museum-guide/high-level-models/install/blackboard_interfaces_dummy/share/blackboard_interfaces_dummy/srv/SetIntBlackboard.idl
[25.794s] -- Installing: /home/ste/ws/hsp-iit/data-model/examples/UC3-museum-guide/high-level-models/install/blackboard_interfaces_dummy/share/blackboard_interfaces_dummy/srv/GetIntBlackboard.idl
[25.794s] -- Installing: /home/ste/ws/hsp-iit/data-model/examples/UC3-museum-guide/high-level-models/install/blackboard_interfaces_dummy/share/blackboard_interfaces_dummy/srv/SetIntBlackboard.srv
[25.794s] -- Installing: /home/ste/ws/hsp-iit/data-model/examples/UC3-museum-guide/high-level-models/install/blackboard_interfaces_dummy/share/blackboard_interfaces_dummy/srv/SetIntBlackboard_Request.msg
[25.795s] -- Installing: /home/ste/ws/hsp-iit/data-model/examples/UC3-museum-guide/high-level-models/install/blackboard_interfaces_dummy/share/blackboard_interfaces_dummy/srv/SetIntBlackboard_Response.msg
[25.795s] -- Installing: /home/ste/ws/hsp-iit/data-model/examples/UC3-museum-guide/high-level-models/install/blackboard_interfaces_dummy/share/blackboard_interfaces_dummy/srv/GetIntBlackboard.srv
[25.795s] -- Installing: /home/ste/ws/hsp-iit/data-model/examples/UC3-museum-guide/high-level-models/install/blackboard_interfaces_dummy/share/blackboard_interfaces_dummy/srv/GetIntBlackboard_Request.msg
[25.795s] -- Installing: /home/ste/ws/hsp-iit/data-model/examples/UC3-museum-guide/high-level-models/install/blackboard_interfaces_dummy/share/blackboard_interfaces_dummy/srv/GetIntBlackboard_Response.msg
[25.795s] -- Installing: /home/ste/ws/hsp-iit/data-model/examples/UC3-museum-guide/high-level-models/install/blackboard_interfaces_dummy/share/ament_index/resource_index/package_run_dependencies/blackboard_interfaces_dummy
[25.796s] -- Installing: /home/ste/ws/hsp-iit/data-model/examples/UC3-museum-guide/high-level-models/install/blackboard_interfaces_dummy/share/ament_index/resource_index/parent_prefix_path/blackboard_interfaces_dummy
[25.796s] -- Installing: /home/ste/ws/hsp-iit/data-model/examples/UC3-museum-guide/high-level-models/install/blackboard_interfaces_dummy/share/blackboard_interfaces_dummy/environment/ament_prefix_path.sh
[25.796s] -- Installing: /home/ste/ws/hsp-iit/data-model/examples/UC3-museum-guide/high-level-models/install/blackboard_interfaces_dummy/share/blackboard_interfaces_dummy/environment/ament_prefix_path.dsv
[25.796s] -- Installing: /home/ste/ws/hsp-iit/data-model/examples/UC3-museum-guide/high-level-models/install/blackboard_interfaces_dummy/share/blackboard_interfaces_dummy/environment/path.sh
[25.796s] -- Installing: /home/ste/ws/hsp-iit/data-model/examples/UC3-museum-guide/high-level-models/install/blackboard_interfaces_dummy/share/blackboard_interfaces_dummy/environment/path.dsv
[25.797s] -- Installing: /home/ste/ws/hsp-iit/data-model/examples/UC3-museum-guide/high-level-models/install/blackboard_interfaces_dummy/share/blackboard_interfaces_dummy/local_setup.bash
[25.797s] -- Installing: /home/ste/ws/hsp-iit/data-model/examples/UC3-museum-guide/high-level-models/install/blackboard_interfaces_dummy/share/blackboard_interfaces_dummy/local_setup.sh
[25.797s] -- Installing: /home/ste/ws/hsp-iit/data-model/examples/UC3-museum-guide/high-level-models/install/blackboard_interfaces_dummy/share/blackboard_interfaces_dummy/local_setup.zsh
[25.797s] -- Installing: /home/ste/ws/hsp-iit/data-model/examples/UC3-museum-guide/high-level-models/install/blackboard_interfaces_dummy/share/blackboard_interfaces_dummy/local_setup.dsv
[25.797s] -- Installing: /home/ste/ws/hsp-iit/data-model/examples/UC3-museum-guide/high-level-models/install/blackboard_interfaces_dummy/share/blackboard_interfaces_dummy/package.dsv
[25.798s] -- Installing: /home/ste/ws/hsp-iit/data-model/examples/UC3-museum-guide/high-level-models/install/blackboard_interfaces_dummy/share/ament_index/resource_index/packages/blackboard_interfaces_dummy
[25.798s] -- Installing: /home/ste/ws/hsp-iit/data-model/examples/UC3-museum-guide/high-level-models/install/blackboard_interfaces_dummy/share/blackboard_interfaces_dummy/cmake/export_blackboard_interfaces__rosidl_generator_cExport.cmake
[25.798s] -- Installing: /home/ste/ws/hsp-iit/data-model/examples/UC3-museum-guide/high-level-models/install/blackboard_interfaces_dummy/share/blackboard_interfaces_dummy/cmake/export_blackboard_interfaces__rosidl_generator_cExport-noconfig.cmake
[25.799s] -- Installing: /home/ste/ws/hsp-iit/data-model/examples/UC3-museum-guide/high-level-models/install/blackboard_interfaces_dummy/share/blackboard_interfaces_dummy/cmake/export_blackboard_interfaces__rosidl_typesupport_fastrtps_cExport.cmake
[25.799s] -- Installing: /home/ste/ws/hsp-iit/data-model/examples/UC3-museum-guide/high-level-models/install/blackboard_interfaces_dummy/share/blackboard_interfaces_dummy/cmake/export_blackboard_interfaces__rosidl_typesupport_fastrtps_cExport-noconfig.cmake
[25.799s] -- Installing: /home/ste/ws/hsp-iit/data-model/examples/UC3-museum-guide/high-level-models/install/blackboard_interfaces_dummy/share/blackboard_interfaces_dummy/cmake/export_blackboard_interfaces__rosidl_generator_cppExport.cmake
[25.799s] -- Installing: /home/ste/ws/hsp-iit/data-model/examples/UC3-museum-guide/high-level-models/install/blackboard_interfaces_dummy/share/blackboard_interfaces_dummy/cmake/export_blackboard_interfaces__rosidl_typesupport_fastrtps_cppExport.cmake
[25.799s] -- Installing: /home/ste/ws/hsp-iit/data-model/examples/UC3-museum-guide/high-level-models/install/blackboard_interfaces_dummy/share/blackboard_interfaces_dummy/cmake/export_blackboard_interfaces__rosidl_typesupport_fastrtps_cppExport-noconfig.cmake
[25.800s] -- Installing: /home/ste/ws/hsp-iit/data-model/examples/UC3-museum-guide/high-level-models/install/blackboard_interfaces_dummy/share/blackboard_interfaces_dummy/cmake/blackboard_interfaces__rosidl_typesupport_introspection_cExport.cmake
[25.800s] -- Installing: /home/ste/ws/hsp-iit/data-model/examples/UC3-museum-guide/high-level-models/install/blackboard_interfaces_dummy/share/blackboard_interfaces_dummy/cmake/blackboard_interfaces__rosidl_typesupport_introspection_cExport-noconfig.cmake
[25.800s] -- Installing: /home/ste/ws/hsp-iit/data-model/examples/UC3-museum-guide/high-level-models/install/blackboard_interfaces_dummy/share/blackboard_interfaces_dummy/cmake/blackboard_interfaces__rosidl_typesupport_cExport.cmake
[25.800s] -- Installing: /home/ste/ws/hsp-iit/data-model/examples/UC3-museum-guide/high-level-models/install/blackboard_interfaces_dummy/share/blackboard_interfaces_dummy/cmake/blackboard_interfaces__rosidl_typesupport_cExport-noconfig.cmake
[25.800s] -- Installing: /home/ste/ws/hsp-iit/data-model/examples/UC3-museum-guide/high-level-models/install/blackboard_interfaces_dummy/share/blackboard_interfaces_dummy/cmake/blackboard_interfaces__rosidl_typesupport_introspection_cppExport.cmake
[25.801s] -- Installing: /home/ste/ws/hsp-iit/data-model/examples/UC3-museum-guide/high-level-models/install/blackboard_interfaces_dummy/share/blackboard_interfaces_dummy/cmake/blackboard_interfaces__rosidl_typesupport_introspection_cppExport-noconfig.cmake
[25.801s] -- Installing: /home/ste/ws/hsp-iit/data-model/examples/UC3-museum-guide/high-level-models/install/blackboard_interfaces_dummy/share/blackboard_interfaces_dummy/cmake/blackboard_interfaces__rosidl_typesupport_cppExport.cmake
[25.801s] -- Installing: /home/ste/ws/hsp-iit/data-model/examples/UC3-museum-guide/high-level-models/install/blackboard_interfaces_dummy/share/blackboard_interfaces_dummy/cmake/blackboard_interfaces__rosidl_typesupport_cppExport-noconfig.cmake
[25.801s] -- Installing: /home/ste/ws/hsp-iit/data-model/examples/UC3-museum-guide/high-level-models/install/blackboard_interfaces_dummy/share/blackboard_interfaces_dummy/cmake/export_blackboard_interfaces__rosidl_generator_pyExport.cmake
[25.801s] -- Installing: /home/ste/ws/hsp-iit/data-model/examples/UC3-museum-guide/high-level-models/install/blackboard_interfaces_dummy/share/blackboard_interfaces_dummy/cmake/export_blackboard_interfaces__rosidl_generator_pyExport-noconfig.cmake
[25.802s] -- Installing: /home/ste/ws/hsp-iit/data-model/examples/UC3-museum-guide/high-level-models/install/blackboard_interfaces_dummy/share/blackboard_interfaces_dummy/cmake/rosidl_cmake-extras.cmake
[25.802s] -- Installing: /home/ste/ws/hsp-iit/data-model/examples/UC3-museum-guide/high-level-models/install/blackboard_interfaces_dummy/share/blackboard_interfaces_dummy/cmake/ament_cmake_export_dependencies-extras.cmake
[25.802s] -- Installing: /home/ste/ws/hsp-iit/data-model/examples/UC3-museum-guide/high-level-models/install/blackboard_interfaces_dummy/share/blackboard_interfaces_dummy/cmake/ament_cmake_export_include_directories-extras.cmake
[25.802s] -- Installing: /home/ste/ws/hsp-iit/data-model/examples/UC3-museum-guide/high-level-models/install/blackboard_interfaces_dummy/share/blackboard_interfaces_dummy/cmake/ament_cmake_export_libraries-extras.cmake
[25.803s] -- Installing: /home/ste/ws/hsp-iit/data-model/examples/UC3-museum-guide/high-level-models/install/blackboard_interfaces_dummy/share/blackboard_interfaces_dummy/cmake/ament_cmake_export_targets-extras.cmake
[25.803s] -- Installing: /home/ste/ws/hsp-iit/data-model/examples/UC3-museum-guide/high-level-models/install/blackboard_interfaces_dummy/share/blackboard_interfaces_dummy/cmake/rosidl_cmake_export_typesupport_targets-extras.cmake
[25.803s] -- Installing: /home/ste/ws/hsp-iit/data-model/examples/UC3-museum-guide/high-level-models/install/blackboard_interfaces_dummy/share/blackboard_interfaces_dummy/cmake/rosidl_cmake_export_typesupport_libraries-extras.cmake
[25.803s] -- Installing: /home/ste/ws/hsp-iit/data-model/examples/UC3-museum-guide/high-level-models/install/blackboard_interfaces_dummy/share/blackboard_interfaces_dummy/cmake/blackboard_interfaces_dummyConfig.cmake
[25.803s] -- Installing: /home/ste/ws/hsp-iit/data-model/examples/UC3-museum-guide/high-level-models/install/blackboard_interfaces_dummy/share/blackboard_interfaces_dummy/cmake/blackboard_interfaces_dummyConfig-version.cmake
[25.804s] -- Installing: /home/ste/ws/hsp-iit/data-model/examples/UC3-museum-guide/high-level-models/install/blackboard_interfaces_dummy/share/blackboard_interfaces_dummy/package.xml
[25.807s] Invoked command in '/home/ste/ws/hsp-iit/data-model/examples/UC3-museum-guide/high-level-models/build/blackboard_interfaces_dummy' returned '0': CMAKE_PREFIX_PATH=${CMAKE_PREFIX_PATH}:/opt/ros/iron PS1=\[\033[01;32m\]\u\[\033[00m\]:\[\033[01;34m\]\w\[\033[00m\]\[\e[91m\]$(parse_git_branch)\[\e[00m\]$ /usr/bin/cmake --install /home/ste/ws/hsp-iit/data-model/examples/UC3-museum-guide/high-level-models/build/blackboard_interfaces_dummy
