Not searching for unused variables given on the command line.
-- The C compiler identification is GNU 13.3.0
-- The CXX compiler identification is GNU 13.3.0
-- Detecting C compiler ABI info
-- Detecting C compiler ABI info - done
-- Check for working C compiler: /usr/bin/cc - skipped
-- Detecting C compile features
-- Detecting C compile features - done
-- Detecting CXX compiler ABI info
-- Detecting CXX compiler ABI info - done
-- Check for working CXX compiler: /usr/bin/c++ - skipped
-- Detecting CXX compile features
-- Detecting CXX compile features - done
-- Found ament_cmake: 2.5.5 (/opt/ros/jazzy/share/ament_cmake/cmake)
-- Found Python3: /usr/bin/python3 (found version "3.12.3") found components: Interpreter 
-- Override CMake install command with custom implementation using symlinks instead of copying resources
-- Found rosidl_default_generators: 1.6.0 (/opt/ros/jazzy/share/rosidl_default_generators/cmake)
-- Using all available rosidl_typesupport_c: rosidl_typesupport_fastrtps_c;rosidl_typesupport_introspection_c
-- Using all available rosidl_typesupport_cpp: rosidl_typesupport_fastrtps_cpp;rosidl_typesupport_introspection_cpp
-- Found rosidl_adapter: 4.6.7 (/opt/ros/jazzy/share/rosidl_adapter/cmake)
-- Found ament_cmake_ros: 0.12.0 (/opt/ros/jazzy/share/ament_cmake_ros/cmake)
-- Using all available rosidl_typesupport_c: rosidl_typesupport_fastrtps_c;rosidl_typesupport_introspection_c
-- Using all available rosidl_typesupport_cpp: rosidl_typesupport_fastrtps_cpp;rosidl_typesupport_introspection_cpp
-- Found python_cmake_module: 0.11.1 (/opt/ros/jazzy/share/python_cmake_module/cmake)
-- Found PythonExtra: /usr/bin/python3  
-- Found Python3: /usr/bin/python3 (found version "3.12.3") found components: Interpreter Development NumPy Development.Module Development.Embed 
-- Configuring done (2.0s)
-- Generating done (0.0s)
-- Build files have been written to: /convince_ws/build/overarching_msgs
[  1%] [34m[1mGenerating type hashes for ROS interfaces[0m
[  1%] Built target ament_cmake_python_symlink_overarching_msgs
running egg_info
creating overarching_msgs.egg-info
writing overarching_msgs.egg-info/PKG-INFO
writing dependency_links to overarching_msgs.egg-info/dependency_links.txt
writing top-level names to overarching_msgs.egg-info/top_level.txt
writing manifest file 'overarching_msgs.egg-info/SOURCES.txt'
reading manifest file 'overarching_msgs.egg-info/SOURCES.txt'
writing manifest file 'overarching_msgs.egg-info/SOURCES.txt'
[  1%] Built target ament_cmake_python_build_overarching_msgs_egg
[  1%] Built target overarching_msgs__rosidl_generator_type_description
[  2%] [34m[1mGenerating C code for ROS interfaces[0m
[  4%] [34m[1mGenerating C++ code for ROS interfaces[0m
[  4%] Built target overarching_msgs__cpp
[  5%] [32mBuilding C object CMakeFiles/overarching_msgs__rosidl_generator_c.dir/rosidl_generator_c/overarching_msgs/msg/detail/location__functions.c.o[0m
[  6%] [32mBuilding C object CMakeFiles/overarching_msgs__rosidl_generator_c.dir/rosidl_generator_c/overarching_msgs/action/detail/navigate__type_support.c.o[0m
[  8%] [32mBuilding C object CMakeFiles/overarching_msgs__rosidl_generator_c.dir/rosidl_generator_c/overarching_msgs/action/detail/pick__functions.c.o[0m
[ 12%] [32mBuilding C object CMakeFiles/overarching_msgs__rosidl_generator_c.dir/rosidl_generator_c/overarching_msgs/msg/detail/location__description.c.o[0m
[ 12%] [32mBuilding C object CMakeFiles/overarching_msgs__rosidl_generator_c.dir/rosidl_generator_c/overarching_msgs/msg/detail/location__type_support.c.o[0m
[ 12%] [32mBuilding C object CMakeFiles/overarching_msgs__rosidl_generator_c.dir/rosidl_generator_c/overarching_msgs/action/detail/pick__type_support.c.o[0m
[ 13%] [32mBuilding C object CMakeFiles/overarching_msgs__rosidl_generator_c.dir/rosidl_generator_c/overarching_msgs/action/detail/navigate__functions.c.o[0m
[ 14%] [32mBuilding C object CMakeFiles/overarching_msgs__rosidl_generator_c.dir/rosidl_generator_c/overarching_msgs/action/detail/pick__description.c.o[0m
[ 16%] [32mBuilding C object CMakeFiles/overarching_msgs__rosidl_generator_c.dir/rosidl_generator_c/overarching_msgs/action/detail/navigate__description.c.o[0m
[ 17%] [32mBuilding C object CMakeFiles/overarching_msgs__rosidl_generator_c.dir/rosidl_generator_c/overarching_msgs/action/detail/place__type_support.c.o[0m
[ 20%] [32mBuilding C object CMakeFiles/overarching_msgs__rosidl_generator_c.dir/rosidl_generator_c/overarching_msgs/action/detail/place__functions.c.o[0m
[ 20%] [32mBuilding C object CMakeFiles/overarching_msgs__rosidl_generator_c.dir/rosidl_generator_c/overarching_msgs/action/detail/place__description.c.o[0m
[ 21%] [32mBuilding C object CMakeFiles/overarching_msgs__rosidl_generator_c.dir/rosidl_generator_c/overarching_msgs/action/detail/detect__description.c.o[0m
[ 22%] [32mBuilding C object CMakeFiles/overarching_msgs__rosidl_generator_c.dir/rosidl_generator_c/overarching_msgs/action/detail/detect__functions.c.o[0m
[ 24%] [32mBuilding C object CMakeFiles/overarching_msgs__rosidl_generator_c.dir/rosidl_generator_c/overarching_msgs/action/detail/detect__type_support.c.o[0m
[ 25%] [32m[1mLinking C shared library liboverarching_msgs__rosidl_generator_c.so[0m
[ 25%] Built target overarching_msgs__rosidl_generator_c
[ 27%] [34m[1mGenerating C++ type support dispatch for ROS interfaces[0m
[ 29%] [34m[1mGenerating C introspection for ROS interfaces[0m
[ 28%] [34m[1mGenerating C type support dispatch for ROS interfaces[0m
[ 31%] [34m[1mGenerating C++ type support for eProsima Fast-RTPS[0m
[ 32%] [34m[1mGenerating C++ introspection for ROS interfaces[0m
[ 33%] [34m[1mGenerating C type support for eProsima Fast-RTPS[0m
[ 35%] [32mBuilding CXX object CMakeFiles/overarching_msgs__rosidl_typesupport_cpp.dir/rosidl_typesupport_cpp/overarching_msgs/action/place__type_support.cpp.o[0m
[ 36%] [32mBuilding CXX object CMakeFiles/overarching_msgs__rosidl_typesupport_cpp.dir/rosidl_typesupport_cpp/overarching_msgs/msg/location__type_support.cpp.o[0m
[ 37%] [32mBuilding CXX object CMakeFiles/overarching_msgs__rosidl_typesupport_cpp.dir/rosidl_typesupport_cpp/overarching_msgs/action/navigate__type_support.cpp.o[0m
[ 39%] [32mBuilding CXX object CMakeFiles/overarching_msgs__rosidl_typesupport_cpp.dir/rosidl_typesupport_cpp/overarching_msgs/action/pick__type_support.cpp.o[0m
[ 40%] [32mBuilding CXX object CMakeFiles/overarching_msgs__rosidl_typesupport_cpp.dir/rosidl_typesupport_cpp/overarching_msgs/action/detect__type_support.cpp.o[0m
[ 41%] [32mBuilding CXX object CMakeFiles/overarching_msgs__rosidl_typesupport_c.dir/rosidl_typesupport_c/overarching_msgs/action/pick__type_support.cpp.o[0m
[ 43%] [32mBuilding CXX object CMakeFiles/overarching_msgs__rosidl_typesupport_c.dir/rosidl_typesupport_c/overarching_msgs/action/place__type_support.cpp.o[0m
[ 44%] [32mBuilding CXX object CMakeFiles/overarching_msgs__rosidl_typesupport_c.dir/rosidl_typesupport_c/overarching_msgs/action/navigate__type_support.cpp.o[0m
[ 45%] [32mBuilding CXX object CMakeFiles/overarching_msgs__rosidl_typesupport_c.dir/rosidl_typesupport_c/overarching_msgs/msg/location__type_support.cpp.o[0m
[ 47%] [32mBuilding CXX object CMakeFiles/overarching_msgs__rosidl_typesupport_c.dir/rosidl_typesupport_c/overarching_msgs/action/detect__type_support.cpp.o[0m
[ 48%] [32m[1mLinking CXX shared library liboverarching_msgs__rosidl_typesupport_c.so[0m
[ 50%] [32mBuilding C object CMakeFiles/overarching_msgs__rosidl_typesupport_introspection_c.dir/rosidl_typesupport_introspection_c/overarching_msgs/msg/detail/location__type_support.c.o[0m
[ 51%] [32mBuilding C object CMakeFiles/overarching_msgs__rosidl_typesupport_introspection_c.dir/rosidl_typesupport_introspection_c/overarching_msgs/action/detail/navigate__type_support.c.o[0m
[ 52%] [32mBuilding C object CMakeFiles/overarching_msgs__rosidl_typesupport_introspection_c.dir/rosidl_typesupport_introspection_c/overarching_msgs/action/detail/place__type_support.c.o[0m
[ 54%] [32mBuilding C object CMakeFiles/overarching_msgs__rosidl_typesupport_introspection_c.dir/rosidl_typesupport_introspection_c/overarching_msgs/action/detail/pick__type_support.c.o[0m
[ 55%] [32mBuilding C object CMakeFiles/overarching_msgs__rosidl_typesupport_introspection_c.dir/rosidl_typesupport_introspection_c/overarching_msgs/action/detail/detect__type_support.c.o[0m
[ 55%] Built target overarching_msgs__rosidl_typesupport_c
[ 56%] [32m[1mLinking C shared library liboverarching_msgs__rosidl_typesupport_introspection_c.so[0m
[ 58%] [32mBuilding CXX object CMakeFiles/overarching_msgs__rosidl_typesupport_introspection_cpp.dir/rosidl_typesupport_introspection_cpp/overarching_msgs/action/detail/pick__type_support.cpp.o[0m
[ 59%] [32mBuilding CXX object CMakeFiles/overarching_msgs__rosidl_typesupport_introspection_cpp.dir/rosidl_typesupport_introspection_cpp/overarching_msgs/action/detail/detect__type_support.cpp.o[0m
[ 62%] [32mBuilding CXX object CMakeFiles/overarching_msgs__rosidl_typesupport_introspection_cpp.dir/rosidl_typesupport_introspection_cpp/overarching_msgs/action/detail/navigate__type_support.cpp.o[0m
[ 62%] [32mBuilding CXX object CMakeFiles/overarching_msgs__rosidl_typesupport_introspection_cpp.dir/rosidl_typesupport_introspection_cpp/overarching_msgs/msg/detail/location__type_support.cpp.o[0m
[ 63%] [32mBuilding CXX object CMakeFiles/overarching_msgs__rosidl_typesupport_introspection_cpp.dir/rosidl_typesupport_introspection_cpp/overarching_msgs/action/detail/place__type_support.cpp.o[0m
[ 63%] Built target overarching_msgs__rosidl_typesupport_introspection_c
[ 64%] [32mBuilding CXX object CMakeFiles/overarching_msgs__rosidl_typesupport_fastrtps_c.dir/rosidl_typesupport_fastrtps_c/overarching_msgs/action/detail/pick__type_support_c.cpp.o[0m
[ 66%] [32mBuilding CXX object CMakeFiles/overarching_msgs__rosidl_typesupport_fastrtps_c.dir/rosidl_typesupport_fastrtps_c/overarching_msgs/action/detail/detect__type_support_c.cpp.o[0m
[ 67%] [32mBuilding CXX object CMakeFiles/overarching_msgs__rosidl_typesupport_fastrtps_c.dir/rosidl_typesupport_fastrtps_c/overarching_msgs/action/detail/place__type_support_c.cpp.o[0m
[ 68%] [32mBuilding CXX object CMakeFiles/overarching_msgs__rosidl_typesupport_fastrtps_c.dir/rosidl_typesupport_fastrtps_c/overarching_msgs/action/detail/navigate__type_support_c.cpp.o[0m
[ 70%] [32mBuilding CXX object CMakeFiles/overarching_msgs__rosidl_typesupport_fastrtps_c.dir/rosidl_typesupport_fastrtps_c/overarching_msgs/msg/detail/location__type_support_c.cpp.o[0m
[ 71%] [32m[1mLinking CXX shared library liboverarching_msgs__rosidl_typesupport_cpp.so[0m
[ 72%] [32mBuilding CXX object CMakeFiles/overarching_msgs__rosidl_typesupport_fastrtps_cpp.dir/rosidl_typesupport_fastrtps_cpp/overarching_msgs/action/detail/dds_fastrtps/place__type_support.cpp.o[0m
[ 77%] [32mBuilding CXX object CMakeFiles/overarching_msgs__rosidl_typesupport_fastrtps_cpp.dir/rosidl_typesupport_fastrtps_cpp/overarching_msgs/action/detail/dds_fastrtps/pick__type_support.cpp.o[0m
[ 77%] [32mBuilding CXX object CMakeFiles/overarching_msgs__rosidl_typesupport_fastrtps_cpp.dir/rosidl_typesupport_fastrtps_cpp/overarching_msgs/msg/detail/dds_fastrtps/location__type_support.cpp.o[0m
[ 77%] [32mBuilding CXX object CMakeFiles/overarching_msgs__rosidl_typesupport_fastrtps_cpp.dir/rosidl_typesupport_fastrtps_cpp/overarching_msgs/action/detail/dds_fastrtps/navigate__type_support.cpp.o[0m
[ 78%] [32mBuilding CXX object CMakeFiles/overarching_msgs__rosidl_typesupport_fastrtps_cpp.dir/rosidl_typesupport_fastrtps_cpp/overarching_msgs/action/detail/dds_fastrtps/detect__type_support.cpp.o[0m
[ 78%] Built target overarching_msgs__rosidl_typesupport_cpp
[ 79%] [32m[1mLinking CXX shared library liboverarching_msgs__rosidl_typesupport_introspection_cpp.so[0m
[ 79%] Built target overarching_msgs__rosidl_typesupport_introspection_cpp
[ 81%] [32m[1mLinking CXX shared library liboverarching_msgs__rosidl_typesupport_fastrtps_c.so[0m
[ 81%] Built target overarching_msgs__rosidl_typesupport_fastrtps_c
[ 82%] [32m[1mLinking CXX shared library liboverarching_msgs__rosidl_typesupport_fastrtps_cpp.so[0m
[ 82%] Built target overarching_msgs__rosidl_typesupport_fastrtps_cpp
[ 82%] Built target overarching_msgs
[ 83%] [34m[1mGenerating Python code for ROS interfaces[0m
[ 83%] Built target overarching_msgs__py
[ 85%] [32mBuilding C object CMakeFiles/overarching_msgs__rosidl_generator_py.dir/rosidl_generator_py/overarching_msgs/action/_detect_s.c.o[0m
[ 86%] [32mBuilding C object CMakeFiles/overarching_msgs__rosidl_generator_py.dir/rosidl_generator_py/overarching_msgs/action/_pick_s.c.o[0m
[ 89%] [32mBuilding C object CMakeFiles/overarching_msgs__rosidl_generator_py.dir/rosidl_generator_py/overarching_msgs/action/_place_s.c.o[0m
[ 89%] [32mBuilding C object CMakeFiles/overarching_msgs__rosidl_generator_py.dir/rosidl_generator_py/overarching_msgs/action/_navigate_s.c.o[0m
[ 90%] [32mBuilding C object CMakeFiles/overarching_msgs__rosidl_generator_py.dir/rosidl_generator_py/overarching_msgs/msg/_location_s.c.o[0m
[ 91%] [32m[1mLinking C shared library liboverarching_msgs__rosidl_generator_py.so[0m
[ 91%] Built target overarching_msgs__rosidl_generator_py
[ 93%] [32mBuilding C object CMakeFiles/overarching_msgs_s__rosidl_typesupport_fastrtps_c.dir/rosidl_generator_py/overarching_msgs/_overarching_msgs_s.ep.rosidl_typesupport_fastrtps_c.c.o[0m
[ 95%] [32mBuilding C object CMakeFiles/overarching_msgs_s__rosidl_typesupport_c.dir/rosidl_generator_py/overarching_msgs/_overarching_msgs_s.ep.rosidl_typesupport_c.c.o[0m
[ 95%] [32mBuilding C object CMakeFiles/overarching_msgs_s__rosidl_typesupport_introspection_c.dir/rosidl_generator_py/overarching_msgs/_overarching_msgs_s.ep.rosidl_typesupport_introspection_c.c.o[0m
[ 97%] [32m[1mLinking C shared module rosidl_generator_py/overarching_msgs/overarching_msgs_s__rosidl_typesupport_c.so[0m
[ 98%] [32m[1mLinking C shared module rosidl_generator_py/overarching_msgs/overarching_msgs_s__rosidl_typesupport_fastrtps_c.so[0m
[100%] [32m[1mLinking C shared module rosidl_generator_py/overarching_msgs/overarching_msgs_s__rosidl_typesupport_introspection_c.so[0m
[100%] Built target overarching_msgs_s__rosidl_typesupport_c
[100%] Built target overarching_msgs_s__rosidl_typesupport_fastrtps_c
[100%] Built target overarching_msgs_s__rosidl_typesupport_introspection_c
-- Install configuration: ""
-- Execute custom install script
-- Symlinking: /convince_ws/install/overarching_msgs/share/ament_index/resource_index/rosidl_interfaces/overarching_msgs
-- Symlinking: /convince_ws/install/overarching_msgs/share/overarching_msgs/msg/Location.json
-- Symlinking: /convince_ws/install/overarching_msgs/share/overarching_msgs/action/Navigate.json
-- Symlinking: /convince_ws/install/overarching_msgs/share/overarching_msgs/action/Pick.json
-- Symlinking: /convince_ws/install/overarching_msgs/share/overarching_msgs/action/Place.json
-- Symlinking: /convince_ws/install/overarching_msgs/share/overarching_msgs/action/Detect.json
-- Symlinking: /convince_ws/install/overarching_msgs/include/overarching_msgs/overarching_msgs/action/detail/detect__functions.h
-- Symlinking: /convince_ws/install/overarching_msgs/include/overarching_msgs/overarching_msgs/action/detail/detect__struct.h
-- Symlinking: /convince_ws/install/overarching_msgs/include/overarching_msgs/overarching_msgs/action/detail/detect__type_support.h
-- Symlinking: /convince_ws/install/overarching_msgs/include/overarching_msgs/overarching_msgs/action/detail/navigate__functions.h
-- Symlinking: /convince_ws/install/overarching_msgs/include/overarching_msgs/overarching_msgs/action/detail/navigate__struct.h
-- Symlinking: /convince_ws/install/overarching_msgs/include/overarching_msgs/overarching_msgs/action/detail/navigate__type_support.h
-- Symlinking: /convince_ws/install/overarching_msgs/include/overarching_msgs/overarching_msgs/action/detail/pick__functions.h
-- Symlinking: /convince_ws/install/overarching_msgs/include/overarching_msgs/overarching_msgs/action/detail/pick__struct.h
-- Symlinking: /convince_ws/install/overarching_msgs/include/overarching_msgs/overarching_msgs/action/detail/pick__type_support.h
-- Symlinking: /convince_ws/install/overarching_msgs/include/overarching_msgs/overarching_msgs/action/detail/place__functions.h
-- Symlinking: /convince_ws/install/overarching_msgs/include/overarching_msgs/overarching_msgs/action/detail/place__struct.h
-- Symlinking: /convince_ws/install/overarching_msgs/include/overarching_msgs/overarching_msgs/action/detail/place__type_support.h
-- Symlinking: /convince_ws/install/overarching_msgs/include/overarching_msgs/overarching_msgs/action/detect.h
-- Symlinking: /convince_ws/install/overarching_msgs/include/overarching_msgs/overarching_msgs/action/navigate.h
-- Symlinking: /convince_ws/install/overarching_msgs/include/overarching_msgs/overarching_msgs/action/pick.h
-- Symlinking: /convince_ws/install/overarching_msgs/include/overarching_msgs/overarching_msgs/action/place.h
-- Symlinking: /convince_ws/install/overarching_msgs/include/overarching_msgs/overarching_msgs/msg/detail/location__functions.h
-- Symlinking: /convince_ws/install/overarching_msgs/include/overarching_msgs/overarching_msgs/msg/detail/location__struct.h
-- Symlinking: /convince_ws/install/overarching_msgs/include/overarching_msgs/overarching_msgs/msg/detail/location__type_support.h
-- Symlinking: /convince_ws/install/overarching_msgs/include/overarching_msgs/overarching_msgs/msg/location.h
-- Symlinking: /convince_ws/install/overarching_msgs/include/overarching_msgs/overarching_msgs/msg/rosidl_generator_c__visibility_control.h
-- Symlinking: /convince_ws/install/overarching_msgs/share/overarching_msgs/environment/library_path.sh
-- Symlinking: /convince_ws/install/overarching_msgs/share/overarching_msgs/environment/library_path.dsv
-- Symlinking: /convince_ws/install/overarching_msgs/include/overarching_msgs/overarching_msgs/action/detail/detect__rosidl_typesupport_fastrtps_c.h
-- Symlinking: /convince_ws/install/overarching_msgs/include/overarching_msgs/overarching_msgs/action/detail/navigate__rosidl_typesupport_fastrtps_c.h
-- Symlinking: /convince_ws/install/overarching_msgs/include/overarching_msgs/overarching_msgs/action/detail/pick__rosidl_typesupport_fastrtps_c.h
-- Symlinking: /convince_ws/install/overarching_msgs/include/overarching_msgs/overarching_msgs/action/detail/place__rosidl_typesupport_fastrtps_c.h
-- Symlinking: /convince_ws/install/overarching_msgs/include/overarching_msgs/overarching_msgs/msg/detail/location__rosidl_typesupport_fastrtps_c.h
-- Symlinking: /convince_ws/install/overarching_msgs/include/overarching_msgs/overarching_msgs/msg/rosidl_typesupport_fastrtps_c__visibility_control.h
-- Symlinking: /convince_ws/install/overarching_msgs/include/overarching_msgs/overarching_msgs/action/detail/detect__rosidl_typesupport_introspection_c.h
-- Symlinking: /convince_ws/install/overarching_msgs/include/overarching_msgs/overarching_msgs/action/detail/navigate__rosidl_typesupport_introspection_c.h
-- Symlinking: /convince_ws/install/overarching_msgs/include/overarching_msgs/overarching_msgs/action/detail/pick__rosidl_typesupport_introspection_c.h
-- Symlinking: /convince_ws/install/overarching_msgs/include/overarching_msgs/overarching_msgs/action/detail/place__rosidl_typesupport_introspection_c.h
-- Symlinking: /convince_ws/install/overarching_msgs/include/overarching_msgs/overarching_msgs/msg/detail/location__rosidl_typesupport_introspection_c.h
-- Symlinking: /convince_ws/install/overarching_msgs/include/overarching_msgs/overarching_msgs/msg/rosidl_typesupport_introspection_c__visibility_control.h
-- Symlinking: /convince_ws/install/overarching_msgs/include/overarching_msgs/overarching_msgs/action/detail/detect__builder.hpp
-- Symlinking: /convince_ws/install/overarching_msgs/include/overarching_msgs/overarching_msgs/action/detail/detect__struct.hpp
-- Symlinking: /convince_ws/install/overarching_msgs/include/overarching_msgs/overarching_msgs/action/detail/detect__traits.hpp
-- Symlinking: /convince_ws/install/overarching_msgs/include/overarching_msgs/overarching_msgs/action/detail/detect__type_support.hpp
-- Symlinking: /convince_ws/install/overarching_msgs/include/overarching_msgs/overarching_msgs/action/detail/navigate__builder.hpp
-- Symlinking: /convince_ws/install/overarching_msgs/include/overarching_msgs/overarching_msgs/action/detail/navigate__struct.hpp
-- Symlinking: /convince_ws/install/overarching_msgs/include/overarching_msgs/overarching_msgs/action/detail/navigate__traits.hpp
-- Symlinking: /convince_ws/install/overarching_msgs/include/overarching_msgs/overarching_msgs/action/detail/navigate__type_support.hpp
-- Symlinking: /convince_ws/install/overarching_msgs/include/overarching_msgs/overarching_msgs/action/detail/pick__builder.hpp
-- Symlinking: /convince_ws/install/overarching_msgs/include/overarching_msgs/overarching_msgs/action/detail/pick__struct.hpp
-- Symlinking: /convince_ws/install/overarching_msgs/include/overarching_msgs/overarching_msgs/action/detail/pick__traits.hpp
-- Symlinking: /convince_ws/install/overarching_msgs/include/overarching_msgs/overarching_msgs/action/detail/pick__type_support.hpp
-- Symlinking: /convince_ws/install/overarching_msgs/include/overarching_msgs/overarching_msgs/action/detail/place__builder.hpp
-- Symlinking: /convince_ws/install/overarching_msgs/include/overarching_msgs/overarching_msgs/action/detail/place__struct.hpp
-- Symlinking: /convince_ws/install/overarching_msgs/include/overarching_msgs/overarching_msgs/action/detail/place__traits.hpp
-- Symlinking: /convince_ws/install/overarching_msgs/include/overarching_msgs/overarching_msgs/action/detail/place__type_support.hpp
-- Symlinking: /convince_ws/install/overarching_msgs/include/overarching_msgs/overarching_msgs/action/detect.hpp
-- Symlinking: /convince_ws/install/overarching_msgs/include/overarching_msgs/overarching_msgs/action/navigate.hpp
-- Symlinking: /convince_ws/install/overarching_msgs/include/overarching_msgs/overarching_msgs/action/pick.hpp
-- Symlinking: /convince_ws/install/overarching_msgs/include/overarching_msgs/overarching_msgs/action/place.hpp
-- Symlinking: /convince_ws/install/overarching_msgs/include/overarching_msgs/overarching_msgs/msg/detail/location__builder.hpp
-- Symlinking: /convince_ws/install/overarching_msgs/include/overarching_msgs/overarching_msgs/msg/detail/location__struct.hpp
-- Symlinking: /convince_ws/install/overarching_msgs/include/overarching_msgs/overarching_msgs/msg/detail/location__traits.hpp
-- Symlinking: /convince_ws/install/overarching_msgs/include/overarching_msgs/overarching_msgs/msg/detail/location__type_support.hpp
-- Symlinking: /convince_ws/install/overarching_msgs/include/overarching_msgs/overarching_msgs/msg/location.hpp
-- Symlinking: /convince_ws/install/overarching_msgs/include/overarching_msgs/overarching_msgs/msg/rosidl_generator_cpp__visibility_control.hpp
-- Symlinking: /convince_ws/install/overarching_msgs/include/overarching_msgs/overarching_msgs/action/detail/detect__rosidl_typesupport_fastrtps_cpp.hpp
-- Symlinking: /convince_ws/install/overarching_msgs/include/overarching_msgs/overarching_msgs/action/detail/navigate__rosidl_typesupport_fastrtps_cpp.hpp
-- Symlinking: /convince_ws/install/overarching_msgs/include/overarching_msgs/overarching_msgs/action/detail/pick__rosidl_typesupport_fastrtps_cpp.hpp
-- Symlinking: /convince_ws/install/overarching_msgs/include/overarching_msgs/overarching_msgs/action/detail/place__rosidl_typesupport_fastrtps_cpp.hpp
-- Symlinking: /convince_ws/install/overarching_msgs/include/overarching_msgs/overarching_msgs/msg/detail/location__rosidl_typesupport_fastrtps_cpp.hpp
-- Symlinking: /convince_ws/install/overarching_msgs/include/overarching_msgs/overarching_msgs/msg/rosidl_typesupport_fastrtps_cpp__visibility_control.h
-- Symlinking: /convince_ws/install/overarching_msgs/include/overarching_msgs/overarching_msgs/action/detail/detect__rosidl_typesupport_introspection_cpp.hpp
-- Symlinking: /convince_ws/install/overarching_msgs/include/overarching_msgs/overarching_msgs/action/detail/navigate__rosidl_typesupport_introspection_cpp.hpp
-- Symlinking: /convince_ws/install/overarching_msgs/include/overarching_msgs/overarching_msgs/action/detail/pick__rosidl_typesupport_introspection_cpp.hpp
-- Symlinking: /convince_ws/install/overarching_msgs/include/overarching_msgs/overarching_msgs/action/detail/place__rosidl_typesupport_introspection_cpp.hpp
-- Symlinking: /convince_ws/install/overarching_msgs/include/overarching_msgs/overarching_msgs/msg/detail/location__rosidl_typesupport_introspection_cpp.hpp
-- Symlinking: /convince_ws/install/overarching_msgs/share/overarching_msgs/environment/pythonpath.sh
-- Symlinking: /convince_ws/install/overarching_msgs/share/overarching_msgs/environment/pythonpath.dsv
-- Symlinking: /convince_ws/install/overarching_msgs/lib/python3.12/site-packages/overarching_msgs-0.0.0-py3.12.egg-info/PKG-INFO
-- Symlinking: /convince_ws/install/overarching_msgs/lib/python3.12/site-packages/overarching_msgs-0.0.0-py3.12.egg-info/SOURCES.txt
-- Symlinking: /convince_ws/install/overarching_msgs/lib/python3.12/site-packages/overarching_msgs-0.0.0-py3.12.egg-info/dependency_links.txt
-- Symlinking: /convince_ws/install/overarching_msgs/lib/python3.12/site-packages/overarching_msgs-0.0.0-py3.12.egg-info/top_level.txt
-- Symlinking: /convince_ws/install/overarching_msgs/lib/python3.12/site-packages/overarching_msgs/__init__.py
-- Symlinking: /convince_ws/install/overarching_msgs/lib/python3.12/site-packages/overarching_msgs/_overarching_msgs_s.ep.rosidl_typesupport_c.c
-- Symlinking: /convince_ws/install/overarching_msgs/lib/python3.12/site-packages/overarching_msgs/_overarching_msgs_s.ep.rosidl_typesupport_fastrtps_c.c
-- Symlinking: /convince_ws/install/overarching_msgs/lib/python3.12/site-packages/overarching_msgs/_overarching_msgs_s.ep.rosidl_typesupport_introspection_c.c
-- Symlinking: /convince_ws/install/overarching_msgs/lib/python3.12/site-packages/overarching_msgs/action/__init__.py
-- Symlinking: /convince_ws/install/overarching_msgs/lib/python3.12/site-packages/overarching_msgs/action/_detect.py
-- Symlinking: /convince_ws/install/overarching_msgs/lib/python3.12/site-packages/overarching_msgs/action/_detect_s.c
-- Symlinking: /convince_ws/install/overarching_msgs/lib/python3.12/site-packages/overarching_msgs/action/_navigate.py
-- Symlinking: /convince_ws/install/overarching_msgs/lib/python3.12/site-packages/overarching_msgs/action/_navigate_s.c
-- Symlinking: /convince_ws/install/overarching_msgs/lib/python3.12/site-packages/overarching_msgs/action/_pick.py
-- Symlinking: /convince_ws/install/overarching_msgs/lib/python3.12/site-packages/overarching_msgs/action/_pick_s.c
-- Symlinking: /convince_ws/install/overarching_msgs/lib/python3.12/site-packages/overarching_msgs/action/_place.py
-- Symlinking: /convince_ws/install/overarching_msgs/lib/python3.12/site-packages/overarching_msgs/action/_place_s.c
-- Symlinking: /convince_ws/install/overarching_msgs/lib/python3.12/site-packages/overarching_msgs/msg/__init__.py
-- Symlinking: /convince_ws/install/overarching_msgs/lib/python3.12/site-packages/overarching_msgs/msg/_location.py
-- Symlinking: /convince_ws/install/overarching_msgs/lib/python3.12/site-packages/overarching_msgs/msg/_location_s.c
-- Symlinking: /convince_ws/install/overarching_msgs/lib/python3.12/site-packages/overarching_msgs/overarching_msgs_s__rosidl_typesupport_c.so
-- Symlinking: /convince_ws/install/overarching_msgs/lib/python3.12/site-packages/overarching_msgs/overarching_msgs_s__rosidl_typesupport_fastrtps_c.so
-- Symlinking: /convince_ws/install/overarching_msgs/lib/python3.12/site-packages/overarching_msgs/overarching_msgs_s__rosidl_typesupport_introspection_c.so
-- Up-to-date symlink: /convince_ws/install/overarching_msgs/lib/python3.12/site-packages/overarching_msgs/overarching_msgs_s__rosidl_typesupport_fastrtps_c.so
-- Up-to-date symlink: /convince_ws/install/overarching_msgs/lib/python3.12/site-packages/overarching_msgs/overarching_msgs_s__rosidl_typesupport_introspection_c.so
-- Up-to-date symlink: /convince_ws/install/overarching_msgs/lib/python3.12/site-packages/overarching_msgs/overarching_msgs_s__rosidl_typesupport_c.so
-- Symlinking: /convince_ws/install/overarching_msgs/share/overarching_msgs/msg/Location.idl
-- Symlinking: /convince_ws/install/overarching_msgs/share/overarching_msgs/action/Navigate.idl
-- Symlinking: /convince_ws/install/overarching_msgs/share/overarching_msgs/action/Pick.idl
-- Symlinking: /convince_ws/install/overarching_msgs/share/overarching_msgs/action/Place.idl
-- Symlinking: /convince_ws/install/overarching_msgs/share/overarching_msgs/action/Detect.idl
-- Symlinking: /convince_ws/install/overarching_msgs/share/overarching_msgs/msg/Location.msg
-- Symlinking: /convince_ws/install/overarching_msgs/share/overarching_msgs/action/Navigate.action
-- Symlinking: /convince_ws/install/overarching_msgs/share/overarching_msgs/action/Pick.action
-- Symlinking: /convince_ws/install/overarching_msgs/share/overarching_msgs/action/Place.action
-- Symlinking: /convince_ws/install/overarching_msgs/share/overarching_msgs/action/Detect.action
-- Symlinking: /convince_ws/install/overarching_msgs/share/ament_index/resource_index/package_run_dependencies/overarching_msgs
-- Symlinking: /convince_ws/install/overarching_msgs/share/ament_index/resource_index/parent_prefix_path/overarching_msgs
-- Symlinking: /convince_ws/install/overarching_msgs/share/overarching_msgs/environment/ament_prefix_path.sh
-- Symlinking: /convince_ws/install/overarching_msgs/share/overarching_msgs/environment/ament_prefix_path.dsv
-- Symlinking: /convince_ws/install/overarching_msgs/share/overarching_msgs/environment/path.sh
-- Symlinking: /convince_ws/install/overarching_msgs/share/overarching_msgs/environment/path.dsv
-- Symlinking: /convince_ws/install/overarching_msgs/share/overarching_msgs/local_setup.bash
-- Symlinking: /convince_ws/install/overarching_msgs/share/overarching_msgs/local_setup.sh
-- Symlinking: /convince_ws/install/overarching_msgs/share/overarching_msgs/local_setup.zsh
-- Symlinking: /convince_ws/install/overarching_msgs/share/overarching_msgs/local_setup.dsv
-- Symlinking: /convince_ws/install/overarching_msgs/share/overarching_msgs/package.dsv
-- Symlinking: /convince_ws/install/overarching_msgs/share/ament_index/resource_index/packages/overarching_msgs
-- Symlinking: /convince_ws/install/overarching_msgs/share/overarching_msgs/cmake/rosidl_cmake-extras.cmake
-- Symlinking: /convince_ws/install/overarching_msgs/share/overarching_msgs/cmake/ament_cmake_export_dependencies-extras.cmake
-- Symlinking: /convince_ws/install/overarching_msgs/share/overarching_msgs/cmake/ament_cmake_export_include_directories-extras.cmake
-- Symlinking: /convince_ws/install/overarching_msgs/share/overarching_msgs/cmake/ament_cmake_export_libraries-extras.cmake
-- Symlinking: /convince_ws/install/overarching_msgs/share/overarching_msgs/cmake/ament_cmake_export_targets-extras.cmake
-- Symlinking: /convince_ws/install/overarching_msgs/share/overarching_msgs/cmake/rosidl_cmake_export_typesupport_targets-extras.cmake
-- Symlinking: /convince_ws/install/overarching_msgs/share/overarching_msgs/cmake/rosidl_cmake_export_typesupport_libraries-extras.cmake
-- Symlinking: /convince_ws/install/overarching_msgs/share/overarching_msgs/cmake/overarching_msgsConfig.cmake
-- Symlinking: /convince_ws/install/overarching_msgs/share/overarching_msgs/cmake/overarching_msgsConfig-version.cmake
-- Symlinking: /convince_ws/install/overarching_msgs/share/overarching_msgs/package.xml
-- Installing: /convince_ws/install/overarching_msgs/lib/liboverarching_msgs__rosidl_generator_c.so
-- Set non-toolchain portion of runtime path of "/convince_ws/install/overarching_msgs/lib/liboverarching_msgs__rosidl_generator_c.so" to ""
-- Installing: /convince_ws/install/overarching_msgs/lib/liboverarching_msgs__rosidl_typesupport_fastrtps_c.so
-- Set non-toolchain portion of runtime path of "/convince_ws/install/overarching_msgs/lib/liboverarching_msgs__rosidl_typesupport_fastrtps_c.so" to ""
-- Installing: /convince_ws/install/overarching_msgs/lib/liboverarching_msgs__rosidl_typesupport_introspection_c.so
-- Set non-toolchain portion of runtime path of "/convince_ws/install/overarching_msgs/lib/liboverarching_msgs__rosidl_typesupport_introspection_c.so" to ""
-- Installing: /convince_ws/install/overarching_msgs/lib/liboverarching_msgs__rosidl_typesupport_c.so
-- Set non-toolchain portion of runtime path of "/convince_ws/install/overarching_msgs/lib/liboverarching_msgs__rosidl_typesupport_c.so" to ""
-- Installing: /convince_ws/install/overarching_msgs/lib/liboverarching_msgs__rosidl_typesupport_fastrtps_cpp.so
-- Set non-toolchain portion of runtime path of "/convince_ws/install/overarching_msgs/lib/liboverarching_msgs__rosidl_typesupport_fastrtps_cpp.so" to ""
-- Installing: /convince_ws/install/overarching_msgs/lib/liboverarching_msgs__rosidl_typesupport_introspection_cpp.so
-- Set non-toolchain portion of runtime path of "/convince_ws/install/overarching_msgs/lib/liboverarching_msgs__rosidl_typesupport_introspection_cpp.so" to ""
-- Installing: /convince_ws/install/overarching_msgs/lib/liboverarching_msgs__rosidl_typesupport_cpp.so
-- Set non-toolchain portion of runtime path of "/convince_ws/install/overarching_msgs/lib/liboverarching_msgs__rosidl_typesupport_cpp.so" to ""
Listing '/convince_ws/install/overarching_msgs/lib/python3.12/site-packages/overarching_msgs'...
Compiling '/convince_ws/install/overarching_msgs/lib/python3.12/site-packages/overarching_msgs/__init__.py'...
Listing '/convince_ws/install/overarching_msgs/lib/python3.12/site-packages/overarching_msgs/action'...
Compiling '/convince_ws/install/overarching_msgs/lib/python3.12/site-packages/overarching_msgs/action/__init__.py'...
Compiling '/convince_ws/install/overarching_msgs/lib/python3.12/site-packages/overarching_msgs/action/_detect.py'...
Compiling '/convince_ws/install/overarching_msgs/lib/python3.12/site-packages/overarching_msgs/action/_navigate.py'...
Compiling '/convince_ws/install/overarching_msgs/lib/python3.12/site-packages/overarching_msgs/action/_pick.py'...
Compiling '/convince_ws/install/overarching_msgs/lib/python3.12/site-packages/overarching_msgs/action/_place.py'...
Listing '/convince_ws/install/overarching_msgs/lib/python3.12/site-packages/overarching_msgs/msg'...
Compiling '/convince_ws/install/overarching_msgs/lib/python3.12/site-packages/overarching_msgs/msg/__init__.py'...
Compiling '/convince_ws/install/overarching_msgs/lib/python3.12/site-packages/overarching_msgs/msg/_location.py'...
-- Installing: /convince_ws/install/overarching_msgs/lib/liboverarching_msgs__rosidl_generator_py.so
-- Set non-toolchain portion of runtime path of "/convince_ws/install/overarching_msgs/lib/liboverarching_msgs__rosidl_generator_py.so" to ""
-- Installing: /convince_ws/install/overarching_msgs/share/overarching_msgs/cmake/export_overarching_msgs__rosidl_generator_cExport.cmake
-- Installing: /convince_ws/install/overarching_msgs/share/overarching_msgs/cmake/export_overarching_msgs__rosidl_generator_cExport-noconfig.cmake
-- Installing: /convince_ws/install/overarching_msgs/share/overarching_msgs/cmake/export_overarching_msgs__rosidl_typesupport_fastrtps_cExport.cmake
-- Installing: /convince_ws/install/overarching_msgs/share/overarching_msgs/cmake/export_overarching_msgs__rosidl_typesupport_fastrtps_cExport-noconfig.cmake
-- Installing: /convince_ws/install/overarching_msgs/share/overarching_msgs/cmake/overarching_msgs__rosidl_typesupport_introspection_cExport.cmake
-- Installing: /convince_ws/install/overarching_msgs/share/overarching_msgs/cmake/overarching_msgs__rosidl_typesupport_introspection_cExport-noconfig.cmake
-- Installing: /convince_ws/install/overarching_msgs/share/overarching_msgs/cmake/overarching_msgs__rosidl_typesupport_cExport.cmake
-- Installing: /convince_ws/install/overarching_msgs/share/overarching_msgs/cmake/overarching_msgs__rosidl_typesupport_cExport-noconfig.cmake
-- Installing: /convince_ws/install/overarching_msgs/share/overarching_msgs/cmake/export_overarching_msgs__rosidl_generator_cppExport.cmake
-- Installing: /convince_ws/install/overarching_msgs/share/overarching_msgs/cmake/export_overarching_msgs__rosidl_typesupport_fastrtps_cppExport.cmake
-- Installing: /convince_ws/install/overarching_msgs/share/overarching_msgs/cmake/export_overarching_msgs__rosidl_typesupport_fastrtps_cppExport-noconfig.cmake
-- Installing: /convince_ws/install/overarching_msgs/share/overarching_msgs/cmake/overarching_msgs__rosidl_typesupport_introspection_cppExport.cmake
-- Installing: /convince_ws/install/overarching_msgs/share/overarching_msgs/cmake/overarching_msgs__rosidl_typesupport_introspection_cppExport-noconfig.cmake
-- Installing: /convince_ws/install/overarching_msgs/share/overarching_msgs/cmake/overarching_msgs__rosidl_typesupport_cppExport.cmake
-- Installing: /convince_ws/install/overarching_msgs/share/overarching_msgs/cmake/overarching_msgs__rosidl_typesupport_cppExport-noconfig.cmake
-- Installing: /convince_ws/install/overarching_msgs/share/overarching_msgs/cmake/export_overarching_msgs__rosidl_generator_pyExport.cmake
-- Installing: /convince_ws/install/overarching_msgs/share/overarching_msgs/cmake/export_overarching_msgs__rosidl_generator_pyExport-noconfig.cmake
