[0.008s] Invoking command in '/convince_ws/build/overarching_msgs': CMAKE_PREFIX_PATH=/opt/ros/jazzy /usr/bin/cmake /convince_ws/src/ros_interfaces/src/overarching_msgs -DCMAKE_EXPORT_COMPILE_COMMANDS=ON --no-warn-unused-cli -DAMENT_CMAKE_SYMLINK_INSTALL=1 -DCMAKE_INSTALL_PREFIX=/convince_ws/install/overarching_msgs
[0.013s] Not searching for unused variables given on the command line.
[0.046s] -- The C compiler identification is GNU 13.3.0
[0.087s] -- The CXX compiler identification is GNU 13.3.0
[0.097s] -- Detecting C compiler ABI info
[0.150s] -- Detecting C compiler ABI info - done
[0.156s] -- Check for working C compiler: /usr/bin/cc - skipped
[0.156s] -- Detecting C compile features
[0.156s] -- Detecting C compile features - done
[0.161s] -- Detecting CXX compiler ABI info
[0.226s] -- Detecting CXX compiler ABI info - done
[0.234s] -- Check for working CXX compiler: /usr/bin/c++ - skipped
[0.234s] -- Detecting CXX compile features
[0.234s] -- Detecting CXX compile features - done
[0.236s] -- Found ament_cmake: 2.5.5 (/opt/ros/jazzy/share/ament_cmake/cmake)
[0.342s] -- Found Python3: /usr/bin/python3 (found version "3.12.3") found components: Interpreter 
[0.412s] -- Override CMake install command with custom implementation using symlinks instead of copying resources
[0.429s] -- Found rosidl_default_generators: 1.6.0 (/opt/ros/jazzy/share/rosidl_default_generators/cmake)
[0.433s] -- Using all available rosidl_typesupport_c: rosidl_typesupport_fastrtps_c;rosidl_typesupport_introspection_c
[0.463s] -- Using all available rosidl_typesupport_cpp: rosidl_typesupport_fastrtps_cpp;rosidl_typesupport_introspection_cpp
[0.487s] -- Found rosidl_adapter: 4.6.7 (/opt/ros/jazzy/share/rosidl_adapter/cmake)
[0.926s] -- Found ament_cmake_ros: 0.12.0 (/opt/ros/jazzy/share/ament_cmake_ros/cmake)
[1.218s] -- Using all available rosidl_typesupport_c: rosidl_typesupport_fastrtps_c;rosidl_typesupport_introspection_c
[1.611s] -- Using all available rosidl_typesupport_cpp: rosidl_typesupport_fastrtps_cpp;rosidl_typesupport_introspection_cpp
[1.614s] -- Found python_cmake_module: 0.11.1 (/opt/ros/jazzy/share/python_cmake_module/cmake)
[1.711s] -- Found PythonExtra: /usr/bin/python3  
[1.987s] -- Found Python3: /usr/bin/python3 (found version "3.12.3") found components: Interpreter Development NumPy Development.Module Development.Embed 
[2.021s] -- Configuring done (2.0s)
[2.053s] -- Generating done (0.0s)
[2.060s] -- Build files have been written to: /convince_ws/build/overarching_msgs
[2.065s] Invoked command in '/convince_ws/build/overarching_msgs' returned '0': CMAKE_PREFIX_PATH=/opt/ros/jazzy /usr/bin/cmake /convince_ws/src/ros_interfaces/src/overarching_msgs -DCMAKE_EXPORT_COMPILE_COMMANDS=ON --no-warn-unused-cli -DAMENT_CMAKE_SYMLINK_INSTALL=1 -DCMAKE_INSTALL_PREFIX=/convince_ws/install/overarching_msgs
[2.065s] Invoking command in '/convince_ws/build/overarching_msgs': CMAKE_PREFIX_PATH=/opt/ros/jazzy /usr/bin/cmake --build /convince_ws/build/overarching_msgs -- -j20 -l20
[2.104s] [  1%] [34m[1mGenerating type hashes for ROS interfaces[0m
[2.108s] [  1%] Built target ament_cmake_python_symlink_overarching_msgs
[2.211s] running egg_info
[2.211s] creating overarching_msgs.egg-info
[2.218s] writing overarching_msgs.egg-info/PKG-INFO
[2.218s] writing dependency_links to overarching_msgs.egg-info/dependency_links.txt
[2.218s] writing top-level names to overarching_msgs.egg-info/top_level.txt
[2.218s] writing manifest file 'overarching_msgs.egg-info/SOURCES.txt'
[2.237s] reading manifest file 'overarching_msgs.egg-info/SOURCES.txt'
[2.238s] writing manifest file 'overarching_msgs.egg-info/SOURCES.txt'
[2.254s] [  1%] Built target ament_cmake_python_build_overarching_msgs_egg
[2.291s] [  1%] Built target overarching_msgs__rosidl_generator_type_description
[2.298s] [  2%] [34m[1mGenerating C code for ROS interfaces[0m
[2.306s] [  4%] [34m[1mGenerating C++ code for ROS interfaces[0m
[2.949s] [  4%] Built target overarching_msgs__cpp
[2.967s] [  5%] [32mBuilding C object CMakeFiles/overarching_msgs__rosidl_generator_c.dir/rosidl_generator_c/overarching_msgs/msg/detail/location__functions.c.o[0m
[2.967s] [  6%] [32mBuilding C object CMakeFiles/overarching_msgs__rosidl_generator_c.dir/rosidl_generator_c/overarching_msgs/action/detail/navigate__type_support.c.o[0m
[2.967s] [  8%] [32mBuilding C object CMakeFiles/overarching_msgs__rosidl_generator_c.dir/rosidl_generator_c/overarching_msgs/action/detail/pick__functions.c.o[0m
[2.967s] [ 12%] [32mBuilding C object CMakeFiles/overarching_msgs__rosidl_generator_c.dir/rosidl_generator_c/overarching_msgs/msg/detail/location__description.c.o[0m
[2.967s] [ 12%] [32mBuilding C object CMakeFiles/overarching_msgs__rosidl_generator_c.dir/rosidl_generator_c/overarching_msgs/msg/detail/location__type_support.c.o[0m
[2.967s] [ 12%] [32mBuilding C object CMakeFiles/overarching_msgs__rosidl_generator_c.dir/rosidl_generator_c/overarching_msgs/action/detail/pick__type_support.c.o[0m
[2.967s] [ 13%] [32mBuilding C object CMakeFiles/overarching_msgs__rosidl_generator_c.dir/rosidl_generator_c/overarching_msgs/action/detail/navigate__functions.c.o[0m
[2.968s] [ 14%] [32mBuilding C object CMakeFiles/overarching_msgs__rosidl_generator_c.dir/rosidl_generator_c/overarching_msgs/action/detail/pick__description.c.o[0m
[2.968s] [ 16%] [32mBuilding C object CMakeFiles/overarching_msgs__rosidl_generator_c.dir/rosidl_generator_c/overarching_msgs/action/detail/navigate__description.c.o[0m
[2.969s] [ 17%] [32mBuilding C object CMakeFiles/overarching_msgs__rosidl_generator_c.dir/rosidl_generator_c/overarching_msgs/action/detail/place__type_support.c.o[0m
[2.973s] [ 20%] [32mBuilding C object CMakeFiles/overarching_msgs__rosidl_generator_c.dir/rosidl_generator_c/overarching_msgs/action/detail/place__functions.c.o[0m
[2.973s] [ 20%] [32mBuilding C object CMakeFiles/overarching_msgs__rosidl_generator_c.dir/rosidl_generator_c/overarching_msgs/action/detail/place__description.c.o[0m
[2.973s] [ 21%] [32mBuilding C object CMakeFiles/overarching_msgs__rosidl_generator_c.dir/rosidl_generator_c/overarching_msgs/action/detail/detect__description.c.o[0m
[2.975s] [ 22%] [32mBuilding C object CMakeFiles/overarching_msgs__rosidl_generator_c.dir/rosidl_generator_c/overarching_msgs/action/detail/detect__functions.c.o[0m
[2.985s] [ 24%] [32mBuilding C object CMakeFiles/overarching_msgs__rosidl_generator_c.dir/rosidl_generator_c/overarching_msgs/action/detail/detect__type_support.c.o[0m
[3.117s] [ 25%] [32m[1mLinking C shared library liboverarching_msgs__rosidl_generator_c.so[0m
[3.144s] [ 25%] Built target overarching_msgs__rosidl_generator_c
[3.151s] [ 27%] [34m[1mGenerating C++ type support dispatch for ROS interfaces[0m
[3.152s] [ 29%] [34m[1mGenerating C introspection for ROS interfaces[0m
[3.152s] [ 28%] [34m[1mGenerating C type support dispatch for ROS interfaces[0m
[3.152s] [ 31%] [34m[1mGenerating C++ type support for eProsima Fast-RTPS[0m
[3.152s] [ 32%] [34m[1mGenerating C++ introspection for ROS interfaces[0m
[3.153s] [ 33%] [34m[1mGenerating C type support for eProsima Fast-RTPS[0m
[3.821s] [ 35%] [32mBuilding CXX object CMakeFiles/overarching_msgs__rosidl_typesupport_cpp.dir/rosidl_typesupport_cpp/overarching_msgs/action/place__type_support.cpp.o[0m
[3.822s] [ 36%] [32mBuilding CXX object CMakeFiles/overarching_msgs__rosidl_typesupport_cpp.dir/rosidl_typesupport_cpp/overarching_msgs/msg/location__type_support.cpp.o[0m
[3.823s] [ 37%] [32mBuilding CXX object CMakeFiles/overarching_msgs__rosidl_typesupport_cpp.dir/rosidl_typesupport_cpp/overarching_msgs/action/navigate__type_support.cpp.o[0m
[3.825s] [ 39%] [32mBuilding CXX object CMakeFiles/overarching_msgs__rosidl_typesupport_cpp.dir/rosidl_typesupport_cpp/overarching_msgs/action/pick__type_support.cpp.o[0m
[3.826s] [ 40%] [32mBuilding CXX object CMakeFiles/overarching_msgs__rosidl_typesupport_cpp.dir/rosidl_typesupport_cpp/overarching_msgs/action/detect__type_support.cpp.o[0m
[3.852s] [ 41%] [32mBuilding CXX object CMakeFiles/overarching_msgs__rosidl_typesupport_c.dir/rosidl_typesupport_c/overarching_msgs/action/pick__type_support.cpp.o[0m
[3.852s] [ 43%] [32mBuilding CXX object CMakeFiles/overarching_msgs__rosidl_typesupport_c.dir/rosidl_typesupport_c/overarching_msgs/action/place__type_support.cpp.o[0m
[3.859s] [ 44%] [32mBuilding CXX object CMakeFiles/overarching_msgs__rosidl_typesupport_c.dir/rosidl_typesupport_c/overarching_msgs/action/navigate__type_support.cpp.o[0m
[3.859s] [ 45%] [32mBuilding CXX object CMakeFiles/overarching_msgs__rosidl_typesupport_c.dir/rosidl_typesupport_c/overarching_msgs/msg/location__type_support.cpp.o[0m
[3.860s] [ 47%] [32mBuilding CXX object CMakeFiles/overarching_msgs__rosidl_typesupport_c.dir/rosidl_typesupport_c/overarching_msgs/action/detect__type_support.cpp.o[0m
[3.948s] [ 48%] [32m[1mLinking CXX shared library liboverarching_msgs__rosidl_typesupport_c.so[0m
[3.988s] [ 50%] [32mBuilding C object CMakeFiles/overarching_msgs__rosidl_typesupport_introspection_c.dir/rosidl_typesupport_introspection_c/overarching_msgs/msg/detail/location__type_support.c.o[0m
[3.991s] [ 51%] [32mBuilding C object CMakeFiles/overarching_msgs__rosidl_typesupport_introspection_c.dir/rosidl_typesupport_introspection_c/overarching_msgs/action/detail/navigate__type_support.c.o[0m
[3.993s] [ 52%] [32mBuilding C object CMakeFiles/overarching_msgs__rosidl_typesupport_introspection_c.dir/rosidl_typesupport_introspection_c/overarching_msgs/action/detail/place__type_support.c.o[0m
[3.995s] [ 54%] [32mBuilding C object CMakeFiles/overarching_msgs__rosidl_typesupport_introspection_c.dir/rosidl_typesupport_introspection_c/overarching_msgs/action/detail/pick__type_support.c.o[0m
[3.999s] [ 55%] [32mBuilding C object CMakeFiles/overarching_msgs__rosidl_typesupport_introspection_c.dir/rosidl_typesupport_introspection_c/overarching_msgs/action/detail/detect__type_support.c.o[0m
[4.006s] [ 55%] Built target overarching_msgs__rosidl_typesupport_c
[4.063s] [ 56%] [32m[1mLinking C shared library liboverarching_msgs__rosidl_typesupport_introspection_c.so[0m
[4.074s] [ 58%] [32mBuilding CXX object CMakeFiles/overarching_msgs__rosidl_typesupport_introspection_cpp.dir/rosidl_typesupport_introspection_cpp/overarching_msgs/action/detail/pick__type_support.cpp.o[0m
[4.074s] [ 59%] [32mBuilding CXX object CMakeFiles/overarching_msgs__rosidl_typesupport_introspection_cpp.dir/rosidl_typesupport_introspection_cpp/overarching_msgs/action/detail/detect__type_support.cpp.o[0m
[4.074s] [ 62%] [32mBuilding CXX object CMakeFiles/overarching_msgs__rosidl_typesupport_introspection_cpp.dir/rosidl_typesupport_introspection_cpp/overarching_msgs/action/detail/navigate__type_support.cpp.o[0m
[4.074s] [ 62%] [32mBuilding CXX object CMakeFiles/overarching_msgs__rosidl_typesupport_introspection_cpp.dir/rosidl_typesupport_introspection_cpp/overarching_msgs/msg/detail/location__type_support.cpp.o[0m
[4.075s] [ 63%] [32mBuilding CXX object CMakeFiles/overarching_msgs__rosidl_typesupport_introspection_cpp.dir/rosidl_typesupport_introspection_cpp/overarching_msgs/action/detail/place__type_support.cpp.o[0m
[4.089s] [ 63%] Built target overarching_msgs__rosidl_typesupport_introspection_c
[4.422s] [ 64%] [32mBuilding CXX object CMakeFiles/overarching_msgs__rosidl_typesupport_fastrtps_c.dir/rosidl_typesupport_fastrtps_c/overarching_msgs/action/detail/pick__type_support_c.cpp.o[0m
[4.422s] [ 66%] [32mBuilding CXX object CMakeFiles/overarching_msgs__rosidl_typesupport_fastrtps_c.dir/rosidl_typesupport_fastrtps_c/overarching_msgs/action/detail/detect__type_support_c.cpp.o[0m
[4.422s] [ 67%] [32mBuilding CXX object CMakeFiles/overarching_msgs__rosidl_typesupport_fastrtps_c.dir/rosidl_typesupport_fastrtps_c/overarching_msgs/action/detail/place__type_support_c.cpp.o[0m
[4.423s] [ 68%] [32mBuilding CXX object CMakeFiles/overarching_msgs__rosidl_typesupport_fastrtps_c.dir/rosidl_typesupport_fastrtps_c/overarching_msgs/action/detail/navigate__type_support_c.cpp.o[0m
[4.423s] [ 70%] [32mBuilding CXX object CMakeFiles/overarching_msgs__rosidl_typesupport_fastrtps_c.dir/rosidl_typesupport_fastrtps_c/overarching_msgs/msg/detail/location__type_support_c.cpp.o[0m
[4.492s] [ 71%] [32m[1mLinking CXX shared library liboverarching_msgs__rosidl_typesupport_cpp.so[0m
[4.545s] [ 72%] [32mBuilding CXX object CMakeFiles/overarching_msgs__rosidl_typesupport_fastrtps_cpp.dir/rosidl_typesupport_fastrtps_cpp/overarching_msgs/action/detail/dds_fastrtps/place__type_support.cpp.o[0m
[4.546s] [ 77%] [32mBuilding CXX object CMakeFiles/overarching_msgs__rosidl_typesupport_fastrtps_cpp.dir/rosidl_typesupport_fastrtps_cpp/overarching_msgs/action/detail/dds_fastrtps/pick__type_support.cpp.o[0m
[4.546s] [ 77%] [32mBuilding CXX object CMakeFiles/overarching_msgs__rosidl_typesupport_fastrtps_cpp.dir/rosidl_typesupport_fastrtps_cpp/overarching_msgs/msg/detail/dds_fastrtps/location__type_support.cpp.o[0m
[4.546s] [ 77%] [32mBuilding CXX object CMakeFiles/overarching_msgs__rosidl_typesupport_fastrtps_cpp.dir/rosidl_typesupport_fastrtps_cpp/overarching_msgs/action/detail/dds_fastrtps/navigate__type_support.cpp.o[0m
[4.547s] [ 78%] [32mBuilding CXX object CMakeFiles/overarching_msgs__rosidl_typesupport_fastrtps_cpp.dir/rosidl_typesupport_fastrtps_cpp/overarching_msgs/action/detail/dds_fastrtps/detect__type_support.cpp.o[0m
[4.555s] [ 78%] Built target overarching_msgs__rosidl_typesupport_cpp
[4.791s] [ 79%] [32m[1mLinking CXX shared library liboverarching_msgs__rosidl_typesupport_introspection_cpp.so[0m
[4.883s] [ 79%] Built target overarching_msgs__rosidl_typesupport_introspection_cpp
[4.985s] [ 81%] [32m[1mLinking CXX shared library liboverarching_msgs__rosidl_typesupport_fastrtps_c.so[0m
[5.054s] [ 81%] Built target overarching_msgs__rosidl_typesupport_fastrtps_c
[5.207s] [ 82%] [32m[1mLinking CXX shared library liboverarching_msgs__rosidl_typesupport_fastrtps_cpp.so[0m
[5.261s] [ 82%] Built target overarching_msgs__rosidl_typesupport_fastrtps_cpp
[5.273s] [ 82%] Built target overarching_msgs
[5.286s] [ 83%] [34m[1mGenerating Python code for ROS interfaces[0m
[6.266s] [ 83%] Built target overarching_msgs__py
[6.278s] [ 85%] [32mBuilding C object CMakeFiles/overarching_msgs__rosidl_generator_py.dir/rosidl_generator_py/overarching_msgs/action/_detect_s.c.o[0m
[6.278s] [ 86%] [32mBuilding C object CMakeFiles/overarching_msgs__rosidl_generator_py.dir/rosidl_generator_py/overarching_msgs/action/_pick_s.c.o[0m
[6.279s] [ 89%] [32mBuilding C object CMakeFiles/overarching_msgs__rosidl_generator_py.dir/rosidl_generator_py/overarching_msgs/action/_place_s.c.o[0m
[6.279s] [ 89%] [32mBuilding C object CMakeFiles/overarching_msgs__rosidl_generator_py.dir/rosidl_generator_py/overarching_msgs/action/_navigate_s.c.o[0m
[6.279s] [ 90%] [32mBuilding C object CMakeFiles/overarching_msgs__rosidl_generator_py.dir/rosidl_generator_py/overarching_msgs/msg/_location_s.c.o[0m
[6.390s] [ 91%] [32m[1mLinking C shared library liboverarching_msgs__rosidl_generator_py.so[0m
[6.418s] [ 91%] Built target overarching_msgs__rosidl_generator_py
[6.431s] [ 93%] [32mBuilding C object CMakeFiles/overarching_msgs_s__rosidl_typesupport_fastrtps_c.dir/rosidl_generator_py/overarching_msgs/_overarching_msgs_s.ep.rosidl_typesupport_fastrtps_c.c.o[0m
[6.432s] [ 95%] [32mBuilding C object CMakeFiles/overarching_msgs_s__rosidl_typesupport_c.dir/rosidl_generator_py/overarching_msgs/_overarching_msgs_s.ep.rosidl_typesupport_c.c.o[0m
[6.432s] [ 95%] [32mBuilding C object CMakeFiles/overarching_msgs_s__rosidl_typesupport_introspection_c.dir/rosidl_generator_py/overarching_msgs/_overarching_msgs_s.ep.rosidl_typesupport_introspection_c.c.o[0m
[6.550s] [ 97%] [32m[1mLinking C shared module rosidl_generator_py/overarching_msgs/overarching_msgs_s__rosidl_typesupport_c.so[0m
[6.551s] [ 98%] [32m[1mLinking C shared module rosidl_generator_py/overarching_msgs/overarching_msgs_s__rosidl_typesupport_fastrtps_c.so[0m
[6.554s] [100%] [32m[1mLinking C shared module rosidl_generator_py/overarching_msgs/overarching_msgs_s__rosidl_typesupport_introspection_c.so[0m
[6.570s] [100%] Built target overarching_msgs_s__rosidl_typesupport_c
[6.572s] [100%] Built target overarching_msgs_s__rosidl_typesupport_fastrtps_c
[6.574s] [100%] Built target overarching_msgs_s__rosidl_typesupport_introspection_c
[6.579s] Invoked command in '/convince_ws/build/overarching_msgs' returned '0': CMAKE_PREFIX_PATH=/opt/ros/jazzy /usr/bin/cmake --build /convince_ws/build/overarching_msgs -- -j20 -l20
[6.580s] Invoking command in '/convince_ws/build/overarching_msgs': CMAKE_PREFIX_PATH=/opt/ros/jazzy /usr/bin/cmake --install /convince_ws/build/overarching_msgs
[6.586s] -- Install configuration: ""
[6.586s] -- Execute custom install script
[6.586s] -- Symlinking: /convince_ws/install/overarching_msgs/share/ament_index/resource_index/rosidl_interfaces/overarching_msgs
[6.592s] -- Symlinking: /convince_ws/install/overarching_msgs/share/overarching_msgs/msg/Location.json
[6.597s] -- Symlinking: /convince_ws/install/overarching_msgs/share/overarching_msgs/action/Navigate.json
[6.601s] -- Symlinking: /convince_ws/install/overarching_msgs/share/overarching_msgs/action/Pick.json
[6.607s] -- Symlinking: /convince_ws/install/overarching_msgs/share/overarching_msgs/action/Place.json
[6.611s] -- Symlinking: /convince_ws/install/overarching_msgs/share/overarching_msgs/action/Detect.json
[6.617s] -- Symlinking: /convince_ws/install/overarching_msgs/include/overarching_msgs/overarching_msgs/action/detail/detect__functions.h
[6.622s] -- Symlinking: /convince_ws/install/overarching_msgs/include/overarching_msgs/overarching_msgs/action/detail/detect__struct.h
[6.625s] -- Symlinking: /convince_ws/install/overarching_msgs/include/overarching_msgs/overarching_msgs/action/detail/detect__type_support.h
[6.631s] -- Symlinking: /convince_ws/install/overarching_msgs/include/overarching_msgs/overarching_msgs/action/detail/navigate__functions.h
[6.637s] -- Symlinking: /convince_ws/install/overarching_msgs/include/overarching_msgs/overarching_msgs/action/detail/navigate__struct.h
[6.642s] -- Symlinking: /convince_ws/install/overarching_msgs/include/overarching_msgs/overarching_msgs/action/detail/navigate__type_support.h
[6.647s] -- Symlinking: /convince_ws/install/overarching_msgs/include/overarching_msgs/overarching_msgs/action/detail/pick__functions.h
[6.652s] -- Symlinking: /convince_ws/install/overarching_msgs/include/overarching_msgs/overarching_msgs/action/detail/pick__struct.h
[6.658s] -- Symlinking: /convince_ws/install/overarching_msgs/include/overarching_msgs/overarching_msgs/action/detail/pick__type_support.h
[6.662s] -- Symlinking: /convince_ws/install/overarching_msgs/include/overarching_msgs/overarching_msgs/action/detail/place__functions.h
[6.668s] -- Symlinking: /convince_ws/install/overarching_msgs/include/overarching_msgs/overarching_msgs/action/detail/place__struct.h
[6.673s] -- Symlinking: /convince_ws/install/overarching_msgs/include/overarching_msgs/overarching_msgs/action/detail/place__type_support.h
[6.679s] -- Symlinking: /convince_ws/install/overarching_msgs/include/overarching_msgs/overarching_msgs/action/detect.h
[6.682s] -- Symlinking: /convince_ws/install/overarching_msgs/include/overarching_msgs/overarching_msgs/action/navigate.h
[6.689s] -- Symlinking: /convince_ws/install/overarching_msgs/include/overarching_msgs/overarching_msgs/action/pick.h
[6.693s] -- Symlinking: /convince_ws/install/overarching_msgs/include/overarching_msgs/overarching_msgs/action/place.h
[6.698s] -- Symlinking: /convince_ws/install/overarching_msgs/include/overarching_msgs/overarching_msgs/msg/detail/location__functions.h
[6.702s] -- Symlinking: /convince_ws/install/overarching_msgs/include/overarching_msgs/overarching_msgs/msg/detail/location__struct.h
[6.708s] -- Symlinking: /convince_ws/install/overarching_msgs/include/overarching_msgs/overarching_msgs/msg/detail/location__type_support.h
[6.712s] -- Symlinking: /convince_ws/install/overarching_msgs/include/overarching_msgs/overarching_msgs/msg/location.h
[6.718s] -- Symlinking: /convince_ws/install/overarching_msgs/include/overarching_msgs/overarching_msgs/msg/rosidl_generator_c__visibility_control.h
[6.723s] -- Symlinking: /convince_ws/install/overarching_msgs/share/overarching_msgs/environment/library_path.sh
[6.729s] -- Symlinking: /convince_ws/install/overarching_msgs/share/overarching_msgs/environment/library_path.dsv
[6.734s] -- Symlinking: /convince_ws/install/overarching_msgs/include/overarching_msgs/overarching_msgs/action/detail/detect__rosidl_typesupport_fastrtps_c.h
[6.740s] -- Symlinking: /convince_ws/install/overarching_msgs/include/overarching_msgs/overarching_msgs/action/detail/navigate__rosidl_typesupport_fastrtps_c.h
[6.744s] -- Symlinking: /convince_ws/install/overarching_msgs/include/overarching_msgs/overarching_msgs/action/detail/pick__rosidl_typesupport_fastrtps_c.h
[6.750s] -- Symlinking: /convince_ws/install/overarching_msgs/include/overarching_msgs/overarching_msgs/action/detail/place__rosidl_typesupport_fastrtps_c.h
[6.756s] -- Symlinking: /convince_ws/install/overarching_msgs/include/overarching_msgs/overarching_msgs/msg/detail/location__rosidl_typesupport_fastrtps_c.h
[6.760s] -- Symlinking: /convince_ws/install/overarching_msgs/include/overarching_msgs/overarching_msgs/msg/rosidl_typesupport_fastrtps_c__visibility_control.h
[6.765s] -- Symlinking: /convince_ws/install/overarching_msgs/include/overarching_msgs/overarching_msgs/action/detail/detect__rosidl_typesupport_introspection_c.h
[6.770s] -- Symlinking: /convince_ws/install/overarching_msgs/include/overarching_msgs/overarching_msgs/action/detail/navigate__rosidl_typesupport_introspection_c.h
[6.775s] -- Symlinking: /convince_ws/install/overarching_msgs/include/overarching_msgs/overarching_msgs/action/detail/pick__rosidl_typesupport_introspection_c.h
[6.781s] -- Symlinking: /convince_ws/install/overarching_msgs/include/overarching_msgs/overarching_msgs/action/detail/place__rosidl_typesupport_introspection_c.h
[6.785s] -- Symlinking: /convince_ws/install/overarching_msgs/include/overarching_msgs/overarching_msgs/msg/detail/location__rosidl_typesupport_introspection_c.h
[6.790s] -- Symlinking: /convince_ws/install/overarching_msgs/include/overarching_msgs/overarching_msgs/msg/rosidl_typesupport_introspection_c__visibility_control.h
[6.795s] -- Symlinking: /convince_ws/install/overarching_msgs/include/overarching_msgs/overarching_msgs/action/detail/detect__builder.hpp
[6.801s] -- Symlinking: /convince_ws/install/overarching_msgs/include/overarching_msgs/overarching_msgs/action/detail/detect__struct.hpp
[6.805s] -- Symlinking: /convince_ws/install/overarching_msgs/include/overarching_msgs/overarching_msgs/action/detail/detect__traits.hpp
[6.811s] -- Symlinking: /convince_ws/install/overarching_msgs/include/overarching_msgs/overarching_msgs/action/detail/detect__type_support.hpp
[6.816s] -- Symlinking: /convince_ws/install/overarching_msgs/include/overarching_msgs/overarching_msgs/action/detail/navigate__builder.hpp
[6.821s] -- Symlinking: /convince_ws/install/overarching_msgs/include/overarching_msgs/overarching_msgs/action/detail/navigate__struct.hpp
[6.826s] -- Symlinking: /convince_ws/install/overarching_msgs/include/overarching_msgs/overarching_msgs/action/detail/navigate__traits.hpp
[6.830s] -- Symlinking: /convince_ws/install/overarching_msgs/include/overarching_msgs/overarching_msgs/action/detail/navigate__type_support.hpp
[6.835s] -- Symlinking: /convince_ws/install/overarching_msgs/include/overarching_msgs/overarching_msgs/action/detail/pick__builder.hpp
[6.839s] -- Symlinking: /convince_ws/install/overarching_msgs/include/overarching_msgs/overarching_msgs/action/detail/pick__struct.hpp
[6.845s] -- Symlinking: /convince_ws/install/overarching_msgs/include/overarching_msgs/overarching_msgs/action/detail/pick__traits.hpp
[6.850s] -- Symlinking: /convince_ws/install/overarching_msgs/include/overarching_msgs/overarching_msgs/action/detail/pick__type_support.hpp
[6.855s] -- Symlinking: /convince_ws/install/overarching_msgs/include/overarching_msgs/overarching_msgs/action/detail/place__builder.hpp
[6.860s] -- Symlinking: /convince_ws/install/overarching_msgs/include/overarching_msgs/overarching_msgs/action/detail/place__struct.hpp
[6.865s] -- Symlinking: /convince_ws/install/overarching_msgs/include/overarching_msgs/overarching_msgs/action/detail/place__traits.hpp
[6.869s] -- Symlinking: /convince_ws/install/overarching_msgs/include/overarching_msgs/overarching_msgs/action/detail/place__type_support.hpp
[6.874s] -- Symlinking: /convince_ws/install/overarching_msgs/include/overarching_msgs/overarching_msgs/action/detect.hpp
[6.880s] -- Symlinking: /convince_ws/install/overarching_msgs/include/overarching_msgs/overarching_msgs/action/navigate.hpp
[6.885s] -- Symlinking: /convince_ws/install/overarching_msgs/include/overarching_msgs/overarching_msgs/action/pick.hpp
[6.892s] -- Symlinking: /convince_ws/install/overarching_msgs/include/overarching_msgs/overarching_msgs/action/place.hpp
[6.896s] -- Symlinking: /convince_ws/install/overarching_msgs/include/overarching_msgs/overarching_msgs/msg/detail/location__builder.hpp
[6.901s] -- Symlinking: /convince_ws/install/overarching_msgs/include/overarching_msgs/overarching_msgs/msg/detail/location__struct.hpp
[6.906s] -- Symlinking: /convince_ws/install/overarching_msgs/include/overarching_msgs/overarching_msgs/msg/detail/location__traits.hpp
[6.912s] -- Symlinking: /convince_ws/install/overarching_msgs/include/overarching_msgs/overarching_msgs/msg/detail/location__type_support.hpp
[6.917s] -- Symlinking: /convince_ws/install/overarching_msgs/include/overarching_msgs/overarching_msgs/msg/location.hpp
[6.923s] -- Symlinking: /convince_ws/install/overarching_msgs/include/overarching_msgs/overarching_msgs/msg/rosidl_generator_cpp__visibility_control.hpp
[6.928s] -- Symlinking: /convince_ws/install/overarching_msgs/include/overarching_msgs/overarching_msgs/action/detail/detect__rosidl_typesupport_fastrtps_cpp.hpp
[6.933s] -- Symlinking: /convince_ws/install/overarching_msgs/include/overarching_msgs/overarching_msgs/action/detail/navigate__rosidl_typesupport_fastrtps_cpp.hpp
[6.938s] -- Symlinking: /convince_ws/install/overarching_msgs/include/overarching_msgs/overarching_msgs/action/detail/pick__rosidl_typesupport_fastrtps_cpp.hpp
[6.943s] -- Symlinking: /convince_ws/install/overarching_msgs/include/overarching_msgs/overarching_msgs/action/detail/place__rosidl_typesupport_fastrtps_cpp.hpp
[6.947s] -- Symlinking: /convince_ws/install/overarching_msgs/include/overarching_msgs/overarching_msgs/msg/detail/location__rosidl_typesupport_fastrtps_cpp.hpp
[6.952s] -- Symlinking: /convince_ws/install/overarching_msgs/include/overarching_msgs/overarching_msgs/msg/rosidl_typesupport_fastrtps_cpp__visibility_control.h
[6.957s] -- Symlinking: /convince_ws/install/overarching_msgs/include/overarching_msgs/overarching_msgs/action/detail/detect__rosidl_typesupport_introspection_cpp.hpp
[6.963s] -- Symlinking: /convince_ws/install/overarching_msgs/include/overarching_msgs/overarching_msgs/action/detail/navigate__rosidl_typesupport_introspection_cpp.hpp
[6.967s] -- Symlinking: /convince_ws/install/overarching_msgs/include/overarching_msgs/overarching_msgs/action/detail/pick__rosidl_typesupport_introspection_cpp.hpp
[6.972s] -- Symlinking: /convince_ws/install/overarching_msgs/include/overarching_msgs/overarching_msgs/action/detail/place__rosidl_typesupport_introspection_cpp.hpp
[6.978s] -- Symlinking: /convince_ws/install/overarching_msgs/include/overarching_msgs/overarching_msgs/msg/detail/location__rosidl_typesupport_introspection_cpp.hpp
[6.983s] -- Symlinking: /convince_ws/install/overarching_msgs/share/overarching_msgs/environment/pythonpath.sh
[6.987s] -- Symlinking: /convince_ws/install/overarching_msgs/share/overarching_msgs/environment/pythonpath.dsv
[6.994s] -- Symlinking: /convince_ws/install/overarching_msgs/lib/python3.12/site-packages/overarching_msgs-0.0.0-py3.12.egg-info/PKG-INFO
[6.998s] -- Symlinking: /convince_ws/install/overarching_msgs/lib/python3.12/site-packages/overarching_msgs-0.0.0-py3.12.egg-info/SOURCES.txt
[7.004s] -- Symlinking: /convince_ws/install/overarching_msgs/lib/python3.12/site-packages/overarching_msgs-0.0.0-py3.12.egg-info/dependency_links.txt
[7.010s] -- Symlinking: /convince_ws/install/overarching_msgs/lib/python3.12/site-packages/overarching_msgs-0.0.0-py3.12.egg-info/top_level.txt
[7.014s] -- Symlinking: /convince_ws/install/overarching_msgs/lib/python3.12/site-packages/overarching_msgs/__init__.py
[7.018s] -- Symlinking: /convince_ws/install/overarching_msgs/lib/python3.12/site-packages/overarching_msgs/_overarching_msgs_s.ep.rosidl_typesupport_c.c
[7.024s] -- Symlinking: /convince_ws/install/overarching_msgs/lib/python3.12/site-packages/overarching_msgs/_overarching_msgs_s.ep.rosidl_typesupport_fastrtps_c.c
[7.029s] -- Symlinking: /convince_ws/install/overarching_msgs/lib/python3.12/site-packages/overarching_msgs/_overarching_msgs_s.ep.rosidl_typesupport_introspection_c.c
[7.033s] -- Symlinking: /convince_ws/install/overarching_msgs/lib/python3.12/site-packages/overarching_msgs/action/__init__.py
[7.038s] -- Symlinking: /convince_ws/install/overarching_msgs/lib/python3.12/site-packages/overarching_msgs/action/_detect.py
[7.044s] -- Symlinking: /convince_ws/install/overarching_msgs/lib/python3.12/site-packages/overarching_msgs/action/_detect_s.c
[7.049s] -- Symlinking: /convince_ws/install/overarching_msgs/lib/python3.12/site-packages/overarching_msgs/action/_navigate.py
[7.056s] -- Symlinking: /convince_ws/install/overarching_msgs/lib/python3.12/site-packages/overarching_msgs/action/_navigate_s.c
[7.061s] -- Symlinking: /convince_ws/install/overarching_msgs/lib/python3.12/site-packages/overarching_msgs/action/_pick.py
[7.066s] -- Symlinking: /convince_ws/install/overarching_msgs/lib/python3.12/site-packages/overarching_msgs/action/_pick_s.c
[7.071s] -- Symlinking: /convince_ws/install/overarching_msgs/lib/python3.12/site-packages/overarching_msgs/action/_place.py
[7.076s] -- Symlinking: /convince_ws/install/overarching_msgs/lib/python3.12/site-packages/overarching_msgs/action/_place_s.c
[7.080s] -- Symlinking: /convince_ws/install/overarching_msgs/lib/python3.12/site-packages/overarching_msgs/msg/__init__.py
[7.086s] -- Symlinking: /convince_ws/install/overarching_msgs/lib/python3.12/site-packages/overarching_msgs/msg/_location.py
[7.091s] -- Symlinking: /convince_ws/install/overarching_msgs/lib/python3.12/site-packages/overarching_msgs/msg/_location_s.c
[7.097s] -- Symlinking: /convince_ws/install/overarching_msgs/lib/python3.12/site-packages/overarching_msgs/overarching_msgs_s__rosidl_typesupport_c.so
[7.103s] -- Symlinking: /convince_ws/install/overarching_msgs/lib/python3.12/site-packages/overarching_msgs/overarching_msgs_s__rosidl_typesupport_fastrtps_c.so
[7.107s] -- Symlinking: /convince_ws/install/overarching_msgs/lib/python3.12/site-packages/overarching_msgs/overarching_msgs_s__rosidl_typesupport_introspection_c.so
[7.112s] -- Up-to-date symlink: /convince_ws/install/overarching_msgs/lib/python3.12/site-packages/overarching_msgs/overarching_msgs_s__rosidl_typesupport_fastrtps_c.so
[7.112s] -- Up-to-date symlink: /convince_ws/install/overarching_msgs/lib/python3.12/site-packages/overarching_msgs/overarching_msgs_s__rosidl_typesupport_introspection_c.so
[7.112s] -- Up-to-date symlink: /convince_ws/install/overarching_msgs/lib/python3.12/site-packages/overarching_msgs/overarching_msgs_s__rosidl_typesupport_c.so
[7.112s] -- Symlinking: /convince_ws/install/overarching_msgs/share/overarching_msgs/msg/Location.idl
[7.116s] -- Symlinking: /convince_ws/install/overarching_msgs/share/overarching_msgs/action/Navigate.idl
[7.120s] -- Symlinking: /convince_ws/install/overarching_msgs/share/overarching_msgs/action/Pick.idl
[7.125s] -- Symlinking: /convince_ws/install/overarching_msgs/share/overarching_msgs/action/Place.idl
[7.130s] -- Symlinking: /convince_ws/install/overarching_msgs/share/overarching_msgs/action/Detect.idl
[7.135s] -- Symlinking: /convince_ws/install/overarching_msgs/share/overarching_msgs/msg/Location.msg
[7.142s] -- Symlinking: /convince_ws/install/overarching_msgs/share/overarching_msgs/action/Navigate.action
[7.147s] -- Symlinking: /convince_ws/install/overarching_msgs/share/overarching_msgs/action/Pick.action
[7.152s] -- Symlinking: /convince_ws/install/overarching_msgs/share/overarching_msgs/action/Place.action
[7.158s] -- Symlinking: /convince_ws/install/overarching_msgs/share/overarching_msgs/action/Detect.action
[7.163s] -- Symlinking: /convince_ws/install/overarching_msgs/share/ament_index/resource_index/package_run_dependencies/overarching_msgs
[7.168s] -- Symlinking: /convince_ws/install/overarching_msgs/share/ament_index/resource_index/parent_prefix_path/overarching_msgs
[7.174s] -- Symlinking: /convince_ws/install/overarching_msgs/share/overarching_msgs/environment/ament_prefix_path.sh
[7.180s] -- Symlinking: /convince_ws/install/overarching_msgs/share/overarching_msgs/environment/ament_prefix_path.dsv
[7.187s] -- Symlinking: /convince_ws/install/overarching_msgs/share/overarching_msgs/environment/path.sh
[7.192s] -- Symlinking: /convince_ws/install/overarching_msgs/share/overarching_msgs/environment/path.dsv
[7.198s] -- Symlinking: /convince_ws/install/overarching_msgs/share/overarching_msgs/local_setup.bash
[7.203s] -- Symlinking: /convince_ws/install/overarching_msgs/share/overarching_msgs/local_setup.sh
[7.208s] -- Symlinking: /convince_ws/install/overarching_msgs/share/overarching_msgs/local_setup.zsh
[7.215s] -- Symlinking: /convince_ws/install/overarching_msgs/share/overarching_msgs/local_setup.dsv
[7.221s] -- Symlinking: /convince_ws/install/overarching_msgs/share/overarching_msgs/package.dsv
[7.227s] -- Symlinking: /convince_ws/install/overarching_msgs/share/ament_index/resource_index/packages/overarching_msgs
[7.232s] -- Symlinking: /convince_ws/install/overarching_msgs/share/overarching_msgs/cmake/rosidl_cmake-extras.cmake
[7.238s] -- Symlinking: /convince_ws/install/overarching_msgs/share/overarching_msgs/cmake/ament_cmake_export_dependencies-extras.cmake
[7.244s] -- Symlinking: /convince_ws/install/overarching_msgs/share/overarching_msgs/cmake/ament_cmake_export_include_directories-extras.cmake
[7.249s] -- Symlinking: /convince_ws/install/overarching_msgs/share/overarching_msgs/cmake/ament_cmake_export_libraries-extras.cmake
[7.255s] -- Symlinking: /convince_ws/install/overarching_msgs/share/overarching_msgs/cmake/ament_cmake_export_targets-extras.cmake
[7.260s] -- Symlinking: /convince_ws/install/overarching_msgs/share/overarching_msgs/cmake/rosidl_cmake_export_typesupport_targets-extras.cmake
[7.265s] -- Symlinking: /convince_ws/install/overarching_msgs/share/overarching_msgs/cmake/rosidl_cmake_export_typesupport_libraries-extras.cmake
[7.270s] -- Symlinking: /convince_ws/install/overarching_msgs/share/overarching_msgs/cmake/overarching_msgsConfig.cmake
[7.275s] -- Symlinking: /convince_ws/install/overarching_msgs/share/overarching_msgs/cmake/overarching_msgsConfig-version.cmake
[7.281s] -- Symlinking: /convince_ws/install/overarching_msgs/share/overarching_msgs/package.xml
[7.288s] -- Installing: /convince_ws/install/overarching_msgs/lib/liboverarching_msgs__rosidl_generator_c.so
[7.288s] -- Set non-toolchain portion of runtime path of "/convince_ws/install/overarching_msgs/lib/liboverarching_msgs__rosidl_generator_c.so" to ""
[7.288s] -- Installing: /convince_ws/install/overarching_msgs/lib/liboverarching_msgs__rosidl_typesupport_fastrtps_c.so
[7.288s] -- Set non-toolchain portion of runtime path of "/convince_ws/install/overarching_msgs/lib/liboverarching_msgs__rosidl_typesupport_fastrtps_c.so" to ""
[7.288s] -- Installing: /convince_ws/install/overarching_msgs/lib/liboverarching_msgs__rosidl_typesupport_introspection_c.so
[7.288s] -- Set non-toolchain portion of runtime path of "/convince_ws/install/overarching_msgs/lib/liboverarching_msgs__rosidl_typesupport_introspection_c.so" to ""
[7.288s] -- Installing: /convince_ws/install/overarching_msgs/lib/liboverarching_msgs__rosidl_typesupport_c.so
[7.288s] -- Set non-toolchain portion of runtime path of "/convince_ws/install/overarching_msgs/lib/liboverarching_msgs__rosidl_typesupport_c.so" to ""
[7.288s] -- Installing: /convince_ws/install/overarching_msgs/lib/liboverarching_msgs__rosidl_typesupport_fastrtps_cpp.so
[7.289s] -- Set non-toolchain portion of runtime path of "/convince_ws/install/overarching_msgs/lib/liboverarching_msgs__rosidl_typesupport_fastrtps_cpp.so" to ""
[7.289s] -- Installing: /convince_ws/install/overarching_msgs/lib/liboverarching_msgs__rosidl_typesupport_introspection_cpp.so
[7.290s] -- Set non-toolchain portion of runtime path of "/convince_ws/install/overarching_msgs/lib/liboverarching_msgs__rosidl_typesupport_introspection_cpp.so" to ""
[7.290s] -- Installing: /convince_ws/install/overarching_msgs/lib/liboverarching_msgs__rosidl_typesupport_cpp.so
[7.290s] -- Set non-toolchain portion of runtime path of "/convince_ws/install/overarching_msgs/lib/liboverarching_msgs__rosidl_typesupport_cpp.so" to ""
[7.331s] Listing '/convince_ws/install/overarching_msgs/lib/python3.12/site-packages/overarching_msgs'...
[7.331s] Compiling '/convince_ws/install/overarching_msgs/lib/python3.12/site-packages/overarching_msgs/__init__.py'...
[7.331s] Listing '/convince_ws/install/overarching_msgs/lib/python3.12/site-packages/overarching_msgs/action'...
[7.331s] Compiling '/convince_ws/install/overarching_msgs/lib/python3.12/site-packages/overarching_msgs/action/__init__.py'...
[7.331s] Compiling '/convince_ws/install/overarching_msgs/lib/python3.12/site-packages/overarching_msgs/action/_detect.py'...
[7.332s] Compiling '/convince_ws/install/overarching_msgs/lib/python3.12/site-packages/overarching_msgs/action/_navigate.py'...
[7.332s] Compiling '/convince_ws/install/overarching_msgs/lib/python3.12/site-packages/overarching_msgs/action/_pick.py'...
[7.332s] Compiling '/convince_ws/install/overarching_msgs/lib/python3.12/site-packages/overarching_msgs/action/_place.py'...
[7.332s] Listing '/convince_ws/install/overarching_msgs/lib/python3.12/site-packages/overarching_msgs/msg'...
[7.332s] Compiling '/convince_ws/install/overarching_msgs/lib/python3.12/site-packages/overarching_msgs/msg/__init__.py'...
[7.332s] Compiling '/convince_ws/install/overarching_msgs/lib/python3.12/site-packages/overarching_msgs/msg/_location.py'...
[7.335s] -- Installing: /convince_ws/install/overarching_msgs/lib/liboverarching_msgs__rosidl_generator_py.so
[7.335s] -- Set non-toolchain portion of runtime path of "/convince_ws/install/overarching_msgs/lib/liboverarching_msgs__rosidl_generator_py.so" to ""
[7.335s] -- Installing: /convince_ws/install/overarching_msgs/share/overarching_msgs/cmake/export_overarching_msgs__rosidl_generator_cExport.cmake
[7.335s] -- Installing: /convince_ws/install/overarching_msgs/share/overarching_msgs/cmake/export_overarching_msgs__rosidl_generator_cExport-noconfig.cmake
[7.335s] -- Installing: /convince_ws/install/overarching_msgs/share/overarching_msgs/cmake/export_overarching_msgs__rosidl_typesupport_fastrtps_cExport.cmake
[7.335s] -- Installing: /convince_ws/install/overarching_msgs/share/overarching_msgs/cmake/export_overarching_msgs__rosidl_typesupport_fastrtps_cExport-noconfig.cmake
[7.335s] -- Installing: /convince_ws/install/overarching_msgs/share/overarching_msgs/cmake/overarching_msgs__rosidl_typesupport_introspection_cExport.cmake
[7.335s] -- Installing: /convince_ws/install/overarching_msgs/share/overarching_msgs/cmake/overarching_msgs__rosidl_typesupport_introspection_cExport-noconfig.cmake
[7.335s] -- Installing: /convince_ws/install/overarching_msgs/share/overarching_msgs/cmake/overarching_msgs__rosidl_typesupport_cExport.cmake
[7.335s] -- Installing: /convince_ws/install/overarching_msgs/share/overarching_msgs/cmake/overarching_msgs__rosidl_typesupport_cExport-noconfig.cmake
[7.335s] -- Installing: /convince_ws/install/overarching_msgs/share/overarching_msgs/cmake/export_overarching_msgs__rosidl_generator_cppExport.cmake
[7.336s] -- Installing: /convince_ws/install/overarching_msgs/share/overarching_msgs/cmake/export_overarching_msgs__rosidl_typesupport_fastrtps_cppExport.cmake
[7.336s] -- Installing: /convince_ws/install/overarching_msgs/share/overarching_msgs/cmake/export_overarching_msgs__rosidl_typesupport_fastrtps_cppExport-noconfig.cmake
[7.336s] -- Installing: /convince_ws/install/overarching_msgs/share/overarching_msgs/cmake/overarching_msgs__rosidl_typesupport_introspection_cppExport.cmake
[7.336s] -- Installing: /convince_ws/install/overarching_msgs/share/overarching_msgs/cmake/overarching_msgs__rosidl_typesupport_introspection_cppExport-noconfig.cmake
[7.336s] -- Installing: /convince_ws/install/overarching_msgs/share/overarching_msgs/cmake/overarching_msgs__rosidl_typesupport_cppExport.cmake
[7.336s] -- Installing: /convince_ws/install/overarching_msgs/share/overarching_msgs/cmake/overarching_msgs__rosidl_typesupport_cppExport-noconfig.cmake
[7.336s] -- Installing: /convince_ws/install/overarching_msgs/share/overarching_msgs/cmake/export_overarching_msgs__rosidl_generator_pyExport.cmake
[7.336s] -- Installing: /convince_ws/install/overarching_msgs/share/overarching_msgs/cmake/export_overarching_msgs__rosidl_generator_pyExport-noconfig.cmake
[7.337s] Invoked command in '/convince_ws/build/overarching_msgs' returned '0': CMAKE_PREFIX_PATH=/opt/ros/jazzy /usr/bin/cmake --install /convince_ws/build/overarching_msgs
