[0.010s] Invoking command in '/convince_ws/build/bt_interfaces_dummy': CMAKE_PREFIX_PATH=/opt/ros/jazzy /usr/bin/cmake --build /convince_ws/build/bt_interfaces_dummy -- -j20 -l20
[0.044s] [  1%] Built target bt_interfaces_dummy__rosidl_generator_type_description
[0.051s] [  1%] Built target ament_cmake_python_symlink_bt_interfaces_dummy
[0.057s] [  2%] Built target bt_interfaces_dummy__cpp
[0.061s] [ 26%] Built target bt_interfaces_dummy__rosidl_generator_c
[0.086s] [ 35%] Built target bt_interfaces_dummy__rosidl_typesupport_fastrtps_c
[0.088s] [ 53%] Built target bt_interfaces_dummy__rosidl_typesupport_c
[0.089s] [ 54%] Built target bt_interfaces_dummy__rosidl_typesupport_introspection_c
[0.092s] [ 64%] Built target bt_interfaces_dummy__rosidl_typesupport_cpp
[0.096s] [ 73%] Built target bt_interfaces_dummy__rosidl_typesupport_introspection_cpp
[0.097s] [ 83%] Built target bt_interfaces_dummy__rosidl_typesupport_fastrtps_cpp
[0.115s] [ 83%] Built target bt_interfaces_dummy
[0.130s] [ 84%] Built target bt_interfaces_dummy__py
[0.145s] [ 92%] Built target bt_interfaces_dummy__rosidl_generator_py
[0.158s] [ 95%] Built target bt_interfaces_dummy_s__rosidl_typesupport_fastrtps_c
[0.158s] [ 97%] Built target bt_interfaces_dummy_s__rosidl_typesupport_c
[0.158s] [100%] Built target bt_interfaces_dummy_s__rosidl_typesupport_introspection_c
[0.214s] running egg_info
[0.219s] writing bt_interfaces_dummy.egg-info/PKG-INFO
[0.220s] writing dependency_links to bt_interfaces_dummy.egg-info/dependency_links.txt
[0.220s] writing top-level names to bt_interfaces_dummy.egg-info/top_level.txt
[0.243s] reading manifest file 'bt_interfaces_dummy.egg-info/SOURCES.txt'
[0.244s] writing manifest file 'bt_interfaces_dummy.egg-info/SOURCES.txt'
[0.262s] [100%] Built target ament_cmake_python_build_bt_interfaces_dummy_egg
[0.267s] gmake: *** [Makefile:147: all] Interrupt
