[0.345s] Invoking command in '/convince_ws/build/tutorial_sim': AMENT_PREFIX_PATH=/convince_ws/install/pyrobosim_ros:/convince_ws/install/pyrobosim_msgs:/convince_ws/install/overarching_msgs:${AMENT_PREFIX_PATH} CMAKE_PREFIX_PATH=/convince_ws/install/pyrobosim_ros:/convince_ws/install/pyrobosim_msgs:/convince_ws/install/overarching_msgs LD_LIBRARY_PATH=/convince_ws/install/pyrobosim_msgs/lib:/convince_ws/install/overarching_msgs/lib:${LD_LIBRARY_PATH} PYTHONPATH=/convince_ws/build/tutorial_sim/prefix_override:/usr/lib/python3/dist-packages/colcon_core/task/python/colcon_distutils_commands:/convince_ws/install/tutorial_sim/lib/python3.12/site-packages:/convince_ws/install/pyrobosim_ros/lib/python3.12/site-packages:/convince_ws/install/pyrobosim_msgs/lib/python3.12/site-packages:/convince_ws/install/overarching_msgs/lib/python3.12/site-packages:${PYTHONPATH} /usr/bin/python3 -W ignore:setup.py install is deprecated -W ignore:easy_install command is deprecated setup.py develop --editable --build-directory /convince_ws/build/tutorial_sim/build --no-deps symlink_data --force
[0.471s] running develop
[0.531s] running egg_info
[0.537s] writing tutorial_sim.egg-info/PKG-INFO
[0.537s] writing dependency_links to tutorial_sim.egg-info/dependency_links.txt
[0.538s] writing entry points to tutorial_sim.egg-info/entry_points.txt
[0.538s] writing requirements to tutorial_sim.egg-info/requires.txt
[0.538s] writing top-level names to tutorial_sim.egg-info/top_level.txt
[0.550s] reading manifest file 'tutorial_sim.egg-info/SOURCES.txt'
[0.551s] writing manifest file 'tutorial_sim.egg-info/SOURCES.txt'
[0.558s] running build_ext
[0.558s] Creating /convince_ws/install/tutorial_sim/lib/python3.12/site-packages/tutorial-sim.egg-link (link to .)
[0.558s] Installing run script to /convince_ws/install/tutorial_sim/lib/tutorial_sim
[0.558s] Installing translate_component script to /convince_ws/install/tutorial_sim/lib/tutorial_sim
[0.558s] 
[0.558s] Installed /convince_ws/build/tutorial_sim
[0.558s] running symlink_data
[0.559s] symbolically linking /convince_ws/build/tutorial_sim/resource/tutorial_sim -> /convince_ws/install/tutorial_sim/share/ament_index/resource_index/packages
[0.559s] symbolically linking /convince_ws/build/tutorial_sim/package.xml -> /convince_ws/install/tutorial_sim/share/tutorial_sim
[0.559s] symbolically linking /convince_ws/build/tutorial_sim/worlds/object_data.yaml -> /convince_ws/install/tutorial_sim/share/tutorial_sim/worlds
[0.559s] symbolically linking /convince_ws/build/tutorial_sim/worlds/world.yaml -> /convince_ws/install/tutorial_sim/share/tutorial_sim/worlds
[0.559s] symbolically linking /convince_ws/build/tutorial_sim/worlds/location_data.yaml -> /convince_ws/install/tutorial_sim/share/tutorial_sim/worlds
[0.574s] Invoked command in '/convince_ws/build/tutorial_sim' returned '0': AMENT_PREFIX_PATH=/convince_ws/install/pyrobosim_ros:/convince_ws/install/pyrobosim_msgs:/convince_ws/install/overarching_msgs:${AMENT_PREFIX_PATH} CMAKE_PREFIX_PATH=/convince_ws/install/pyrobosim_ros:/convince_ws/install/pyrobosim_msgs:/convince_ws/install/overarching_msgs LD_LIBRARY_PATH=/convince_ws/install/pyrobosim_msgs/lib:/convince_ws/install/overarching_msgs/lib:${LD_LIBRARY_PATH} PYTHONPATH=/convince_ws/build/tutorial_sim/prefix_override:/usr/lib/python3/dist-packages/colcon_core/task/python/colcon_distutils_commands:/convince_ws/install/tutorial_sim/lib/python3.12/site-packages:/convince_ws/install/pyrobosim_ros/lib/python3.12/site-packages:/convince_ws/install/pyrobosim_msgs/lib/python3.12/site-packages:/convince_ws/install/overarching_msgs/lib/python3.12/site-packages:${PYTHONPATH} /usr/bin/python3 -W ignore:setup.py install is deprecated -W ignore:easy_install command is deprecated setup.py develop --editable --build-directory /convince_ws/build/tutorial_sim/build --no-deps symlink_data --force
