[  0%] Built target pyrobosim_msgs__rosidl_generator_type_description
[  0%] Built target ament_cmake_python_symlink_pyrobosim_msgs
[  0%] Built target pyrobosim_msgs__cpp
[ 28%] Built target pyrobosim_msgs__rosidl_generator_c
[ 38%] Built target pyrobosim_msgs__rosidl_typesupport_cpp
[ 48%] Built target pyrobosim_msgs__rosidl_typesupport_introspection_c
[ 58%] Built target pyrobosim_msgs__rosidl_typesupport_c
[ 67%] Built target pyrobosim_msgs__rosidl_typesupport_fastrtps_c
[ 77%] Built target pyrobosim_msgs__rosidl_typesupport_introspection_cpp
[ 87%] Built target pyrobosim_msgs__rosidl_typesupport_fastrtps_cpp
[ 87%] Built target pyrobosim_msgs
[ 87%] Built target pyrobosim_msgs__py
[ 97%] Built target pyrobosim_msgs__rosidl_generator_py
[ 98%] Built target pyrobosim_msgs_s__rosidl_typesupport_fastrtps_c
[ 99%] Built target pyrobosim_msgs_s__rosidl_typesupport_c
[100%] Built target pyrobosim_msgs_s__rosidl_typesupport_introspection_c
running egg_info
writing pyrobosim_msgs.egg-info/PKG-INFO
writing dependency_links to pyrobosim_msgs.egg-info/dependency_links.txt
writing top-level names to pyrobosim_msgs.egg-info/top_level.txt
reading manifest file 'pyrobosim_msgs.egg-info/SOURCES.txt'
writing manifest file 'pyrobosim_msgs.egg-info/SOURCES.txt'
[100%] Built target ament_cmake_python_build_pyrobosim_msgs_egg
