Traceback (most recent call last):
  File "/home/ste/ws/hsp-iit/data-model/examples/UC3-museum-guide/high-level-models/build/blackboard_interfaces_dummy/ament_cmake_python/blackboard_interfaces_dummy/setup.py", line 1, in <module>
    from setuptools import find_packages
  File "/home/ste/.local/lib/python3.10/site-packages/setuptools/__init__.py", line 8, in <module>
    import _distutils_hack.override  # noqa: F401
  File "/home/ste/.local/lib/python3.10/site-packages/_distutils_hack/override.py", line 1, in <module>
gmake[2]: *** [CMakeFiles/blackboard_interfaces__rosidl_typesupport_introspection_c.dir/build.make:254: CMakeFiles/blackboard_interfaces__rosidl_typesupport_introspection_c.dir/depend] Interrupt
gmake[2]: *** [CMakeFiles/blackboard_interfaces__rosidl_typesupport_introspection_cpp.dir/build.make:255: CMakeFiles/blackboard_interfaces__rosidl_typesupport_introspection_cpp.dir/depend] Interrupt
gmake[1]: *** [CMakeFiles/Makefile2:426: CMakeFiles/blackboard_interfaces__rosidl_typesupport_cpp.dir/all] Interrupt
gmake[1]: *** [CMakeFiles/Makefile2:345: CMakeFiles/blackboard_interfaces__rosidl_typesupport_introspection_c.dir/all] Interrupt
gmake[1]: *** [CMakeFiles/Makefile2:398: CMakeFiles/blackboard_interfaces__rosidl_typesupport_introspection_cpp.dir/all] Interrupt
gmake[2]: *** [CMakeFiles/blackboard_interfaces__rosidl_typesupport_fastrtps_cpp.dir/build.make:257: CMakeFiles/blackboard_interfaces__rosidl_typesupport_fastrtps_cpp.dir/depend] Interrupt
gmake[1]: *** [CMakeFiles/Makefile2:319: CMakeFiles/blackboard_interfaces__rosidl_typesupport_fastrtps_cpp.dir/all] Interrupt
    __import__('_distutils_hack').do_override()
  File "/home/ste/.local/lib/python3.10/site-packages/_distutils_hack/__init__.py", line 72, in do_override
    ensure_local_distutils()
  File "/home/ste/.local/lib/python3.10/site-packages/_distutils_hack/__init__.py", line 55, in ensure_local_distutils
    importlib.import_module('distutils')
  File "/usr/lib/python3.10/importlib/__init__.py", line 126, in import_module
    return _bootstrap._gcd_import(name[level:], package, level)
  File "<frozen importlib._bootstrap>", line 1050, in _gcd_import
  File "<frozen importlib._bootstrap>", line 1027, in _find_and_load
  File "<frozen importlib._bootstrap>", line 1002, in _find_and_load_unlocked
gmake[2]: *** [CMakeFiles/blackboard_interfaces__rosidl_typesupport_fastrtps_c.dir/build.make:258: CMakeFiles/blackboard_interfaces__rosidl_typesupport_fastrtps_c.dir/depend] Interrupt
  File "<frozen importlib._bootstrap>", line 945, in _find_spec
gmake[1]: *** [CMakeFiles/Makefile2:266: CMakeFiles/blackboard_interfaces__rosidl_typesupport_fastrtps_c.dir/all] Interrupt
  File "/home/ste/.local/lib/python3.10/site-packages/_distutils_hack/__init__.py", line 90, in find_spec
    return method()
  File "/home/ste/.local/lib/python3.10/site-packages/_distutils_hack/__init__.py", line 101, in spec_for_distutils
    mod = importlib.import_module('setuptools._distutils')
  File "/usr/lib/python3.10/importlib/__init__.py", line 126, in import_module
    return _bootstrap._gcd_import(name[level:], package, level)
  File "/home/ste/.local/lib/python3.10/site-packages/setuptools/_distutils/__init__.py", line 22, in <module>
    importlib.import_module('_distutils_system_mod')
  File "/usr/lib/python3.10/importlib/__init__.py", line 126, in import_module
    return _bootstrap._gcd_import(name[level:], package, level)
  File "/usr/lib/python3.10/_distutils_system_mod.py", line 16, in <module>
    import distutils.command.install as orig_install
  File "/home/ste/.local/lib/python3.10/site-packages/setuptools/_distutils/command/install.py", line 12, in <module>
    from distutils.core import Command
  File "/home/ste/.local/lib/python3.10/site-packages/setuptools/_distutils/core.py", line 17, in <module>
    from distutils.dist import Distribution
  File "/home/ste/.local/lib/python3.10/site-packages/setuptools/_distutils/dist.py", line 19, in <module>
    from distutils.util import check_environ, strtobool, rfc822_escape
  File "/home/ste/.local/lib/python3.10/site-packages/setuptools/_distutils/util.py", line 15, in <module>
    from distutils.spawn import spawn
  File "/home/ste/.local/lib/python3.10/site-packages/setuptools/_distutils/spawn.py", line 11, in <module>
    import subprocess
  File "/usr/lib/python3.10/subprocess.py", line 69, in <module>
    import msvcrt
  File "<frozen importlib._bootstrap>", line 1027, in _find_and_load
  File "<frozen importlib._bootstrap>", line 1002, in _find_and_load_unlocked
  File "<frozen importlib._bootstrap>", line 945, in _find_spec
  File "<frozen importlib._bootstrap_external>", line 1439, in find_spec
  File "<frozen importlib._bootstrap_external>", line 1411, in _get_spec
  File "<frozen importlib._bootstrap_external>", line 1544, in find_spec
  File "<frozen importlib._bootstrap_external>", line 140, in _path_stat
KeyboardInterrupt
gmake[2]: *** [CMakeFiles/ament_cmake_python_build_blackboard_interfaces_dummy_egg.dir/build.make:70: CMakeFiles/ament_cmake_python_build_blackboard_interfaces_dummy_egg] Interrupt
gmake[1]: *** [CMakeFiles/Makefile2:478: CMakeFiles/ament_cmake_python_build_blackboard_interfaces_dummy_egg.dir/all] Interrupt
gmake[1]: *** [CMakeFiles/Makefile2:373: CMakeFiles/blackboard_interfaces__rosidl_typesupport_c.dir/all] Interrupt
gmake: *** [Makefile:146: all] Interrupt
