Fatal Python error: init_import_site: Failed to import the site module
Python runtime state: initialized
Traceback (most recent call last):
  File "/usr/lib/python3.10/site.py", line 636, in <module>
    main()
  File "/usr/lib/python3.10/site.py", line 622, in main
gmake[1]: *** [CMakeFiles/Makefile2:242: CMakeFiles/navigation_interfaces__rosidl_generator_c.dir/all] Interrupt
    known_paths = addusersitepackages(known_paths)
  File "/usr/lib/python3.10/site.py", line 349, in addusersitepackages
    addsitedir(user_site, known_paths)
  File "/usr/lib/python3.10/site.py", line 232, in addsitedir
    addpackage(sitedir, name, known_paths)
  File "/usr/lib/python3.10/site.py", line 192, in addpackage
    exec(line)
  File "<string>", line 1, in <module>
  File "/usr/lib/python3.10/importlib/__init__.py", line 57, in <module>
    import warnings
  File "<frozen importlib._bootstrap>", line 1027, in _find_and_load
  File "<frozen importlib._bootstrap>", line 1006, in _find_and_load_unlocked
  File "<frozen importlib._bootstrap>", line 688, in _load_unlocked
  File "<frozen importlib._bootstrap_external>", line 879, in exec_module
  File "<frozen importlib._bootstrap_external>", line 975, in get_code
  File "<frozen importlib._bootstrap_external>", line 1074, in get_data
KeyboardInterrupt
gmake[2]: *** [CMakeFiles/ament_cmake_python_build_navigation_interfaces_dummy_egg.dir/build.make:70: CMakeFiles/ament_cmake_python_build_navigation_interfaces_dummy_egg] Interrupt
gmake[1]: *** [CMakeFiles/Makefile2:478: CMakeFiles/ament_cmake_python_build_navigation_interfaces_dummy_egg.dir/all] Interrupt
gmake: *** [Makefile:146: all] Interrupt
