[0.047s] Invoking command in '/home/ste/ws/hsp-iit/data-model/examples/UC3-museum-guide/high-level-models/build/navigation_interfaces_dummy': CMAKE_PREFIX_PATH=${CMAKE_PREFIX_PATH}:/opt/ros/iron PS1=\[\033[01;32m\]\u\[\033[00m\]:\[\033[01;34m\]\w\[\033[00m\]\[\e[91m\]$(parse_git_branch)\[\e[00m\]$ /usr/bin/cmake --build /home/ste/ws/hsp-iit/data-model/examples/UC3-museum-guide/high-level-models/build/navigation_interfaces_dummy -- -j12 -l12
[0.173s] [  2%] Built target navigation_interfaces__rosidl_generator_type_description
[0.249s] [  2%] Built target ament_cmake_python_copy_navigation_interfaces_dummy
[0.294s] [35m[1mConsolidate compiler generated dependencies of target navigation_interfaces__rosidl_generator_c[0m
[0.334s] [  4%] Built target navigation_interfaces__cpp
[0.371s] [ 22%] Built target navigation_interfaces__rosidl_generator_c
[0.376s] Fatal Python error: init_import_site: Failed to import the site module
[0.376s] Python runtime state: initialized
[0.376s] Traceback (most recent call last):
[0.377s]   File "/usr/lib/python3.10/site.py", line 636, in <module>
[0.400s]     main()
[0.401s]   File "/usr/lib/python3.10/site.py", line 622, in main
[0.401s] gmake[1]: *** [CMakeFiles/Makefile2:242: CMakeFiles/navigation_interfaces__rosidl_generator_c.dir/all] Interrupt
[0.403s]     known_paths = addusersitepackages(known_paths)
[0.403s]   File "/usr/lib/python3.10/site.py", line 349, in addusersitepackages
[0.404s]     addsitedir(user_site, known_paths)
[0.404s]   File "/usr/lib/python3.10/site.py", line 232, in addsitedir
[0.405s]     addpackage(sitedir, name, known_paths)
[0.405s]   File "/usr/lib/python3.10/site.py", line 192, in addpackage
[0.405s]     exec(line)
[0.405s]   File "<string>", line 1, in <module>
[0.407s]   File "/usr/lib/python3.10/importlib/__init__.py", line 57, in <module>
[0.407s]     import warnings
[0.407s]   File "<frozen importlib._bootstrap>", line 1027, in _find_and_load
[0.407s]   File "<frozen importlib._bootstrap>", line 1006, in _find_and_load_unlocked
[0.407s]   File "<frozen importlib._bootstrap>", line 688, in _load_unlocked
[0.407s]   File "<frozen importlib._bootstrap_external>", line 879, in exec_module
[0.407s]   File "<frozen importlib._bootstrap_external>", line 975, in get_code
[0.408s]   File "<frozen importlib._bootstrap_external>", line 1074, in get_data
[0.408s] KeyboardInterrupt
[0.408s] gmake[2]: *** [CMakeFiles/ament_cmake_python_build_navigation_interfaces_dummy_egg.dir/build.make:70: CMakeFiles/ament_cmake_python_build_navigation_interfaces_dummy_egg] Interrupt
[0.409s] gmake[1]: *** [CMakeFiles/Makefile2:478: CMakeFiles/ament_cmake_python_build_navigation_interfaces_dummy_egg.dir/all] Interrupt
[0.410s] gmake: *** [Makefile:146: all] Interrupt
