[100%] Built target bt_nodes
-- Install configuration: ""
-- Execute custom install script
-- Up-to-date symlink: /convince_ws/install/bt_nodes/share/bt_nodes/environment/library_path.sh
-- Up-to-date symlink: /convince_ws/install/bt_nodes/share/bt_nodes/environment/library_path.dsv
-- Up-to-date symlink: /convince_ws/install/bt_nodes/include/ROS2Action.h
-- Up-to-date symlink: /convince_ws/install/bt_nodes/share/ament_index/resource_index/package_run_dependencies/bt_nodes
-- Up-to-date symlink: /convince_ws/install/bt_nodes/share/ament_index/resource_index/parent_prefix_path/bt_nodes
-- Up-to-date symlink: /convince_ws/install/bt_nodes/share/bt_nodes/environment/ament_prefix_path.sh
-- Up-to-date symlink: /convince_ws/install/bt_nodes/share/bt_nodes/environment/ament_prefix_path.dsv
-- Up-to-date symlink: /convince_ws/install/bt_nodes/share/bt_nodes/environment/path.sh
-- Up-to-date symlink: /convince_ws/install/bt_nodes/share/bt_nodes/environment/path.dsv
-- Up-to-date symlink: /convince_ws/install/bt_nodes/share/bt_nodes/local_setup.bash
-- Up-to-date symlink: /convince_ws/install/bt_nodes/share/bt_nodes/local_setup.sh
-- Up-to-date symlink: /convince_ws/install/bt_nodes/share/bt_nodes/local_setup.zsh
-- Up-to-date symlink: /convince_ws/install/bt_nodes/share/bt_nodes/local_setup.dsv
-- Symlinking: /convince_ws/install/bt_nodes/share/bt_nodes/package.dsv
-- Up-to-date symlink: /convince_ws/install/bt_nodes/share/ament_index/resource_index/packages/bt_nodes
-- Up-to-date symlink: /convince_ws/install/bt_nodes/share/bt_nodes/cmake/ament_cmake_export_targets-extras.cmake
-- Up-to-date symlink: /convince_ws/install/bt_nodes/share/bt_nodes/cmake/bt_nodesConfig.cmake
-- Up-to-date symlink: /convince_ws/install/bt_nodes/share/bt_nodes/cmake/bt_nodesConfig-version.cmake
-- Up-to-date symlink: /convince_ws/install/bt_nodes/share/bt_nodes/package.xml
-- Up-to-date: /convince_ws/install/bt_nodes/lib/libbt_nodes.a
-- Up-to-date: /convince_ws/install/bt_nodes/share/bt_nodes/cmake/bt_nodesExport.cmake
-- Up-to-date: /convince_ws/install/bt_nodes/share/bt_nodes/cmake/bt_nodesExport-noconfig.cmake
