[0.017s] Invoking command in '/convince_ws/build/pyrobosim_ros': AMENT_PREFIX_PATH=/convince_ws/install/pyrobosim_msgs:${AMENT_PREFIX_PATH} CMAKE_PREFIX_PATH=/convince_ws/install/pyrobosim_msgs:/opt/ros/jazzy LD_LIBRARY_PATH=/convince_ws/install/pyrobosim_msgs/lib:${LD_LIBRARY_PATH} PYTHONPATH=/convince_ws/install/pyrobosim_msgs/lib/python3.12/site-packages:${PYTHONPATH} /usr/bin/cmake --build /convince_ws/build/pyrobosim_ros -- -j20 -l20
[0.057s] Built target ament_cmake_python_symlink_pyrobosim_ros
[0.165s] running egg_info
[0.172s] writing pyrobosim_ros.egg-info/PKG-INFO
[0.172s] writing dependency_links to pyrobosim_ros.egg-info/dependency_links.txt
[0.172s] writing top-level names to pyrobosim_ros.egg-info/top_level.txt
[0.193s] reading manifest file 'pyrobosim_ros.egg-info/SOURCES.txt'
[0.193s] writing manifest file 'pyrobosim_ros.egg-info/SOURCES.txt'
[0.210s] Built target ament_cmake_python_build_pyrobosim_ros_egg
[0.219s] Invoked command in '/convince_ws/build/pyrobosim_ros' returned '0': AMENT_PREFIX_PATH=/convince_ws/install/pyrobosim_msgs:${AMENT_PREFIX_PATH} CMAKE_PREFIX_PATH=/convince_ws/install/pyrobosim_msgs:/opt/ros/jazzy LD_LIBRARY_PATH=/convince_ws/install/pyrobosim_msgs/lib:${LD_LIBRARY_PATH} PYTHONPATH=/convince_ws/install/pyrobosim_msgs/lib/python3.12/site-packages:${PYTHONPATH} /usr/bin/cmake --build /convince_ws/build/pyrobosim_ros -- -j20 -l20
[0.220s] Invoking command in '/convince_ws/build/pyrobosim_ros': AMENT_PREFIX_PATH=/convince_ws/install/pyrobosim_msgs:${AMENT_PREFIX_PATH} CMAKE_PREFIX_PATH=/convince_ws/install/pyrobosim_msgs:/opt/ros/jazzy LD_LIBRARY_PATH=/convince_ws/install/pyrobosim_msgs/lib:${LD_LIBRARY_PATH} PYTHONPATH=/convince_ws/install/pyrobosim_msgs/lib/python3.12/site-packages:${PYTHONPATH} /usr/bin/cmake --install /convince_ws/build/pyrobosim_ros
[0.225s] -- Install configuration: ""
[0.225s] -- Execute custom install script
[0.225s] -- Up-to-date symlink: /convince_ws/install/pyrobosim_ros/lib/pyrobosim_ros/demo.py
[0.225s] -- Up-to-date symlink: /convince_ws/install/pyrobosim_ros/lib/pyrobosim_ros/demo_commands.py
[0.226s] -- Up-to-date symlink: /convince_ws/install/pyrobosim_ros/lib/pyrobosim_ros/demo_pddl_world.py
[0.226s] -- Up-to-date symlink: /convince_ws/install/pyrobosim_ros/lib/pyrobosim_ros/demo_pddl_planner.py
[0.226s] -- Up-to-date symlink: /convince_ws/install/pyrobosim_ros/lib/pyrobosim_ros/demo_pddl_goal_publisher.py
[0.226s] -- Up-to-date symlink: /convince_ws/install/pyrobosim_ros/lib/pyrobosim_ros/demo_velocity_publisher.py
[0.226s] -- Up-to-date symlink: /convince_ws/install/pyrobosim_ros/share/pyrobosim_ros/environment/pythonpath.sh
[0.226s] -- Up-to-date symlink: /convince_ws/install/pyrobosim_ros/share/pyrobosim_ros/environment/pythonpath.dsv
[0.226s] -- Up-to-date symlink: /convince_ws/install/pyrobosim_ros/lib/python3.12/site-packages/pyrobosim_ros-4.3.3-py3.12.egg-info/PKG-INFO
[0.227s] -- Up-to-date symlink: /convince_ws/install/pyrobosim_ros/lib/python3.12/site-packages/pyrobosim_ros-4.3.3-py3.12.egg-info/SOURCES.txt
[0.227s] -- Up-to-date symlink: /convince_ws/install/pyrobosim_ros/lib/python3.12/site-packages/pyrobosim_ros-4.3.3-py3.12.egg-info/dependency_links.txt
[0.227s] -- Up-to-date symlink: /convince_ws/install/pyrobosim_ros/lib/python3.12/site-packages/pyrobosim_ros-4.3.3-py3.12.egg-info/top_level.txt
[0.227s] -- Up-to-date symlink: /convince_ws/install/pyrobosim_ros/lib/python3.12/site-packages/pyrobosim_ros/__init__.py
[0.227s] -- Up-to-date symlink: /convince_ws/install/pyrobosim_ros/lib/python3.12/site-packages/pyrobosim_ros/ros_conversions.py
[0.227s] -- Up-to-date symlink: /convince_ws/install/pyrobosim_ros/lib/python3.12/site-packages/pyrobosim_ros/ros_interface.py
[0.227s] -- Up-to-date symlink: /convince_ws/install/pyrobosim_ros/share/pyrobosim_ros/launch/demo.launch.py
[0.227s] -- Up-to-date symlink: /convince_ws/install/pyrobosim_ros/share/pyrobosim_ros/launch/demo_commands.launch.py
[0.227s] -- Up-to-date symlink: /convince_ws/install/pyrobosim_ros/share/pyrobosim_ros/launch/demo_commands_multirobot.launch.py
[0.227s] -- Up-to-date symlink: /convince_ws/install/pyrobosim_ros/share/pyrobosim_ros/launch/demo_pddl.launch.py
[0.227s] -- Up-to-date symlink: /convince_ws/install/pyrobosim_ros/share/ament_index/resource_index/package_run_dependencies/pyrobosim_ros
[0.227s] -- Up-to-date symlink: /convince_ws/install/pyrobosim_ros/share/ament_index/resource_index/parent_prefix_path/pyrobosim_ros
[0.227s] -- Up-to-date symlink: /convince_ws/install/pyrobosim_ros/share/pyrobosim_ros/environment/ament_prefix_path.sh
[0.227s] -- Up-to-date symlink: /convince_ws/install/pyrobosim_ros/share/pyrobosim_ros/environment/ament_prefix_path.dsv
[0.227s] -- Up-to-date symlink: /convince_ws/install/pyrobosim_ros/share/pyrobosim_ros/environment/path.sh
[0.227s] -- Up-to-date symlink: /convince_ws/install/pyrobosim_ros/share/pyrobosim_ros/environment/path.dsv
[0.227s] -- Up-to-date symlink: /convince_ws/install/pyrobosim_ros/share/pyrobosim_ros/local_setup.bash
[0.228s] -- Up-to-date symlink: /convince_ws/install/pyrobosim_ros/share/pyrobosim_ros/local_setup.sh
[0.228s] -- Up-to-date symlink: /convince_ws/install/pyrobosim_ros/share/pyrobosim_ros/local_setup.zsh
[0.228s] -- Up-to-date symlink: /convince_ws/install/pyrobosim_ros/share/pyrobosim_ros/local_setup.dsv
[0.228s] -- Symlinking: /convince_ws/install/pyrobosim_ros/share/pyrobosim_ros/package.dsv
[0.234s] -- Up-to-date symlink: /convince_ws/install/pyrobosim_ros/share/ament_index/resource_index/packages/pyrobosim_ros
[0.234s] -- Up-to-date symlink: /convince_ws/install/pyrobosim_ros/share/pyrobosim_ros/cmake/pyrobosim_rosConfig.cmake
[0.234s] -- Up-to-date symlink: /convince_ws/install/pyrobosim_ros/share/pyrobosim_ros/cmake/pyrobosim_rosConfig-version.cmake
[0.234s] -- Up-to-date symlink: /convince_ws/install/pyrobosim_ros/share/pyrobosim_ros/package.xml
[0.256s] Listing '/convince_ws/install/pyrobosim_ros/lib/python3.12/site-packages/pyrobosim_ros'...
[0.260s] Invoked command in '/convince_ws/build/pyrobosim_ros' returned '0': AMENT_PREFIX_PATH=/convince_ws/install/pyrobosim_msgs:${AMENT_PREFIX_PATH} CMAKE_PREFIX_PATH=/convince_ws/install/pyrobosim_msgs:/opt/ros/jazzy LD_LIBRARY_PATH=/convince_ws/install/pyrobosim_msgs/lib:${LD_LIBRARY_PATH} PYTHONPATH=/convince_ws/install/pyrobosim_msgs/lib/python3.12/site-packages:${PYTHONPATH} /usr/bin/cmake --install /convince_ws/build/pyrobosim_ros
