[0.017s] Invoking command in '/convince_ws/build/bt_executor': CMAKE_PREFIX_PATH=/convince_ws/install/bt_nodes:/convince_ws/install/behaviortree_ros2:/convince_ws/install/pyrobosim_msgs:/convince_ws/install/overarching_msgs:/convince_ws/install/btcpp_ros2_interfaces:/convince_ws/install/bt_interfaces_dummy:/convince_ws/install/pyrobosim_ros:/convince_ws/install/bt_executor:/convince_ws/install/place_object_skill:/convince_ws/install/btcpp_ros2_samples:/convince_ws/install/behaviortree_cpp_v3:/convince_ws/install/tutorial_run:/convince_ws/install/tutorial_sim:/opt/ros/jazzy LD_LIBRARY_PATH=/convince_ws/install/pyrobosim_msgs/lib:/convince_ws/install/overarching_msgs/lib:/convince_ws/install/btcpp_ros2_interfaces/lib:/convince_ws/install/bt_interfaces_dummy/lib:/convince_ws/install/behaviortree_ros2/lib:/convince_ws/install/bt_nodes/lib:/convince_ws/install/behaviortree_cpp_v3/lib:/opt/ros/jazzy/opt/zmqpp_vendor/lib:/opt/ros/jazzy/lib/x86_64-linux-gnu:/opt/ros/jazzy/lib PYTHONPATH=/convince_ws/install/pyrobosim_msgs/lib/python3.12/site-packages:/convince_ws/install/overarching_msgs/lib/python3.12/site-packages:/convince_ws/install/btcpp_ros2_interfaces/lib/python3.12/site-packages:/convince_ws/install/bt_interfaces_dummy/lib/python3.12/site-packages:/convince_ws/build/tutorial_run:/convince_ws/install/tutorial_run/lib/python3.12/site-packages:/convince_ws/build/tutorial_sim:/convince_ws/install/tutorial_sim/lib/python3.12/site-packages:/convince_ws/install/pyrobosim_ros/lib/python3.12/site-packages:/convince_ws/build/pyrobosim:/convince_ws/install/pyrobosim/lib/python3.12/site-packages:/opt/ros/jazzy/lib/python3.12/site-packages /usr/bin/cmake --build /convince_ws/build/bt_executor -- -j20 -l20
[0.061s] [100%] Built target btcpp_executor
[0.067s] Invoked command in '/convince_ws/build/bt_executor' returned '0': CMAKE_PREFIX_PATH=/convince_ws/install/bt_nodes:/convince_ws/install/behaviortree_ros2:/convince_ws/install/pyrobosim_msgs:/convince_ws/install/overarching_msgs:/convince_ws/install/btcpp_ros2_interfaces:/convince_ws/install/bt_interfaces_dummy:/convince_ws/install/pyrobosim_ros:/convince_ws/install/bt_executor:/convince_ws/install/place_object_skill:/convince_ws/install/btcpp_ros2_samples:/convince_ws/install/behaviortree_cpp_v3:/convince_ws/install/tutorial_run:/convince_ws/install/tutorial_sim:/opt/ros/jazzy LD_LIBRARY_PATH=/convince_ws/install/pyrobosim_msgs/lib:/convince_ws/install/overarching_msgs/lib:/convince_ws/install/btcpp_ros2_interfaces/lib:/convince_ws/install/bt_interfaces_dummy/lib:/convince_ws/install/behaviortree_ros2/lib:/convince_ws/install/bt_nodes/lib:/convince_ws/install/behaviortree_cpp_v3/lib:/opt/ros/jazzy/opt/zmqpp_vendor/lib:/opt/ros/jazzy/lib/x86_64-linux-gnu:/opt/ros/jazzy/lib PYTHONPATH=/convince_ws/install/pyrobosim_msgs/lib/python3.12/site-packages:/convince_ws/install/overarching_msgs/lib/python3.12/site-packages:/convince_ws/install/btcpp_ros2_interfaces/lib/python3.12/site-packages:/convince_ws/install/bt_interfaces_dummy/lib/python3.12/site-packages:/convince_ws/build/tutorial_run:/convince_ws/install/tutorial_run/lib/python3.12/site-packages:/convince_ws/build/tutorial_sim:/convince_ws/install/tutorial_sim/lib/python3.12/site-packages:/convince_ws/install/pyrobosim_ros/lib/python3.12/site-packages:/convince_ws/build/pyrobosim:/convince_ws/install/pyrobosim/lib/python3.12/site-packages:/opt/ros/jazzy/lib/python3.12/site-packages /usr/bin/cmake --build /convince_ws/build/bt_executor -- -j20 -l20
[0.071s] Invoking command in '/convince_ws/build/bt_executor': CMAKE_PREFIX_PATH=/convince_ws/install/bt_nodes:/convince_ws/install/behaviortree_ros2:/convince_ws/install/pyrobosim_msgs:/convince_ws/install/overarching_msgs:/convince_ws/install/btcpp_ros2_interfaces:/convince_ws/install/bt_interfaces_dummy:/convince_ws/install/pyrobosim_ros:/convince_ws/install/bt_executor:/convince_ws/install/place_object_skill:/convince_ws/install/btcpp_ros2_samples:/convince_ws/install/behaviortree_cpp_v3:/convince_ws/install/tutorial_run:/convince_ws/install/tutorial_sim:/opt/ros/jazzy LD_LIBRARY_PATH=/convince_ws/install/pyrobosim_msgs/lib:/convince_ws/install/overarching_msgs/lib:/convince_ws/install/btcpp_ros2_interfaces/lib:/convince_ws/install/bt_interfaces_dummy/lib:/convince_ws/install/behaviortree_ros2/lib:/convince_ws/install/bt_nodes/lib:/convince_ws/install/behaviortree_cpp_v3/lib:/opt/ros/jazzy/opt/zmqpp_vendor/lib:/opt/ros/jazzy/lib/x86_64-linux-gnu:/opt/ros/jazzy/lib PYTHONPATH=/convince_ws/install/pyrobosim_msgs/lib/python3.12/site-packages:/convince_ws/install/overarching_msgs/lib/python3.12/site-packages:/convince_ws/install/btcpp_ros2_interfaces/lib/python3.12/site-packages:/convince_ws/install/bt_interfaces_dummy/lib/python3.12/site-packages:/convince_ws/build/tutorial_run:/convince_ws/install/tutorial_run/lib/python3.12/site-packages:/convince_ws/build/tutorial_sim:/convince_ws/install/tutorial_sim/lib/python3.12/site-packages:/convince_ws/install/pyrobosim_ros/lib/python3.12/site-packages:/convince_ws/build/pyrobosim:/convince_ws/install/pyrobosim/lib/python3.12/site-packages:/opt/ros/jazzy/lib/python3.12/site-packages /usr/bin/cmake --install /convince_ws/build/bt_executor
[0.076s] -- Install configuration: ""
[0.076s] -- Execute custom install script
[0.076s] -- Up-to-date symlink: /convince_ws/install/bt_executor/share/bt_executor/trees/navigation_demo.xml
[0.076s] -- Up-to-date symlink: /convince_ws/install/bt_executor/share/bt_executor/trees/pyrobosim_btcpp_model.xml
[0.076s] -- Up-to-date symlink: /convince_ws/install/bt_executor/share/bt_executor/trees/roscon2024.btproj
[0.076s] -- Up-to-date symlink: /convince_ws/install/bt_executor/share/bt_executor/trees/solution/problem1.xml
[0.077s] -- Up-to-date symlink: /convince_ws/install/bt_executor/share/bt_executor/trees/solution/problem2.xml
[0.077s] -- Up-to-date symlink: /convince_ws/install/bt_executor/share/bt_executor/trees/solution/problem3.xml
[0.077s] -- Up-to-date symlink: /convince_ws/install/bt_executor/share/bt_executor/trees/solution/problem4.xml
[0.077s] -- Up-to-date symlink: /convince_ws/install/bt_executor/lib/bt_executor/btcpp_executor
[0.077s] -- Up-to-date symlink: /convince_ws/install/bt_executor/include//pyrobosim_btcpp/nodes/battery_nodes.hpp
[0.077s] -- Up-to-date symlink: /convince_ws/install/bt_executor/include//pyrobosim_btcpp/nodes/close_node.hpp
[0.077s] -- Up-to-date symlink: /convince_ws/install/bt_executor/include//pyrobosim_btcpp/nodes/detect_object_node.hpp
[0.077s] -- Up-to-date symlink: /convince_ws/install/bt_executor/include//pyrobosim_btcpp/nodes/execute_task_node.hpp
[0.077s] -- Up-to-date symlink: /convince_ws/install/bt_executor/include//pyrobosim_btcpp/nodes/get_current_location_node.hpp
[0.077s] -- Up-to-date symlink: /convince_ws/install/bt_executor/include//pyrobosim_btcpp/nodes/get_next_location_node.hpp
[0.077s] -- Up-to-date symlink: /convince_ws/install/bt_executor/include//pyrobosim_btcpp/nodes/navigate_node.hpp
[0.077s] -- Up-to-date symlink: /convince_ws/install/bt_executor/include//pyrobosim_btcpp/nodes/open_node.hpp
[0.077s] -- Up-to-date symlink: /convince_ws/install/bt_executor/include//pyrobosim_btcpp/nodes/pick_object_node.hpp
[0.078s] -- Up-to-date symlink: /convince_ws/install/bt_executor/include//pyrobosim_btcpp/nodes/place_object_node.hpp
[0.078s] -- Up-to-date symlink: /convince_ws/install/bt_executor/share/ament_index/resource_index/package_run_dependencies/bt_executor
[0.078s] -- Up-to-date symlink: /convince_ws/install/bt_executor/share/ament_index/resource_index/parent_prefix_path/bt_executor
[0.078s] -- Up-to-date symlink: /convince_ws/install/bt_executor/share/bt_executor/environment/ament_prefix_path.sh
[0.078s] -- Up-to-date symlink: /convince_ws/install/bt_executor/share/bt_executor/environment/ament_prefix_path.dsv
[0.078s] -- Up-to-date symlink: /convince_ws/install/bt_executor/share/bt_executor/environment/path.sh
[0.078s] -- Up-to-date symlink: /convince_ws/install/bt_executor/share/bt_executor/environment/path.dsv
[0.078s] -- Up-to-date symlink: /convince_ws/install/bt_executor/share/bt_executor/local_setup.bash
[0.078s] -- Up-to-date symlink: /convince_ws/install/bt_executor/share/bt_executor/local_setup.sh
[0.078s] -- Up-to-date symlink: /convince_ws/install/bt_executor/share/bt_executor/local_setup.zsh
[0.078s] -- Up-to-date symlink: /convince_ws/install/bt_executor/share/bt_executor/local_setup.dsv
[0.078s] -- Symlinking: /convince_ws/install/bt_executor/share/bt_executor/package.dsv
[0.083s] -- Up-to-date symlink: /convince_ws/install/bt_executor/share/ament_index/resource_index/packages/bt_executor
[0.083s] -- Up-to-date symlink: /convince_ws/install/bt_executor/share/bt_executor/cmake/ament_cmake_export_dependencies-extras.cmake
[0.083s] -- Up-to-date symlink: /convince_ws/install/bt_executor/share/bt_executor/cmake/ament_cmake_export_include_directories-extras.cmake
[0.084s] -- Up-to-date symlink: /convince_ws/install/bt_executor/share/bt_executor/cmake/bt_executorConfig.cmake
[0.084s] -- Up-to-date symlink: /convince_ws/install/bt_executor/share/bt_executor/cmake/bt_executorConfig-version.cmake
[0.084s] -- Up-to-date symlink: /convince_ws/install/bt_executor/share/bt_executor/package.xml
[0.084s] Invoked command in '/convince_ws/build/bt_executor' returned '0': CMAKE_PREFIX_PATH=/convince_ws/install/bt_nodes:/convince_ws/install/behaviortree_ros2:/convince_ws/install/pyrobosim_msgs:/convince_ws/install/overarching_msgs:/convince_ws/install/btcpp_ros2_interfaces:/convince_ws/install/bt_interfaces_dummy:/convince_ws/install/pyrobosim_ros:/convince_ws/install/bt_executor:/convince_ws/install/place_object_skill:/convince_ws/install/btcpp_ros2_samples:/convince_ws/install/behaviortree_cpp_v3:/convince_ws/install/tutorial_run:/convince_ws/install/tutorial_sim:/opt/ros/jazzy LD_LIBRARY_PATH=/convince_ws/install/pyrobosim_msgs/lib:/convince_ws/install/overarching_msgs/lib:/convince_ws/install/btcpp_ros2_interfaces/lib:/convince_ws/install/bt_interfaces_dummy/lib:/convince_ws/install/behaviortree_ros2/lib:/convince_ws/install/bt_nodes/lib:/convince_ws/install/behaviortree_cpp_v3/lib:/opt/ros/jazzy/opt/zmqpp_vendor/lib:/opt/ros/jazzy/lib/x86_64-linux-gnu:/opt/ros/jazzy/lib PYTHONPATH=/convince_ws/install/pyrobosim_msgs/lib/python3.12/site-packages:/convince_ws/install/overarching_msgs/lib/python3.12/site-packages:/convince_ws/install/btcpp_ros2_interfaces/lib/python3.12/site-packages:/convince_ws/install/bt_interfaces_dummy/lib/python3.12/site-packages:/convince_ws/build/tutorial_run:/convince_ws/install/tutorial_run/lib/python3.12/site-packages:/convince_ws/build/tutorial_sim:/convince_ws/install/tutorial_sim/lib/python3.12/site-packages:/convince_ws/install/pyrobosim_ros/lib/python3.12/site-packages:/convince_ws/build/pyrobosim:/convince_ws/install/pyrobosim/lib/python3.12/site-packages:/opt/ros/jazzy/lib/python3.12/site-packages /usr/bin/cmake --install /convince_ws/build/bt_executor
