[0.046s] Invoking command in '/home/ste/ws/hsp-iit/data-model/examples/UC3-museum-guide/high-level-models/build/people_detector_filter_interfaces_dummy': CMAKE_PREFIX_PATH=${CMAKE_PREFIX_PATH}:/opt/ros/iron PS1=\[\033[01;32m\]\u\[\033[00m\]:\[\033[01;34m\]\w\[\033[00m\]\[\e[91m\]$(parse_git_branch)\[\e[00m\]$ /usr/bin/cmake --build /home/ste/ws/hsp-iit/data-model/examples/UC3-museum-guide/high-level-models/build/people_detector_filter_interfaces_dummy -- -j12 -l12
[0.163s] [  2%] Built target people_detector_filter_interfaces__rosidl_generator_type_description
[0.213s] [  2%] Built target ament_cmake_python_copy_people_detector_filter_interfaces_dummy
[0.223s] [35m[1mConsolidate compiler generated dependencies of target people_detector_filter_interfaces__rosidl_generator_c[0m
[0.282s] [  5%] Built target people_detector_filter_interfaces__cpp
[0.327s] [ 20%] Built target people_detector_filter_interfaces__rosidl_generator_c
[0.363s] Fatal Python error: init_import_site: Failed to import the site module
[0.364s] Python runtime state: initialized
[0.364s] Traceback (most recent call last):
[0.365s]   File "/usr/lib/python3.10/site.py", line 636, in <module>
[0.372s] gmake[1]: *** [CMakeFiles/Makefile2:319: CMakeFiles/people_detector_filter_interfaces__rosidl_typesupport_fastrtps_cpp.dir/all] Interrupt
[0.382s]     main()
[0.382s]   File "/usr/lib/python3.10/site.py", line 623, in main
[0.384s]     known_paths = addsitepackages(known_paths)
[0.386s]   File "/usr/lib/python3.10/site.py", line 406, in addsitepackages
[0.389s]     addsitedir(sitedir, known_paths)
[0.389s]   File "/usr/lib/python3.10/site.py", line 232, in addsitedir
[0.389s]     addpackage(sitedir, name, known_paths)
[0.389s]   File "/usr/lib/python3.10/site.py", line 186, in addpackage
[0.393s]     if line.startswith("#"):
[0.393s] KeyboardInterrupt
[0.395s] gmake[2]: *** [CMakeFiles/ament_cmake_python_build_people_detector_filter_interfaces_dummy_egg.dir/build.make:70: CMakeFiles/ament_cmake_python_build_people_detector_filter_interfaces_dummy_egg] Interrupt
[0.396s] gmake[1]: *** [CMakeFiles/Makefile2:478: CMakeFiles/ament_cmake_python_build_people_detector_filter_interfaces_dummy_egg.dir/all] Interrupt
[0.402s] [35m[1mConsolidate compiler generated dependencies of target people_detector_filter_interfaces__rosidl_typesupport_cpp[0m
[0.403s] [35m[1mConsolidate compiler generated dependencies of target people_detector_filter_interfaces__rosidl_typesupport_fastrtps_c[0m
[0.403s] gmake[2]: *** [CMakeFiles/people_detector_filter_interfaces__rosidl_typesupport_cpp.dir/build.make:224: CMakeFiles/people_detector_filter_interfaces__rosidl_typesupport_cpp.dir/depend] Interrupt
[0.403s] gmake[1]: *** [CMakeFiles/Makefile2:425: CMakeFiles/people_detector_filter_interfaces__rosidl_typesupport_cpp.dir/all] Interrupt
[0.403s] gmake[2]: *** [CMakeFiles/people_detector_filter_interfaces__rosidl_typesupport_fastrtps_c.dir/build.make:233: CMakeFiles/people_detector_filter_interfaces__rosidl_typesupport_fastrtps_c.dir/depend] Interrupt
[0.404s] gmake[1]: *** [CMakeFiles/Makefile2:266: CMakeFiles/people_detector_filter_interfaces__rosidl_typesupport_fastrtps_c.dir/all] Interrupt
[0.404s] gmake: *** [Makefile:146: all] Interrupt
