[0.017s] Invoking command in '/convince_ws/build/behaviortree_ros2': AMENT_PREFIX_PATH=/convince_ws/install/btcpp_ros2_interfaces:${AMENT_PREFIX_PATH} CMAKE_PREFIX_PATH=/convince_ws/install/btcpp_ros2_interfaces:/opt/ros/jazzy LD_LIBRARY_PATH=/convince_ws/install/btcpp_ros2_interfaces/lib:${LD_LIBRARY_PATH} PYTHONPATH=/convince_ws/install/btcpp_ros2_interfaces/lib/python3.12/site-packages:${PYTHONPATH} /usr/bin/cmake /convince_ws/src/behaviortree_ros2/behaviortree_ros2 -DCMAKE_EXPORT_COMPILE_COMMANDS=ON --no-warn-unused-cli -DAMENT_CMAKE_SYMLINK_INSTALL=1 -DCMAKE_INSTALL_PREFIX=/convince_ws/install/behaviortree_ros2
[0.024s] Not searching for unused variables given on the command line.
[0.086s] -- The C compiler identification is GNU 13.3.0
[0.204s] -- The CXX compiler identification is GNU 13.3.0
[0.238s] -- Detecting C compiler ABI info
[0.392s] -- Detecting C compiler ABI info - done
[0.412s] -- Check for working C compiler: /usr/bin/cc - skipped
[0.412s] -- Detecting C compile features
[0.412s] -- Detecting C compile features - done
[0.433s] -- Detecting CXX compiler ABI info
[0.517s] -- Detecting CXX compiler ABI info - done
[0.528s] -- Check for working CXX compiler: /usr/bin/c++ - skipped
[0.528s] -- Detecting CXX compile features
[0.528s] -- Detecting CXX compile features - done
[0.532s] -- Found ament_cmake: 2.5.5 (/opt/ros/jazzy/share/ament_cmake/cmake)
[0.696s] -- Found Python3: /usr/bin/python3 (found version "3.12.3") found components: Interpreter 
[0.776s] -- Override CMake install command with custom implementation using symlinks instead of copying resources
[0.812s] -- Found rclcpp: 28.1.16 (/opt/ros/jazzy/share/rclcpp/cmake)
[0.850s] -- Found rosidl_generator_c: 4.6.7 (/opt/ros/jazzy/share/rosidl_generator_c/cmake)
[0.867s] -- Found rosidl_generator_cpp: 4.6.7 (/opt/ros/jazzy/share/rosidl_generator_cpp/cmake)
[0.883s] -- Using all available rosidl_typesupport_c: rosidl_typesupport_fastrtps_c;rosidl_typesupport_introspection_c
[0.906s] -- Using all available rosidl_typesupport_cpp: rosidl_typesupport_fastrtps_cpp;rosidl_typesupport_introspection_cpp
[0.988s] -- Found rmw_implementation_cmake: 7.3.3 (/opt/ros/jazzy/share/rmw_implementation_cmake/cmake)
[0.992s] -- Found rmw_fastrtps_cpp: 8.4.3 (/opt/ros/jazzy/share/rmw_fastrtps_cpp/cmake)
[1.067s] -- Found OpenSSL: /usr/lib/x86_64-linux-gnu/libcrypto.so (found version "3.0.13")  
[1.081s] -- Found FastRTPS: /opt/ros/jazzy/include (Required is at least version "2.13") 
[1.101s] -- Using RMW implementation 'rmw_fastrtps_cpp' as default
[1.177s] -- Found rclcpp_action: 28.1.16 (/opt/ros/jazzy/share/rclcpp_action/cmake)
[1.225s] -- Found behaviortree_cpp: 4.8.3 (/opt/ros/jazzy/share/behaviortree_cpp/cmake)
[1.228s] -- Found btcpp_ros2_interfaces: 0.3.0 (/convince_ws/install/btcpp_ros2_interfaces/share/btcpp_ros2_interfaces/cmake)
[1.242s] -- Found generate_parameter_library: 0.6.0 (/opt/ros/jazzy/share/generate_parameter_library/cmake)
[1.245s] -- Found parameter_traits: 0.6.0 (/opt/ros/jazzy/share/parameter_traits/cmake)
[1.256s] -- Found rclcpp_lifecycle: 28.1.16 (/opt/ros/jazzy/share/rclcpp_lifecycle/cmake)
[1.340s] -- Configuring done (1.3s)
[1.348s] -- Generating done (0.0s)
[1.350s] -- Build files have been written to: /convince_ws/build/behaviortree_ros2
[1.356s] Invoked command in '/convince_ws/build/behaviortree_ros2' returned '0': AMENT_PREFIX_PATH=/convince_ws/install/btcpp_ros2_interfaces:${AMENT_PREFIX_PATH} CMAKE_PREFIX_PATH=/convince_ws/install/btcpp_ros2_interfaces:/opt/ros/jazzy LD_LIBRARY_PATH=/convince_ws/install/btcpp_ros2_interfaces/lib:${LD_LIBRARY_PATH} PYTHONPATH=/convince_ws/install/btcpp_ros2_interfaces/lib/python3.12/site-packages:${PYTHONPATH} /usr/bin/cmake /convince_ws/src/behaviortree_ros2/behaviortree_ros2 -DCMAKE_EXPORT_COMPILE_COMMANDS=ON --no-warn-unused-cli -DAMENT_CMAKE_SYMLINK_INSTALL=1 -DCMAKE_INSTALL_PREFIX=/convince_ws/install/behaviortree_ros2
[1.357s] Invoking command in '/convince_ws/build/behaviortree_ros2': AMENT_PREFIX_PATH=/convince_ws/install/btcpp_ros2_interfaces:${AMENT_PREFIX_PATH} CMAKE_PREFIX_PATH=/convince_ws/install/btcpp_ros2_interfaces:/opt/ros/jazzy LD_LIBRARY_PATH=/convince_ws/install/btcpp_ros2_interfaces/lib:${LD_LIBRARY_PATH} PYTHONPATH=/convince_ws/install/btcpp_ros2_interfaces/lib/python3.12/site-packages:${PYTHONPATH} /usr/bin/cmake --build /convince_ws/build/behaviortree_ros2 -- -j20 -l20
[1.405s] [ 14%] [34m[1mRunning `/opt/ros/jazzy/bin/generate_parameter_library_cpp /convince_ws/build/behaviortree_ros2/include/behaviortree_ros2/bt_executor_parameters.hpp /convince_ws/src/behaviortree_ros2/behaviortree_ros2/src/bt_executor_parameters.yaml `[0m
[1.750s] [ 28%] [34m[1mCreating deprecated header file /convince_ws/build/behaviortree_ros2/include/bt_executor_parameters.hpp[0m
[1.762s] [ 28%] Built target bt_executor_parameters
[1.774s] [ 42%] [32mBuilding CXX object CMakeFiles/behaviortree_ros2.dir/src/bt_utils.cpp.o[0m
[1.775s] [ 57%] [32mBuilding CXX object CMakeFiles/behaviortree_ros2.dir/src/tree_execution_server.cpp.o[0m
[1.775s] [ 85%] [32mBuilding CXX object CMakeFiles/behaviortree_ros2.dir/src/bt_ros2.cpp.o[0m
[1.775s] [ 85%] [32mBuilding CXX object CMakeFiles/behaviortree_ros2.dir/src/bt_ros_logger.cpp.o[0m
[5.538s] [100%] [32m[1mLinking CXX static library libbehaviortree_ros2.a[0m
[5.584s] [100%] Built target behaviortree_ros2
[5.590s] Invoked command in '/convince_ws/build/behaviortree_ros2' returned '0': AMENT_PREFIX_PATH=/convince_ws/install/btcpp_ros2_interfaces:${AMENT_PREFIX_PATH} CMAKE_PREFIX_PATH=/convince_ws/install/btcpp_ros2_interfaces:/opt/ros/jazzy LD_LIBRARY_PATH=/convince_ws/install/btcpp_ros2_interfaces/lib:${LD_LIBRARY_PATH} PYTHONPATH=/convince_ws/install/btcpp_ros2_interfaces/lib/python3.12/site-packages:${PYTHONPATH} /usr/bin/cmake --build /convince_ws/build/behaviortree_ros2 -- -j20 -l20
[5.590s] Invoking command in '/convince_ws/build/behaviortree_ros2': AMENT_PREFIX_PATH=/convince_ws/install/btcpp_ros2_interfaces:${AMENT_PREFIX_PATH} CMAKE_PREFIX_PATH=/convince_ws/install/btcpp_ros2_interfaces:/opt/ros/jazzy LD_LIBRARY_PATH=/convince_ws/install/btcpp_ros2_interfaces/lib:${LD_LIBRARY_PATH} PYTHONPATH=/convince_ws/install/btcpp_ros2_interfaces/lib/python3.12/site-packages:${PYTHONPATH} /usr/bin/cmake --install /convince_ws/build/behaviortree_ros2
[5.595s] -- Install configuration: ""
[5.595s] -- Execute custom install script
[5.595s] -- Symlinking: /convince_ws/install/behaviortree_ros2/include/behaviortree_ros2/bt_executor_parameters.hpp
[5.601s] -- Symlinking: /convince_ws/install/behaviortree_ros2/include//behaviortree_ros2/bt_action_node.hpp
[5.606s] -- Symlinking: /convince_ws/install/behaviortree_ros2/include//behaviortree_ros2/bt_ros_logger.hpp
[5.610s] -- Symlinking: /convince_ws/install/behaviortree_ros2/include//behaviortree_ros2/bt_service_node.hpp
[5.615s] -- Symlinking: /convince_ws/install/behaviortree_ros2/include//behaviortree_ros2/bt_topic_pub_node.hpp
[5.621s] -- Symlinking: /convince_ws/install/behaviortree_ros2/include//behaviortree_ros2/bt_topic_sub_node.hpp
[5.625s] -- Symlinking: /convince_ws/install/behaviortree_ros2/include//behaviortree_ros2/bt_utils.hpp
[5.630s] -- Symlinking: /convince_ws/install/behaviortree_ros2/include//behaviortree_ros2/plugins.hpp
[5.635s] -- Symlinking: /convince_ws/install/behaviortree_ros2/include//behaviortree_ros2/ros_node_params.hpp
[5.640s] -- Symlinking: /convince_ws/install/behaviortree_ros2/include//behaviortree_ros2/tree_execution_server.hpp
[5.644s] -- Symlinking: /convince_ws/install/behaviortree_ros2/share/behaviortree_ros2/environment/library_path.sh
[5.650s] -- Symlinking: /convince_ws/install/behaviortree_ros2/share/behaviortree_ros2/environment/library_path.dsv
[5.655s] -- Symlinking: /convince_ws/install/behaviortree_ros2/share/ament_index/resource_index/package_run_dependencies/behaviortree_ros2
[5.660s] -- Symlinking: /convince_ws/install/behaviortree_ros2/share/ament_index/resource_index/parent_prefix_path/behaviortree_ros2
[5.665s] -- Symlinking: /convince_ws/install/behaviortree_ros2/share/behaviortree_ros2/environment/ament_prefix_path.sh
[5.671s] -- Symlinking: /convince_ws/install/behaviortree_ros2/share/behaviortree_ros2/environment/ament_prefix_path.dsv
[5.676s] -- Symlinking: /convince_ws/install/behaviortree_ros2/share/behaviortree_ros2/environment/path.sh
[5.681s] -- Symlinking: /convince_ws/install/behaviortree_ros2/share/behaviortree_ros2/environment/path.dsv
[5.686s] -- Symlinking: /convince_ws/install/behaviortree_ros2/share/behaviortree_ros2/local_setup.bash
[5.692s] -- Symlinking: /convince_ws/install/behaviortree_ros2/share/behaviortree_ros2/local_setup.sh
[5.697s] -- Symlinking: /convince_ws/install/behaviortree_ros2/share/behaviortree_ros2/local_setup.zsh
[5.701s] -- Symlinking: /convince_ws/install/behaviortree_ros2/share/behaviortree_ros2/local_setup.dsv
[5.707s] -- Symlinking: /convince_ws/install/behaviortree_ros2/share/behaviortree_ros2/package.dsv
[5.711s] -- Symlinking: /convince_ws/install/behaviortree_ros2/share/ament_index/resource_index/packages/behaviortree_ros2
[5.715s] -- Symlinking: /convince_ws/install/behaviortree_ros2/share/behaviortree_ros2/cmake/ament_cmake_export_dependencies-extras.cmake
[5.720s] -- Symlinking: /convince_ws/install/behaviortree_ros2/share/behaviortree_ros2/cmake/ament_cmake_export_targets-extras.cmake
[5.724s] -- Symlinking: /convince_ws/install/behaviortree_ros2/share/behaviortree_ros2/cmake/ament_cmake_export_include_directories-extras.cmake
[5.730s] -- Symlinking: /convince_ws/install/behaviortree_ros2/share/behaviortree_ros2/cmake/ament_cmake_export_libraries-extras.cmake
[5.735s] -- Symlinking: /convince_ws/install/behaviortree_ros2/share/behaviortree_ros2/cmake/behaviortree_ros2Config.cmake
[5.739s] -- Symlinking: /convince_ws/install/behaviortree_ros2/share/behaviortree_ros2/cmake/behaviortree_ros2Config-version.cmake
[5.744s] -- Symlinking: /convince_ws/install/behaviortree_ros2/share/behaviortree_ros2/package.xml
[5.748s] -- Installing: /convince_ws/install/behaviortree_ros2/lib/libbehaviortree_ros2.a
[5.751s] -- Installing: /convince_ws/install/behaviortree_ros2/share/behaviortree_ros2/cmake/behaviortree_ros2TargetsExport.cmake
[5.751s] -- Installing: /convince_ws/install/behaviortree_ros2/share/behaviortree_ros2/cmake/behaviortree_ros2TargetsExport-noconfig.cmake
[5.752s] Invoked command in '/convince_ws/build/behaviortree_ros2' returned '0': AMENT_PREFIX_PATH=/convince_ws/install/btcpp_ros2_interfaces:${AMENT_PREFIX_PATH} CMAKE_PREFIX_PATH=/convince_ws/install/btcpp_ros2_interfaces:/opt/ros/jazzy LD_LIBRARY_PATH=/convince_ws/install/btcpp_ros2_interfaces/lib:${LD_LIBRARY_PATH} PYTHONPATH=/convince_ws/install/btcpp_ros2_interfaces/lib/python3.12/site-packages:${PYTHONPATH} /usr/bin/cmake --install /convince_ws/build/behaviortree_ros2
